Method Not Allowed (GET): /admin/logout/
Method Not Allowed (GET): /admin/logout/
Method Not Allowed: /admin/logout/
Method Not Allowed: /admin/logout/
Forbidden (Permission denied): /admin/autocomplete/
Traceback (most recent call last):
  File "/Users/amirxon/Desktop/ChaqmoqApp/venv/lib/python3.14/site-packages/django/utils/datastructures.py", line 84, in __getitem__
    list_ = super().__getitem__(key)
KeyError: 'app_label'

During handling of the above exception, another exception occurred:

Traceback (most recent call last):
  File "/Users/amirxon/Desktop/ChaqmoqApp/venv/lib/python3.14/site-packages/django/contrib/admin/views/autocomplete.py", line 80, in process_request
    app_label = request.GET["app_label"]
                ~~~~~~~~~~~^^^^^^^^^^^^^
  File "/Users/amirxon/Desktop/ChaqmoqApp/venv/lib/python3.14/site-packages/django/utils/datastructures.py", line 86, in __getitem__
    raise MultiValueDictKeyError(key)
django.utils.datastructures.MultiValueDictKeyError: 'app_label'

The above exception was the direct cause of the following exception:

Traceback (most recent call last):
  File "/Users/amirxon/Desktop/ChaqmoqApp/venv/lib/python3.14/site-packages/django/core/handlers/exception.py", line 55, in inner
    response = get_response(request)
  File "/Users/amirxon/Desktop/ChaqmoqApp/venv/lib/python3.14/site-packages/django/core/handlers/base.py", line 197, in _get_response
    response = wrapped_callback(request, *callback_args, **callback_kwargs)
  File "/Users/amirxon/Desktop/ChaqmoqApp/venv/lib/python3.14/site-packages/django/contrib/admin/sites.py", line 259, in wrapper
    return self.admin_view(view, cacheable)(*args, **kwargs)
           ~~~~~~~~~~~~~~~~~~~~~~~~~~~~~~~~^^^^^^^^^^^^^^^^^
  File "/Users/amirxon/Desktop/ChaqmoqApp/venv/lib/python3.14/site-packages/django/utils/decorators.py", line 188, in _view_wrapper
    result = _process_exception(request, e)
  File "/Users/amirxon/Desktop/ChaqmoqApp/venv/lib/python3.14/site-packages/django/utils/decorators.py", line 186, in _view_wrapper
    response = view_func(request, *args, **kwargs)
  File "/Users/amirxon/Desktop/ChaqmoqApp/venv/lib/python3.14/site-packages/django/views/decorators/cache.py", line 80, in _view_wrapper
    response = view_func(request, *args, **kwargs)
  File "/Users/amirxon/Desktop/ChaqmoqApp/venv/lib/python3.14/site-packages/django/contrib/admin/sites.py", line 240, in inner
    return view(request, *args, **kwargs)
  File "/Users/amirxon/Desktop/ChaqmoqApp/venv/lib/python3.14/site-packages/django/contrib/admin/sites.py", line 443, in autocomplete_view
    return AutocompleteJsonView.as_view(admin_site=self)(request)
           ~~~~~~~~~~~~~~~~~~~~~~~~~~~~~~~~~~~~~~~~~~~~~^^^^^^^^^
  File "/Users/amirxon/Desktop/ChaqmoqApp/venv/lib/python3.14/site-packages/django/views/generic/base.py", line 104, in view
    return self.dispatch(request, *args, **kwargs)
           ~~~~~~~~~~~~~^^^^^^^^^^^^^^^^^^^^^^^^^^
  File "/Users/amirxon/Desktop/ChaqmoqApp/venv/lib/python3.14/site-packages/django/views/generic/base.py", line 143, in dispatch
    return handler(request, *args, **kwargs)
  File "/Users/amirxon/Desktop/ChaqmoqApp/venv/lib/python3.14/site-packages/django/contrib/admin/views/autocomplete.py", line 28, in get
    ) = self.process_request(request)
        ~~~~~~~~~~~~~~~~~~~~^^^^^^^^^
  File "/Users/amirxon/Desktop/ChaqmoqApp/venv/lib/python3.14/site-packages/django/contrib/admin/views/autocomplete.py", line 84, in process_request
    raise PermissionDenied from e
django.core.exceptions.PermissionDenied
Forbidden (Permission denied): /admin/autocomplete/
Traceback (most recent call last):
  File "/Users/amirxon/Desktop/ChaqmoqApp/venv/lib/python3.14/site-packages/django/utils/datastructures.py", line 84, in __getitem__
    list_ = super().__getitem__(key)
KeyError: 'app_label'

During handling of the above exception, another exception occurred:

Traceback (most recent call last):
  File "/Users/amirxon/Desktop/ChaqmoqApp/venv/lib/python3.14/site-packages/django/contrib/admin/views/autocomplete.py", line 80, in process_request
    app_label = request.GET["app_label"]
                ~~~~~~~~~~~^^^^^^^^^^^^^
  File "/Users/amirxon/Desktop/ChaqmoqApp/venv/lib/python3.14/site-packages/django/utils/datastructures.py", line 86, in __getitem__
    raise MultiValueDictKeyError(key)
django.utils.datastructures.MultiValueDictKeyError: 'app_label'

The above exception was the direct cause of the following exception:

Traceback (most recent call last):
  File "/Users/amirxon/Desktop/ChaqmoqApp/venv/lib/python3.14/site-packages/django/core/handlers/exception.py", line 55, in inner
    response = get_response(request)
  File "/Users/amirxon/Desktop/ChaqmoqApp/venv/lib/python3.14/site-packages/django/core/handlers/base.py", line 197, in _get_response
    response = wrapped_callback(request, *callback_args, **callback_kwargs)
  File "/Users/amirxon/Desktop/ChaqmoqApp/venv/lib/python3.14/site-packages/django/contrib/admin/sites.py", line 259, in wrapper
    return self.admin_view(view, cacheable)(*args, **kwargs)
           ~~~~~~~~~~~~~~~~~~~~~~~~~~~~~~~~^^^^^^^^^^^^^^^^^
  File "/Users/amirxon/Desktop/ChaqmoqApp/venv/lib/python3.14/site-packages/django/utils/decorators.py", line 188, in _view_wrapper
    result = _process_exception(request, e)
  File "/Users/amirxon/Desktop/ChaqmoqApp/venv/lib/python3.14/site-packages/django/utils/decorators.py", line 186, in _view_wrapper
    response = view_func(request, *args, **kwargs)
  File "/Users/amirxon/Desktop/ChaqmoqApp/venv/lib/python3.14/site-packages/django/views/decorators/cache.py", line 80, in _view_wrapper
    response = view_func(request, *args, **kwargs)
  File "/Users/amirxon/Desktop/ChaqmoqApp/venv/lib/python3.14/site-packages/django/contrib/admin/sites.py", line 240, in inner
    return view(request, *args, **kwargs)
  File "/Users/amirxon/Desktop/ChaqmoqApp/venv/lib/python3.14/site-packages/django/contrib/admin/sites.py", line 443, in autocomplete_view
    return AutocompleteJsonView.as_view(admin_site=self)(request)
           ~~~~~~~~~~~~~~~~~~~~~~~~~~~~~~~~~~~~~~~~~~~~~^^^^^^^^^
  File "/Users/amirxon/Desktop/ChaqmoqApp/venv/lib/python3.14/site-packages/django/views/generic/base.py", line 104, in view
    return self.dispatch(request, *args, **kwargs)
           ~~~~~~~~~~~~~^^^^^^^^^^^^^^^^^^^^^^^^^^
  File "/Users/amirxon/Desktop/ChaqmoqApp/venv/lib/python3.14/site-packages/django/views/generic/base.py", line 143, in dispatch
    return handler(request, *args, **kwargs)
  File "/Users/amirxon/Desktop/ChaqmoqApp/venv/lib/python3.14/site-packages/django/contrib/admin/views/autocomplete.py", line 28, in get
    ) = self.process_request(request)
        ~~~~~~~~~~~~~~~~~~~~^^^^^^^^^
  File "/Users/amirxon/Desktop/ChaqmoqApp/venv/lib/python3.14/site-packages/django/contrib/admin/views/autocomplete.py", line 84, in process_request
    raise PermissionDenied from e
django.core.exceptions.PermissionDenied
Internal Server Error: /admin/auth/group/
Traceback (most recent call last):
  File "/Users/amirxon/Desktop/ChaqmoqApp/venv/lib/python3.14/site-packages/django/core/handlers/exception.py", line 55, in inner
    response = get_response(request)
  File "/Users/amirxon/Desktop/ChaqmoqApp/venv/lib/python3.14/site-packages/django/core/handlers/base.py", line 220, in _get_response
    response = response.render()
  File "/Users/amirxon/Desktop/ChaqmoqApp/venv/lib/python3.14/site-packages/django/template/response.py", line 114, in render
    self.content = self.rendered_content
                   ^^^^^^^^^^^^^^^^^^^^^
  File "/Users/amirxon/Desktop/ChaqmoqApp/venv/lib/python3.14/site-packages/django/template/response.py", line 92, in rendered_content
    return template.render(context, self._request)
           ~~~~~~~~~~~~~~~^^^^^^^^^^^^^^^^^^^^^^^^
  File "/Users/amirxon/Desktop/ChaqmoqApp/venv/lib/python3.14/site-packages/django/template/backends/django.py", line 61, in render
    return self.template.render(context)
           ~~~~~~~~~~~~~~~~~~~~^^^^^^^^^
  File "/Users/amirxon/Desktop/ChaqmoqApp/venv/lib/python3.14/site-packages/django/template/base.py", line 171, in render
    return self._render(context)
           ~~~~~~~~~~~~^^^^^^^^^
  File "/Users/amirxon/Desktop/ChaqmoqApp/venv/lib/python3.14/site-packages/django/template/base.py", line 163, in _render
    return self.nodelist.render(context)
           ~~~~~~~~~~~~~~~~~~~~^^^^^^^^^
  File "/Users/amirxon/Desktop/ChaqmoqApp/venv/lib/python3.14/site-packages/django/template/base.py", line 1000, in render
    return SafeString("".join([node.render_annotated(context) for node in self]))
                               ~~~~~~~~~~~~~~~~~~~~~^^^^^^^^^
  File "/Users/amirxon/Desktop/ChaqmoqApp/venv/lib/python3.14/site-packages/django/template/base.py", line 961, in render_annotated
    return self.render(context)
           ~~~~~~~~~~~^^^^^^^^^
  File "/Users/amirxon/Desktop/ChaqmoqApp/venv/lib/python3.14/site-packages/django/template/loader_tags.py", line 159, in render
    return compiled_parent._render(context)
           ~~~~~~~~~~~~~~~~~~~~~~~^^^^^^^^^
  File "/Users/amirxon/Desktop/ChaqmoqApp/venv/lib/python3.14/site-packages/django/template/base.py", line 163, in _render
    return self.nodelist.render(context)
           ~~~~~~~~~~~~~~~~~~~~^^^^^^^^^
  File "/Users/amirxon/Desktop/ChaqmoqApp/venv/lib/python3.14/site-packages/django/template/base.py", line 1000, in render
    return SafeString("".join([node.render_annotated(context) for node in self]))
                               ~~~~~~~~~~~~~~~~~~~~~^^^^^^^^^
  File "/Users/amirxon/Desktop/ChaqmoqApp/venv/lib/python3.14/site-packages/django/template/base.py", line 961, in render_annotated
    return self.render(context)
           ~~~~~~~~~~~^^^^^^^^^
  File "/Users/amirxon/Desktop/ChaqmoqApp/venv/lib/python3.14/site-packages/django/template/loader_tags.py", line 159, in render
    return compiled_parent._render(context)
           ~~~~~~~~~~~~~~~~~~~~~~~^^^^^^^^^
  File "/Users/amirxon/Desktop/ChaqmoqApp/venv/lib/python3.14/site-packages/django/template/base.py", line 163, in _render
    return self.nodelist.render(context)
           ~~~~~~~~~~~~~~~~~~~~^^^^^^^^^
  File "/Users/amirxon/Desktop/ChaqmoqApp/venv/lib/python3.14/site-packages/django/template/base.py", line 1000, in render
    return SafeString("".join([node.render_annotated(context) for node in self]))
                               ~~~~~~~~~~~~~~~~~~~~~^^^^^^^^^
  File "/Users/amirxon/Desktop/ChaqmoqApp/venv/lib/python3.14/site-packages/django/template/base.py", line 961, in render_annotated
    return self.render(context)
           ~~~~~~~~~~~^^^^^^^^^
  File "/Users/amirxon/Desktop/ChaqmoqApp/venv/lib/python3.14/site-packages/django/template/loader_tags.py", line 65, in render
    result = block.nodelist.render(context)
  File "/Users/amirxon/Desktop/ChaqmoqApp/venv/lib/python3.14/site-packages/django/template/base.py", line 1000, in render
    return SafeString("".join([node.render_annotated(context) for node in self]))
                               ~~~~~~~~~~~~~~~~~~~~~^^^^^^^^^
  File "/Users/amirxon/Desktop/ChaqmoqApp/venv/lib/python3.14/site-packages/django/template/base.py", line 961, in render_annotated
    return self.render(context)
           ~~~~~~~~~~~^^^^^^^^^
  File "/Users/amirxon/Desktop/ChaqmoqApp/venv/lib/python3.14/site-packages/django/template/loader_tags.py", line 65, in render
    result = block.nodelist.render(context)
  File "/Users/amirxon/Desktop/ChaqmoqApp/venv/lib/python3.14/site-packages/django/template/base.py", line 1000, in render
    return SafeString("".join([node.render_annotated(context) for node in self]))
                               ~~~~~~~~~~~~~~~~~~~~~^^^^^^^^^
  File "/Users/amirxon/Desktop/ChaqmoqApp/venv/lib/python3.14/site-packages/django/template/base.py", line 961, in render_annotated
    return self.render(context)
           ~~~~~~~~~~~^^^^^^^^^
  File "/Users/amirxon/Desktop/ChaqmoqApp/venv/lib/python3.14/site-packages/django/template/loader_tags.py", line 65, in render
    result = block.nodelist.render(context)
  File "/Users/amirxon/Desktop/ChaqmoqApp/venv/lib/python3.14/site-packages/django/template/base.py", line 1000, in render
    return SafeString("".join([node.render_annotated(context) for node in self]))
                               ~~~~~~~~~~~~~~~~~~~~~^^^^^^^^^
  File "/Users/amirxon/Desktop/ChaqmoqApp/venv/lib/python3.14/site-packages/django/template/base.py", line 961, in render_annotated
    return self.render(context)
           ~~~~~~~~~~~^^^^^^^^^
  File "/Users/amirxon/Desktop/ChaqmoqApp/venv/lib/python3.14/site-packages/django/template/loader_tags.py", line 65, in render
    result = block.nodelist.render(context)
  File "/Users/amirxon/Desktop/ChaqmoqApp/venv/lib/python3.14/site-packages/django/template/base.py", line 1000, in render
    return SafeString("".join([node.render_annotated(context) for node in self]))
                               ~~~~~~~~~~~~~~~~~~~~~^^^^^^^^^
  File "/Users/amirxon/Desktop/ChaqmoqApp/venv/lib/python3.14/site-packages/django/template/base.py", line 961, in render_annotated
    return self.render(context)
           ~~~~~~~~~~~^^^^^^^^^
  File "/Users/amirxon/Desktop/ChaqmoqApp/venv/lib/python3.14/site-packages/django/template/loader_tags.py", line 65, in render
    result = block.nodelist.render(context)
  File "/Users/amirxon/Desktop/ChaqmoqApp/venv/lib/python3.14/site-packages/django/template/base.py", line 1000, in render
    return SafeString("".join([node.render_annotated(context) for node in self]))
                               ~~~~~~~~~~~~~~~~~~~~~^^^^^^^^^
  File "/Users/amirxon/Desktop/ChaqmoqApp/venv/lib/python3.14/site-packages/django/template/base.py", line 961, in render_annotated
    return self.render(context)
           ~~~~~~~~~~~^^^^^^^^^
  File "/Users/amirxon/Desktop/ChaqmoqApp/venv/lib/python3.14/site-packages/django/contrib/admin/templatetags/base.py", line 45, in render
    return super().render(context)
           ~~~~~~~~~~~~~~^^^^^^^^^
  File "/Users/amirxon/Desktop/ChaqmoqApp/venv/lib/python3.14/site-packages/django/template/library.py", line 271, in render
    new_context = context.new(_dict)
  File "/Users/amirxon/Desktop/ChaqmoqApp/venv/lib/python3.14/site-packages/django/template/context.py", line 273, in new
    new_context = super().new(values)
  File "/Users/amirxon/Desktop/ChaqmoqApp/venv/lib/python3.14/site-packages/django/template/context.py", line 110, in new
    new_context = copy(self)
  File "/Library/Frameworks/Python.framework/Versions/3.14/lib/python3.14/copy.py", line 82, in copy
    return copier(x)
  File "/Users/amirxon/Desktop/ChaqmoqApp/venv/lib/python3.14/site-packages/django/template/context.py", line 158, in __copy__
    duplicate = super().__copy__()
  File "/Users/amirxon/Desktop/ChaqmoqApp/venv/lib/python3.14/site-packages/django/template/context.py", line 39, in __copy__
    duplicate.dicts = self.dicts[:]
    ^^^^^^^^^^^^^^^
AttributeError: 'super' object has no attribute 'dicts' and no __dict__ for setting new attributes
Internal Server Error: /admin/auth/group/
Traceback (most recent call last):
  File "/Users/amirxon/Desktop/ChaqmoqApp/venv/lib/python3.14/site-packages/django/core/handlers/exception.py", line 55, in inner
    response = get_response(request)
  File "/Users/amirxon/Desktop/ChaqmoqApp/venv/lib/python3.14/site-packages/django/core/handlers/base.py", line 220, in _get_response
    response = response.render()
  File "/Users/amirxon/Desktop/ChaqmoqApp/venv/lib/python3.14/site-packages/django/template/response.py", line 114, in render
    self.content = self.rendered_content
                   ^^^^^^^^^^^^^^^^^^^^^
  File "/Users/amirxon/Desktop/ChaqmoqApp/venv/lib/python3.14/site-packages/django/template/response.py", line 92, in rendered_content
    return template.render(context, self._request)
           ~~~~~~~~~~~~~~~^^^^^^^^^^^^^^^^^^^^^^^^
  File "/Users/amirxon/Desktop/ChaqmoqApp/venv/lib/python3.14/site-packages/django/template/backends/django.py", line 61, in render
    return self.template.render(context)
           ~~~~~~~~~~~~~~~~~~~~^^^^^^^^^
  File "/Users/amirxon/Desktop/ChaqmoqApp/venv/lib/python3.14/site-packages/django/template/base.py", line 171, in render
    return self._render(context)
           ~~~~~~~~~~~~^^^^^^^^^
  File "/Users/amirxon/Desktop/ChaqmoqApp/venv/lib/python3.14/site-packages/django/template/base.py", line 163, in _render
    return self.nodelist.render(context)
           ~~~~~~~~~~~~~~~~~~~~^^^^^^^^^
  File "/Users/amirxon/Desktop/ChaqmoqApp/venv/lib/python3.14/site-packages/django/template/base.py", line 1000, in render
    return SafeString("".join([node.render_annotated(context) for node in self]))
                               ~~~~~~~~~~~~~~~~~~~~~^^^^^^^^^
  File "/Users/amirxon/Desktop/ChaqmoqApp/venv/lib/python3.14/site-packages/django/template/base.py", line 961, in render_annotated
    return self.render(context)
           ~~~~~~~~~~~^^^^^^^^^
  File "/Users/amirxon/Desktop/ChaqmoqApp/venv/lib/python3.14/site-packages/django/template/loader_tags.py", line 159, in render
    return compiled_parent._render(context)
           ~~~~~~~~~~~~~~~~~~~~~~~^^^^^^^^^
  File "/Users/amirxon/Desktop/ChaqmoqApp/venv/lib/python3.14/site-packages/django/template/base.py", line 163, in _render
    return self.nodelist.render(context)
           ~~~~~~~~~~~~~~~~~~~~^^^^^^^^^
  File "/Users/amirxon/Desktop/ChaqmoqApp/venv/lib/python3.14/site-packages/django/template/base.py", line 1000, in render
    return SafeString("".join([node.render_annotated(context) for node in self]))
                               ~~~~~~~~~~~~~~~~~~~~~^^^^^^^^^
  File "/Users/amirxon/Desktop/ChaqmoqApp/venv/lib/python3.14/site-packages/django/template/base.py", line 961, in render_annotated
    return self.render(context)
           ~~~~~~~~~~~^^^^^^^^^
  File "/Users/amirxon/Desktop/ChaqmoqApp/venv/lib/python3.14/site-packages/django/template/loader_tags.py", line 159, in render
    return compiled_parent._render(context)
           ~~~~~~~~~~~~~~~~~~~~~~~^^^^^^^^^
  File "/Users/amirxon/Desktop/ChaqmoqApp/venv/lib/python3.14/site-packages/django/template/base.py", line 163, in _render
    return self.nodelist.render(context)
           ~~~~~~~~~~~~~~~~~~~~^^^^^^^^^
  File "/Users/amirxon/Desktop/ChaqmoqApp/venv/lib/python3.14/site-packages/django/template/base.py", line 1000, in render
    return SafeString("".join([node.render_annotated(context) for node in self]))
                               ~~~~~~~~~~~~~~~~~~~~~^^^^^^^^^
  File "/Users/amirxon/Desktop/ChaqmoqApp/venv/lib/python3.14/site-packages/django/template/base.py", line 961, in render_annotated
    return self.render(context)
           ~~~~~~~~~~~^^^^^^^^^
  File "/Users/amirxon/Desktop/ChaqmoqApp/venv/lib/python3.14/site-packages/django/template/loader_tags.py", line 65, in render
    result = block.nodelist.render(context)
  File "/Users/amirxon/Desktop/ChaqmoqApp/venv/lib/python3.14/site-packages/django/template/base.py", line 1000, in render
    return SafeString("".join([node.render_annotated(context) for node in self]))
                               ~~~~~~~~~~~~~~~~~~~~~^^^^^^^^^
  File "/Users/amirxon/Desktop/ChaqmoqApp/venv/lib/python3.14/site-packages/django/template/base.py", line 961, in render_annotated
    return self.render(context)
           ~~~~~~~~~~~^^^^^^^^^
  File "/Users/amirxon/Desktop/ChaqmoqApp/venv/lib/python3.14/site-packages/django/template/loader_tags.py", line 65, in render
    result = block.nodelist.render(context)
  File "/Users/amirxon/Desktop/ChaqmoqApp/venv/lib/python3.14/site-packages/django/template/base.py", line 1000, in render
    return SafeString("".join([node.render_annotated(context) for node in self]))
                               ~~~~~~~~~~~~~~~~~~~~~^^^^^^^^^
  File "/Users/amirxon/Desktop/ChaqmoqApp/venv/lib/python3.14/site-packages/django/template/base.py", line 961, in render_annotated
    return self.render(context)
           ~~~~~~~~~~~^^^^^^^^^
  File "/Users/amirxon/Desktop/ChaqmoqApp/venv/lib/python3.14/site-packages/django/template/loader_tags.py", line 65, in render
    result = block.nodelist.render(context)
  File "/Users/amirxon/Desktop/ChaqmoqApp/venv/lib/python3.14/site-packages/django/template/base.py", line 1000, in render
    return SafeString("".join([node.render_annotated(context) for node in self]))
                               ~~~~~~~~~~~~~~~~~~~~~^^^^^^^^^
  File "/Users/amirxon/Desktop/ChaqmoqApp/venv/lib/python3.14/site-packages/django/template/base.py", line 961, in render_annotated
    return self.render(context)
           ~~~~~~~~~~~^^^^^^^^^
  File "/Users/amirxon/Desktop/ChaqmoqApp/venv/lib/python3.14/site-packages/django/template/loader_tags.py", line 65, in render
    result = block.nodelist.render(context)
  File "/Users/amirxon/Desktop/ChaqmoqApp/venv/lib/python3.14/site-packages/django/template/base.py", line 1000, in render
    return SafeString("".join([node.render_annotated(context) for node in self]))
                               ~~~~~~~~~~~~~~~~~~~~~^^^^^^^^^
  File "/Users/amirxon/Desktop/ChaqmoqApp/venv/lib/python3.14/site-packages/django/template/base.py", line 961, in render_annotated
    return self.render(context)
           ~~~~~~~~~~~^^^^^^^^^
  File "/Users/amirxon/Desktop/ChaqmoqApp/venv/lib/python3.14/site-packages/django/template/loader_tags.py", line 65, in render
    result = block.nodelist.render(context)
  File "/Users/amirxon/Desktop/ChaqmoqApp/venv/lib/python3.14/site-packages/django/template/base.py", line 1000, in render
    return SafeString("".join([node.render_annotated(context) for node in self]))
                               ~~~~~~~~~~~~~~~~~~~~~^^^^^^^^^
  File "/Users/amirxon/Desktop/ChaqmoqApp/venv/lib/python3.14/site-packages/django/template/base.py", line 961, in render_annotated
    return self.render(context)
           ~~~~~~~~~~~^^^^^^^^^
  File "/Users/amirxon/Desktop/ChaqmoqApp/venv/lib/python3.14/site-packages/django/contrib/admin/templatetags/base.py", line 45, in render
    return super().render(context)
           ~~~~~~~~~~~~~~^^^^^^^^^
  File "/Users/amirxon/Desktop/ChaqmoqApp/venv/lib/python3.14/site-packages/django/template/library.py", line 271, in render
    new_context = context.new(_dict)
  File "/Users/amirxon/Desktop/ChaqmoqApp/venv/lib/python3.14/site-packages/django/template/context.py", line 273, in new
    new_context = super().new(values)
  File "/Users/amirxon/Desktop/ChaqmoqApp/venv/lib/python3.14/site-packages/django/template/context.py", line 110, in new
    new_context = copy(self)
  File "/Library/Frameworks/Python.framework/Versions/3.14/lib/python3.14/copy.py", line 82, in copy
    return copier(x)
  File "/Users/amirxon/Desktop/ChaqmoqApp/venv/lib/python3.14/site-packages/django/template/context.py", line 158, in __copy__
    duplicate = super().__copy__()
  File "/Users/amirxon/Desktop/ChaqmoqApp/venv/lib/python3.14/site-packages/django/template/context.py", line 39, in __copy__
    duplicate.dicts = self.dicts[:]
    ^^^^^^^^^^^^^^^
AttributeError: 'super' object has no attribute 'dicts' and no __dict__ for setting new attributes
Internal Server Error: /admin/auth/group/add/
Traceback (most recent call last):
  File "/Users/amirxon/Desktop/ChaqmoqApp/venv/lib/python3.14/site-packages/django/core/handlers/exception.py", line 55, in inner
    response = get_response(request)
  File "/Users/amirxon/Desktop/ChaqmoqApp/venv/lib/python3.14/site-packages/django/core/handlers/base.py", line 220, in _get_response
    response = response.render()
  File "/Users/amirxon/Desktop/ChaqmoqApp/venv/lib/python3.14/site-packages/django/template/response.py", line 114, in render
    self.content = self.rendered_content
                   ^^^^^^^^^^^^^^^^^^^^^
  File "/Users/amirxon/Desktop/ChaqmoqApp/venv/lib/python3.14/site-packages/django/template/response.py", line 92, in rendered_content
    return template.render(context, self._request)
           ~~~~~~~~~~~~~~~^^^^^^^^^^^^^^^^^^^^^^^^
  File "/Users/amirxon/Desktop/ChaqmoqApp/venv/lib/python3.14/site-packages/django/template/backends/django.py", line 61, in render
    return self.template.render(context)
           ~~~~~~~~~~~~~~~~~~~~^^^^^^^^^
  File "/Users/amirxon/Desktop/ChaqmoqApp/venv/lib/python3.14/site-packages/django/template/base.py", line 171, in render
    return self._render(context)
           ~~~~~~~~~~~~^^^^^^^^^
  File "/Users/amirxon/Desktop/ChaqmoqApp/venv/lib/python3.14/site-packages/django/template/base.py", line 163, in _render
    return self.nodelist.render(context)
           ~~~~~~~~~~~~~~~~~~~~^^^^^^^^^
  File "/Users/amirxon/Desktop/ChaqmoqApp/venv/lib/python3.14/site-packages/django/template/base.py", line 1000, in render
    return SafeString("".join([node.render_annotated(context) for node in self]))
                               ~~~~~~~~~~~~~~~~~~~~~^^^^^^^^^
  File "/Users/amirxon/Desktop/ChaqmoqApp/venv/lib/python3.14/site-packages/django/template/base.py", line 961, in render_annotated
    return self.render(context)
           ~~~~~~~~~~~^^^^^^^^^
  File "/Users/amirxon/Desktop/ChaqmoqApp/venv/lib/python3.14/site-packages/django/template/loader_tags.py", line 159, in render
    return compiled_parent._render(context)
           ~~~~~~~~~~~~~~~~~~~~~~~^^^^^^^^^
  File "/Users/amirxon/Desktop/ChaqmoqApp/venv/lib/python3.14/site-packages/django/template/base.py", line 163, in _render
    return self.nodelist.render(context)
           ~~~~~~~~~~~~~~~~~~~~^^^^^^^^^
  File "/Users/amirxon/Desktop/ChaqmoqApp/venv/lib/python3.14/site-packages/django/template/base.py", line 1000, in render
    return SafeString("".join([node.render_annotated(context) for node in self]))
                               ~~~~~~~~~~~~~~~~~~~~~^^^^^^^^^
  File "/Users/amirxon/Desktop/ChaqmoqApp/venv/lib/python3.14/site-packages/django/template/base.py", line 961, in render_annotated
    return self.render(context)
           ~~~~~~~~~~~^^^^^^^^^
  File "/Users/amirxon/Desktop/ChaqmoqApp/venv/lib/python3.14/site-packages/django/template/loader_tags.py", line 159, in render
    return compiled_parent._render(context)
           ~~~~~~~~~~~~~~~~~~~~~~~^^^^^^^^^
  File "/Users/amirxon/Desktop/ChaqmoqApp/venv/lib/python3.14/site-packages/django/template/base.py", line 163, in _render
    return self.nodelist.render(context)
           ~~~~~~~~~~~~~~~~~~~~^^^^^^^^^
  File "/Users/amirxon/Desktop/ChaqmoqApp/venv/lib/python3.14/site-packages/django/template/base.py", line 1000, in render
    return SafeString("".join([node.render_annotated(context) for node in self]))
                               ~~~~~~~~~~~~~~~~~~~~~^^^^^^^^^
  File "/Users/amirxon/Desktop/ChaqmoqApp/venv/lib/python3.14/site-packages/django/template/base.py", line 961, in render_annotated
    return self.render(context)
           ~~~~~~~~~~~^^^^^^^^^
  File "/Users/amirxon/Desktop/ChaqmoqApp/venv/lib/python3.14/site-packages/django/template/loader_tags.py", line 65, in render
    result = block.nodelist.render(context)
  File "/Users/amirxon/Desktop/ChaqmoqApp/venv/lib/python3.14/site-packages/django/template/base.py", line 1000, in render
    return SafeString("".join([node.render_annotated(context) for node in self]))
                               ~~~~~~~~~~~~~~~~~~~~~^^^^^^^^^
  File "/Users/amirxon/Desktop/ChaqmoqApp/venv/lib/python3.14/site-packages/django/template/base.py", line 961, in render_annotated
    return self.render(context)
           ~~~~~~~~~~~^^^^^^^^^
  File "/Users/amirxon/Desktop/ChaqmoqApp/venv/lib/python3.14/site-packages/django/template/loader_tags.py", line 65, in render
    result = block.nodelist.render(context)
  File "/Users/amirxon/Desktop/ChaqmoqApp/venv/lib/python3.14/site-packages/django/template/base.py", line 1000, in render
    return SafeString("".join([node.render_annotated(context) for node in self]))
                               ~~~~~~~~~~~~~~~~~~~~~^^^^^^^^^
  File "/Users/amirxon/Desktop/ChaqmoqApp/venv/lib/python3.14/site-packages/django/template/base.py", line 961, in render_annotated
    return self.render(context)
           ~~~~~~~~~~~^^^^^^^^^
  File "/Users/amirxon/Desktop/ChaqmoqApp/venv/lib/python3.14/site-packages/django/template/loader_tags.py", line 65, in render
    result = block.nodelist.render(context)
  File "/Users/amirxon/Desktop/ChaqmoqApp/venv/lib/python3.14/site-packages/django/template/base.py", line 1000, in render
    return SafeString("".join([node.render_annotated(context) for node in self]))
                               ~~~~~~~~~~~~~~~~~~~~~^^^^^^^^^
  File "/Users/amirxon/Desktop/ChaqmoqApp/venv/lib/python3.14/site-packages/django/template/base.py", line 961, in render_annotated
    return self.render(context)
           ~~~~~~~~~~~^^^^^^^^^
  File "/Users/amirxon/Desktop/ChaqmoqApp/venv/lib/python3.14/site-packages/django/contrib/admin/templatetags/base.py", line 45, in render
    return super().render(context)
           ~~~~~~~~~~~~~~^^^^^^^^^
  File "/Users/amirxon/Desktop/ChaqmoqApp/venv/lib/python3.14/site-packages/django/template/library.py", line 271, in render
    new_context = context.new(_dict)
  File "/Users/amirxon/Desktop/ChaqmoqApp/venv/lib/python3.14/site-packages/django/template/context.py", line 273, in new
    new_context = super().new(values)
  File "/Users/amirxon/Desktop/ChaqmoqApp/venv/lib/python3.14/site-packages/django/template/context.py", line 110, in new
    new_context = copy(self)
  File "/Library/Frameworks/Python.framework/Versions/3.14/lib/python3.14/copy.py", line 82, in copy
    return copier(x)
  File "/Users/amirxon/Desktop/ChaqmoqApp/venv/lib/python3.14/site-packages/django/template/context.py", line 158, in __copy__
    duplicate = super().__copy__()
  File "/Users/amirxon/Desktop/ChaqmoqApp/venv/lib/python3.14/site-packages/django/template/context.py", line 39, in __copy__
    duplicate.dicts = self.dicts[:]
    ^^^^^^^^^^^^^^^
AttributeError: 'super' object has no attribute 'dicts' and no __dict__ for setting new attributes
Internal Server Error: /admin/auth/group/add/
Traceback (most recent call last):
  File "/Users/amirxon/Desktop/ChaqmoqApp/venv/lib/python3.14/site-packages/django/core/handlers/exception.py", line 55, in inner
    response = get_response(request)
  File "/Users/amirxon/Desktop/ChaqmoqApp/venv/lib/python3.14/site-packages/django/core/handlers/base.py", line 220, in _get_response
    response = response.render()
  File "/Users/amirxon/Desktop/ChaqmoqApp/venv/lib/python3.14/site-packages/django/template/response.py", line 114, in render
    self.content = self.rendered_content
                   ^^^^^^^^^^^^^^^^^^^^^
  File "/Users/amirxon/Desktop/ChaqmoqApp/venv/lib/python3.14/site-packages/django/template/response.py", line 92, in rendered_content
    return template.render(context, self._request)
           ~~~~~~~~~~~~~~~^^^^^^^^^^^^^^^^^^^^^^^^
  File "/Users/amirxon/Desktop/ChaqmoqApp/venv/lib/python3.14/site-packages/django/template/backends/django.py", line 61, in render
    return self.template.render(context)
           ~~~~~~~~~~~~~~~~~~~~^^^^^^^^^
  File "/Users/amirxon/Desktop/ChaqmoqApp/venv/lib/python3.14/site-packages/django/template/base.py", line 171, in render
    return self._render(context)
           ~~~~~~~~~~~~^^^^^^^^^
  File "/Users/amirxon/Desktop/ChaqmoqApp/venv/lib/python3.14/site-packages/django/template/base.py", line 163, in _render
    return self.nodelist.render(context)
           ~~~~~~~~~~~~~~~~~~~~^^^^^^^^^
  File "/Users/amirxon/Desktop/ChaqmoqApp/venv/lib/python3.14/site-packages/django/template/base.py", line 1000, in render
    return SafeString("".join([node.render_annotated(context) for node in self]))
                               ~~~~~~~~~~~~~~~~~~~~~^^^^^^^^^
  File "/Users/amirxon/Desktop/ChaqmoqApp/venv/lib/python3.14/site-packages/django/template/base.py", line 961, in render_annotated
    return self.render(context)
           ~~~~~~~~~~~^^^^^^^^^
  File "/Users/amirxon/Desktop/ChaqmoqApp/venv/lib/python3.14/site-packages/django/template/loader_tags.py", line 159, in render
    return compiled_parent._render(context)
           ~~~~~~~~~~~~~~~~~~~~~~~^^^^^^^^^
  File "/Users/amirxon/Desktop/ChaqmoqApp/venv/lib/python3.14/site-packages/django/template/base.py", line 163, in _render
    return self.nodelist.render(context)
           ~~~~~~~~~~~~~~~~~~~~^^^^^^^^^
  File "/Users/amirxon/Desktop/ChaqmoqApp/venv/lib/python3.14/site-packages/django/template/base.py", line 1000, in render
    return SafeString("".join([node.render_annotated(context) for node in self]))
                               ~~~~~~~~~~~~~~~~~~~~~^^^^^^^^^
  File "/Users/amirxon/Desktop/ChaqmoqApp/venv/lib/python3.14/site-packages/django/template/base.py", line 961, in render_annotated
    return self.render(context)
           ~~~~~~~~~~~^^^^^^^^^
  File "/Users/amirxon/Desktop/ChaqmoqApp/venv/lib/python3.14/site-packages/django/template/loader_tags.py", line 159, in render
    return compiled_parent._render(context)
           ~~~~~~~~~~~~~~~~~~~~~~~^^^^^^^^^
  File "/Users/amirxon/Desktop/ChaqmoqApp/venv/lib/python3.14/site-packages/django/template/base.py", line 163, in _render
    return self.nodelist.render(context)
           ~~~~~~~~~~~~~~~~~~~~^^^^^^^^^
  File "/Users/amirxon/Desktop/ChaqmoqApp/venv/lib/python3.14/site-packages/django/template/base.py", line 1000, in render
    return SafeString("".join([node.render_annotated(context) for node in self]))
                               ~~~~~~~~~~~~~~~~~~~~~^^^^^^^^^
  File "/Users/amirxon/Desktop/ChaqmoqApp/venv/lib/python3.14/site-packages/django/template/base.py", line 961, in render_annotated
    return self.render(context)
           ~~~~~~~~~~~^^^^^^^^^
  File "/Users/amirxon/Desktop/ChaqmoqApp/venv/lib/python3.14/site-packages/django/template/loader_tags.py", line 65, in render
    result = block.nodelist.render(context)
  File "/Users/amirxon/Desktop/ChaqmoqApp/venv/lib/python3.14/site-packages/django/template/base.py", line 1000, in render
    return SafeString("".join([node.render_annotated(context) for node in self]))
                               ~~~~~~~~~~~~~~~~~~~~~^^^^^^^^^
  File "/Users/amirxon/Desktop/ChaqmoqApp/venv/lib/python3.14/site-packages/django/template/base.py", line 961, in render_annotated
    return self.render(context)
           ~~~~~~~~~~~^^^^^^^^^
  File "/Users/amirxon/Desktop/ChaqmoqApp/venv/lib/python3.14/site-packages/django/template/loader_tags.py", line 65, in render
    result = block.nodelist.render(context)
  File "/Users/amirxon/Desktop/ChaqmoqApp/venv/lib/python3.14/site-packages/django/template/base.py", line 1000, in render
    return SafeString("".join([node.render_annotated(context) for node in self]))
                               ~~~~~~~~~~~~~~~~~~~~~^^^^^^^^^
  File "/Users/amirxon/Desktop/ChaqmoqApp/venv/lib/python3.14/site-packages/django/template/base.py", line 961, in render_annotated
    return self.render(context)
           ~~~~~~~~~~~^^^^^^^^^
  File "/Users/amirxon/Desktop/ChaqmoqApp/venv/lib/python3.14/site-packages/django/template/loader_tags.py", line 65, in render
    result = block.nodelist.render(context)
  File "/Users/amirxon/Desktop/ChaqmoqApp/venv/lib/python3.14/site-packages/django/template/base.py", line 1000, in render
    return SafeString("".join([node.render_annotated(context) for node in self]))
                               ~~~~~~~~~~~~~~~~~~~~~^^^^^^^^^
  File "/Users/amirxon/Desktop/ChaqmoqApp/venv/lib/python3.14/site-packages/django/template/base.py", line 961, in render_annotated
    return self.render(context)
           ~~~~~~~~~~~^^^^^^^^^
  File "/Users/amirxon/Desktop/ChaqmoqApp/venv/lib/python3.14/site-packages/django/contrib/admin/templatetags/base.py", line 45, in render
    return super().render(context)
           ~~~~~~~~~~~~~~^^^^^^^^^
  File "/Users/amirxon/Desktop/ChaqmoqApp/venv/lib/python3.14/site-packages/django/template/library.py", line 271, in render
    new_context = context.new(_dict)
  File "/Users/amirxon/Desktop/ChaqmoqApp/venv/lib/python3.14/site-packages/django/template/context.py", line 273, in new
    new_context = super().new(values)
  File "/Users/amirxon/Desktop/ChaqmoqApp/venv/lib/python3.14/site-packages/django/template/context.py", line 110, in new
    new_context = copy(self)
  File "/Library/Frameworks/Python.framework/Versions/3.14/lib/python3.14/copy.py", line 82, in copy
    return copier(x)
  File "/Users/amirxon/Desktop/ChaqmoqApp/venv/lib/python3.14/site-packages/django/template/context.py", line 158, in __copy__
    duplicate = super().__copy__()
  File "/Users/amirxon/Desktop/ChaqmoqApp/venv/lib/python3.14/site-packages/django/template/context.py", line 39, in __copy__
    duplicate.dicts = self.dicts[:]
    ^^^^^^^^^^^^^^^
AttributeError: 'super' object has no attribute 'dicts' and no __dict__ for setting new attributes
Internal Server Error: /admin/accounts/user/
Traceback (most recent call last):
  File "/Users/amirxon/Desktop/ChaqmoqApp/venv/lib/python3.14/site-packages/django/core/handlers/exception.py", line 55, in inner
    response = get_response(request)
  File "/Users/amirxon/Desktop/ChaqmoqApp/venv/lib/python3.14/site-packages/django/core/handlers/base.py", line 220, in _get_response
    response = response.render()
  File "/Users/amirxon/Desktop/ChaqmoqApp/venv/lib/python3.14/site-packages/django/template/response.py", line 114, in render
    self.content = self.rendered_content
                   ^^^^^^^^^^^^^^^^^^^^^
  File "/Users/amirxon/Desktop/ChaqmoqApp/venv/lib/python3.14/site-packages/django/template/response.py", line 92, in rendered_content
    return template.render(context, self._request)
           ~~~~~~~~~~~~~~~^^^^^^^^^^^^^^^^^^^^^^^^
  File "/Users/amirxon/Desktop/ChaqmoqApp/venv/lib/python3.14/site-packages/django/template/backends/django.py", line 61, in render
    return self.template.render(context)
           ~~~~~~~~~~~~~~~~~~~~^^^^^^^^^
  File "/Users/amirxon/Desktop/ChaqmoqApp/venv/lib/python3.14/site-packages/django/template/base.py", line 171, in render
    return self._render(context)
           ~~~~~~~~~~~~^^^^^^^^^
  File "/Users/amirxon/Desktop/ChaqmoqApp/venv/lib/python3.14/site-packages/django/template/base.py", line 163, in _render
    return self.nodelist.render(context)
           ~~~~~~~~~~~~~~~~~~~~^^^^^^^^^
  File "/Users/amirxon/Desktop/ChaqmoqApp/venv/lib/python3.14/site-packages/django/template/base.py", line 1000, in render
    return SafeString("".join([node.render_annotated(context) for node in self]))
                               ~~~~~~~~~~~~~~~~~~~~~^^^^^^^^^
  File "/Users/amirxon/Desktop/ChaqmoqApp/venv/lib/python3.14/site-packages/django/template/base.py", line 961, in render_annotated
    return self.render(context)
           ~~~~~~~~~~~^^^^^^^^^
  File "/Users/amirxon/Desktop/ChaqmoqApp/venv/lib/python3.14/site-packages/django/template/loader_tags.py", line 159, in render
    return compiled_parent._render(context)
           ~~~~~~~~~~~~~~~~~~~~~~~^^^^^^^^^
  File "/Users/amirxon/Desktop/ChaqmoqApp/venv/lib/python3.14/site-packages/django/template/base.py", line 163, in _render
    return self.nodelist.render(context)
           ~~~~~~~~~~~~~~~~~~~~^^^^^^^^^
  File "/Users/amirxon/Desktop/ChaqmoqApp/venv/lib/python3.14/site-packages/django/template/base.py", line 1000, in render
    return SafeString("".join([node.render_annotated(context) for node in self]))
                               ~~~~~~~~~~~~~~~~~~~~~^^^^^^^^^
  File "/Users/amirxon/Desktop/ChaqmoqApp/venv/lib/python3.14/site-packages/django/template/base.py", line 961, in render_annotated
    return self.render(context)
           ~~~~~~~~~~~^^^^^^^^^
  File "/Users/amirxon/Desktop/ChaqmoqApp/venv/lib/python3.14/site-packages/django/template/loader_tags.py", line 159, in render
    return compiled_parent._render(context)
           ~~~~~~~~~~~~~~~~~~~~~~~^^^^^^^^^
  File "/Users/amirxon/Desktop/ChaqmoqApp/venv/lib/python3.14/site-packages/django/template/base.py", line 163, in _render
    return self.nodelist.render(context)
           ~~~~~~~~~~~~~~~~~~~~^^^^^^^^^
  File "/Users/amirxon/Desktop/ChaqmoqApp/venv/lib/python3.14/site-packages/django/template/base.py", line 1000, in render
    return SafeString("".join([node.render_annotated(context) for node in self]))
                               ~~~~~~~~~~~~~~~~~~~~~^^^^^^^^^
  File "/Users/amirxon/Desktop/ChaqmoqApp/venv/lib/python3.14/site-packages/django/template/base.py", line 961, in render_annotated
    return self.render(context)
           ~~~~~~~~~~~^^^^^^^^^
  File "/Users/amirxon/Desktop/ChaqmoqApp/venv/lib/python3.14/site-packages/django/template/loader_tags.py", line 65, in render
    result = block.nodelist.render(context)
  File "/Users/amirxon/Desktop/ChaqmoqApp/venv/lib/python3.14/site-packages/django/template/base.py", line 1000, in render
    return SafeString("".join([node.render_annotated(context) for node in self]))
                               ~~~~~~~~~~~~~~~~~~~~~^^^^^^^^^
  File "/Users/amirxon/Desktop/ChaqmoqApp/venv/lib/python3.14/site-packages/django/template/base.py", line 961, in render_annotated
    return self.render(context)
           ~~~~~~~~~~~^^^^^^^^^
  File "/Users/amirxon/Desktop/ChaqmoqApp/venv/lib/python3.14/site-packages/django/template/loader_tags.py", line 65, in render
    result = block.nodelist.render(context)
  File "/Users/amirxon/Desktop/ChaqmoqApp/venv/lib/python3.14/site-packages/django/template/base.py", line 1000, in render
    return SafeString("".join([node.render_annotated(context) for node in self]))
                               ~~~~~~~~~~~~~~~~~~~~~^^^^^^^^^
  File "/Users/amirxon/Desktop/ChaqmoqApp/venv/lib/python3.14/site-packages/django/template/base.py", line 961, in render_annotated
    return self.render(context)
           ~~~~~~~~~~~^^^^^^^^^
  File "/Users/amirxon/Desktop/ChaqmoqApp/venv/lib/python3.14/site-packages/django/template/loader_tags.py", line 65, in render
    result = block.nodelist.render(context)
  File "/Users/amirxon/Desktop/ChaqmoqApp/venv/lib/python3.14/site-packages/django/template/base.py", line 1000, in render
    return SafeString("".join([node.render_annotated(context) for node in self]))
                               ~~~~~~~~~~~~~~~~~~~~~^^^^^^^^^
  File "/Users/amirxon/Desktop/ChaqmoqApp/venv/lib/python3.14/site-packages/django/template/base.py", line 961, in render_annotated
    return self.render(context)
           ~~~~~~~~~~~^^^^^^^^^
  File "/Users/amirxon/Desktop/ChaqmoqApp/venv/lib/python3.14/site-packages/django/template/loader_tags.py", line 65, in render
    result = block.nodelist.render(context)
  File "/Users/amirxon/Desktop/ChaqmoqApp/venv/lib/python3.14/site-packages/django/template/base.py", line 1000, in render
    return SafeString("".join([node.render_annotated(context) for node in self]))
                               ~~~~~~~~~~~~~~~~~~~~~^^^^^^^^^
  File "/Users/amirxon/Desktop/ChaqmoqApp/venv/lib/python3.14/site-packages/django/template/base.py", line 961, in render_annotated
    return self.render(context)
           ~~~~~~~~~~~^^^^^^^^^
  File "/Users/amirxon/Desktop/ChaqmoqApp/venv/lib/python3.14/site-packages/django/template/loader_tags.py", line 65, in render
    result = block.nodelist.render(context)
  File "/Users/amirxon/Desktop/ChaqmoqApp/venv/lib/python3.14/site-packages/django/template/base.py", line 1000, in render
    return SafeString("".join([node.render_annotated(context) for node in self]))
                               ~~~~~~~~~~~~~~~~~~~~~^^^^^^^^^
  File "/Users/amirxon/Desktop/ChaqmoqApp/venv/lib/python3.14/site-packages/django/template/base.py", line 961, in render_annotated
    return self.render(context)
           ~~~~~~~~~~~^^^^^^^^^
  File "/Users/amirxon/Desktop/ChaqmoqApp/venv/lib/python3.14/site-packages/django/contrib/admin/templatetags/base.py", line 45, in render
    return super().render(context)
           ~~~~~~~~~~~~~~^^^^^^^^^
  File "/Users/amirxon/Desktop/ChaqmoqApp/venv/lib/python3.14/site-packages/django/template/library.py", line 271, in render
    new_context = context.new(_dict)
  File "/Users/amirxon/Desktop/ChaqmoqApp/venv/lib/python3.14/site-packages/django/template/context.py", line 273, in new
    new_context = super().new(values)
  File "/Users/amirxon/Desktop/ChaqmoqApp/venv/lib/python3.14/site-packages/django/template/context.py", line 110, in new
    new_context = copy(self)
  File "/Library/Frameworks/Python.framework/Versions/3.14/lib/python3.14/copy.py", line 82, in copy
    return copier(x)
  File "/Users/amirxon/Desktop/ChaqmoqApp/venv/lib/python3.14/site-packages/django/template/context.py", line 158, in __copy__
    duplicate = super().__copy__()
  File "/Users/amirxon/Desktop/ChaqmoqApp/venv/lib/python3.14/site-packages/django/template/context.py", line 39, in __copy__
    duplicate.dicts = self.dicts[:]
    ^^^^^^^^^^^^^^^
AttributeError: 'super' object has no attribute 'dicts' and no __dict__ for setting new attributes
Internal Server Error: /admin/accounts/user/
Traceback (most recent call last):
  File "/Users/amirxon/Desktop/ChaqmoqApp/venv/lib/python3.14/site-packages/django/core/handlers/exception.py", line 55, in inner
    response = get_response(request)
  File "/Users/amirxon/Desktop/ChaqmoqApp/venv/lib/python3.14/site-packages/django/core/handlers/base.py", line 220, in _get_response
    response = response.render()
  File "/Users/amirxon/Desktop/ChaqmoqApp/venv/lib/python3.14/site-packages/django/template/response.py", line 114, in render
    self.content = self.rendered_content
                   ^^^^^^^^^^^^^^^^^^^^^
  File "/Users/amirxon/Desktop/ChaqmoqApp/venv/lib/python3.14/site-packages/django/template/response.py", line 92, in rendered_content
    return template.render(context, self._request)
           ~~~~~~~~~~~~~~~^^^^^^^^^^^^^^^^^^^^^^^^
  File "/Users/amirxon/Desktop/ChaqmoqApp/venv/lib/python3.14/site-packages/django/template/backends/django.py", line 61, in render
    return self.template.render(context)
           ~~~~~~~~~~~~~~~~~~~~^^^^^^^^^
  File "/Users/amirxon/Desktop/ChaqmoqApp/venv/lib/python3.14/site-packages/django/template/base.py", line 171, in render
    return self._render(context)
           ~~~~~~~~~~~~^^^^^^^^^
  File "/Users/amirxon/Desktop/ChaqmoqApp/venv/lib/python3.14/site-packages/django/template/base.py", line 163, in _render
    return self.nodelist.render(context)
           ~~~~~~~~~~~~~~~~~~~~^^^^^^^^^
  File "/Users/amirxon/Desktop/ChaqmoqApp/venv/lib/python3.14/site-packages/django/template/base.py", line 1000, in render
    return SafeString("".join([node.render_annotated(context) for node in self]))
                               ~~~~~~~~~~~~~~~~~~~~~^^^^^^^^^
  File "/Users/amirxon/Desktop/ChaqmoqApp/venv/lib/python3.14/site-packages/django/template/base.py", line 961, in render_annotated
    return self.render(context)
           ~~~~~~~~~~~^^^^^^^^^
  File "/Users/amirxon/Desktop/ChaqmoqApp/venv/lib/python3.14/site-packages/django/template/loader_tags.py", line 159, in render
    return compiled_parent._render(context)
           ~~~~~~~~~~~~~~~~~~~~~~~^^^^^^^^^
  File "/Users/amirxon/Desktop/ChaqmoqApp/venv/lib/python3.14/site-packages/django/template/base.py", line 163, in _render
    return self.nodelist.render(context)
           ~~~~~~~~~~~~~~~~~~~~^^^^^^^^^
  File "/Users/amirxon/Desktop/ChaqmoqApp/venv/lib/python3.14/site-packages/django/template/base.py", line 1000, in render
    return SafeString("".join([node.render_annotated(context) for node in self]))
                               ~~~~~~~~~~~~~~~~~~~~~^^^^^^^^^
  File "/Users/amirxon/Desktop/ChaqmoqApp/venv/lib/python3.14/site-packages/django/template/base.py", line 961, in render_annotated
    return self.render(context)
           ~~~~~~~~~~~^^^^^^^^^
  File "/Users/amirxon/Desktop/ChaqmoqApp/venv/lib/python3.14/site-packages/django/template/loader_tags.py", line 159, in render
    return compiled_parent._render(context)
           ~~~~~~~~~~~~~~~~~~~~~~~^^^^^^^^^
  File "/Users/amirxon/Desktop/ChaqmoqApp/venv/lib/python3.14/site-packages/django/template/base.py", line 163, in _render
    return self.nodelist.render(context)
           ~~~~~~~~~~~~~~~~~~~~^^^^^^^^^
  File "/Users/amirxon/Desktop/ChaqmoqApp/venv/lib/python3.14/site-packages/django/template/base.py", line 1000, in render
    return SafeString("".join([node.render_annotated(context) for node in self]))
                               ~~~~~~~~~~~~~~~~~~~~~^^^^^^^^^
  File "/Users/amirxon/Desktop/ChaqmoqApp/venv/lib/python3.14/site-packages/django/template/base.py", line 961, in render_annotated
    return self.render(context)
           ~~~~~~~~~~~^^^^^^^^^
  File "/Users/amirxon/Desktop/ChaqmoqApp/venv/lib/python3.14/site-packages/django/template/loader_tags.py", line 65, in render
    result = block.nodelist.render(context)
  File "/Users/amirxon/Desktop/ChaqmoqApp/venv/lib/python3.14/site-packages/django/template/base.py", line 1000, in render
    return SafeString("".join([node.render_annotated(context) for node in self]))
                               ~~~~~~~~~~~~~~~~~~~~~^^^^^^^^^
  File "/Users/amirxon/Desktop/ChaqmoqApp/venv/lib/python3.14/site-packages/django/template/base.py", line 961, in render_annotated
    return self.render(context)
           ~~~~~~~~~~~^^^^^^^^^
  File "/Users/amirxon/Desktop/ChaqmoqApp/venv/lib/python3.14/site-packages/django/template/loader_tags.py", line 65, in render
    result = block.nodelist.render(context)
  File "/Users/amirxon/Desktop/ChaqmoqApp/venv/lib/python3.14/site-packages/django/template/base.py", line 1000, in render
    return SafeString("".join([node.render_annotated(context) for node in self]))
                               ~~~~~~~~~~~~~~~~~~~~~^^^^^^^^^
  File "/Users/amirxon/Desktop/ChaqmoqApp/venv/lib/python3.14/site-packages/django/template/base.py", line 961, in render_annotated
    return self.render(context)
           ~~~~~~~~~~~^^^^^^^^^
  File "/Users/amirxon/Desktop/ChaqmoqApp/venv/lib/python3.14/site-packages/django/template/loader_tags.py", line 65, in render
    result = block.nodelist.render(context)
  File "/Users/amirxon/Desktop/ChaqmoqApp/venv/lib/python3.14/site-packages/django/template/base.py", line 1000, in render
    return SafeString("".join([node.render_annotated(context) for node in self]))
                               ~~~~~~~~~~~~~~~~~~~~~^^^^^^^^^
  File "/Users/amirxon/Desktop/ChaqmoqApp/venv/lib/python3.14/site-packages/django/template/base.py", line 961, in render_annotated
    return self.render(context)
           ~~~~~~~~~~~^^^^^^^^^
  File "/Users/amirxon/Desktop/ChaqmoqApp/venv/lib/python3.14/site-packages/django/template/loader_tags.py", line 65, in render
    result = block.nodelist.render(context)
  File "/Users/amirxon/Desktop/ChaqmoqApp/venv/lib/python3.14/site-packages/django/template/base.py", line 1000, in render
    return SafeString("".join([node.render_annotated(context) for node in self]))
                               ~~~~~~~~~~~~~~~~~~~~~^^^^^^^^^
  File "/Users/amirxon/Desktop/ChaqmoqApp/venv/lib/python3.14/site-packages/django/template/base.py", line 961, in render_annotated
    return self.render(context)
           ~~~~~~~~~~~^^^^^^^^^
  File "/Users/amirxon/Desktop/ChaqmoqApp/venv/lib/python3.14/site-packages/django/template/loader_tags.py", line 65, in render
    result = block.nodelist.render(context)
  File "/Users/amirxon/Desktop/ChaqmoqApp/venv/lib/python3.14/site-packages/django/template/base.py", line 1000, in render
    return SafeString("".join([node.render_annotated(context) for node in self]))
                               ~~~~~~~~~~~~~~~~~~~~~^^^^^^^^^
  File "/Users/amirxon/Desktop/ChaqmoqApp/venv/lib/python3.14/site-packages/django/template/base.py", line 961, in render_annotated
    return self.render(context)
           ~~~~~~~~~~~^^^^^^^^^
  File "/Users/amirxon/Desktop/ChaqmoqApp/venv/lib/python3.14/site-packages/django/contrib/admin/templatetags/base.py", line 45, in render
    return super().render(context)
           ~~~~~~~~~~~~~~^^^^^^^^^
  File "/Users/amirxon/Desktop/ChaqmoqApp/venv/lib/python3.14/site-packages/django/template/library.py", line 271, in render
    new_context = context.new(_dict)
  File "/Users/amirxon/Desktop/ChaqmoqApp/venv/lib/python3.14/site-packages/django/template/context.py", line 273, in new
    new_context = super().new(values)
  File "/Users/amirxon/Desktop/ChaqmoqApp/venv/lib/python3.14/site-packages/django/template/context.py", line 110, in new
    new_context = copy(self)
  File "/Library/Frameworks/Python.framework/Versions/3.14/lib/python3.14/copy.py", line 82, in copy
    return copier(x)
  File "/Users/amirxon/Desktop/ChaqmoqApp/venv/lib/python3.14/site-packages/django/template/context.py", line 158, in __copy__
    duplicate = super().__copy__()
  File "/Users/amirxon/Desktop/ChaqmoqApp/venv/lib/python3.14/site-packages/django/template/context.py", line 39, in __copy__
    duplicate.dicts = self.dicts[:]
    ^^^^^^^^^^^^^^^
AttributeError: 'super' object has no attribute 'dicts' and no __dict__ for setting new attributes
Internal Server Error: /admin/accounts/user/add/
Traceback (most recent call last):
  File "/Users/amirxon/Desktop/ChaqmoqApp/venv/lib/python3.14/site-packages/django/core/handlers/exception.py", line 55, in inner
    response = get_response(request)
  File "/Users/amirxon/Desktop/ChaqmoqApp/venv/lib/python3.14/site-packages/django/core/handlers/base.py", line 220, in _get_response
    response = response.render()
  File "/Users/amirxon/Desktop/ChaqmoqApp/venv/lib/python3.14/site-packages/django/template/response.py", line 114, in render
    self.content = self.rendered_content
                   ^^^^^^^^^^^^^^^^^^^^^
  File "/Users/amirxon/Desktop/ChaqmoqApp/venv/lib/python3.14/site-packages/django/template/response.py", line 92, in rendered_content
    return template.render(context, self._request)
           ~~~~~~~~~~~~~~~^^^^^^^^^^^^^^^^^^^^^^^^
  File "/Users/amirxon/Desktop/ChaqmoqApp/venv/lib/python3.14/site-packages/django/template/backends/django.py", line 61, in render
    return self.template.render(context)
           ~~~~~~~~~~~~~~~~~~~~^^^^^^^^^
  File "/Users/amirxon/Desktop/ChaqmoqApp/venv/lib/python3.14/site-packages/django/template/base.py", line 171, in render
    return self._render(context)
           ~~~~~~~~~~~~^^^^^^^^^
  File "/Users/amirxon/Desktop/ChaqmoqApp/venv/lib/python3.14/site-packages/django/template/base.py", line 163, in _render
    return self.nodelist.render(context)
           ~~~~~~~~~~~~~~~~~~~~^^^^^^^^^
  File "/Users/amirxon/Desktop/ChaqmoqApp/venv/lib/python3.14/site-packages/django/template/base.py", line 1000, in render
    return SafeString("".join([node.render_annotated(context) for node in self]))
                               ~~~~~~~~~~~~~~~~~~~~~^^^^^^^^^
  File "/Users/amirxon/Desktop/ChaqmoqApp/venv/lib/python3.14/site-packages/django/template/base.py", line 961, in render_annotated
    return self.render(context)
           ~~~~~~~~~~~^^^^^^^^^
  File "/Users/amirxon/Desktop/ChaqmoqApp/venv/lib/python3.14/site-packages/django/template/loader_tags.py", line 159, in render
    return compiled_parent._render(context)
           ~~~~~~~~~~~~~~~~~~~~~~~^^^^^^^^^
  File "/Users/amirxon/Desktop/ChaqmoqApp/venv/lib/python3.14/site-packages/django/template/base.py", line 163, in _render
    return self.nodelist.render(context)
           ~~~~~~~~~~~~~~~~~~~~^^^^^^^^^
  File "/Users/amirxon/Desktop/ChaqmoqApp/venv/lib/python3.14/site-packages/django/template/base.py", line 1000, in render
    return SafeString("".join([node.render_annotated(context) for node in self]))
                               ~~~~~~~~~~~~~~~~~~~~~^^^^^^^^^
  File "/Users/amirxon/Desktop/ChaqmoqApp/venv/lib/python3.14/site-packages/django/template/base.py", line 961, in render_annotated
    return self.render(context)
           ~~~~~~~~~~~^^^^^^^^^
  File "/Users/amirxon/Desktop/ChaqmoqApp/venv/lib/python3.14/site-packages/django/template/loader_tags.py", line 159, in render
    return compiled_parent._render(context)
           ~~~~~~~~~~~~~~~~~~~~~~~^^^^^^^^^
  File "/Users/amirxon/Desktop/ChaqmoqApp/venv/lib/python3.14/site-packages/django/template/base.py", line 163, in _render
    return self.nodelist.render(context)
           ~~~~~~~~~~~~~~~~~~~~^^^^^^^^^
  File "/Users/amirxon/Desktop/ChaqmoqApp/venv/lib/python3.14/site-packages/django/template/base.py", line 1000, in render
    return SafeString("".join([node.render_annotated(context) for node in self]))
                               ~~~~~~~~~~~~~~~~~~~~~^^^^^^^^^
  File "/Users/amirxon/Desktop/ChaqmoqApp/venv/lib/python3.14/site-packages/django/template/base.py", line 961, in render_annotated
    return self.render(context)
           ~~~~~~~~~~~^^^^^^^^^
  File "/Users/amirxon/Desktop/ChaqmoqApp/venv/lib/python3.14/site-packages/django/template/loader_tags.py", line 159, in render
    return compiled_parent._render(context)
           ~~~~~~~~~~~~~~~~~~~~~~~^^^^^^^^^
  File "/Users/amirxon/Desktop/ChaqmoqApp/venv/lib/python3.14/site-packages/django/template/base.py", line 163, in _render
    return self.nodelist.render(context)
           ~~~~~~~~~~~~~~~~~~~~^^^^^^^^^
  File "/Users/amirxon/Desktop/ChaqmoqApp/venv/lib/python3.14/site-packages/django/template/base.py", line 1000, in render
    return SafeString("".join([node.render_annotated(context) for node in self]))
                               ~~~~~~~~~~~~~~~~~~~~~^^^^^^^^^
  File "/Users/amirxon/Desktop/ChaqmoqApp/venv/lib/python3.14/site-packages/django/template/base.py", line 961, in render_annotated
    return self.render(context)
           ~~~~~~~~~~~^^^^^^^^^
  File "/Users/amirxon/Desktop/ChaqmoqApp/venv/lib/python3.14/site-packages/django/template/loader_tags.py", line 65, in render
    result = block.nodelist.render(context)
  File "/Users/amirxon/Desktop/ChaqmoqApp/venv/lib/python3.14/site-packages/django/template/base.py", line 1000, in render
    return SafeString("".join([node.render_annotated(context) for node in self]))
                               ~~~~~~~~~~~~~~~~~~~~~^^^^^^^^^
  File "/Users/amirxon/Desktop/ChaqmoqApp/venv/lib/python3.14/site-packages/django/template/base.py", line 961, in render_annotated
    return self.render(context)
           ~~~~~~~~~~~^^^^^^^^^
  File "/Users/amirxon/Desktop/ChaqmoqApp/venv/lib/python3.14/site-packages/django/template/loader_tags.py", line 65, in render
    result = block.nodelist.render(context)
  File "/Users/amirxon/Desktop/ChaqmoqApp/venv/lib/python3.14/site-packages/django/template/base.py", line 1000, in render
    return SafeString("".join([node.render_annotated(context) for node in self]))
                               ~~~~~~~~~~~~~~~~~~~~~^^^^^^^^^
  File "/Users/amirxon/Desktop/ChaqmoqApp/venv/lib/python3.14/site-packages/django/template/base.py", line 961, in render_annotated
    return self.render(context)
           ~~~~~~~~~~~^^^^^^^^^
  File "/Users/amirxon/Desktop/ChaqmoqApp/venv/lib/python3.14/site-packages/django/template/loader_tags.py", line 65, in render
    result = block.nodelist.render(context)
  File "/Users/amirxon/Desktop/ChaqmoqApp/venv/lib/python3.14/site-packages/django/template/base.py", line 1000, in render
    return SafeString("".join([node.render_annotated(context) for node in self]))
                               ~~~~~~~~~~~~~~~~~~~~~^^^^^^^^^
  File "/Users/amirxon/Desktop/ChaqmoqApp/venv/lib/python3.14/site-packages/django/template/base.py", line 961, in render_annotated
    return self.render(context)
           ~~~~~~~~~~~^^^^^^^^^
  File "/Users/amirxon/Desktop/ChaqmoqApp/venv/lib/python3.14/site-packages/django/contrib/admin/templatetags/base.py", line 45, in render
    return super().render(context)
           ~~~~~~~~~~~~~~^^^^^^^^^
  File "/Users/amirxon/Desktop/ChaqmoqApp/venv/lib/python3.14/site-packages/django/template/library.py", line 271, in render
    new_context = context.new(_dict)
  File "/Users/amirxon/Desktop/ChaqmoqApp/venv/lib/python3.14/site-packages/django/template/context.py", line 273, in new
    new_context = super().new(values)
  File "/Users/amirxon/Desktop/ChaqmoqApp/venv/lib/python3.14/site-packages/django/template/context.py", line 110, in new
    new_context = copy(self)
  File "/Library/Frameworks/Python.framework/Versions/3.14/lib/python3.14/copy.py", line 82, in copy
    return copier(x)
  File "/Users/amirxon/Desktop/ChaqmoqApp/venv/lib/python3.14/site-packages/django/template/context.py", line 158, in __copy__
    duplicate = super().__copy__()
  File "/Users/amirxon/Desktop/ChaqmoqApp/venv/lib/python3.14/site-packages/django/template/context.py", line 39, in __copy__
    duplicate.dicts = self.dicts[:]
    ^^^^^^^^^^^^^^^
AttributeError: 'super' object has no attribute 'dicts' and no __dict__ for setting new attributes
Internal Server Error: /admin/accounts/user/add/
Traceback (most recent call last):
  File "/Users/amirxon/Desktop/ChaqmoqApp/venv/lib/python3.14/site-packages/django/core/handlers/exception.py", line 55, in inner
    response = get_response(request)
  File "/Users/amirxon/Desktop/ChaqmoqApp/venv/lib/python3.14/site-packages/django/core/handlers/base.py", line 220, in _get_response
    response = response.render()
  File "/Users/amirxon/Desktop/ChaqmoqApp/venv/lib/python3.14/site-packages/django/template/response.py", line 114, in render
    self.content = self.rendered_content
                   ^^^^^^^^^^^^^^^^^^^^^
  File "/Users/amirxon/Desktop/ChaqmoqApp/venv/lib/python3.14/site-packages/django/template/response.py", line 92, in rendered_content
    return template.render(context, self._request)
           ~~~~~~~~~~~~~~~^^^^^^^^^^^^^^^^^^^^^^^^
  File "/Users/amirxon/Desktop/ChaqmoqApp/venv/lib/python3.14/site-packages/django/template/backends/django.py", line 61, in render
    return self.template.render(context)
           ~~~~~~~~~~~~~~~~~~~~^^^^^^^^^
  File "/Users/amirxon/Desktop/ChaqmoqApp/venv/lib/python3.14/site-packages/django/template/base.py", line 171, in render
    return self._render(context)
           ~~~~~~~~~~~~^^^^^^^^^
  File "/Users/amirxon/Desktop/ChaqmoqApp/venv/lib/python3.14/site-packages/django/template/base.py", line 163, in _render
    return self.nodelist.render(context)
           ~~~~~~~~~~~~~~~~~~~~^^^^^^^^^
  File "/Users/amirxon/Desktop/ChaqmoqApp/venv/lib/python3.14/site-packages/django/template/base.py", line 1000, in render
    return SafeString("".join([node.render_annotated(context) for node in self]))
                               ~~~~~~~~~~~~~~~~~~~~~^^^^^^^^^
  File "/Users/amirxon/Desktop/ChaqmoqApp/venv/lib/python3.14/site-packages/django/template/base.py", line 961, in render_annotated
    return self.render(context)
           ~~~~~~~~~~~^^^^^^^^^
  File "/Users/amirxon/Desktop/ChaqmoqApp/venv/lib/python3.14/site-packages/django/template/loader_tags.py", line 159, in render
    return compiled_parent._render(context)
           ~~~~~~~~~~~~~~~~~~~~~~~^^^^^^^^^
  File "/Users/amirxon/Desktop/ChaqmoqApp/venv/lib/python3.14/site-packages/django/template/base.py", line 163, in _render
    return self.nodelist.render(context)
           ~~~~~~~~~~~~~~~~~~~~^^^^^^^^^
  File "/Users/amirxon/Desktop/ChaqmoqApp/venv/lib/python3.14/site-packages/django/template/base.py", line 1000, in render
    return SafeString("".join([node.render_annotated(context) for node in self]))
                               ~~~~~~~~~~~~~~~~~~~~~^^^^^^^^^
  File "/Users/amirxon/Desktop/ChaqmoqApp/venv/lib/python3.14/site-packages/django/template/base.py", line 961, in render_annotated
    return self.render(context)
           ~~~~~~~~~~~^^^^^^^^^
  File "/Users/amirxon/Desktop/ChaqmoqApp/venv/lib/python3.14/site-packages/django/template/loader_tags.py", line 159, in render
    return compiled_parent._render(context)
           ~~~~~~~~~~~~~~~~~~~~~~~^^^^^^^^^
  File "/Users/amirxon/Desktop/ChaqmoqApp/venv/lib/python3.14/site-packages/django/template/base.py", line 163, in _render
    return self.nodelist.render(context)
           ~~~~~~~~~~~~~~~~~~~~^^^^^^^^^
  File "/Users/amirxon/Desktop/ChaqmoqApp/venv/lib/python3.14/site-packages/django/template/base.py", line 1000, in render
    return SafeString("".join([node.render_annotated(context) for node in self]))
                               ~~~~~~~~~~~~~~~~~~~~~^^^^^^^^^
  File "/Users/amirxon/Desktop/ChaqmoqApp/venv/lib/python3.14/site-packages/django/template/base.py", line 961, in render_annotated
    return self.render(context)
           ~~~~~~~~~~~^^^^^^^^^
  File "/Users/amirxon/Desktop/ChaqmoqApp/venv/lib/python3.14/site-packages/django/template/loader_tags.py", line 159, in render
    return compiled_parent._render(context)
           ~~~~~~~~~~~~~~~~~~~~~~~^^^^^^^^^
  File "/Users/amirxon/Desktop/ChaqmoqApp/venv/lib/python3.14/site-packages/django/template/base.py", line 163, in _render
    return self.nodelist.render(context)
           ~~~~~~~~~~~~~~~~~~~~^^^^^^^^^
  File "/Users/amirxon/Desktop/ChaqmoqApp/venv/lib/python3.14/site-packages/django/template/base.py", line 1000, in render
    return SafeString("".join([node.render_annotated(context) for node in self]))
                               ~~~~~~~~~~~~~~~~~~~~~^^^^^^^^^
  File "/Users/amirxon/Desktop/ChaqmoqApp/venv/lib/python3.14/site-packages/django/template/base.py", line 961, in render_annotated
    return self.render(context)
           ~~~~~~~~~~~^^^^^^^^^
  File "/Users/amirxon/Desktop/ChaqmoqApp/venv/lib/python3.14/site-packages/django/template/loader_tags.py", line 65, in render
    result = block.nodelist.render(context)
  File "/Users/amirxon/Desktop/ChaqmoqApp/venv/lib/python3.14/site-packages/django/template/base.py", line 1000, in render
    return SafeString("".join([node.render_annotated(context) for node in self]))
                               ~~~~~~~~~~~~~~~~~~~~~^^^^^^^^^
  File "/Users/amirxon/Desktop/ChaqmoqApp/venv/lib/python3.14/site-packages/django/template/base.py", line 961, in render_annotated
    return self.render(context)
           ~~~~~~~~~~~^^^^^^^^^
  File "/Users/amirxon/Desktop/ChaqmoqApp/venv/lib/python3.14/site-packages/django/template/loader_tags.py", line 65, in render
    result = block.nodelist.render(context)
  File "/Users/amirxon/Desktop/ChaqmoqApp/venv/lib/python3.14/site-packages/django/template/base.py", line 1000, in render
    return SafeString("".join([node.render_annotated(context) for node in self]))
                               ~~~~~~~~~~~~~~~~~~~~~^^^^^^^^^
  File "/Users/amirxon/Desktop/ChaqmoqApp/venv/lib/python3.14/site-packages/django/template/base.py", line 961, in render_annotated
    return self.render(context)
           ~~~~~~~~~~~^^^^^^^^^
  File "/Users/amirxon/Desktop/ChaqmoqApp/venv/lib/python3.14/site-packages/django/template/loader_tags.py", line 65, in render
    result = block.nodelist.render(context)
  File "/Users/amirxon/Desktop/ChaqmoqApp/venv/lib/python3.14/site-packages/django/template/base.py", line 1000, in render
    return SafeString("".join([node.render_annotated(context) for node in self]))
                               ~~~~~~~~~~~~~~~~~~~~~^^^^^^^^^
  File "/Users/amirxon/Desktop/ChaqmoqApp/venv/lib/python3.14/site-packages/django/template/base.py", line 961, in render_annotated
    return self.render(context)
           ~~~~~~~~~~~^^^^^^^^^
  File "/Users/amirxon/Desktop/ChaqmoqApp/venv/lib/python3.14/site-packages/django/contrib/admin/templatetags/base.py", line 45, in render
    return super().render(context)
           ~~~~~~~~~~~~~~^^^^^^^^^
  File "/Users/amirxon/Desktop/ChaqmoqApp/venv/lib/python3.14/site-packages/django/template/library.py", line 271, in render
    new_context = context.new(_dict)
  File "/Users/amirxon/Desktop/ChaqmoqApp/venv/lib/python3.14/site-packages/django/template/context.py", line 273, in new
    new_context = super().new(values)
  File "/Users/amirxon/Desktop/ChaqmoqApp/venv/lib/python3.14/site-packages/django/template/context.py", line 110, in new
    new_context = copy(self)
  File "/Library/Frameworks/Python.framework/Versions/3.14/lib/python3.14/copy.py", line 82, in copy
    return copier(x)
  File "/Users/amirxon/Desktop/ChaqmoqApp/venv/lib/python3.14/site-packages/django/template/context.py", line 158, in __copy__
    duplicate = super().__copy__()
  File "/Users/amirxon/Desktop/ChaqmoqApp/venv/lib/python3.14/site-packages/django/template/context.py", line 39, in __copy__
    duplicate.dicts = self.dicts[:]
    ^^^^^^^^^^^^^^^
AttributeError: 'super' object has no attribute 'dicts' and no __dict__ for setting new attributes
Internal Server Error: /admin/accounts/center/
Traceback (most recent call last):
  File "/Users/amirxon/Desktop/ChaqmoqApp/venv/lib/python3.14/site-packages/django/core/handlers/exception.py", line 55, in inner
    response = get_response(request)
  File "/Users/amirxon/Desktop/ChaqmoqApp/venv/lib/python3.14/site-packages/django/core/handlers/base.py", line 220, in _get_response
    response = response.render()
  File "/Users/amirxon/Desktop/ChaqmoqApp/venv/lib/python3.14/site-packages/django/template/response.py", line 114, in render
    self.content = self.rendered_content
                   ^^^^^^^^^^^^^^^^^^^^^
  File "/Users/amirxon/Desktop/ChaqmoqApp/venv/lib/python3.14/site-packages/django/template/response.py", line 92, in rendered_content
    return template.render(context, self._request)
           ~~~~~~~~~~~~~~~^^^^^^^^^^^^^^^^^^^^^^^^
  File "/Users/amirxon/Desktop/ChaqmoqApp/venv/lib/python3.14/site-packages/django/template/backends/django.py", line 61, in render
    return self.template.render(context)
           ~~~~~~~~~~~~~~~~~~~~^^^^^^^^^
  File "/Users/amirxon/Desktop/ChaqmoqApp/venv/lib/python3.14/site-packages/django/template/base.py", line 171, in render
    return self._render(context)
           ~~~~~~~~~~~~^^^^^^^^^
  File "/Users/amirxon/Desktop/ChaqmoqApp/venv/lib/python3.14/site-packages/django/template/base.py", line 163, in _render
    return self.nodelist.render(context)
           ~~~~~~~~~~~~~~~~~~~~^^^^^^^^^
  File "/Users/amirxon/Desktop/ChaqmoqApp/venv/lib/python3.14/site-packages/django/template/base.py", line 1000, in render
    return SafeString("".join([node.render_annotated(context) for node in self]))
                               ~~~~~~~~~~~~~~~~~~~~~^^^^^^^^^
  File "/Users/amirxon/Desktop/ChaqmoqApp/venv/lib/python3.14/site-packages/django/template/base.py", line 961, in render_annotated
    return self.render(context)
           ~~~~~~~~~~~^^^^^^^^^
  File "/Users/amirxon/Desktop/ChaqmoqApp/venv/lib/python3.14/site-packages/django/template/loader_tags.py", line 159, in render
    return compiled_parent._render(context)
           ~~~~~~~~~~~~~~~~~~~~~~~^^^^^^^^^
  File "/Users/amirxon/Desktop/ChaqmoqApp/venv/lib/python3.14/site-packages/django/template/base.py", line 163, in _render
    return self.nodelist.render(context)
           ~~~~~~~~~~~~~~~~~~~~^^^^^^^^^
  File "/Users/amirxon/Desktop/ChaqmoqApp/venv/lib/python3.14/site-packages/django/template/base.py", line 1000, in render
    return SafeString("".join([node.render_annotated(context) for node in self]))
                               ~~~~~~~~~~~~~~~~~~~~~^^^^^^^^^
  File "/Users/amirxon/Desktop/ChaqmoqApp/venv/lib/python3.14/site-packages/django/template/base.py", line 961, in render_annotated
    return self.render(context)
           ~~~~~~~~~~~^^^^^^^^^
  File "/Users/amirxon/Desktop/ChaqmoqApp/venv/lib/python3.14/site-packages/django/template/loader_tags.py", line 159, in render
    return compiled_parent._render(context)
           ~~~~~~~~~~~~~~~~~~~~~~~^^^^^^^^^
  File "/Users/amirxon/Desktop/ChaqmoqApp/venv/lib/python3.14/site-packages/django/template/base.py", line 163, in _render
    return self.nodelist.render(context)
           ~~~~~~~~~~~~~~~~~~~~^^^^^^^^^
  File "/Users/amirxon/Desktop/ChaqmoqApp/venv/lib/python3.14/site-packages/django/template/base.py", line 1000, in render
    return SafeString("".join([node.render_annotated(context) for node in self]))
                               ~~~~~~~~~~~~~~~~~~~~~^^^^^^^^^
  File "/Users/amirxon/Desktop/ChaqmoqApp/venv/lib/python3.14/site-packages/django/template/base.py", line 961, in render_annotated
    return self.render(context)
           ~~~~~~~~~~~^^^^^^^^^
  File "/Users/amirxon/Desktop/ChaqmoqApp/venv/lib/python3.14/site-packages/django/template/loader_tags.py", line 65, in render
    result = block.nodelist.render(context)
  File "/Users/amirxon/Desktop/ChaqmoqApp/venv/lib/python3.14/site-packages/django/template/base.py", line 1000, in render
    return SafeString("".join([node.render_annotated(context) for node in self]))
                               ~~~~~~~~~~~~~~~~~~~~~^^^^^^^^^
  File "/Users/amirxon/Desktop/ChaqmoqApp/venv/lib/python3.14/site-packages/django/template/base.py", line 961, in render_annotated
    return self.render(context)
           ~~~~~~~~~~~^^^^^^^^^
  File "/Users/amirxon/Desktop/ChaqmoqApp/venv/lib/python3.14/site-packages/django/template/loader_tags.py", line 65, in render
    result = block.nodelist.render(context)
  File "/Users/amirxon/Desktop/ChaqmoqApp/venv/lib/python3.14/site-packages/django/template/base.py", line 1000, in render
    return SafeString("".join([node.render_annotated(context) for node in self]))
                               ~~~~~~~~~~~~~~~~~~~~~^^^^^^^^^
  File "/Users/amirxon/Desktop/ChaqmoqApp/venv/lib/python3.14/site-packages/django/template/base.py", line 961, in render_annotated
    return self.render(context)
           ~~~~~~~~~~~^^^^^^^^^
  File "/Users/amirxon/Desktop/ChaqmoqApp/venv/lib/python3.14/site-packages/django/template/loader_tags.py", line 65, in render
    result = block.nodelist.render(context)
  File "/Users/amirxon/Desktop/ChaqmoqApp/venv/lib/python3.14/site-packages/django/template/base.py", line 1000, in render
    return SafeString("".join([node.render_annotated(context) for node in self]))
                               ~~~~~~~~~~~~~~~~~~~~~^^^^^^^^^
  File "/Users/amirxon/Desktop/ChaqmoqApp/venv/lib/python3.14/site-packages/django/template/base.py", line 961, in render_annotated
    return self.render(context)
           ~~~~~~~~~~~^^^^^^^^^
  File "/Users/amirxon/Desktop/ChaqmoqApp/venv/lib/python3.14/site-packages/django/template/loader_tags.py", line 65, in render
    result = block.nodelist.render(context)
  File "/Users/amirxon/Desktop/ChaqmoqApp/venv/lib/python3.14/site-packages/django/template/base.py", line 1000, in render
    return SafeString("".join([node.render_annotated(context) for node in self]))
                               ~~~~~~~~~~~~~~~~~~~~~^^^^^^^^^
  File "/Users/amirxon/Desktop/ChaqmoqApp/venv/lib/python3.14/site-packages/django/template/base.py", line 961, in render_annotated
    return self.render(context)
           ~~~~~~~~~~~^^^^^^^^^
  File "/Users/amirxon/Desktop/ChaqmoqApp/venv/lib/python3.14/site-packages/django/template/loader_tags.py", line 65, in render
    result = block.nodelist.render(context)
  File "/Users/amirxon/Desktop/ChaqmoqApp/venv/lib/python3.14/site-packages/django/template/base.py", line 1000, in render
    return SafeString("".join([node.render_annotated(context) for node in self]))
                               ~~~~~~~~~~~~~~~~~~~~~^^^^^^^^^
  File "/Users/amirxon/Desktop/ChaqmoqApp/venv/lib/python3.14/site-packages/django/template/base.py", line 961, in render_annotated
    return self.render(context)
           ~~~~~~~~~~~^^^^^^^^^
  File "/Users/amirxon/Desktop/ChaqmoqApp/venv/lib/python3.14/site-packages/django/contrib/admin/templatetags/base.py", line 45, in render
    return super().render(context)
           ~~~~~~~~~~~~~~^^^^^^^^^
  File "/Users/amirxon/Desktop/ChaqmoqApp/venv/lib/python3.14/site-packages/django/template/library.py", line 271, in render
    new_context = context.new(_dict)
  File "/Users/amirxon/Desktop/ChaqmoqApp/venv/lib/python3.14/site-packages/django/template/context.py", line 273, in new
    new_context = super().new(values)
  File "/Users/amirxon/Desktop/ChaqmoqApp/venv/lib/python3.14/site-packages/django/template/context.py", line 110, in new
    new_context = copy(self)
  File "/Library/Frameworks/Python.framework/Versions/3.14/lib/python3.14/copy.py", line 82, in copy
    return copier(x)
  File "/Users/amirxon/Desktop/ChaqmoqApp/venv/lib/python3.14/site-packages/django/template/context.py", line 158, in __copy__
    duplicate = super().__copy__()
  File "/Users/amirxon/Desktop/ChaqmoqApp/venv/lib/python3.14/site-packages/django/template/context.py", line 39, in __copy__
    duplicate.dicts = self.dicts[:]
    ^^^^^^^^^^^^^^^
AttributeError: 'super' object has no attribute 'dicts' and no __dict__ for setting new attributes
Internal Server Error: /admin/accounts/center/
Traceback (most recent call last):
  File "/Users/amirxon/Desktop/ChaqmoqApp/venv/lib/python3.14/site-packages/django/core/handlers/exception.py", line 55, in inner
    response = get_response(request)
  File "/Users/amirxon/Desktop/ChaqmoqApp/venv/lib/python3.14/site-packages/django/core/handlers/base.py", line 220, in _get_response
    response = response.render()
  File "/Users/amirxon/Desktop/ChaqmoqApp/venv/lib/python3.14/site-packages/django/template/response.py", line 114, in render
    self.content = self.rendered_content
                   ^^^^^^^^^^^^^^^^^^^^^
  File "/Users/amirxon/Desktop/ChaqmoqApp/venv/lib/python3.14/site-packages/django/template/response.py", line 92, in rendered_content
    return template.render(context, self._request)
           ~~~~~~~~~~~~~~~^^^^^^^^^^^^^^^^^^^^^^^^
  File "/Users/amirxon/Desktop/ChaqmoqApp/venv/lib/python3.14/site-packages/django/template/backends/django.py", line 61, in render
    return self.template.render(context)
           ~~~~~~~~~~~~~~~~~~~~^^^^^^^^^
  File "/Users/amirxon/Desktop/ChaqmoqApp/venv/lib/python3.14/site-packages/django/template/base.py", line 171, in render
    return self._render(context)
           ~~~~~~~~~~~~^^^^^^^^^
  File "/Users/amirxon/Desktop/ChaqmoqApp/venv/lib/python3.14/site-packages/django/template/base.py", line 163, in _render
    return self.nodelist.render(context)
           ~~~~~~~~~~~~~~~~~~~~^^^^^^^^^
  File "/Users/amirxon/Desktop/ChaqmoqApp/venv/lib/python3.14/site-packages/django/template/base.py", line 1000, in render
    return SafeString("".join([node.render_annotated(context) for node in self]))
                               ~~~~~~~~~~~~~~~~~~~~~^^^^^^^^^
  File "/Users/amirxon/Desktop/ChaqmoqApp/venv/lib/python3.14/site-packages/django/template/base.py", line 961, in render_annotated
    return self.render(context)
           ~~~~~~~~~~~^^^^^^^^^
  File "/Users/amirxon/Desktop/ChaqmoqApp/venv/lib/python3.14/site-packages/django/template/loader_tags.py", line 159, in render
    return compiled_parent._render(context)
           ~~~~~~~~~~~~~~~~~~~~~~~^^^^^^^^^
  File "/Users/amirxon/Desktop/ChaqmoqApp/venv/lib/python3.14/site-packages/django/template/base.py", line 163, in _render
    return self.nodelist.render(context)
           ~~~~~~~~~~~~~~~~~~~~^^^^^^^^^
  File "/Users/amirxon/Desktop/ChaqmoqApp/venv/lib/python3.14/site-packages/django/template/base.py", line 1000, in render
    return SafeString("".join([node.render_annotated(context) for node in self]))
                               ~~~~~~~~~~~~~~~~~~~~~^^^^^^^^^
  File "/Users/amirxon/Desktop/ChaqmoqApp/venv/lib/python3.14/site-packages/django/template/base.py", line 961, in render_annotated
    return self.render(context)
           ~~~~~~~~~~~^^^^^^^^^
  File "/Users/amirxon/Desktop/ChaqmoqApp/venv/lib/python3.14/site-packages/django/template/loader_tags.py", line 159, in render
    return compiled_parent._render(context)
           ~~~~~~~~~~~~~~~~~~~~~~~^^^^^^^^^
  File "/Users/amirxon/Desktop/ChaqmoqApp/venv/lib/python3.14/site-packages/django/template/base.py", line 163, in _render
    return self.nodelist.render(context)
           ~~~~~~~~~~~~~~~~~~~~^^^^^^^^^
  File "/Users/amirxon/Desktop/ChaqmoqApp/venv/lib/python3.14/site-packages/django/template/base.py", line 1000, in render
    return SafeString("".join([node.render_annotated(context) for node in self]))
                               ~~~~~~~~~~~~~~~~~~~~~^^^^^^^^^
  File "/Users/amirxon/Desktop/ChaqmoqApp/venv/lib/python3.14/site-packages/django/template/base.py", line 961, in render_annotated
    return self.render(context)
           ~~~~~~~~~~~^^^^^^^^^
  File "/Users/amirxon/Desktop/ChaqmoqApp/venv/lib/python3.14/site-packages/django/template/loader_tags.py", line 65, in render
    result = block.nodelist.render(context)
  File "/Users/amirxon/Desktop/ChaqmoqApp/venv/lib/python3.14/site-packages/django/template/base.py", line 1000, in render
    return SafeString("".join([node.render_annotated(context) for node in self]))
                               ~~~~~~~~~~~~~~~~~~~~~^^^^^^^^^
  File "/Users/amirxon/Desktop/ChaqmoqApp/venv/lib/python3.14/site-packages/django/template/base.py", line 961, in render_annotated
    return self.render(context)
           ~~~~~~~~~~~^^^^^^^^^
  File "/Users/amirxon/Desktop/ChaqmoqApp/venv/lib/python3.14/site-packages/django/template/loader_tags.py", line 65, in render
    result = block.nodelist.render(context)
  File "/Users/amirxon/Desktop/ChaqmoqApp/venv/lib/python3.14/site-packages/django/template/base.py", line 1000, in render
    return SafeString("".join([node.render_annotated(context) for node in self]))
                               ~~~~~~~~~~~~~~~~~~~~~^^^^^^^^^
  File "/Users/amirxon/Desktop/ChaqmoqApp/venv/lib/python3.14/site-packages/django/template/base.py", line 961, in render_annotated
    return self.render(context)
           ~~~~~~~~~~~^^^^^^^^^
  File "/Users/amirxon/Desktop/ChaqmoqApp/venv/lib/python3.14/site-packages/django/template/loader_tags.py", line 65, in render
    result = block.nodelist.render(context)
  File "/Users/amirxon/Desktop/ChaqmoqApp/venv/lib/python3.14/site-packages/django/template/base.py", line 1000, in render
    return SafeString("".join([node.render_annotated(context) for node in self]))
                               ~~~~~~~~~~~~~~~~~~~~~^^^^^^^^^
  File "/Users/amirxon/Desktop/ChaqmoqApp/venv/lib/python3.14/site-packages/django/template/base.py", line 961, in render_annotated
    return self.render(context)
           ~~~~~~~~~~~^^^^^^^^^
  File "/Users/amirxon/Desktop/ChaqmoqApp/venv/lib/python3.14/site-packages/django/template/loader_tags.py", line 65, in render
    result = block.nodelist.render(context)
  File "/Users/amirxon/Desktop/ChaqmoqApp/venv/lib/python3.14/site-packages/django/template/base.py", line 1000, in render
    return SafeString("".join([node.render_annotated(context) for node in self]))
                               ~~~~~~~~~~~~~~~~~~~~~^^^^^^^^^
  File "/Users/amirxon/Desktop/ChaqmoqApp/venv/lib/python3.14/site-packages/django/template/base.py", line 961, in render_annotated
    return self.render(context)
           ~~~~~~~~~~~^^^^^^^^^
  File "/Users/amirxon/Desktop/ChaqmoqApp/venv/lib/python3.14/site-packages/django/template/loader_tags.py", line 65, in render
    result = block.nodelist.render(context)
  File "/Users/amirxon/Desktop/ChaqmoqApp/venv/lib/python3.14/site-packages/django/template/base.py", line 1000, in render
    return SafeString("".join([node.render_annotated(context) for node in self]))
                               ~~~~~~~~~~~~~~~~~~~~~^^^^^^^^^
  File "/Users/amirxon/Desktop/ChaqmoqApp/venv/lib/python3.14/site-packages/django/template/base.py", line 961, in render_annotated
    return self.render(context)
           ~~~~~~~~~~~^^^^^^^^^
  File "/Users/amirxon/Desktop/ChaqmoqApp/venv/lib/python3.14/site-packages/django/contrib/admin/templatetags/base.py", line 45, in render
    return super().render(context)
           ~~~~~~~~~~~~~~^^^^^^^^^
  File "/Users/amirxon/Desktop/ChaqmoqApp/venv/lib/python3.14/site-packages/django/template/library.py", line 271, in render
    new_context = context.new(_dict)
  File "/Users/amirxon/Desktop/ChaqmoqApp/venv/lib/python3.14/site-packages/django/template/context.py", line 273, in new
    new_context = super().new(values)
  File "/Users/amirxon/Desktop/ChaqmoqApp/venv/lib/python3.14/site-packages/django/template/context.py", line 110, in new
    new_context = copy(self)
  File "/Library/Frameworks/Python.framework/Versions/3.14/lib/python3.14/copy.py", line 82, in copy
    return copier(x)
  File "/Users/amirxon/Desktop/ChaqmoqApp/venv/lib/python3.14/site-packages/django/template/context.py", line 158, in __copy__
    duplicate = super().__copy__()
  File "/Users/amirxon/Desktop/ChaqmoqApp/venv/lib/python3.14/site-packages/django/template/context.py", line 39, in __copy__
    duplicate.dicts = self.dicts[:]
    ^^^^^^^^^^^^^^^
AttributeError: 'super' object has no attribute 'dicts' and no __dict__ for setting new attributes
Internal Server Error: /admin/accounts/center/add/
Traceback (most recent call last):
  File "/Users/amirxon/Desktop/ChaqmoqApp/venv/lib/python3.14/site-packages/django/core/handlers/exception.py", line 55, in inner
    response = get_response(request)
  File "/Users/amirxon/Desktop/ChaqmoqApp/venv/lib/python3.14/site-packages/django/core/handlers/base.py", line 220, in _get_response
    response = response.render()
  File "/Users/amirxon/Desktop/ChaqmoqApp/venv/lib/python3.14/site-packages/django/template/response.py", line 114, in render
    self.content = self.rendered_content
                   ^^^^^^^^^^^^^^^^^^^^^
  File "/Users/amirxon/Desktop/ChaqmoqApp/venv/lib/python3.14/site-packages/django/template/response.py", line 92, in rendered_content
    return template.render(context, self._request)
           ~~~~~~~~~~~~~~~^^^^^^^^^^^^^^^^^^^^^^^^
  File "/Users/amirxon/Desktop/ChaqmoqApp/venv/lib/python3.14/site-packages/django/template/backends/django.py", line 61, in render
    return self.template.render(context)
           ~~~~~~~~~~~~~~~~~~~~^^^^^^^^^
  File "/Users/amirxon/Desktop/ChaqmoqApp/venv/lib/python3.14/site-packages/django/template/base.py", line 171, in render
    return self._render(context)
           ~~~~~~~~~~~~^^^^^^^^^
  File "/Users/amirxon/Desktop/ChaqmoqApp/venv/lib/python3.14/site-packages/django/template/base.py", line 163, in _render
    return self.nodelist.render(context)
           ~~~~~~~~~~~~~~~~~~~~^^^^^^^^^
  File "/Users/amirxon/Desktop/ChaqmoqApp/venv/lib/python3.14/site-packages/django/template/base.py", line 1000, in render
    return SafeString("".join([node.render_annotated(context) for node in self]))
                               ~~~~~~~~~~~~~~~~~~~~~^^^^^^^^^
  File "/Users/amirxon/Desktop/ChaqmoqApp/venv/lib/python3.14/site-packages/django/template/base.py", line 961, in render_annotated
    return self.render(context)
           ~~~~~~~~~~~^^^^^^^^^
  File "/Users/amirxon/Desktop/ChaqmoqApp/venv/lib/python3.14/site-packages/django/template/loader_tags.py", line 159, in render
    return compiled_parent._render(context)
           ~~~~~~~~~~~~~~~~~~~~~~~^^^^^^^^^
  File "/Users/amirxon/Desktop/ChaqmoqApp/venv/lib/python3.14/site-packages/django/template/base.py", line 163, in _render
    return self.nodelist.render(context)
           ~~~~~~~~~~~~~~~~~~~~^^^^^^^^^
  File "/Users/amirxon/Desktop/ChaqmoqApp/venv/lib/python3.14/site-packages/django/template/base.py", line 1000, in render
    return SafeString("".join([node.render_annotated(context) for node in self]))
                               ~~~~~~~~~~~~~~~~~~~~~^^^^^^^^^
  File "/Users/amirxon/Desktop/ChaqmoqApp/venv/lib/python3.14/site-packages/django/template/base.py", line 961, in render_annotated
    return self.render(context)
           ~~~~~~~~~~~^^^^^^^^^
  File "/Users/amirxon/Desktop/ChaqmoqApp/venv/lib/python3.14/site-packages/django/template/loader_tags.py", line 159, in render
    return compiled_parent._render(context)
           ~~~~~~~~~~~~~~~~~~~~~~~^^^^^^^^^
  File "/Users/amirxon/Desktop/ChaqmoqApp/venv/lib/python3.14/site-packages/django/template/base.py", line 163, in _render
    return self.nodelist.render(context)
           ~~~~~~~~~~~~~~~~~~~~^^^^^^^^^
  File "/Users/amirxon/Desktop/ChaqmoqApp/venv/lib/python3.14/site-packages/django/template/base.py", line 1000, in render
    return SafeString("".join([node.render_annotated(context) for node in self]))
                               ~~~~~~~~~~~~~~~~~~~~~^^^^^^^^^
  File "/Users/amirxon/Desktop/ChaqmoqApp/venv/lib/python3.14/site-packages/django/template/base.py", line 961, in render_annotated
    return self.render(context)
           ~~~~~~~~~~~^^^^^^^^^
  File "/Users/amirxon/Desktop/ChaqmoqApp/venv/lib/python3.14/site-packages/django/template/loader_tags.py", line 65, in render
    result = block.nodelist.render(context)
  File "/Users/amirxon/Desktop/ChaqmoqApp/venv/lib/python3.14/site-packages/django/template/base.py", line 1000, in render
    return SafeString("".join([node.render_annotated(context) for node in self]))
                               ~~~~~~~~~~~~~~~~~~~~~^^^^^^^^^
  File "/Users/amirxon/Desktop/ChaqmoqApp/venv/lib/python3.14/site-packages/django/template/base.py", line 961, in render_annotated
    return self.render(context)
           ~~~~~~~~~~~^^^^^^^^^
  File "/Users/amirxon/Desktop/ChaqmoqApp/venv/lib/python3.14/site-packages/django/template/loader_tags.py", line 65, in render
    result = block.nodelist.render(context)
  File "/Users/amirxon/Desktop/ChaqmoqApp/venv/lib/python3.14/site-packages/django/template/base.py", line 1000, in render
    return SafeString("".join([node.render_annotated(context) for node in self]))
                               ~~~~~~~~~~~~~~~~~~~~~^^^^^^^^^
  File "/Users/amirxon/Desktop/ChaqmoqApp/venv/lib/python3.14/site-packages/django/template/base.py", line 961, in render_annotated
    return self.render(context)
           ~~~~~~~~~~~^^^^^^^^^
  File "/Users/amirxon/Desktop/ChaqmoqApp/venv/lib/python3.14/site-packages/django/template/loader_tags.py", line 65, in render
    result = block.nodelist.render(context)
  File "/Users/amirxon/Desktop/ChaqmoqApp/venv/lib/python3.14/site-packages/django/template/base.py", line 1000, in render
    return SafeString("".join([node.render_annotated(context) for node in self]))
                               ~~~~~~~~~~~~~~~~~~~~~^^^^^^^^^
  File "/Users/amirxon/Desktop/ChaqmoqApp/venv/lib/python3.14/site-packages/django/template/base.py", line 961, in render_annotated
    return self.render(context)
           ~~~~~~~~~~~^^^^^^^^^
  File "/Users/amirxon/Desktop/ChaqmoqApp/venv/lib/python3.14/site-packages/django/contrib/admin/templatetags/base.py", line 45, in render
    return super().render(context)
           ~~~~~~~~~~~~~~^^^^^^^^^
  File "/Users/amirxon/Desktop/ChaqmoqApp/venv/lib/python3.14/site-packages/django/template/library.py", line 271, in render
    new_context = context.new(_dict)
  File "/Users/amirxon/Desktop/ChaqmoqApp/venv/lib/python3.14/site-packages/django/template/context.py", line 273, in new
    new_context = super().new(values)
  File "/Users/amirxon/Desktop/ChaqmoqApp/venv/lib/python3.14/site-packages/django/template/context.py", line 110, in new
    new_context = copy(self)
  File "/Library/Frameworks/Python.framework/Versions/3.14/lib/python3.14/copy.py", line 82, in copy
    return copier(x)
  File "/Users/amirxon/Desktop/ChaqmoqApp/venv/lib/python3.14/site-packages/django/template/context.py", line 158, in __copy__
    duplicate = super().__copy__()
  File "/Users/amirxon/Desktop/ChaqmoqApp/venv/lib/python3.14/site-packages/django/template/context.py", line 39, in __copy__
    duplicate.dicts = self.dicts[:]
    ^^^^^^^^^^^^^^^
AttributeError: 'super' object has no attribute 'dicts' and no __dict__ for setting new attributes
Internal Server Error: /admin/accounts/center/add/
Traceback (most recent call last):
  File "/Users/amirxon/Desktop/ChaqmoqApp/venv/lib/python3.14/site-packages/django/core/handlers/exception.py", line 55, in inner
    response = get_response(request)
  File "/Users/amirxon/Desktop/ChaqmoqApp/venv/lib/python3.14/site-packages/django/core/handlers/base.py", line 220, in _get_response
    response = response.render()
  File "/Users/amirxon/Desktop/ChaqmoqApp/venv/lib/python3.14/site-packages/django/template/response.py", line 114, in render
    self.content = self.rendered_content
                   ^^^^^^^^^^^^^^^^^^^^^
  File "/Users/amirxon/Desktop/ChaqmoqApp/venv/lib/python3.14/site-packages/django/template/response.py", line 92, in rendered_content
    return template.render(context, self._request)
           ~~~~~~~~~~~~~~~^^^^^^^^^^^^^^^^^^^^^^^^
  File "/Users/amirxon/Desktop/ChaqmoqApp/venv/lib/python3.14/site-packages/django/template/backends/django.py", line 61, in render
    return self.template.render(context)
           ~~~~~~~~~~~~~~~~~~~~^^^^^^^^^
  File "/Users/amirxon/Desktop/ChaqmoqApp/venv/lib/python3.14/site-packages/django/template/base.py", line 171, in render
    return self._render(context)
           ~~~~~~~~~~~~^^^^^^^^^
  File "/Users/amirxon/Desktop/ChaqmoqApp/venv/lib/python3.14/site-packages/django/template/base.py", line 163, in _render
    return self.nodelist.render(context)
           ~~~~~~~~~~~~~~~~~~~~^^^^^^^^^
  File "/Users/amirxon/Desktop/ChaqmoqApp/venv/lib/python3.14/site-packages/django/template/base.py", line 1000, in render
    return SafeString("".join([node.render_annotated(context) for node in self]))
                               ~~~~~~~~~~~~~~~~~~~~~^^^^^^^^^
  File "/Users/amirxon/Desktop/ChaqmoqApp/venv/lib/python3.14/site-packages/django/template/base.py", line 961, in render_annotated
    return self.render(context)
           ~~~~~~~~~~~^^^^^^^^^
  File "/Users/amirxon/Desktop/ChaqmoqApp/venv/lib/python3.14/site-packages/django/template/loader_tags.py", line 159, in render
    return compiled_parent._render(context)
           ~~~~~~~~~~~~~~~~~~~~~~~^^^^^^^^^
  File "/Users/amirxon/Desktop/ChaqmoqApp/venv/lib/python3.14/site-packages/django/template/base.py", line 163, in _render
    return self.nodelist.render(context)
           ~~~~~~~~~~~~~~~~~~~~^^^^^^^^^
  File "/Users/amirxon/Desktop/ChaqmoqApp/venv/lib/python3.14/site-packages/django/template/base.py", line 1000, in render
    return SafeString("".join([node.render_annotated(context) for node in self]))
                               ~~~~~~~~~~~~~~~~~~~~~^^^^^^^^^
  File "/Users/amirxon/Desktop/ChaqmoqApp/venv/lib/python3.14/site-packages/django/template/base.py", line 961, in render_annotated
    return self.render(context)
           ~~~~~~~~~~~^^^^^^^^^
  File "/Users/amirxon/Desktop/ChaqmoqApp/venv/lib/python3.14/site-packages/django/template/loader_tags.py", line 159, in render
    return compiled_parent._render(context)
           ~~~~~~~~~~~~~~~~~~~~~~~^^^^^^^^^
  File "/Users/amirxon/Desktop/ChaqmoqApp/venv/lib/python3.14/site-packages/django/template/base.py", line 163, in _render
    return self.nodelist.render(context)
           ~~~~~~~~~~~~~~~~~~~~^^^^^^^^^
  File "/Users/amirxon/Desktop/ChaqmoqApp/venv/lib/python3.14/site-packages/django/template/base.py", line 1000, in render
    return SafeString("".join([node.render_annotated(context) for node in self]))
                               ~~~~~~~~~~~~~~~~~~~~~^^^^^^^^^
  File "/Users/amirxon/Desktop/ChaqmoqApp/venv/lib/python3.14/site-packages/django/template/base.py", line 961, in render_annotated
    return self.render(context)
           ~~~~~~~~~~~^^^^^^^^^
  File "/Users/amirxon/Desktop/ChaqmoqApp/venv/lib/python3.14/site-packages/django/template/loader_tags.py", line 65, in render
    result = block.nodelist.render(context)
  File "/Users/amirxon/Desktop/ChaqmoqApp/venv/lib/python3.14/site-packages/django/template/base.py", line 1000, in render
    return SafeString("".join([node.render_annotated(context) for node in self]))
                               ~~~~~~~~~~~~~~~~~~~~~^^^^^^^^^
  File "/Users/amirxon/Desktop/ChaqmoqApp/venv/lib/python3.14/site-packages/django/template/base.py", line 961, in render_annotated
    return self.render(context)
           ~~~~~~~~~~~^^^^^^^^^
  File "/Users/amirxon/Desktop/ChaqmoqApp/venv/lib/python3.14/site-packages/django/template/loader_tags.py", line 65, in render
    result = block.nodelist.render(context)
  File "/Users/amirxon/Desktop/ChaqmoqApp/venv/lib/python3.14/site-packages/django/template/base.py", line 1000, in render
    return SafeString("".join([node.render_annotated(context) for node in self]))
                               ~~~~~~~~~~~~~~~~~~~~~^^^^^^^^^
  File "/Users/amirxon/Desktop/ChaqmoqApp/venv/lib/python3.14/site-packages/django/template/base.py", line 961, in render_annotated
    return self.render(context)
           ~~~~~~~~~~~^^^^^^^^^
  File "/Users/amirxon/Desktop/ChaqmoqApp/venv/lib/python3.14/site-packages/django/template/loader_tags.py", line 65, in render
    result = block.nodelist.render(context)
  File "/Users/amirxon/Desktop/ChaqmoqApp/venv/lib/python3.14/site-packages/django/template/base.py", line 1000, in render
    return SafeString("".join([node.render_annotated(context) for node in self]))
                               ~~~~~~~~~~~~~~~~~~~~~^^^^^^^^^
  File "/Users/amirxon/Desktop/ChaqmoqApp/venv/lib/python3.14/site-packages/django/template/base.py", line 961, in render_annotated
    return self.render(context)
           ~~~~~~~~~~~^^^^^^^^^
  File "/Users/amirxon/Desktop/ChaqmoqApp/venv/lib/python3.14/site-packages/django/contrib/admin/templatetags/base.py", line 45, in render
    return super().render(context)
           ~~~~~~~~~~~~~~^^^^^^^^^
  File "/Users/amirxon/Desktop/ChaqmoqApp/venv/lib/python3.14/site-packages/django/template/library.py", line 271, in render
    new_context = context.new(_dict)
  File "/Users/amirxon/Desktop/ChaqmoqApp/venv/lib/python3.14/site-packages/django/template/context.py", line 273, in new
    new_context = super().new(values)
  File "/Users/amirxon/Desktop/ChaqmoqApp/venv/lib/python3.14/site-packages/django/template/context.py", line 110, in new
    new_context = copy(self)
  File "/Library/Frameworks/Python.framework/Versions/3.14/lib/python3.14/copy.py", line 82, in copy
    return copier(x)
  File "/Users/amirxon/Desktop/ChaqmoqApp/venv/lib/python3.14/site-packages/django/template/context.py", line 158, in __copy__
    duplicate = super().__copy__()
  File "/Users/amirxon/Desktop/ChaqmoqApp/venv/lib/python3.14/site-packages/django/template/context.py", line 39, in __copy__
    duplicate.dicts = self.dicts[:]
    ^^^^^^^^^^^^^^^
AttributeError: 'super' object has no attribute 'dicts' and no __dict__ for setting new attributes
Internal Server Error: /admin/education/group/
Traceback (most recent call last):
  File "/Users/amirxon/Desktop/ChaqmoqApp/venv/lib/python3.14/site-packages/django/core/handlers/exception.py", line 55, in inner
    response = get_response(request)
  File "/Users/amirxon/Desktop/ChaqmoqApp/venv/lib/python3.14/site-packages/django/core/handlers/base.py", line 220, in _get_response
    response = response.render()
  File "/Users/amirxon/Desktop/ChaqmoqApp/venv/lib/python3.14/site-packages/django/template/response.py", line 114, in render
    self.content = self.rendered_content
                   ^^^^^^^^^^^^^^^^^^^^^
  File "/Users/amirxon/Desktop/ChaqmoqApp/venv/lib/python3.14/site-packages/django/template/response.py", line 92, in rendered_content
    return template.render(context, self._request)
           ~~~~~~~~~~~~~~~^^^^^^^^^^^^^^^^^^^^^^^^
  File "/Users/amirxon/Desktop/ChaqmoqApp/venv/lib/python3.14/site-packages/django/template/backends/django.py", line 61, in render
    return self.template.render(context)
           ~~~~~~~~~~~~~~~~~~~~^^^^^^^^^
  File "/Users/amirxon/Desktop/ChaqmoqApp/venv/lib/python3.14/site-packages/django/template/base.py", line 171, in render
    return self._render(context)
           ~~~~~~~~~~~~^^^^^^^^^
  File "/Users/amirxon/Desktop/ChaqmoqApp/venv/lib/python3.14/site-packages/django/template/base.py", line 163, in _render
    return self.nodelist.render(context)
           ~~~~~~~~~~~~~~~~~~~~^^^^^^^^^
  File "/Users/amirxon/Desktop/ChaqmoqApp/venv/lib/python3.14/site-packages/django/template/base.py", line 1000, in render
    return SafeString("".join([node.render_annotated(context) for node in self]))
                               ~~~~~~~~~~~~~~~~~~~~~^^^^^^^^^
  File "/Users/amirxon/Desktop/ChaqmoqApp/venv/lib/python3.14/site-packages/django/template/base.py", line 961, in render_annotated
    return self.render(context)
           ~~~~~~~~~~~^^^^^^^^^
  File "/Users/amirxon/Desktop/ChaqmoqApp/venv/lib/python3.14/site-packages/django/template/loader_tags.py", line 159, in render
    return compiled_parent._render(context)
           ~~~~~~~~~~~~~~~~~~~~~~~^^^^^^^^^
  File "/Users/amirxon/Desktop/ChaqmoqApp/venv/lib/python3.14/site-packages/django/template/base.py", line 163, in _render
    return self.nodelist.render(context)
           ~~~~~~~~~~~~~~~~~~~~^^^^^^^^^
  File "/Users/amirxon/Desktop/ChaqmoqApp/venv/lib/python3.14/site-packages/django/template/base.py", line 1000, in render
    return SafeString("".join([node.render_annotated(context) for node in self]))
                               ~~~~~~~~~~~~~~~~~~~~~^^^^^^^^^
  File "/Users/amirxon/Desktop/ChaqmoqApp/venv/lib/python3.14/site-packages/django/template/base.py", line 961, in render_annotated
    return self.render(context)
           ~~~~~~~~~~~^^^^^^^^^
  File "/Users/amirxon/Desktop/ChaqmoqApp/venv/lib/python3.14/site-packages/django/template/loader_tags.py", line 159, in render
    return compiled_parent._render(context)
           ~~~~~~~~~~~~~~~~~~~~~~~^^^^^^^^^
  File "/Users/amirxon/Desktop/ChaqmoqApp/venv/lib/python3.14/site-packages/django/template/base.py", line 163, in _render
    return self.nodelist.render(context)
           ~~~~~~~~~~~~~~~~~~~~^^^^^^^^^
  File "/Users/amirxon/Desktop/ChaqmoqApp/venv/lib/python3.14/site-packages/django/template/base.py", line 1000, in render
    return SafeString("".join([node.render_annotated(context) for node in self]))
                               ~~~~~~~~~~~~~~~~~~~~~^^^^^^^^^
  File "/Users/amirxon/Desktop/ChaqmoqApp/venv/lib/python3.14/site-packages/django/template/base.py", line 961, in render_annotated
    return self.render(context)
           ~~~~~~~~~~~^^^^^^^^^
  File "/Users/amirxon/Desktop/ChaqmoqApp/venv/lib/python3.14/site-packages/django/template/loader_tags.py", line 65, in render
    result = block.nodelist.render(context)
  File "/Users/amirxon/Desktop/ChaqmoqApp/venv/lib/python3.14/site-packages/django/template/base.py", line 1000, in render
    return SafeString("".join([node.render_annotated(context) for node in self]))
                               ~~~~~~~~~~~~~~~~~~~~~^^^^^^^^^
  File "/Users/amirxon/Desktop/ChaqmoqApp/venv/lib/python3.14/site-packages/django/template/base.py", line 961, in render_annotated
    return self.render(context)
           ~~~~~~~~~~~^^^^^^^^^
  File "/Users/amirxon/Desktop/ChaqmoqApp/venv/lib/python3.14/site-packages/django/template/loader_tags.py", line 65, in render
    result = block.nodelist.render(context)
  File "/Users/amirxon/Desktop/ChaqmoqApp/venv/lib/python3.14/site-packages/django/template/base.py", line 1000, in render
    return SafeString("".join([node.render_annotated(context) for node in self]))
                               ~~~~~~~~~~~~~~~~~~~~~^^^^^^^^^
  File "/Users/amirxon/Desktop/ChaqmoqApp/venv/lib/python3.14/site-packages/django/template/base.py", line 961, in render_annotated
    return self.render(context)
           ~~~~~~~~~~~^^^^^^^^^
  File "/Users/amirxon/Desktop/ChaqmoqApp/venv/lib/python3.14/site-packages/django/template/loader_tags.py", line 65, in render
    result = block.nodelist.render(context)
  File "/Users/amirxon/Desktop/ChaqmoqApp/venv/lib/python3.14/site-packages/django/template/base.py", line 1000, in render
    return SafeString("".join([node.render_annotated(context) for node in self]))
                               ~~~~~~~~~~~~~~~~~~~~~^^^^^^^^^
  File "/Users/amirxon/Desktop/ChaqmoqApp/venv/lib/python3.14/site-packages/django/template/base.py", line 961, in render_annotated
    return self.render(context)
           ~~~~~~~~~~~^^^^^^^^^
  File "/Users/amirxon/Desktop/ChaqmoqApp/venv/lib/python3.14/site-packages/django/template/loader_tags.py", line 65, in render
    result = block.nodelist.render(context)
  File "/Users/amirxon/Desktop/ChaqmoqApp/venv/lib/python3.14/site-packages/django/template/base.py", line 1000, in render
    return SafeString("".join([node.render_annotated(context) for node in self]))
                               ~~~~~~~~~~~~~~~~~~~~~^^^^^^^^^
  File "/Users/amirxon/Desktop/ChaqmoqApp/venv/lib/python3.14/site-packages/django/template/base.py", line 961, in render_annotated
    return self.render(context)
           ~~~~~~~~~~~^^^^^^^^^
  File "/Users/amirxon/Desktop/ChaqmoqApp/venv/lib/python3.14/site-packages/django/template/loader_tags.py", line 65, in render
    result = block.nodelist.render(context)
  File "/Users/amirxon/Desktop/ChaqmoqApp/venv/lib/python3.14/site-packages/django/template/base.py", line 1000, in render
    return SafeString("".join([node.render_annotated(context) for node in self]))
                               ~~~~~~~~~~~~~~~~~~~~~^^^^^^^^^
  File "/Users/amirxon/Desktop/ChaqmoqApp/venv/lib/python3.14/site-packages/django/template/base.py", line 961, in render_annotated
    return self.render(context)
           ~~~~~~~~~~~^^^^^^^^^
  File "/Users/amirxon/Desktop/ChaqmoqApp/venv/lib/python3.14/site-packages/django/contrib/admin/templatetags/base.py", line 45, in render
    return super().render(context)
           ~~~~~~~~~~~~~~^^^^^^^^^
  File "/Users/amirxon/Desktop/ChaqmoqApp/venv/lib/python3.14/site-packages/django/template/library.py", line 271, in render
    new_context = context.new(_dict)
  File "/Users/amirxon/Desktop/ChaqmoqApp/venv/lib/python3.14/site-packages/django/template/context.py", line 273, in new
    new_context = super().new(values)
  File "/Users/amirxon/Desktop/ChaqmoqApp/venv/lib/python3.14/site-packages/django/template/context.py", line 110, in new
    new_context = copy(self)
  File "/Library/Frameworks/Python.framework/Versions/3.14/lib/python3.14/copy.py", line 82, in copy
    return copier(x)
  File "/Users/amirxon/Desktop/ChaqmoqApp/venv/lib/python3.14/site-packages/django/template/context.py", line 158, in __copy__
    duplicate = super().__copy__()
  File "/Users/amirxon/Desktop/ChaqmoqApp/venv/lib/python3.14/site-packages/django/template/context.py", line 39, in __copy__
    duplicate.dicts = self.dicts[:]
    ^^^^^^^^^^^^^^^
AttributeError: 'super' object has no attribute 'dicts' and no __dict__ for setting new attributes
Internal Server Error: /admin/education/group/
Traceback (most recent call last):
  File "/Users/amirxon/Desktop/ChaqmoqApp/venv/lib/python3.14/site-packages/django/core/handlers/exception.py", line 55, in inner
    response = get_response(request)
  File "/Users/amirxon/Desktop/ChaqmoqApp/venv/lib/python3.14/site-packages/django/core/handlers/base.py", line 220, in _get_response
    response = response.render()
  File "/Users/amirxon/Desktop/ChaqmoqApp/venv/lib/python3.14/site-packages/django/template/response.py", line 114, in render
    self.content = self.rendered_content
                   ^^^^^^^^^^^^^^^^^^^^^
  File "/Users/amirxon/Desktop/ChaqmoqApp/venv/lib/python3.14/site-packages/django/template/response.py", line 92, in rendered_content
    return template.render(context, self._request)
           ~~~~~~~~~~~~~~~^^^^^^^^^^^^^^^^^^^^^^^^
  File "/Users/amirxon/Desktop/ChaqmoqApp/venv/lib/python3.14/site-packages/django/template/backends/django.py", line 61, in render
    return self.template.render(context)
           ~~~~~~~~~~~~~~~~~~~~^^^^^^^^^
  File "/Users/amirxon/Desktop/ChaqmoqApp/venv/lib/python3.14/site-packages/django/template/base.py", line 171, in render
    return self._render(context)
           ~~~~~~~~~~~~^^^^^^^^^
  File "/Users/amirxon/Desktop/ChaqmoqApp/venv/lib/python3.14/site-packages/django/template/base.py", line 163, in _render
    return self.nodelist.render(context)
           ~~~~~~~~~~~~~~~~~~~~^^^^^^^^^
  File "/Users/amirxon/Desktop/ChaqmoqApp/venv/lib/python3.14/site-packages/django/template/base.py", line 1000, in render
    return SafeString("".join([node.render_annotated(context) for node in self]))
                               ~~~~~~~~~~~~~~~~~~~~~^^^^^^^^^
  File "/Users/amirxon/Desktop/ChaqmoqApp/venv/lib/python3.14/site-packages/django/template/base.py", line 961, in render_annotated
    return self.render(context)
           ~~~~~~~~~~~^^^^^^^^^
  File "/Users/amirxon/Desktop/ChaqmoqApp/venv/lib/python3.14/site-packages/django/template/loader_tags.py", line 159, in render
    return compiled_parent._render(context)
           ~~~~~~~~~~~~~~~~~~~~~~~^^^^^^^^^
  File "/Users/amirxon/Desktop/ChaqmoqApp/venv/lib/python3.14/site-packages/django/template/base.py", line 163, in _render
    return self.nodelist.render(context)
           ~~~~~~~~~~~~~~~~~~~~^^^^^^^^^
  File "/Users/amirxon/Desktop/ChaqmoqApp/venv/lib/python3.14/site-packages/django/template/base.py", line 1000, in render
    return SafeString("".join([node.render_annotated(context) for node in self]))
                               ~~~~~~~~~~~~~~~~~~~~~^^^^^^^^^
  File "/Users/amirxon/Desktop/ChaqmoqApp/venv/lib/python3.14/site-packages/django/template/base.py", line 961, in render_annotated
    return self.render(context)
           ~~~~~~~~~~~^^^^^^^^^
  File "/Users/amirxon/Desktop/ChaqmoqApp/venv/lib/python3.14/site-packages/django/template/loader_tags.py", line 159, in render
    return compiled_parent._render(context)
           ~~~~~~~~~~~~~~~~~~~~~~~^^^^^^^^^
  File "/Users/amirxon/Desktop/ChaqmoqApp/venv/lib/python3.14/site-packages/django/template/base.py", line 163, in _render
    return self.nodelist.render(context)
           ~~~~~~~~~~~~~~~~~~~~^^^^^^^^^
  File "/Users/amirxon/Desktop/ChaqmoqApp/venv/lib/python3.14/site-packages/django/template/base.py", line 1000, in render
    return SafeString("".join([node.render_annotated(context) for node in self]))
                               ~~~~~~~~~~~~~~~~~~~~~^^^^^^^^^
  File "/Users/amirxon/Desktop/ChaqmoqApp/venv/lib/python3.14/site-packages/django/template/base.py", line 961, in render_annotated
    return self.render(context)
           ~~~~~~~~~~~^^^^^^^^^
  File "/Users/amirxon/Desktop/ChaqmoqApp/venv/lib/python3.14/site-packages/django/template/loader_tags.py", line 65, in render
    result = block.nodelist.render(context)
  File "/Users/amirxon/Desktop/ChaqmoqApp/venv/lib/python3.14/site-packages/django/template/base.py", line 1000, in render
    return SafeString("".join([node.render_annotated(context) for node in self]))
                               ~~~~~~~~~~~~~~~~~~~~~^^^^^^^^^
  File "/Users/amirxon/Desktop/ChaqmoqApp/venv/lib/python3.14/site-packages/django/template/base.py", line 961, in render_annotated
    return self.render(context)
           ~~~~~~~~~~~^^^^^^^^^
  File "/Users/amirxon/Desktop/ChaqmoqApp/venv/lib/python3.14/site-packages/django/template/loader_tags.py", line 65, in render
    result = block.nodelist.render(context)
  File "/Users/amirxon/Desktop/ChaqmoqApp/venv/lib/python3.14/site-packages/django/template/base.py", line 1000, in render
    return SafeString("".join([node.render_annotated(context) for node in self]))
                               ~~~~~~~~~~~~~~~~~~~~~^^^^^^^^^
  File "/Users/amirxon/Desktop/ChaqmoqApp/venv/lib/python3.14/site-packages/django/template/base.py", line 961, in render_annotated
    return self.render(context)
           ~~~~~~~~~~~^^^^^^^^^
  File "/Users/amirxon/Desktop/ChaqmoqApp/venv/lib/python3.14/site-packages/django/template/loader_tags.py", line 65, in render
    result = block.nodelist.render(context)
  File "/Users/amirxon/Desktop/ChaqmoqApp/venv/lib/python3.14/site-packages/django/template/base.py", line 1000, in render
    return SafeString("".join([node.render_annotated(context) for node in self]))
                               ~~~~~~~~~~~~~~~~~~~~~^^^^^^^^^
  File "/Users/amirxon/Desktop/ChaqmoqApp/venv/lib/python3.14/site-packages/django/template/base.py", line 961, in render_annotated
    return self.render(context)
           ~~~~~~~~~~~^^^^^^^^^
  File "/Users/amirxon/Desktop/ChaqmoqApp/venv/lib/python3.14/site-packages/django/template/loader_tags.py", line 65, in render
    result = block.nodelist.render(context)
  File "/Users/amirxon/Desktop/ChaqmoqApp/venv/lib/python3.14/site-packages/django/template/base.py", line 1000, in render
    return SafeString("".join([node.render_annotated(context) for node in self]))
                               ~~~~~~~~~~~~~~~~~~~~~^^^^^^^^^
  File "/Users/amirxon/Desktop/ChaqmoqApp/venv/lib/python3.14/site-packages/django/template/base.py", line 961, in render_annotated
    return self.render(context)
           ~~~~~~~~~~~^^^^^^^^^
  File "/Users/amirxon/Desktop/ChaqmoqApp/venv/lib/python3.14/site-packages/django/template/loader_tags.py", line 65, in render
    result = block.nodelist.render(context)
  File "/Users/amirxon/Desktop/ChaqmoqApp/venv/lib/python3.14/site-packages/django/template/base.py", line 1000, in render
    return SafeString("".join([node.render_annotated(context) for node in self]))
                               ~~~~~~~~~~~~~~~~~~~~~^^^^^^^^^
  File "/Users/amirxon/Desktop/ChaqmoqApp/venv/lib/python3.14/site-packages/django/template/base.py", line 961, in render_annotated
    return self.render(context)
           ~~~~~~~~~~~^^^^^^^^^
  File "/Users/amirxon/Desktop/ChaqmoqApp/venv/lib/python3.14/site-packages/django/contrib/admin/templatetags/base.py", line 45, in render
    return super().render(context)
           ~~~~~~~~~~~~~~^^^^^^^^^
  File "/Users/amirxon/Desktop/ChaqmoqApp/venv/lib/python3.14/site-packages/django/template/library.py", line 271, in render
    new_context = context.new(_dict)
  File "/Users/amirxon/Desktop/ChaqmoqApp/venv/lib/python3.14/site-packages/django/template/context.py", line 273, in new
    new_context = super().new(values)
  File "/Users/amirxon/Desktop/ChaqmoqApp/venv/lib/python3.14/site-packages/django/template/context.py", line 110, in new
    new_context = copy(self)
  File "/Library/Frameworks/Python.framework/Versions/3.14/lib/python3.14/copy.py", line 82, in copy
    return copier(x)
  File "/Users/amirxon/Desktop/ChaqmoqApp/venv/lib/python3.14/site-packages/django/template/context.py", line 158, in __copy__
    duplicate = super().__copy__()
  File "/Users/amirxon/Desktop/ChaqmoqApp/venv/lib/python3.14/site-packages/django/template/context.py", line 39, in __copy__
    duplicate.dicts = self.dicts[:]
    ^^^^^^^^^^^^^^^
AttributeError: 'super' object has no attribute 'dicts' and no __dict__ for setting new attributes
Internal Server Error: /admin/education/group/add/
Traceback (most recent call last):
  File "/Users/amirxon/Desktop/ChaqmoqApp/venv/lib/python3.14/site-packages/django/core/handlers/exception.py", line 55, in inner
    response = get_response(request)
  File "/Users/amirxon/Desktop/ChaqmoqApp/venv/lib/python3.14/site-packages/django/core/handlers/base.py", line 220, in _get_response
    response = response.render()
  File "/Users/amirxon/Desktop/ChaqmoqApp/venv/lib/python3.14/site-packages/django/template/response.py", line 114, in render
    self.content = self.rendered_content
                   ^^^^^^^^^^^^^^^^^^^^^
  File "/Users/amirxon/Desktop/ChaqmoqApp/venv/lib/python3.14/site-packages/django/template/response.py", line 92, in rendered_content
    return template.render(context, self._request)
           ~~~~~~~~~~~~~~~^^^^^^^^^^^^^^^^^^^^^^^^
  File "/Users/amirxon/Desktop/ChaqmoqApp/venv/lib/python3.14/site-packages/django/template/backends/django.py", line 61, in render
    return self.template.render(context)
           ~~~~~~~~~~~~~~~~~~~~^^^^^^^^^
  File "/Users/amirxon/Desktop/ChaqmoqApp/venv/lib/python3.14/site-packages/django/template/base.py", line 171, in render
    return self._render(context)
           ~~~~~~~~~~~~^^^^^^^^^
  File "/Users/amirxon/Desktop/ChaqmoqApp/venv/lib/python3.14/site-packages/django/template/base.py", line 163, in _render
    return self.nodelist.render(context)
           ~~~~~~~~~~~~~~~~~~~~^^^^^^^^^
  File "/Users/amirxon/Desktop/ChaqmoqApp/venv/lib/python3.14/site-packages/django/template/base.py", line 1000, in render
    return SafeString("".join([node.render_annotated(context) for node in self]))
                               ~~~~~~~~~~~~~~~~~~~~~^^^^^^^^^
  File "/Users/amirxon/Desktop/ChaqmoqApp/venv/lib/python3.14/site-packages/django/template/base.py", line 961, in render_annotated
    return self.render(context)
           ~~~~~~~~~~~^^^^^^^^^
  File "/Users/amirxon/Desktop/ChaqmoqApp/venv/lib/python3.14/site-packages/django/template/loader_tags.py", line 159, in render
    return compiled_parent._render(context)
           ~~~~~~~~~~~~~~~~~~~~~~~^^^^^^^^^
  File "/Users/amirxon/Desktop/ChaqmoqApp/venv/lib/python3.14/site-packages/django/template/base.py", line 163, in _render
    return self.nodelist.render(context)
           ~~~~~~~~~~~~~~~~~~~~^^^^^^^^^
  File "/Users/amirxon/Desktop/ChaqmoqApp/venv/lib/python3.14/site-packages/django/template/base.py", line 1000, in render
    return SafeString("".join([node.render_annotated(context) for node in self]))
                               ~~~~~~~~~~~~~~~~~~~~~^^^^^^^^^
  File "/Users/amirxon/Desktop/ChaqmoqApp/venv/lib/python3.14/site-packages/django/template/base.py", line 961, in render_annotated
    return self.render(context)
           ~~~~~~~~~~~^^^^^^^^^
  File "/Users/amirxon/Desktop/ChaqmoqApp/venv/lib/python3.14/site-packages/django/template/loader_tags.py", line 159, in render
    return compiled_parent._render(context)
           ~~~~~~~~~~~~~~~~~~~~~~~^^^^^^^^^
  File "/Users/amirxon/Desktop/ChaqmoqApp/venv/lib/python3.14/site-packages/django/template/base.py", line 163, in _render
    return self.nodelist.render(context)
           ~~~~~~~~~~~~~~~~~~~~^^^^^^^^^
  File "/Users/amirxon/Desktop/ChaqmoqApp/venv/lib/python3.14/site-packages/django/template/base.py", line 1000, in render
    return SafeString("".join([node.render_annotated(context) for node in self]))
                               ~~~~~~~~~~~~~~~~~~~~~^^^^^^^^^
  File "/Users/amirxon/Desktop/ChaqmoqApp/venv/lib/python3.14/site-packages/django/template/base.py", line 961, in render_annotated
    return self.render(context)
           ~~~~~~~~~~~^^^^^^^^^
  File "/Users/amirxon/Desktop/ChaqmoqApp/venv/lib/python3.14/site-packages/django/template/loader_tags.py", line 65, in render
    result = block.nodelist.render(context)
  File "/Users/amirxon/Desktop/ChaqmoqApp/venv/lib/python3.14/site-packages/django/template/base.py", line 1000, in render
    return SafeString("".join([node.render_annotated(context) for node in self]))
                               ~~~~~~~~~~~~~~~~~~~~~^^^^^^^^^
  File "/Users/amirxon/Desktop/ChaqmoqApp/venv/lib/python3.14/site-packages/django/template/base.py", line 961, in render_annotated
    return self.render(context)
           ~~~~~~~~~~~^^^^^^^^^
  File "/Users/amirxon/Desktop/ChaqmoqApp/venv/lib/python3.14/site-packages/django/template/loader_tags.py", line 65, in render
    result = block.nodelist.render(context)
  File "/Users/amirxon/Desktop/ChaqmoqApp/venv/lib/python3.14/site-packages/django/template/base.py", line 1000, in render
    return SafeString("".join([node.render_annotated(context) for node in self]))
                               ~~~~~~~~~~~~~~~~~~~~~^^^^^^^^^
  File "/Users/amirxon/Desktop/ChaqmoqApp/venv/lib/python3.14/site-packages/django/template/base.py", line 961, in render_annotated
    return self.render(context)
           ~~~~~~~~~~~^^^^^^^^^
  File "/Users/amirxon/Desktop/ChaqmoqApp/venv/lib/python3.14/site-packages/django/template/loader_tags.py", line 65, in render
    result = block.nodelist.render(context)
  File "/Users/amirxon/Desktop/ChaqmoqApp/venv/lib/python3.14/site-packages/django/template/base.py", line 1000, in render
    return SafeString("".join([node.render_annotated(context) for node in self]))
                               ~~~~~~~~~~~~~~~~~~~~~^^^^^^^^^
  File "/Users/amirxon/Desktop/ChaqmoqApp/venv/lib/python3.14/site-packages/django/template/base.py", line 961, in render_annotated
    return self.render(context)
           ~~~~~~~~~~~^^^^^^^^^
  File "/Users/amirxon/Desktop/ChaqmoqApp/venv/lib/python3.14/site-packages/django/contrib/admin/templatetags/base.py", line 45, in render
    return super().render(context)
           ~~~~~~~~~~~~~~^^^^^^^^^
  File "/Users/amirxon/Desktop/ChaqmoqApp/venv/lib/python3.14/site-packages/django/template/library.py", line 271, in render
    new_context = context.new(_dict)
  File "/Users/amirxon/Desktop/ChaqmoqApp/venv/lib/python3.14/site-packages/django/template/context.py", line 273, in new
    new_context = super().new(values)
  File "/Users/amirxon/Desktop/ChaqmoqApp/venv/lib/python3.14/site-packages/django/template/context.py", line 110, in new
    new_context = copy(self)
  File "/Library/Frameworks/Python.framework/Versions/3.14/lib/python3.14/copy.py", line 82, in copy
    return copier(x)
  File "/Users/amirxon/Desktop/ChaqmoqApp/venv/lib/python3.14/site-packages/django/template/context.py", line 158, in __copy__
    duplicate = super().__copy__()
  File "/Users/amirxon/Desktop/ChaqmoqApp/venv/lib/python3.14/site-packages/django/template/context.py", line 39, in __copy__
    duplicate.dicts = self.dicts[:]
    ^^^^^^^^^^^^^^^
AttributeError: 'super' object has no attribute 'dicts' and no __dict__ for setting new attributes
Internal Server Error: /admin/education/group/add/
Traceback (most recent call last):
  File "/Users/amirxon/Desktop/ChaqmoqApp/venv/lib/python3.14/site-packages/django/core/handlers/exception.py", line 55, in inner
    response = get_response(request)
  File "/Users/amirxon/Desktop/ChaqmoqApp/venv/lib/python3.14/site-packages/django/core/handlers/base.py", line 220, in _get_response
    response = response.render()
  File "/Users/amirxon/Desktop/ChaqmoqApp/venv/lib/python3.14/site-packages/django/template/response.py", line 114, in render
    self.content = self.rendered_content
                   ^^^^^^^^^^^^^^^^^^^^^
  File "/Users/amirxon/Desktop/ChaqmoqApp/venv/lib/python3.14/site-packages/django/template/response.py", line 92, in rendered_content
    return template.render(context, self._request)
           ~~~~~~~~~~~~~~~^^^^^^^^^^^^^^^^^^^^^^^^
  File "/Users/amirxon/Desktop/ChaqmoqApp/venv/lib/python3.14/site-packages/django/template/backends/django.py", line 61, in render
    return self.template.render(context)
           ~~~~~~~~~~~~~~~~~~~~^^^^^^^^^
  File "/Users/amirxon/Desktop/ChaqmoqApp/venv/lib/python3.14/site-packages/django/template/base.py", line 171, in render
    return self._render(context)
           ~~~~~~~~~~~~^^^^^^^^^
  File "/Users/amirxon/Desktop/ChaqmoqApp/venv/lib/python3.14/site-packages/django/template/base.py", line 163, in _render
    return self.nodelist.render(context)
           ~~~~~~~~~~~~~~~~~~~~^^^^^^^^^
  File "/Users/amirxon/Desktop/ChaqmoqApp/venv/lib/python3.14/site-packages/django/template/base.py", line 1000, in render
    return SafeString("".join([node.render_annotated(context) for node in self]))
                               ~~~~~~~~~~~~~~~~~~~~~^^^^^^^^^
  File "/Users/amirxon/Desktop/ChaqmoqApp/venv/lib/python3.14/site-packages/django/template/base.py", line 961, in render_annotated
    return self.render(context)
           ~~~~~~~~~~~^^^^^^^^^
  File "/Users/amirxon/Desktop/ChaqmoqApp/venv/lib/python3.14/site-packages/django/template/loader_tags.py", line 159, in render
    return compiled_parent._render(context)
           ~~~~~~~~~~~~~~~~~~~~~~~^^^^^^^^^
  File "/Users/amirxon/Desktop/ChaqmoqApp/venv/lib/python3.14/site-packages/django/template/base.py", line 163, in _render
    return self.nodelist.render(context)
           ~~~~~~~~~~~~~~~~~~~~^^^^^^^^^
  File "/Users/amirxon/Desktop/ChaqmoqApp/venv/lib/python3.14/site-packages/django/template/base.py", line 1000, in render
    return SafeString("".join([node.render_annotated(context) for node in self]))
                               ~~~~~~~~~~~~~~~~~~~~~^^^^^^^^^
  File "/Users/amirxon/Desktop/ChaqmoqApp/venv/lib/python3.14/site-packages/django/template/base.py", line 961, in render_annotated
    return self.render(context)
           ~~~~~~~~~~~^^^^^^^^^
  File "/Users/amirxon/Desktop/ChaqmoqApp/venv/lib/python3.14/site-packages/django/template/loader_tags.py", line 159, in render
    return compiled_parent._render(context)
           ~~~~~~~~~~~~~~~~~~~~~~~^^^^^^^^^
  File "/Users/amirxon/Desktop/ChaqmoqApp/venv/lib/python3.14/site-packages/django/template/base.py", line 163, in _render
    return self.nodelist.render(context)
           ~~~~~~~~~~~~~~~~~~~~^^^^^^^^^
  File "/Users/amirxon/Desktop/ChaqmoqApp/venv/lib/python3.14/site-packages/django/template/base.py", line 1000, in render
    return SafeString("".join([node.render_annotated(context) for node in self]))
                               ~~~~~~~~~~~~~~~~~~~~~^^^^^^^^^
  File "/Users/amirxon/Desktop/ChaqmoqApp/venv/lib/python3.14/site-packages/django/template/base.py", line 961, in render_annotated
    return self.render(context)
           ~~~~~~~~~~~^^^^^^^^^
  File "/Users/amirxon/Desktop/ChaqmoqApp/venv/lib/python3.14/site-packages/django/template/loader_tags.py", line 65, in render
    result = block.nodelist.render(context)
  File "/Users/amirxon/Desktop/ChaqmoqApp/venv/lib/python3.14/site-packages/django/template/base.py", line 1000, in render
    return SafeString("".join([node.render_annotated(context) for node in self]))
                               ~~~~~~~~~~~~~~~~~~~~~^^^^^^^^^
  File "/Users/amirxon/Desktop/ChaqmoqApp/venv/lib/python3.14/site-packages/django/template/base.py", line 961, in render_annotated
    return self.render(context)
           ~~~~~~~~~~~^^^^^^^^^
  File "/Users/amirxon/Desktop/ChaqmoqApp/venv/lib/python3.14/site-packages/django/template/loader_tags.py", line 65, in render
    result = block.nodelist.render(context)
  File "/Users/amirxon/Desktop/ChaqmoqApp/venv/lib/python3.14/site-packages/django/template/base.py", line 1000, in render
    return SafeString("".join([node.render_annotated(context) for node in self]))
                               ~~~~~~~~~~~~~~~~~~~~~^^^^^^^^^
  File "/Users/amirxon/Desktop/ChaqmoqApp/venv/lib/python3.14/site-packages/django/template/base.py", line 961, in render_annotated
    return self.render(context)
           ~~~~~~~~~~~^^^^^^^^^
  File "/Users/amirxon/Desktop/ChaqmoqApp/venv/lib/python3.14/site-packages/django/template/loader_tags.py", line 65, in render
    result = block.nodelist.render(context)
  File "/Users/amirxon/Desktop/ChaqmoqApp/venv/lib/python3.14/site-packages/django/template/base.py", line 1000, in render
    return SafeString("".join([node.render_annotated(context) for node in self]))
                               ~~~~~~~~~~~~~~~~~~~~~^^^^^^^^^
  File "/Users/amirxon/Desktop/ChaqmoqApp/venv/lib/python3.14/site-packages/django/template/base.py", line 961, in render_annotated
    return self.render(context)
           ~~~~~~~~~~~^^^^^^^^^
  File "/Users/amirxon/Desktop/ChaqmoqApp/venv/lib/python3.14/site-packages/django/contrib/admin/templatetags/base.py", line 45, in render
    return super().render(context)
           ~~~~~~~~~~~~~~^^^^^^^^^
  File "/Users/amirxon/Desktop/ChaqmoqApp/venv/lib/python3.14/site-packages/django/template/library.py", line 271, in render
    new_context = context.new(_dict)
  File "/Users/amirxon/Desktop/ChaqmoqApp/venv/lib/python3.14/site-packages/django/template/context.py", line 273, in new
    new_context = super().new(values)
  File "/Users/amirxon/Desktop/ChaqmoqApp/venv/lib/python3.14/site-packages/django/template/context.py", line 110, in new
    new_context = copy(self)
  File "/Library/Frameworks/Python.framework/Versions/3.14/lib/python3.14/copy.py", line 82, in copy
    return copier(x)
  File "/Users/amirxon/Desktop/ChaqmoqApp/venv/lib/python3.14/site-packages/django/template/context.py", line 158, in __copy__
    duplicate = super().__copy__()
  File "/Users/amirxon/Desktop/ChaqmoqApp/venv/lib/python3.14/site-packages/django/template/context.py", line 39, in __copy__
    duplicate.dicts = self.dicts[:]
    ^^^^^^^^^^^^^^^
AttributeError: 'super' object has no attribute 'dicts' and no __dict__ for setting new attributes
Internal Server Error: /admin/education/enrollment/
Traceback (most recent call last):
  File "/Users/amirxon/Desktop/ChaqmoqApp/venv/lib/python3.14/site-packages/django/core/handlers/exception.py", line 55, in inner
    response = get_response(request)
  File "/Users/amirxon/Desktop/ChaqmoqApp/venv/lib/python3.14/site-packages/django/core/handlers/base.py", line 220, in _get_response
    response = response.render()
  File "/Users/amirxon/Desktop/ChaqmoqApp/venv/lib/python3.14/site-packages/django/template/response.py", line 114, in render
    self.content = self.rendered_content
                   ^^^^^^^^^^^^^^^^^^^^^
  File "/Users/amirxon/Desktop/ChaqmoqApp/venv/lib/python3.14/site-packages/django/template/response.py", line 92, in rendered_content
    return template.render(context, self._request)
           ~~~~~~~~~~~~~~~^^^^^^^^^^^^^^^^^^^^^^^^
  File "/Users/amirxon/Desktop/ChaqmoqApp/venv/lib/python3.14/site-packages/django/template/backends/django.py", line 61, in render
    return self.template.render(context)
           ~~~~~~~~~~~~~~~~~~~~^^^^^^^^^
  File "/Users/amirxon/Desktop/ChaqmoqApp/venv/lib/python3.14/site-packages/django/template/base.py", line 171, in render
    return self._render(context)
           ~~~~~~~~~~~~^^^^^^^^^
  File "/Users/amirxon/Desktop/ChaqmoqApp/venv/lib/python3.14/site-packages/django/template/base.py", line 163, in _render
    return self.nodelist.render(context)
           ~~~~~~~~~~~~~~~~~~~~^^^^^^^^^
  File "/Users/amirxon/Desktop/ChaqmoqApp/venv/lib/python3.14/site-packages/django/template/base.py", line 1000, in render
    return SafeString("".join([node.render_annotated(context) for node in self]))
                               ~~~~~~~~~~~~~~~~~~~~~^^^^^^^^^
  File "/Users/amirxon/Desktop/ChaqmoqApp/venv/lib/python3.14/site-packages/django/template/base.py", line 961, in render_annotated
    return self.render(context)
           ~~~~~~~~~~~^^^^^^^^^
  File "/Users/amirxon/Desktop/ChaqmoqApp/venv/lib/python3.14/site-packages/django/template/loader_tags.py", line 159, in render
    return compiled_parent._render(context)
           ~~~~~~~~~~~~~~~~~~~~~~~^^^^^^^^^
  File "/Users/amirxon/Desktop/ChaqmoqApp/venv/lib/python3.14/site-packages/django/template/base.py", line 163, in _render
    return self.nodelist.render(context)
           ~~~~~~~~~~~~~~~~~~~~^^^^^^^^^
  File "/Users/amirxon/Desktop/ChaqmoqApp/venv/lib/python3.14/site-packages/django/template/base.py", line 1000, in render
    return SafeString("".join([node.render_annotated(context) for node in self]))
                               ~~~~~~~~~~~~~~~~~~~~~^^^^^^^^^
  File "/Users/amirxon/Desktop/ChaqmoqApp/venv/lib/python3.14/site-packages/django/template/base.py", line 961, in render_annotated
    return self.render(context)
           ~~~~~~~~~~~^^^^^^^^^
  File "/Users/amirxon/Desktop/ChaqmoqApp/venv/lib/python3.14/site-packages/django/template/loader_tags.py", line 159, in render
    return compiled_parent._render(context)
           ~~~~~~~~~~~~~~~~~~~~~~~^^^^^^^^^
  File "/Users/amirxon/Desktop/ChaqmoqApp/venv/lib/python3.14/site-packages/django/template/base.py", line 163, in _render
    return self.nodelist.render(context)
           ~~~~~~~~~~~~~~~~~~~~^^^^^^^^^
  File "/Users/amirxon/Desktop/ChaqmoqApp/venv/lib/python3.14/site-packages/django/template/base.py", line 1000, in render
    return SafeString("".join([node.render_annotated(context) for node in self]))
                               ~~~~~~~~~~~~~~~~~~~~~^^^^^^^^^
  File "/Users/amirxon/Desktop/ChaqmoqApp/venv/lib/python3.14/site-packages/django/template/base.py", line 961, in render_annotated
    return self.render(context)
           ~~~~~~~~~~~^^^^^^^^^
  File "/Users/amirxon/Desktop/ChaqmoqApp/venv/lib/python3.14/site-packages/django/template/loader_tags.py", line 65, in render
    result = block.nodelist.render(context)
  File "/Users/amirxon/Desktop/ChaqmoqApp/venv/lib/python3.14/site-packages/django/template/base.py", line 1000, in render
    return SafeString("".join([node.render_annotated(context) for node in self]))
                               ~~~~~~~~~~~~~~~~~~~~~^^^^^^^^^
  File "/Users/amirxon/Desktop/ChaqmoqApp/venv/lib/python3.14/site-packages/django/template/base.py", line 961, in render_annotated
    return self.render(context)
           ~~~~~~~~~~~^^^^^^^^^
  File "/Users/amirxon/Desktop/ChaqmoqApp/venv/lib/python3.14/site-packages/django/template/loader_tags.py", line 65, in render
    result = block.nodelist.render(context)
  File "/Users/amirxon/Desktop/ChaqmoqApp/venv/lib/python3.14/site-packages/django/template/base.py", line 1000, in render
    return SafeString("".join([node.render_annotated(context) for node in self]))
                               ~~~~~~~~~~~~~~~~~~~~~^^^^^^^^^
  File "/Users/amirxon/Desktop/ChaqmoqApp/venv/lib/python3.14/site-packages/django/template/base.py", line 961, in render_annotated
    return self.render(context)
           ~~~~~~~~~~~^^^^^^^^^
  File "/Users/amirxon/Desktop/ChaqmoqApp/venv/lib/python3.14/site-packages/django/template/loader_tags.py", line 65, in render
    result = block.nodelist.render(context)
  File "/Users/amirxon/Desktop/ChaqmoqApp/venv/lib/python3.14/site-packages/django/template/base.py", line 1000, in render
    return SafeString("".join([node.render_annotated(context) for node in self]))
                               ~~~~~~~~~~~~~~~~~~~~~^^^^^^^^^
  File "/Users/amirxon/Desktop/ChaqmoqApp/venv/lib/python3.14/site-packages/django/template/base.py", line 961, in render_annotated
    return self.render(context)
           ~~~~~~~~~~~^^^^^^^^^
  File "/Users/amirxon/Desktop/ChaqmoqApp/venv/lib/python3.14/site-packages/django/template/loader_tags.py", line 65, in render
    result = block.nodelist.render(context)
  File "/Users/amirxon/Desktop/ChaqmoqApp/venv/lib/python3.14/site-packages/django/template/base.py", line 1000, in render
    return SafeString("".join([node.render_annotated(context) for node in self]))
                               ~~~~~~~~~~~~~~~~~~~~~^^^^^^^^^
  File "/Users/amirxon/Desktop/ChaqmoqApp/venv/lib/python3.14/site-packages/django/template/base.py", line 961, in render_annotated
    return self.render(context)
           ~~~~~~~~~~~^^^^^^^^^
  File "/Users/amirxon/Desktop/ChaqmoqApp/venv/lib/python3.14/site-packages/django/template/loader_tags.py", line 65, in render
    result = block.nodelist.render(context)
  File "/Users/amirxon/Desktop/ChaqmoqApp/venv/lib/python3.14/site-packages/django/template/base.py", line 1000, in render
    return SafeString("".join([node.render_annotated(context) for node in self]))
                               ~~~~~~~~~~~~~~~~~~~~~^^^^^^^^^
  File "/Users/amirxon/Desktop/ChaqmoqApp/venv/lib/python3.14/site-packages/django/template/base.py", line 961, in render_annotated
    return self.render(context)
           ~~~~~~~~~~~^^^^^^^^^
  File "/Users/amirxon/Desktop/ChaqmoqApp/venv/lib/python3.14/site-packages/django/contrib/admin/templatetags/base.py", line 45, in render
    return super().render(context)
           ~~~~~~~~~~~~~~^^^^^^^^^
  File "/Users/amirxon/Desktop/ChaqmoqApp/venv/lib/python3.14/site-packages/django/template/library.py", line 271, in render
    new_context = context.new(_dict)
  File "/Users/amirxon/Desktop/ChaqmoqApp/venv/lib/python3.14/site-packages/django/template/context.py", line 273, in new
    new_context = super().new(values)
  File "/Users/amirxon/Desktop/ChaqmoqApp/venv/lib/python3.14/site-packages/django/template/context.py", line 110, in new
    new_context = copy(self)
  File "/Library/Frameworks/Python.framework/Versions/3.14/lib/python3.14/copy.py", line 82, in copy
    return copier(x)
  File "/Users/amirxon/Desktop/ChaqmoqApp/venv/lib/python3.14/site-packages/django/template/context.py", line 158, in __copy__
    duplicate = super().__copy__()
  File "/Users/amirxon/Desktop/ChaqmoqApp/venv/lib/python3.14/site-packages/django/template/context.py", line 39, in __copy__
    duplicate.dicts = self.dicts[:]
    ^^^^^^^^^^^^^^^
AttributeError: 'super' object has no attribute 'dicts' and no __dict__ for setting new attributes
Internal Server Error: /admin/education/enrollment/
Traceback (most recent call last):
  File "/Users/amirxon/Desktop/ChaqmoqApp/venv/lib/python3.14/site-packages/django/core/handlers/exception.py", line 55, in inner
    response = get_response(request)
  File "/Users/amirxon/Desktop/ChaqmoqApp/venv/lib/python3.14/site-packages/django/core/handlers/base.py", line 220, in _get_response
    response = response.render()
  File "/Users/amirxon/Desktop/ChaqmoqApp/venv/lib/python3.14/site-packages/django/template/response.py", line 114, in render
    self.content = self.rendered_content
                   ^^^^^^^^^^^^^^^^^^^^^
  File "/Users/amirxon/Desktop/ChaqmoqApp/venv/lib/python3.14/site-packages/django/template/response.py", line 92, in rendered_content
    return template.render(context, self._request)
           ~~~~~~~~~~~~~~~^^^^^^^^^^^^^^^^^^^^^^^^
  File "/Users/amirxon/Desktop/ChaqmoqApp/venv/lib/python3.14/site-packages/django/template/backends/django.py", line 61, in render
    return self.template.render(context)
           ~~~~~~~~~~~~~~~~~~~~^^^^^^^^^
  File "/Users/amirxon/Desktop/ChaqmoqApp/venv/lib/python3.14/site-packages/django/template/base.py", line 171, in render
    return self._render(context)
           ~~~~~~~~~~~~^^^^^^^^^
  File "/Users/amirxon/Desktop/ChaqmoqApp/venv/lib/python3.14/site-packages/django/template/base.py", line 163, in _render
    return self.nodelist.render(context)
           ~~~~~~~~~~~~~~~~~~~~^^^^^^^^^
  File "/Users/amirxon/Desktop/ChaqmoqApp/venv/lib/python3.14/site-packages/django/template/base.py", line 1000, in render
    return SafeString("".join([node.render_annotated(context) for node in self]))
                               ~~~~~~~~~~~~~~~~~~~~~^^^^^^^^^
  File "/Users/amirxon/Desktop/ChaqmoqApp/venv/lib/python3.14/site-packages/django/template/base.py", line 961, in render_annotated
    return self.render(context)
           ~~~~~~~~~~~^^^^^^^^^
  File "/Users/amirxon/Desktop/ChaqmoqApp/venv/lib/python3.14/site-packages/django/template/loader_tags.py", line 159, in render
    return compiled_parent._render(context)
           ~~~~~~~~~~~~~~~~~~~~~~~^^^^^^^^^
  File "/Users/amirxon/Desktop/ChaqmoqApp/venv/lib/python3.14/site-packages/django/template/base.py", line 163, in _render
    return self.nodelist.render(context)
           ~~~~~~~~~~~~~~~~~~~~^^^^^^^^^
  File "/Users/amirxon/Desktop/ChaqmoqApp/venv/lib/python3.14/site-packages/django/template/base.py", line 1000, in render
    return SafeString("".join([node.render_annotated(context) for node in self]))
                               ~~~~~~~~~~~~~~~~~~~~~^^^^^^^^^
  File "/Users/amirxon/Desktop/ChaqmoqApp/venv/lib/python3.14/site-packages/django/template/base.py", line 961, in render_annotated
    return self.render(context)
           ~~~~~~~~~~~^^^^^^^^^
  File "/Users/amirxon/Desktop/ChaqmoqApp/venv/lib/python3.14/site-packages/django/template/loader_tags.py", line 159, in render
    return compiled_parent._render(context)
           ~~~~~~~~~~~~~~~~~~~~~~~^^^^^^^^^
  File "/Users/amirxon/Desktop/ChaqmoqApp/venv/lib/python3.14/site-packages/django/template/base.py", line 163, in _render
    return self.nodelist.render(context)
           ~~~~~~~~~~~~~~~~~~~~^^^^^^^^^
  File "/Users/amirxon/Desktop/ChaqmoqApp/venv/lib/python3.14/site-packages/django/template/base.py", line 1000, in render
    return SafeString("".join([node.render_annotated(context) for node in self]))
                               ~~~~~~~~~~~~~~~~~~~~~^^^^^^^^^
  File "/Users/amirxon/Desktop/ChaqmoqApp/venv/lib/python3.14/site-packages/django/template/base.py", line 961, in render_annotated
    return self.render(context)
           ~~~~~~~~~~~^^^^^^^^^
  File "/Users/amirxon/Desktop/ChaqmoqApp/venv/lib/python3.14/site-packages/django/template/loader_tags.py", line 65, in render
    result = block.nodelist.render(context)
  File "/Users/amirxon/Desktop/ChaqmoqApp/venv/lib/python3.14/site-packages/django/template/base.py", line 1000, in render
    return SafeString("".join([node.render_annotated(context) for node in self]))
                               ~~~~~~~~~~~~~~~~~~~~~^^^^^^^^^
  File "/Users/amirxon/Desktop/ChaqmoqApp/venv/lib/python3.14/site-packages/django/template/base.py", line 961, in render_annotated
    return self.render(context)
           ~~~~~~~~~~~^^^^^^^^^
  File "/Users/amirxon/Desktop/ChaqmoqApp/venv/lib/python3.14/site-packages/django/template/loader_tags.py", line 65, in render
    result = block.nodelist.render(context)
  File "/Users/amirxon/Desktop/ChaqmoqApp/venv/lib/python3.14/site-packages/django/template/base.py", line 1000, in render
    return SafeString("".join([node.render_annotated(context) for node in self]))
                               ~~~~~~~~~~~~~~~~~~~~~^^^^^^^^^
  File "/Users/amirxon/Desktop/ChaqmoqApp/venv/lib/python3.14/site-packages/django/template/base.py", line 961, in render_annotated
    return self.render(context)
           ~~~~~~~~~~~^^^^^^^^^
  File "/Users/amirxon/Desktop/ChaqmoqApp/venv/lib/python3.14/site-packages/django/template/loader_tags.py", line 65, in render
    result = block.nodelist.render(context)
  File "/Users/amirxon/Desktop/ChaqmoqApp/venv/lib/python3.14/site-packages/django/template/base.py", line 1000, in render
    return SafeString("".join([node.render_annotated(context) for node in self]))
                               ~~~~~~~~~~~~~~~~~~~~~^^^^^^^^^
  File "/Users/amirxon/Desktop/ChaqmoqApp/venv/lib/python3.14/site-packages/django/template/base.py", line 961, in render_annotated
    return self.render(context)
           ~~~~~~~~~~~^^^^^^^^^
  File "/Users/amirxon/Desktop/ChaqmoqApp/venv/lib/python3.14/site-packages/django/template/loader_tags.py", line 65, in render
    result = block.nodelist.render(context)
  File "/Users/amirxon/Desktop/ChaqmoqApp/venv/lib/python3.14/site-packages/django/template/base.py", line 1000, in render
    return SafeString("".join([node.render_annotated(context) for node in self]))
                               ~~~~~~~~~~~~~~~~~~~~~^^^^^^^^^
  File "/Users/amirxon/Desktop/ChaqmoqApp/venv/lib/python3.14/site-packages/django/template/base.py", line 961, in render_annotated
    return self.render(context)
           ~~~~~~~~~~~^^^^^^^^^
  File "/Users/amirxon/Desktop/ChaqmoqApp/venv/lib/python3.14/site-packages/django/template/loader_tags.py", line 65, in render
    result = block.nodelist.render(context)
  File "/Users/amirxon/Desktop/ChaqmoqApp/venv/lib/python3.14/site-packages/django/template/base.py", line 1000, in render
    return SafeString("".join([node.render_annotated(context) for node in self]))
                               ~~~~~~~~~~~~~~~~~~~~~^^^^^^^^^
  File "/Users/amirxon/Desktop/ChaqmoqApp/venv/lib/python3.14/site-packages/django/template/base.py", line 961, in render_annotated
    return self.render(context)
           ~~~~~~~~~~~^^^^^^^^^
  File "/Users/amirxon/Desktop/ChaqmoqApp/venv/lib/python3.14/site-packages/django/contrib/admin/templatetags/base.py", line 45, in render
    return super().render(context)
           ~~~~~~~~~~~~~~^^^^^^^^^
  File "/Users/amirxon/Desktop/ChaqmoqApp/venv/lib/python3.14/site-packages/django/template/library.py", line 271, in render
    new_context = context.new(_dict)
  File "/Users/amirxon/Desktop/ChaqmoqApp/venv/lib/python3.14/site-packages/django/template/context.py", line 273, in new
    new_context = super().new(values)
  File "/Users/amirxon/Desktop/ChaqmoqApp/venv/lib/python3.14/site-packages/django/template/context.py", line 110, in new
    new_context = copy(self)
  File "/Library/Frameworks/Python.framework/Versions/3.14/lib/python3.14/copy.py", line 82, in copy
    return copier(x)
  File "/Users/amirxon/Desktop/ChaqmoqApp/venv/lib/python3.14/site-packages/django/template/context.py", line 158, in __copy__
    duplicate = super().__copy__()
  File "/Users/amirxon/Desktop/ChaqmoqApp/venv/lib/python3.14/site-packages/django/template/context.py", line 39, in __copy__
    duplicate.dicts = self.dicts[:]
    ^^^^^^^^^^^^^^^
AttributeError: 'super' object has no attribute 'dicts' and no __dict__ for setting new attributes
Internal Server Error: /admin/education/enrollment/add/
Traceback (most recent call last):
  File "/Users/amirxon/Desktop/ChaqmoqApp/venv/lib/python3.14/site-packages/django/core/handlers/exception.py", line 55, in inner
    response = get_response(request)
  File "/Users/amirxon/Desktop/ChaqmoqApp/venv/lib/python3.14/site-packages/django/core/handlers/base.py", line 220, in _get_response
    response = response.render()
  File "/Users/amirxon/Desktop/ChaqmoqApp/venv/lib/python3.14/site-packages/django/template/response.py", line 114, in render
    self.content = self.rendered_content
                   ^^^^^^^^^^^^^^^^^^^^^
  File "/Users/amirxon/Desktop/ChaqmoqApp/venv/lib/python3.14/site-packages/django/template/response.py", line 92, in rendered_content
    return template.render(context, self._request)
           ~~~~~~~~~~~~~~~^^^^^^^^^^^^^^^^^^^^^^^^
  File "/Users/amirxon/Desktop/ChaqmoqApp/venv/lib/python3.14/site-packages/django/template/backends/django.py", line 61, in render
    return self.template.render(context)
           ~~~~~~~~~~~~~~~~~~~~^^^^^^^^^
  File "/Users/amirxon/Desktop/ChaqmoqApp/venv/lib/python3.14/site-packages/django/template/base.py", line 171, in render
    return self._render(context)
           ~~~~~~~~~~~~^^^^^^^^^
  File "/Users/amirxon/Desktop/ChaqmoqApp/venv/lib/python3.14/site-packages/django/template/base.py", line 163, in _render
    return self.nodelist.render(context)
           ~~~~~~~~~~~~~~~~~~~~^^^^^^^^^
  File "/Users/amirxon/Desktop/ChaqmoqApp/venv/lib/python3.14/site-packages/django/template/base.py", line 1000, in render
    return SafeString("".join([node.render_annotated(context) for node in self]))
                               ~~~~~~~~~~~~~~~~~~~~~^^^^^^^^^
  File "/Users/amirxon/Desktop/ChaqmoqApp/venv/lib/python3.14/site-packages/django/template/base.py", line 961, in render_annotated
    return self.render(context)
           ~~~~~~~~~~~^^^^^^^^^
  File "/Users/amirxon/Desktop/ChaqmoqApp/venv/lib/python3.14/site-packages/django/template/loader_tags.py", line 159, in render
    return compiled_parent._render(context)
           ~~~~~~~~~~~~~~~~~~~~~~~^^^^^^^^^
  File "/Users/amirxon/Desktop/ChaqmoqApp/venv/lib/python3.14/site-packages/django/template/base.py", line 163, in _render
    return self.nodelist.render(context)
           ~~~~~~~~~~~~~~~~~~~~^^^^^^^^^
  File "/Users/amirxon/Desktop/ChaqmoqApp/venv/lib/python3.14/site-packages/django/template/base.py", line 1000, in render
    return SafeString("".join([node.render_annotated(context) for node in self]))
                               ~~~~~~~~~~~~~~~~~~~~~^^^^^^^^^
  File "/Users/amirxon/Desktop/ChaqmoqApp/venv/lib/python3.14/site-packages/django/template/base.py", line 961, in render_annotated
    return self.render(context)
           ~~~~~~~~~~~^^^^^^^^^
  File "/Users/amirxon/Desktop/ChaqmoqApp/venv/lib/python3.14/site-packages/django/template/loader_tags.py", line 159, in render
    return compiled_parent._render(context)
           ~~~~~~~~~~~~~~~~~~~~~~~^^^^^^^^^
  File "/Users/amirxon/Desktop/ChaqmoqApp/venv/lib/python3.14/site-packages/django/template/base.py", line 163, in _render
    return self.nodelist.render(context)
           ~~~~~~~~~~~~~~~~~~~~^^^^^^^^^
  File "/Users/amirxon/Desktop/ChaqmoqApp/venv/lib/python3.14/site-packages/django/template/base.py", line 1000, in render
    return SafeString("".join([node.render_annotated(context) for node in self]))
                               ~~~~~~~~~~~~~~~~~~~~~^^^^^^^^^
  File "/Users/amirxon/Desktop/ChaqmoqApp/venv/lib/python3.14/site-packages/django/template/base.py", line 961, in render_annotated
    return self.render(context)
           ~~~~~~~~~~~^^^^^^^^^
  File "/Users/amirxon/Desktop/ChaqmoqApp/venv/lib/python3.14/site-packages/django/template/loader_tags.py", line 65, in render
    result = block.nodelist.render(context)
  File "/Users/amirxon/Desktop/ChaqmoqApp/venv/lib/python3.14/site-packages/django/template/base.py", line 1000, in render
    return SafeString("".join([node.render_annotated(context) for node in self]))
                               ~~~~~~~~~~~~~~~~~~~~~^^^^^^^^^
  File "/Users/amirxon/Desktop/ChaqmoqApp/venv/lib/python3.14/site-packages/django/template/base.py", line 961, in render_annotated
    return self.render(context)
           ~~~~~~~~~~~^^^^^^^^^
  File "/Users/amirxon/Desktop/ChaqmoqApp/venv/lib/python3.14/site-packages/django/template/loader_tags.py", line 65, in render
    result = block.nodelist.render(context)
  File "/Users/amirxon/Desktop/ChaqmoqApp/venv/lib/python3.14/site-packages/django/template/base.py", line 1000, in render
    return SafeString("".join([node.render_annotated(context) for node in self]))
                               ~~~~~~~~~~~~~~~~~~~~~^^^^^^^^^
  File "/Users/amirxon/Desktop/ChaqmoqApp/venv/lib/python3.14/site-packages/django/template/base.py", line 961, in render_annotated
    return self.render(context)
           ~~~~~~~~~~~^^^^^^^^^
  File "/Users/amirxon/Desktop/ChaqmoqApp/venv/lib/python3.14/site-packages/django/template/loader_tags.py", line 65, in render
    result = block.nodelist.render(context)
  File "/Users/amirxon/Desktop/ChaqmoqApp/venv/lib/python3.14/site-packages/django/template/base.py", line 1000, in render
    return SafeString("".join([node.render_annotated(context) for node in self]))
                               ~~~~~~~~~~~~~~~~~~~~~^^^^^^^^^
  File "/Users/amirxon/Desktop/ChaqmoqApp/venv/lib/python3.14/site-packages/django/template/base.py", line 961, in render_annotated
    return self.render(context)
           ~~~~~~~~~~~^^^^^^^^^
  File "/Users/amirxon/Desktop/ChaqmoqApp/venv/lib/python3.14/site-packages/django/contrib/admin/templatetags/base.py", line 45, in render
    return super().render(context)
           ~~~~~~~~~~~~~~^^^^^^^^^
  File "/Users/amirxon/Desktop/ChaqmoqApp/venv/lib/python3.14/site-packages/django/template/library.py", line 271, in render
    new_context = context.new(_dict)
  File "/Users/amirxon/Desktop/ChaqmoqApp/venv/lib/python3.14/site-packages/django/template/context.py", line 273, in new
    new_context = super().new(values)
  File "/Users/amirxon/Desktop/ChaqmoqApp/venv/lib/python3.14/site-packages/django/template/context.py", line 110, in new
    new_context = copy(self)
  File "/Library/Frameworks/Python.framework/Versions/3.14/lib/python3.14/copy.py", line 82, in copy
    return copier(x)
  File "/Users/amirxon/Desktop/ChaqmoqApp/venv/lib/python3.14/site-packages/django/template/context.py", line 158, in __copy__
    duplicate = super().__copy__()
  File "/Users/amirxon/Desktop/ChaqmoqApp/venv/lib/python3.14/site-packages/django/template/context.py", line 39, in __copy__
    duplicate.dicts = self.dicts[:]
    ^^^^^^^^^^^^^^^
AttributeError: 'super' object has no attribute 'dicts' and no __dict__ for setting new attributes
Internal Server Error: /admin/education/enrollment/add/
Traceback (most recent call last):
  File "/Users/amirxon/Desktop/ChaqmoqApp/venv/lib/python3.14/site-packages/django/core/handlers/exception.py", line 55, in inner
    response = get_response(request)
  File "/Users/amirxon/Desktop/ChaqmoqApp/venv/lib/python3.14/site-packages/django/core/handlers/base.py", line 220, in _get_response
    response = response.render()
  File "/Users/amirxon/Desktop/ChaqmoqApp/venv/lib/python3.14/site-packages/django/template/response.py", line 114, in render
    self.content = self.rendered_content
                   ^^^^^^^^^^^^^^^^^^^^^
  File "/Users/amirxon/Desktop/ChaqmoqApp/venv/lib/python3.14/site-packages/django/template/response.py", line 92, in rendered_content
    return template.render(context, self._request)
           ~~~~~~~~~~~~~~~^^^^^^^^^^^^^^^^^^^^^^^^
  File "/Users/amirxon/Desktop/ChaqmoqApp/venv/lib/python3.14/site-packages/django/template/backends/django.py", line 61, in render
    return self.template.render(context)
           ~~~~~~~~~~~~~~~~~~~~^^^^^^^^^
  File "/Users/amirxon/Desktop/ChaqmoqApp/venv/lib/python3.14/site-packages/django/template/base.py", line 171, in render
    return self._render(context)
           ~~~~~~~~~~~~^^^^^^^^^
  File "/Users/amirxon/Desktop/ChaqmoqApp/venv/lib/python3.14/site-packages/django/template/base.py", line 163, in _render
    return self.nodelist.render(context)
           ~~~~~~~~~~~~~~~~~~~~^^^^^^^^^
  File "/Users/amirxon/Desktop/ChaqmoqApp/venv/lib/python3.14/site-packages/django/template/base.py", line 1000, in render
    return SafeString("".join([node.render_annotated(context) for node in self]))
                               ~~~~~~~~~~~~~~~~~~~~~^^^^^^^^^
  File "/Users/amirxon/Desktop/ChaqmoqApp/venv/lib/python3.14/site-packages/django/template/base.py", line 961, in render_annotated
    return self.render(context)
           ~~~~~~~~~~~^^^^^^^^^
  File "/Users/amirxon/Desktop/ChaqmoqApp/venv/lib/python3.14/site-packages/django/template/loader_tags.py", line 159, in render
    return compiled_parent._render(context)
           ~~~~~~~~~~~~~~~~~~~~~~~^^^^^^^^^
  File "/Users/amirxon/Desktop/ChaqmoqApp/venv/lib/python3.14/site-packages/django/template/base.py", line 163, in _render
    return self.nodelist.render(context)
           ~~~~~~~~~~~~~~~~~~~~^^^^^^^^^
  File "/Users/amirxon/Desktop/ChaqmoqApp/venv/lib/python3.14/site-packages/django/template/base.py", line 1000, in render
    return SafeString("".join([node.render_annotated(context) for node in self]))
                               ~~~~~~~~~~~~~~~~~~~~~^^^^^^^^^
  File "/Users/amirxon/Desktop/ChaqmoqApp/venv/lib/python3.14/site-packages/django/template/base.py", line 961, in render_annotated
    return self.render(context)
           ~~~~~~~~~~~^^^^^^^^^
  File "/Users/amirxon/Desktop/ChaqmoqApp/venv/lib/python3.14/site-packages/django/template/loader_tags.py", line 159, in render
    return compiled_parent._render(context)
           ~~~~~~~~~~~~~~~~~~~~~~~^^^^^^^^^
  File "/Users/amirxon/Desktop/ChaqmoqApp/venv/lib/python3.14/site-packages/django/template/base.py", line 163, in _render
    return self.nodelist.render(context)
           ~~~~~~~~~~~~~~~~~~~~^^^^^^^^^
  File "/Users/amirxon/Desktop/ChaqmoqApp/venv/lib/python3.14/site-packages/django/template/base.py", line 1000, in render
    return SafeString("".join([node.render_annotated(context) for node in self]))
                               ~~~~~~~~~~~~~~~~~~~~~^^^^^^^^^
  File "/Users/amirxon/Desktop/ChaqmoqApp/venv/lib/python3.14/site-packages/django/template/base.py", line 961, in render_annotated
    return self.render(context)
           ~~~~~~~~~~~^^^^^^^^^
  File "/Users/amirxon/Desktop/ChaqmoqApp/venv/lib/python3.14/site-packages/django/template/loader_tags.py", line 65, in render
    result = block.nodelist.render(context)
  File "/Users/amirxon/Desktop/ChaqmoqApp/venv/lib/python3.14/site-packages/django/template/base.py", line 1000, in render
    return SafeString("".join([node.render_annotated(context) for node in self]))
                               ~~~~~~~~~~~~~~~~~~~~~^^^^^^^^^
  File "/Users/amirxon/Desktop/ChaqmoqApp/venv/lib/python3.14/site-packages/django/template/base.py", line 961, in render_annotated
    return self.render(context)
           ~~~~~~~~~~~^^^^^^^^^
  File "/Users/amirxon/Desktop/ChaqmoqApp/venv/lib/python3.14/site-packages/django/template/loader_tags.py", line 65, in render
    result = block.nodelist.render(context)
  File "/Users/amirxon/Desktop/ChaqmoqApp/venv/lib/python3.14/site-packages/django/template/base.py", line 1000, in render
    return SafeString("".join([node.render_annotated(context) for node in self]))
                               ~~~~~~~~~~~~~~~~~~~~~^^^^^^^^^
  File "/Users/amirxon/Desktop/ChaqmoqApp/venv/lib/python3.14/site-packages/django/template/base.py", line 961, in render_annotated
    return self.render(context)
           ~~~~~~~~~~~^^^^^^^^^
  File "/Users/amirxon/Desktop/ChaqmoqApp/venv/lib/python3.14/site-packages/django/template/loader_tags.py", line 65, in render
    result = block.nodelist.render(context)
  File "/Users/amirxon/Desktop/ChaqmoqApp/venv/lib/python3.14/site-packages/django/template/base.py", line 1000, in render
    return SafeString("".join([node.render_annotated(context) for node in self]))
                               ~~~~~~~~~~~~~~~~~~~~~^^^^^^^^^
  File "/Users/amirxon/Desktop/ChaqmoqApp/venv/lib/python3.14/site-packages/django/template/base.py", line 961, in render_annotated
    return self.render(context)
           ~~~~~~~~~~~^^^^^^^^^
  File "/Users/amirxon/Desktop/ChaqmoqApp/venv/lib/python3.14/site-packages/django/contrib/admin/templatetags/base.py", line 45, in render
    return super().render(context)
           ~~~~~~~~~~~~~~^^^^^^^^^
  File "/Users/amirxon/Desktop/ChaqmoqApp/venv/lib/python3.14/site-packages/django/template/library.py", line 271, in render
    new_context = context.new(_dict)
  File "/Users/amirxon/Desktop/ChaqmoqApp/venv/lib/python3.14/site-packages/django/template/context.py", line 273, in new
    new_context = super().new(values)
  File "/Users/amirxon/Desktop/ChaqmoqApp/venv/lib/python3.14/site-packages/django/template/context.py", line 110, in new
    new_context = copy(self)
  File "/Library/Frameworks/Python.framework/Versions/3.14/lib/python3.14/copy.py", line 82, in copy
    return copier(x)
  File "/Users/amirxon/Desktop/ChaqmoqApp/venv/lib/python3.14/site-packages/django/template/context.py", line 158, in __copy__
    duplicate = super().__copy__()
  File "/Users/amirxon/Desktop/ChaqmoqApp/venv/lib/python3.14/site-packages/django/template/context.py", line 39, in __copy__
    duplicate.dicts = self.dicts[:]
    ^^^^^^^^^^^^^^^
AttributeError: 'super' object has no attribute 'dicts' and no __dict__ for setting new attributes
Internal Server Error: /admin/education/payment/
Traceback (most recent call last):
  File "/Users/amirxon/Desktop/ChaqmoqApp/venv/lib/python3.14/site-packages/django/core/handlers/exception.py", line 55, in inner
    response = get_response(request)
  File "/Users/amirxon/Desktop/ChaqmoqApp/venv/lib/python3.14/site-packages/django/core/handlers/base.py", line 220, in _get_response
    response = response.render()
  File "/Users/amirxon/Desktop/ChaqmoqApp/venv/lib/python3.14/site-packages/django/template/response.py", line 114, in render
    self.content = self.rendered_content
                   ^^^^^^^^^^^^^^^^^^^^^
  File "/Users/amirxon/Desktop/ChaqmoqApp/venv/lib/python3.14/site-packages/django/template/response.py", line 92, in rendered_content
    return template.render(context, self._request)
           ~~~~~~~~~~~~~~~^^^^^^^^^^^^^^^^^^^^^^^^
  File "/Users/amirxon/Desktop/ChaqmoqApp/venv/lib/python3.14/site-packages/django/template/backends/django.py", line 61, in render
    return self.template.render(context)
           ~~~~~~~~~~~~~~~~~~~~^^^^^^^^^
  File "/Users/amirxon/Desktop/ChaqmoqApp/venv/lib/python3.14/site-packages/django/template/base.py", line 171, in render
    return self._render(context)
           ~~~~~~~~~~~~^^^^^^^^^
  File "/Users/amirxon/Desktop/ChaqmoqApp/venv/lib/python3.14/site-packages/django/template/base.py", line 163, in _render
    return self.nodelist.render(context)
           ~~~~~~~~~~~~~~~~~~~~^^^^^^^^^
  File "/Users/amirxon/Desktop/ChaqmoqApp/venv/lib/python3.14/site-packages/django/template/base.py", line 1000, in render
    return SafeString("".join([node.render_annotated(context) for node in self]))
                               ~~~~~~~~~~~~~~~~~~~~~^^^^^^^^^
  File "/Users/amirxon/Desktop/ChaqmoqApp/venv/lib/python3.14/site-packages/django/template/base.py", line 961, in render_annotated
    return self.render(context)
           ~~~~~~~~~~~^^^^^^^^^
  File "/Users/amirxon/Desktop/ChaqmoqApp/venv/lib/python3.14/site-packages/django/template/loader_tags.py", line 159, in render
    return compiled_parent._render(context)
           ~~~~~~~~~~~~~~~~~~~~~~~^^^^^^^^^
  File "/Users/amirxon/Desktop/ChaqmoqApp/venv/lib/python3.14/site-packages/django/template/base.py", line 163, in _render
    return self.nodelist.render(context)
           ~~~~~~~~~~~~~~~~~~~~^^^^^^^^^
  File "/Users/amirxon/Desktop/ChaqmoqApp/venv/lib/python3.14/site-packages/django/template/base.py", line 1000, in render
    return SafeString("".join([node.render_annotated(context) for node in self]))
                               ~~~~~~~~~~~~~~~~~~~~~^^^^^^^^^
  File "/Users/amirxon/Desktop/ChaqmoqApp/venv/lib/python3.14/site-packages/django/template/base.py", line 961, in render_annotated
    return self.render(context)
           ~~~~~~~~~~~^^^^^^^^^
  File "/Users/amirxon/Desktop/ChaqmoqApp/venv/lib/python3.14/site-packages/django/template/loader_tags.py", line 159, in render
    return compiled_parent._render(context)
           ~~~~~~~~~~~~~~~~~~~~~~~^^^^^^^^^
  File "/Users/amirxon/Desktop/ChaqmoqApp/venv/lib/python3.14/site-packages/django/template/base.py", line 163, in _render
    return self.nodelist.render(context)
           ~~~~~~~~~~~~~~~~~~~~^^^^^^^^^
  File "/Users/amirxon/Desktop/ChaqmoqApp/venv/lib/python3.14/site-packages/django/template/base.py", line 1000, in render
    return SafeString("".join([node.render_annotated(context) for node in self]))
                               ~~~~~~~~~~~~~~~~~~~~~^^^^^^^^^
  File "/Users/amirxon/Desktop/ChaqmoqApp/venv/lib/python3.14/site-packages/django/template/base.py", line 961, in render_annotated
    return self.render(context)
           ~~~~~~~~~~~^^^^^^^^^
  File "/Users/amirxon/Desktop/ChaqmoqApp/venv/lib/python3.14/site-packages/django/template/loader_tags.py", line 65, in render
    result = block.nodelist.render(context)
  File "/Users/amirxon/Desktop/ChaqmoqApp/venv/lib/python3.14/site-packages/django/template/base.py", line 1000, in render
    return SafeString("".join([node.render_annotated(context) for node in self]))
                               ~~~~~~~~~~~~~~~~~~~~~^^^^^^^^^
  File "/Users/amirxon/Desktop/ChaqmoqApp/venv/lib/python3.14/site-packages/django/template/base.py", line 961, in render_annotated
    return self.render(context)
           ~~~~~~~~~~~^^^^^^^^^
  File "/Users/amirxon/Desktop/ChaqmoqApp/venv/lib/python3.14/site-packages/django/template/loader_tags.py", line 65, in render
    result = block.nodelist.render(context)
  File "/Users/amirxon/Desktop/ChaqmoqApp/venv/lib/python3.14/site-packages/django/template/base.py", line 1000, in render
    return SafeString("".join([node.render_annotated(context) for node in self]))
                               ~~~~~~~~~~~~~~~~~~~~~^^^^^^^^^
  File "/Users/amirxon/Desktop/ChaqmoqApp/venv/lib/python3.14/site-packages/django/template/base.py", line 961, in render_annotated
    return self.render(context)
           ~~~~~~~~~~~^^^^^^^^^
  File "/Users/amirxon/Desktop/ChaqmoqApp/venv/lib/python3.14/site-packages/django/template/loader_tags.py", line 65, in render
    result = block.nodelist.render(context)
  File "/Users/amirxon/Desktop/ChaqmoqApp/venv/lib/python3.14/site-packages/django/template/base.py", line 1000, in render
    return SafeString("".join([node.render_annotated(context) for node in self]))
                               ~~~~~~~~~~~~~~~~~~~~~^^^^^^^^^
  File "/Users/amirxon/Desktop/ChaqmoqApp/venv/lib/python3.14/site-packages/django/template/base.py", line 961, in render_annotated
    return self.render(context)
           ~~~~~~~~~~~^^^^^^^^^
  File "/Users/amirxon/Desktop/ChaqmoqApp/venv/lib/python3.14/site-packages/django/template/loader_tags.py", line 65, in render
    result = block.nodelist.render(context)
  File "/Users/amirxon/Desktop/ChaqmoqApp/venv/lib/python3.14/site-packages/django/template/base.py", line 1000, in render
    return SafeString("".join([node.render_annotated(context) for node in self]))
                               ~~~~~~~~~~~~~~~~~~~~~^^^^^^^^^
  File "/Users/amirxon/Desktop/ChaqmoqApp/venv/lib/python3.14/site-packages/django/template/base.py", line 961, in render_annotated
    return self.render(context)
           ~~~~~~~~~~~^^^^^^^^^
  File "/Users/amirxon/Desktop/ChaqmoqApp/venv/lib/python3.14/site-packages/django/template/loader_tags.py", line 65, in render
    result = block.nodelist.render(context)
  File "/Users/amirxon/Desktop/ChaqmoqApp/venv/lib/python3.14/site-packages/django/template/base.py", line 1000, in render
    return SafeString("".join([node.render_annotated(context) for node in self]))
                               ~~~~~~~~~~~~~~~~~~~~~^^^^^^^^^
  File "/Users/amirxon/Desktop/ChaqmoqApp/venv/lib/python3.14/site-packages/django/template/base.py", line 961, in render_annotated
    return self.render(context)
           ~~~~~~~~~~~^^^^^^^^^
  File "/Users/amirxon/Desktop/ChaqmoqApp/venv/lib/python3.14/site-packages/django/contrib/admin/templatetags/base.py", line 45, in render
    return super().render(context)
           ~~~~~~~~~~~~~~^^^^^^^^^
  File "/Users/amirxon/Desktop/ChaqmoqApp/venv/lib/python3.14/site-packages/django/template/library.py", line 271, in render
    new_context = context.new(_dict)
  File "/Users/amirxon/Desktop/ChaqmoqApp/venv/lib/python3.14/site-packages/django/template/context.py", line 273, in new
    new_context = super().new(values)
  File "/Users/amirxon/Desktop/ChaqmoqApp/venv/lib/python3.14/site-packages/django/template/context.py", line 110, in new
    new_context = copy(self)
  File "/Library/Frameworks/Python.framework/Versions/3.14/lib/python3.14/copy.py", line 82, in copy
    return copier(x)
  File "/Users/amirxon/Desktop/ChaqmoqApp/venv/lib/python3.14/site-packages/django/template/context.py", line 158, in __copy__
    duplicate = super().__copy__()
  File "/Users/amirxon/Desktop/ChaqmoqApp/venv/lib/python3.14/site-packages/django/template/context.py", line 39, in __copy__
    duplicate.dicts = self.dicts[:]
    ^^^^^^^^^^^^^^^
AttributeError: 'super' object has no attribute 'dicts' and no __dict__ for setting new attributes
Internal Server Error: /admin/education/payment/
Traceback (most recent call last):
  File "/Users/amirxon/Desktop/ChaqmoqApp/venv/lib/python3.14/site-packages/django/core/handlers/exception.py", line 55, in inner
    response = get_response(request)
  File "/Users/amirxon/Desktop/ChaqmoqApp/venv/lib/python3.14/site-packages/django/core/handlers/base.py", line 220, in _get_response
    response = response.render()
  File "/Users/amirxon/Desktop/ChaqmoqApp/venv/lib/python3.14/site-packages/django/template/response.py", line 114, in render
    self.content = self.rendered_content
                   ^^^^^^^^^^^^^^^^^^^^^
  File "/Users/amirxon/Desktop/ChaqmoqApp/venv/lib/python3.14/site-packages/django/template/response.py", line 92, in rendered_content
    return template.render(context, self._request)
           ~~~~~~~~~~~~~~~^^^^^^^^^^^^^^^^^^^^^^^^
  File "/Users/amirxon/Desktop/ChaqmoqApp/venv/lib/python3.14/site-packages/django/template/backends/django.py", line 61, in render
    return self.template.render(context)
           ~~~~~~~~~~~~~~~~~~~~^^^^^^^^^
  File "/Users/amirxon/Desktop/ChaqmoqApp/venv/lib/python3.14/site-packages/django/template/base.py", line 171, in render
    return self._render(context)
           ~~~~~~~~~~~~^^^^^^^^^
  File "/Users/amirxon/Desktop/ChaqmoqApp/venv/lib/python3.14/site-packages/django/template/base.py", line 163, in _render
    return self.nodelist.render(context)
           ~~~~~~~~~~~~~~~~~~~~^^^^^^^^^
  File "/Users/amirxon/Desktop/ChaqmoqApp/venv/lib/python3.14/site-packages/django/template/base.py", line 1000, in render
    return SafeString("".join([node.render_annotated(context) for node in self]))
                               ~~~~~~~~~~~~~~~~~~~~~^^^^^^^^^
  File "/Users/amirxon/Desktop/ChaqmoqApp/venv/lib/python3.14/site-packages/django/template/base.py", line 961, in render_annotated
    return self.render(context)
           ~~~~~~~~~~~^^^^^^^^^
  File "/Users/amirxon/Desktop/ChaqmoqApp/venv/lib/python3.14/site-packages/django/template/loader_tags.py", line 159, in render
    return compiled_parent._render(context)
           ~~~~~~~~~~~~~~~~~~~~~~~^^^^^^^^^
  File "/Users/amirxon/Desktop/ChaqmoqApp/venv/lib/python3.14/site-packages/django/template/base.py", line 163, in _render
    return self.nodelist.render(context)
           ~~~~~~~~~~~~~~~~~~~~^^^^^^^^^
  File "/Users/amirxon/Desktop/ChaqmoqApp/venv/lib/python3.14/site-packages/django/template/base.py", line 1000, in render
    return SafeString("".join([node.render_annotated(context) for node in self]))
                               ~~~~~~~~~~~~~~~~~~~~~^^^^^^^^^
  File "/Users/amirxon/Desktop/ChaqmoqApp/venv/lib/python3.14/site-packages/django/template/base.py", line 961, in render_annotated
    return self.render(context)
           ~~~~~~~~~~~^^^^^^^^^
  File "/Users/amirxon/Desktop/ChaqmoqApp/venv/lib/python3.14/site-packages/django/template/loader_tags.py", line 159, in render
    return compiled_parent._render(context)
           ~~~~~~~~~~~~~~~~~~~~~~~^^^^^^^^^
  File "/Users/amirxon/Desktop/ChaqmoqApp/venv/lib/python3.14/site-packages/django/template/base.py", line 163, in _render
    return self.nodelist.render(context)
           ~~~~~~~~~~~~~~~~~~~~^^^^^^^^^
  File "/Users/amirxon/Desktop/ChaqmoqApp/venv/lib/python3.14/site-packages/django/template/base.py", line 1000, in render
    return SafeString("".join([node.render_annotated(context) for node in self]))
                               ~~~~~~~~~~~~~~~~~~~~~^^^^^^^^^
  File "/Users/amirxon/Desktop/ChaqmoqApp/venv/lib/python3.14/site-packages/django/template/base.py", line 961, in render_annotated
    return self.render(context)
           ~~~~~~~~~~~^^^^^^^^^
  File "/Users/amirxon/Desktop/ChaqmoqApp/venv/lib/python3.14/site-packages/django/template/loader_tags.py", line 65, in render
    result = block.nodelist.render(context)
  File "/Users/amirxon/Desktop/ChaqmoqApp/venv/lib/python3.14/site-packages/django/template/base.py", line 1000, in render
    return SafeString("".join([node.render_annotated(context) for node in self]))
                               ~~~~~~~~~~~~~~~~~~~~~^^^^^^^^^
  File "/Users/amirxon/Desktop/ChaqmoqApp/venv/lib/python3.14/site-packages/django/template/base.py", line 961, in render_annotated
    return self.render(context)
           ~~~~~~~~~~~^^^^^^^^^
  File "/Users/amirxon/Desktop/ChaqmoqApp/venv/lib/python3.14/site-packages/django/template/loader_tags.py", line 65, in render
    result = block.nodelist.render(context)
  File "/Users/amirxon/Desktop/ChaqmoqApp/venv/lib/python3.14/site-packages/django/template/base.py", line 1000, in render
    return SafeString("".join([node.render_annotated(context) for node in self]))
                               ~~~~~~~~~~~~~~~~~~~~~^^^^^^^^^
  File "/Users/amirxon/Desktop/ChaqmoqApp/venv/lib/python3.14/site-packages/django/template/base.py", line 961, in render_annotated
    return self.render(context)
           ~~~~~~~~~~~^^^^^^^^^
  File "/Users/amirxon/Desktop/ChaqmoqApp/venv/lib/python3.14/site-packages/django/template/loader_tags.py", line 65, in render
    result = block.nodelist.render(context)
  File "/Users/amirxon/Desktop/ChaqmoqApp/venv/lib/python3.14/site-packages/django/template/base.py", line 1000, in render
    return SafeString("".join([node.render_annotated(context) for node in self]))
                               ~~~~~~~~~~~~~~~~~~~~~^^^^^^^^^
  File "/Users/amirxon/Desktop/ChaqmoqApp/venv/lib/python3.14/site-packages/django/template/base.py", line 961, in render_annotated
    return self.render(context)
           ~~~~~~~~~~~^^^^^^^^^
  File "/Users/amirxon/Desktop/ChaqmoqApp/venv/lib/python3.14/site-packages/django/template/loader_tags.py", line 65, in render
    result = block.nodelist.render(context)
  File "/Users/amirxon/Desktop/ChaqmoqApp/venv/lib/python3.14/site-packages/django/template/base.py", line 1000, in render
    return SafeString("".join([node.render_annotated(context) for node in self]))
                               ~~~~~~~~~~~~~~~~~~~~~^^^^^^^^^
  File "/Users/amirxon/Desktop/ChaqmoqApp/venv/lib/python3.14/site-packages/django/template/base.py", line 961, in render_annotated
    return self.render(context)
           ~~~~~~~~~~~^^^^^^^^^
  File "/Users/amirxon/Desktop/ChaqmoqApp/venv/lib/python3.14/site-packages/django/template/loader_tags.py", line 65, in render
    result = block.nodelist.render(context)
  File "/Users/amirxon/Desktop/ChaqmoqApp/venv/lib/python3.14/site-packages/django/template/base.py", line 1000, in render
    return SafeString("".join([node.render_annotated(context) for node in self]))
                               ~~~~~~~~~~~~~~~~~~~~~^^^^^^^^^
  File "/Users/amirxon/Desktop/ChaqmoqApp/venv/lib/python3.14/site-packages/django/template/base.py", line 961, in render_annotated
    return self.render(context)
           ~~~~~~~~~~~^^^^^^^^^
  File "/Users/amirxon/Desktop/ChaqmoqApp/venv/lib/python3.14/site-packages/django/contrib/admin/templatetags/base.py", line 45, in render
    return super().render(context)
           ~~~~~~~~~~~~~~^^^^^^^^^
  File "/Users/amirxon/Desktop/ChaqmoqApp/venv/lib/python3.14/site-packages/django/template/library.py", line 271, in render
    new_context = context.new(_dict)
  File "/Users/amirxon/Desktop/ChaqmoqApp/venv/lib/python3.14/site-packages/django/template/context.py", line 273, in new
    new_context = super().new(values)
  File "/Users/amirxon/Desktop/ChaqmoqApp/venv/lib/python3.14/site-packages/django/template/context.py", line 110, in new
    new_context = copy(self)
  File "/Library/Frameworks/Python.framework/Versions/3.14/lib/python3.14/copy.py", line 82, in copy
    return copier(x)
  File "/Users/amirxon/Desktop/ChaqmoqApp/venv/lib/python3.14/site-packages/django/template/context.py", line 158, in __copy__
    duplicate = super().__copy__()
  File "/Users/amirxon/Desktop/ChaqmoqApp/venv/lib/python3.14/site-packages/django/template/context.py", line 39, in __copy__
    duplicate.dicts = self.dicts[:]
    ^^^^^^^^^^^^^^^
AttributeError: 'super' object has no attribute 'dicts' and no __dict__ for setting new attributes
Internal Server Error: /admin/education/payment/add/
Traceback (most recent call last):
  File "/Users/amirxon/Desktop/ChaqmoqApp/venv/lib/python3.14/site-packages/django/core/handlers/exception.py", line 55, in inner
    response = get_response(request)
  File "/Users/amirxon/Desktop/ChaqmoqApp/venv/lib/python3.14/site-packages/django/core/handlers/base.py", line 220, in _get_response
    response = response.render()
  File "/Users/amirxon/Desktop/ChaqmoqApp/venv/lib/python3.14/site-packages/django/template/response.py", line 114, in render
    self.content = self.rendered_content
                   ^^^^^^^^^^^^^^^^^^^^^
  File "/Users/amirxon/Desktop/ChaqmoqApp/venv/lib/python3.14/site-packages/django/template/response.py", line 92, in rendered_content
    return template.render(context, self._request)
           ~~~~~~~~~~~~~~~^^^^^^^^^^^^^^^^^^^^^^^^
  File "/Users/amirxon/Desktop/ChaqmoqApp/venv/lib/python3.14/site-packages/django/template/backends/django.py", line 61, in render
    return self.template.render(context)
           ~~~~~~~~~~~~~~~~~~~~^^^^^^^^^
  File "/Users/amirxon/Desktop/ChaqmoqApp/venv/lib/python3.14/site-packages/django/template/base.py", line 171, in render
    return self._render(context)
           ~~~~~~~~~~~~^^^^^^^^^
  File "/Users/amirxon/Desktop/ChaqmoqApp/venv/lib/python3.14/site-packages/django/template/base.py", line 163, in _render
    return self.nodelist.render(context)
           ~~~~~~~~~~~~~~~~~~~~^^^^^^^^^
  File "/Users/amirxon/Desktop/ChaqmoqApp/venv/lib/python3.14/site-packages/django/template/base.py", line 1000, in render
    return SafeString("".join([node.render_annotated(context) for node in self]))
                               ~~~~~~~~~~~~~~~~~~~~~^^^^^^^^^
  File "/Users/amirxon/Desktop/ChaqmoqApp/venv/lib/python3.14/site-packages/django/template/base.py", line 961, in render_annotated
    return self.render(context)
           ~~~~~~~~~~~^^^^^^^^^
  File "/Users/amirxon/Desktop/ChaqmoqApp/venv/lib/python3.14/site-packages/django/template/loader_tags.py", line 159, in render
    return compiled_parent._render(context)
           ~~~~~~~~~~~~~~~~~~~~~~~^^^^^^^^^
  File "/Users/amirxon/Desktop/ChaqmoqApp/venv/lib/python3.14/site-packages/django/template/base.py", line 163, in _render
    return self.nodelist.render(context)
           ~~~~~~~~~~~~~~~~~~~~^^^^^^^^^
  File "/Users/amirxon/Desktop/ChaqmoqApp/venv/lib/python3.14/site-packages/django/template/base.py", line 1000, in render
    return SafeString("".join([node.render_annotated(context) for node in self]))
                               ~~~~~~~~~~~~~~~~~~~~~^^^^^^^^^
  File "/Users/amirxon/Desktop/ChaqmoqApp/venv/lib/python3.14/site-packages/django/template/base.py", line 961, in render_annotated
    return self.render(context)
           ~~~~~~~~~~~^^^^^^^^^
  File "/Users/amirxon/Desktop/ChaqmoqApp/venv/lib/python3.14/site-packages/django/template/loader_tags.py", line 159, in render
    return compiled_parent._render(context)
           ~~~~~~~~~~~~~~~~~~~~~~~^^^^^^^^^
  File "/Users/amirxon/Desktop/ChaqmoqApp/venv/lib/python3.14/site-packages/django/template/base.py", line 163, in _render
    return self.nodelist.render(context)
           ~~~~~~~~~~~~~~~~~~~~^^^^^^^^^
  File "/Users/amirxon/Desktop/ChaqmoqApp/venv/lib/python3.14/site-packages/django/template/base.py", line 1000, in render
    return SafeString("".join([node.render_annotated(context) for node in self]))
                               ~~~~~~~~~~~~~~~~~~~~~^^^^^^^^^
  File "/Users/amirxon/Desktop/ChaqmoqApp/venv/lib/python3.14/site-packages/django/template/base.py", line 961, in render_annotated
    return self.render(context)
           ~~~~~~~~~~~^^^^^^^^^
  File "/Users/amirxon/Desktop/ChaqmoqApp/venv/lib/python3.14/site-packages/django/template/loader_tags.py", line 65, in render
    result = block.nodelist.render(context)
  File "/Users/amirxon/Desktop/ChaqmoqApp/venv/lib/python3.14/site-packages/django/template/base.py", line 1000, in render
    return SafeString("".join([node.render_annotated(context) for node in self]))
                               ~~~~~~~~~~~~~~~~~~~~~^^^^^^^^^
  File "/Users/amirxon/Desktop/ChaqmoqApp/venv/lib/python3.14/site-packages/django/template/base.py", line 961, in render_annotated
    return self.render(context)
           ~~~~~~~~~~~^^^^^^^^^
  File "/Users/amirxon/Desktop/ChaqmoqApp/venv/lib/python3.14/site-packages/django/template/loader_tags.py", line 65, in render
    result = block.nodelist.render(context)
  File "/Users/amirxon/Desktop/ChaqmoqApp/venv/lib/python3.14/site-packages/django/template/base.py", line 1000, in render
    return SafeString("".join([node.render_annotated(context) for node in self]))
                               ~~~~~~~~~~~~~~~~~~~~~^^^^^^^^^
  File "/Users/amirxon/Desktop/ChaqmoqApp/venv/lib/python3.14/site-packages/django/template/base.py", line 961, in render_annotated
    return self.render(context)
           ~~~~~~~~~~~^^^^^^^^^
  File "/Users/amirxon/Desktop/ChaqmoqApp/venv/lib/python3.14/site-packages/django/template/loader_tags.py", line 65, in render
    result = block.nodelist.render(context)
  File "/Users/amirxon/Desktop/ChaqmoqApp/venv/lib/python3.14/site-packages/django/template/base.py", line 1000, in render
    return SafeString("".join([node.render_annotated(context) for node in self]))
                               ~~~~~~~~~~~~~~~~~~~~~^^^^^^^^^
  File "/Users/amirxon/Desktop/ChaqmoqApp/venv/lib/python3.14/site-packages/django/template/base.py", line 961, in render_annotated
    return self.render(context)
           ~~~~~~~~~~~^^^^^^^^^
  File "/Users/amirxon/Desktop/ChaqmoqApp/venv/lib/python3.14/site-packages/django/contrib/admin/templatetags/base.py", line 45, in render
    return super().render(context)
           ~~~~~~~~~~~~~~^^^^^^^^^
  File "/Users/amirxon/Desktop/ChaqmoqApp/venv/lib/python3.14/site-packages/django/template/library.py", line 271, in render
    new_context = context.new(_dict)
  File "/Users/amirxon/Desktop/ChaqmoqApp/venv/lib/python3.14/site-packages/django/template/context.py", line 273, in new
    new_context = super().new(values)
  File "/Users/amirxon/Desktop/ChaqmoqApp/venv/lib/python3.14/site-packages/django/template/context.py", line 110, in new
    new_context = copy(self)
  File "/Library/Frameworks/Python.framework/Versions/3.14/lib/python3.14/copy.py", line 82, in copy
    return copier(x)
  File "/Users/amirxon/Desktop/ChaqmoqApp/venv/lib/python3.14/site-packages/django/template/context.py", line 158, in __copy__
    duplicate = super().__copy__()
  File "/Users/amirxon/Desktop/ChaqmoqApp/venv/lib/python3.14/site-packages/django/template/context.py", line 39, in __copy__
    duplicate.dicts = self.dicts[:]
    ^^^^^^^^^^^^^^^
AttributeError: 'super' object has no attribute 'dicts' and no __dict__ for setting new attributes
Internal Server Error: /admin/education/payment/add/
Traceback (most recent call last):
  File "/Users/amirxon/Desktop/ChaqmoqApp/venv/lib/python3.14/site-packages/django/core/handlers/exception.py", line 55, in inner
    response = get_response(request)
  File "/Users/amirxon/Desktop/ChaqmoqApp/venv/lib/python3.14/site-packages/django/core/handlers/base.py", line 220, in _get_response
    response = response.render()
  File "/Users/amirxon/Desktop/ChaqmoqApp/venv/lib/python3.14/site-packages/django/template/response.py", line 114, in render
    self.content = self.rendered_content
                   ^^^^^^^^^^^^^^^^^^^^^
  File "/Users/amirxon/Desktop/ChaqmoqApp/venv/lib/python3.14/site-packages/django/template/response.py", line 92, in rendered_content
    return template.render(context, self._request)
           ~~~~~~~~~~~~~~~^^^^^^^^^^^^^^^^^^^^^^^^
  File "/Users/amirxon/Desktop/ChaqmoqApp/venv/lib/python3.14/site-packages/django/template/backends/django.py", line 61, in render
    return self.template.render(context)
           ~~~~~~~~~~~~~~~~~~~~^^^^^^^^^
  File "/Users/amirxon/Desktop/ChaqmoqApp/venv/lib/python3.14/site-packages/django/template/base.py", line 171, in render
    return self._render(context)
           ~~~~~~~~~~~~^^^^^^^^^
  File "/Users/amirxon/Desktop/ChaqmoqApp/venv/lib/python3.14/site-packages/django/template/base.py", line 163, in _render
    return self.nodelist.render(context)
           ~~~~~~~~~~~~~~~~~~~~^^^^^^^^^
  File "/Users/amirxon/Desktop/ChaqmoqApp/venv/lib/python3.14/site-packages/django/template/base.py", line 1000, in render
    return SafeString("".join([node.render_annotated(context) for node in self]))
                               ~~~~~~~~~~~~~~~~~~~~~^^^^^^^^^
  File "/Users/amirxon/Desktop/ChaqmoqApp/venv/lib/python3.14/site-packages/django/template/base.py", line 961, in render_annotated
    return self.render(context)
           ~~~~~~~~~~~^^^^^^^^^
  File "/Users/amirxon/Desktop/ChaqmoqApp/venv/lib/python3.14/site-packages/django/template/loader_tags.py", line 159, in render
    return compiled_parent._render(context)
           ~~~~~~~~~~~~~~~~~~~~~~~^^^^^^^^^
  File "/Users/amirxon/Desktop/ChaqmoqApp/venv/lib/python3.14/site-packages/django/template/base.py", line 163, in _render
    return self.nodelist.render(context)
           ~~~~~~~~~~~~~~~~~~~~^^^^^^^^^
  File "/Users/amirxon/Desktop/ChaqmoqApp/venv/lib/python3.14/site-packages/django/template/base.py", line 1000, in render
    return SafeString("".join([node.render_annotated(context) for node in self]))
                               ~~~~~~~~~~~~~~~~~~~~~^^^^^^^^^
  File "/Users/amirxon/Desktop/ChaqmoqApp/venv/lib/python3.14/site-packages/django/template/base.py", line 961, in render_annotated
    return self.render(context)
           ~~~~~~~~~~~^^^^^^^^^
  File "/Users/amirxon/Desktop/ChaqmoqApp/venv/lib/python3.14/site-packages/django/template/loader_tags.py", line 159, in render
    return compiled_parent._render(context)
           ~~~~~~~~~~~~~~~~~~~~~~~^^^^^^^^^
  File "/Users/amirxon/Desktop/ChaqmoqApp/venv/lib/python3.14/site-packages/django/template/base.py", line 163, in _render
    return self.nodelist.render(context)
           ~~~~~~~~~~~~~~~~~~~~^^^^^^^^^
  File "/Users/amirxon/Desktop/ChaqmoqApp/venv/lib/python3.14/site-packages/django/template/base.py", line 1000, in render
    return SafeString("".join([node.render_annotated(context) for node in self]))
                               ~~~~~~~~~~~~~~~~~~~~~^^^^^^^^^
  File "/Users/amirxon/Desktop/ChaqmoqApp/venv/lib/python3.14/site-packages/django/template/base.py", line 961, in render_annotated
    return self.render(context)
           ~~~~~~~~~~~^^^^^^^^^
  File "/Users/amirxon/Desktop/ChaqmoqApp/venv/lib/python3.14/site-packages/django/template/loader_tags.py", line 65, in render
    result = block.nodelist.render(context)
  File "/Users/amirxon/Desktop/ChaqmoqApp/venv/lib/python3.14/site-packages/django/template/base.py", line 1000, in render
    return SafeString("".join([node.render_annotated(context) for node in self]))
                               ~~~~~~~~~~~~~~~~~~~~~^^^^^^^^^
  File "/Users/amirxon/Desktop/ChaqmoqApp/venv/lib/python3.14/site-packages/django/template/base.py", line 961, in render_annotated
    return self.render(context)
           ~~~~~~~~~~~^^^^^^^^^
  File "/Users/amirxon/Desktop/ChaqmoqApp/venv/lib/python3.14/site-packages/django/template/loader_tags.py", line 65, in render
    result = block.nodelist.render(context)
  File "/Users/amirxon/Desktop/ChaqmoqApp/venv/lib/python3.14/site-packages/django/template/base.py", line 1000, in render
    return SafeString("".join([node.render_annotated(context) for node in self]))
                               ~~~~~~~~~~~~~~~~~~~~~^^^^^^^^^
  File "/Users/amirxon/Desktop/ChaqmoqApp/venv/lib/python3.14/site-packages/django/template/base.py", line 961, in render_annotated
    return self.render(context)
           ~~~~~~~~~~~^^^^^^^^^
  File "/Users/amirxon/Desktop/ChaqmoqApp/venv/lib/python3.14/site-packages/django/template/loader_tags.py", line 65, in render
    result = block.nodelist.render(context)
  File "/Users/amirxon/Desktop/ChaqmoqApp/venv/lib/python3.14/site-packages/django/template/base.py", line 1000, in render
    return SafeString("".join([node.render_annotated(context) for node in self]))
                               ~~~~~~~~~~~~~~~~~~~~~^^^^^^^^^
  File "/Users/amirxon/Desktop/ChaqmoqApp/venv/lib/python3.14/site-packages/django/template/base.py", line 961, in render_annotated
    return self.render(context)
           ~~~~~~~~~~~^^^^^^^^^
  File "/Users/amirxon/Desktop/ChaqmoqApp/venv/lib/python3.14/site-packages/django/contrib/admin/templatetags/base.py", line 45, in render
    return super().render(context)
           ~~~~~~~~~~~~~~^^^^^^^^^
  File "/Users/amirxon/Desktop/ChaqmoqApp/venv/lib/python3.14/site-packages/django/template/library.py", line 271, in render
    new_context = context.new(_dict)
  File "/Users/amirxon/Desktop/ChaqmoqApp/venv/lib/python3.14/site-packages/django/template/context.py", line 273, in new
    new_context = super().new(values)
  File "/Users/amirxon/Desktop/ChaqmoqApp/venv/lib/python3.14/site-packages/django/template/context.py", line 110, in new
    new_context = copy(self)
  File "/Library/Frameworks/Python.framework/Versions/3.14/lib/python3.14/copy.py", line 82, in copy
    return copier(x)
  File "/Users/amirxon/Desktop/ChaqmoqApp/venv/lib/python3.14/site-packages/django/template/context.py", line 158, in __copy__
    duplicate = super().__copy__()
  File "/Users/amirxon/Desktop/ChaqmoqApp/venv/lib/python3.14/site-packages/django/template/context.py", line 39, in __copy__
    duplicate.dicts = self.dicts[:]
    ^^^^^^^^^^^^^^^
AttributeError: 'super' object has no attribute 'dicts' and no __dict__ for setting new attributes
Internal Server Error: /admin/education/attendance/
Traceback (most recent call last):
  File "/Users/amirxon/Desktop/ChaqmoqApp/venv/lib/python3.14/site-packages/django/core/handlers/exception.py", line 55, in inner
    response = get_response(request)
  File "/Users/amirxon/Desktop/ChaqmoqApp/venv/lib/python3.14/site-packages/django/core/handlers/base.py", line 220, in _get_response
    response = response.render()
  File "/Users/amirxon/Desktop/ChaqmoqApp/venv/lib/python3.14/site-packages/django/template/response.py", line 114, in render
    self.content = self.rendered_content
                   ^^^^^^^^^^^^^^^^^^^^^
  File "/Users/amirxon/Desktop/ChaqmoqApp/venv/lib/python3.14/site-packages/django/template/response.py", line 92, in rendered_content
    return template.render(context, self._request)
           ~~~~~~~~~~~~~~~^^^^^^^^^^^^^^^^^^^^^^^^
  File "/Users/amirxon/Desktop/ChaqmoqApp/venv/lib/python3.14/site-packages/django/template/backends/django.py", line 61, in render
    return self.template.render(context)
           ~~~~~~~~~~~~~~~~~~~~^^^^^^^^^
  File "/Users/amirxon/Desktop/ChaqmoqApp/venv/lib/python3.14/site-packages/django/template/base.py", line 171, in render
    return self._render(context)
           ~~~~~~~~~~~~^^^^^^^^^
  File "/Users/amirxon/Desktop/ChaqmoqApp/venv/lib/python3.14/site-packages/django/template/base.py", line 163, in _render
    return self.nodelist.render(context)
           ~~~~~~~~~~~~~~~~~~~~^^^^^^^^^
  File "/Users/amirxon/Desktop/ChaqmoqApp/venv/lib/python3.14/site-packages/django/template/base.py", line 1000, in render
    return SafeString("".join([node.render_annotated(context) for node in self]))
                               ~~~~~~~~~~~~~~~~~~~~~^^^^^^^^^
  File "/Users/amirxon/Desktop/ChaqmoqApp/venv/lib/python3.14/site-packages/django/template/base.py", line 961, in render_annotated
    return self.render(context)
           ~~~~~~~~~~~^^^^^^^^^
  File "/Users/amirxon/Desktop/ChaqmoqApp/venv/lib/python3.14/site-packages/django/template/loader_tags.py", line 159, in render
    return compiled_parent._render(context)
           ~~~~~~~~~~~~~~~~~~~~~~~^^^^^^^^^
  File "/Users/amirxon/Desktop/ChaqmoqApp/venv/lib/python3.14/site-packages/django/template/base.py", line 163, in _render
    return self.nodelist.render(context)
           ~~~~~~~~~~~~~~~~~~~~^^^^^^^^^
  File "/Users/amirxon/Desktop/ChaqmoqApp/venv/lib/python3.14/site-packages/django/template/base.py", line 1000, in render
    return SafeString("".join([node.render_annotated(context) for node in self]))
                               ~~~~~~~~~~~~~~~~~~~~~^^^^^^^^^
  File "/Users/amirxon/Desktop/ChaqmoqApp/venv/lib/python3.14/site-packages/django/template/base.py", line 961, in render_annotated
    return self.render(context)
           ~~~~~~~~~~~^^^^^^^^^
  File "/Users/amirxon/Desktop/ChaqmoqApp/venv/lib/python3.14/site-packages/django/template/loader_tags.py", line 159, in render
    return compiled_parent._render(context)
           ~~~~~~~~~~~~~~~~~~~~~~~^^^^^^^^^
  File "/Users/amirxon/Desktop/ChaqmoqApp/venv/lib/python3.14/site-packages/django/template/base.py", line 163, in _render
    return self.nodelist.render(context)
           ~~~~~~~~~~~~~~~~~~~~^^^^^^^^^
  File "/Users/amirxon/Desktop/ChaqmoqApp/venv/lib/python3.14/site-packages/django/template/base.py", line 1000, in render
    return SafeString("".join([node.render_annotated(context) for node in self]))
                               ~~~~~~~~~~~~~~~~~~~~~^^^^^^^^^
  File "/Users/amirxon/Desktop/ChaqmoqApp/venv/lib/python3.14/site-packages/django/template/base.py", line 961, in render_annotated
    return self.render(context)
           ~~~~~~~~~~~^^^^^^^^^
  File "/Users/amirxon/Desktop/ChaqmoqApp/venv/lib/python3.14/site-packages/django/template/loader_tags.py", line 65, in render
    result = block.nodelist.render(context)
  File "/Users/amirxon/Desktop/ChaqmoqApp/venv/lib/python3.14/site-packages/django/template/base.py", line 1000, in render
    return SafeString("".join([node.render_annotated(context) for node in self]))
                               ~~~~~~~~~~~~~~~~~~~~~^^^^^^^^^
  File "/Users/amirxon/Desktop/ChaqmoqApp/venv/lib/python3.14/site-packages/django/template/base.py", line 961, in render_annotated
    return self.render(context)
           ~~~~~~~~~~~^^^^^^^^^
  File "/Users/amirxon/Desktop/ChaqmoqApp/venv/lib/python3.14/site-packages/django/template/loader_tags.py", line 65, in render
    result = block.nodelist.render(context)
  File "/Users/amirxon/Desktop/ChaqmoqApp/venv/lib/python3.14/site-packages/django/template/base.py", line 1000, in render
    return SafeString("".join([node.render_annotated(context) for node in self]))
                               ~~~~~~~~~~~~~~~~~~~~~^^^^^^^^^
  File "/Users/amirxon/Desktop/ChaqmoqApp/venv/lib/python3.14/site-packages/django/template/base.py", line 961, in render_annotated
    return self.render(context)
           ~~~~~~~~~~~^^^^^^^^^
  File "/Users/amirxon/Desktop/ChaqmoqApp/venv/lib/python3.14/site-packages/django/template/loader_tags.py", line 65, in render
    result = block.nodelist.render(context)
  File "/Users/amirxon/Desktop/ChaqmoqApp/venv/lib/python3.14/site-packages/django/template/base.py", line 1000, in render
    return SafeString("".join([node.render_annotated(context) for node in self]))
                               ~~~~~~~~~~~~~~~~~~~~~^^^^^^^^^
  File "/Users/amirxon/Desktop/ChaqmoqApp/venv/lib/python3.14/site-packages/django/template/base.py", line 961, in render_annotated
    return self.render(context)
           ~~~~~~~~~~~^^^^^^^^^
  File "/Users/amirxon/Desktop/ChaqmoqApp/venv/lib/python3.14/site-packages/django/template/loader_tags.py", line 65, in render
    result = block.nodelist.render(context)
  File "/Users/amirxon/Desktop/ChaqmoqApp/venv/lib/python3.14/site-packages/django/template/base.py", line 1000, in render
    return SafeString("".join([node.render_annotated(context) for node in self]))
                               ~~~~~~~~~~~~~~~~~~~~~^^^^^^^^^
  File "/Users/amirxon/Desktop/ChaqmoqApp/venv/lib/python3.14/site-packages/django/template/base.py", line 961, in render_annotated
    return self.render(context)
           ~~~~~~~~~~~^^^^^^^^^
  File "/Users/amirxon/Desktop/ChaqmoqApp/venv/lib/python3.14/site-packages/django/template/loader_tags.py", line 65, in render
    result = block.nodelist.render(context)
  File "/Users/amirxon/Desktop/ChaqmoqApp/venv/lib/python3.14/site-packages/django/template/base.py", line 1000, in render
    return SafeString("".join([node.render_annotated(context) for node in self]))
                               ~~~~~~~~~~~~~~~~~~~~~^^^^^^^^^
  File "/Users/amirxon/Desktop/ChaqmoqApp/venv/lib/python3.14/site-packages/django/template/base.py", line 961, in render_annotated
    return self.render(context)
           ~~~~~~~~~~~^^^^^^^^^
  File "/Users/amirxon/Desktop/ChaqmoqApp/venv/lib/python3.14/site-packages/django/contrib/admin/templatetags/base.py", line 45, in render
    return super().render(context)
           ~~~~~~~~~~~~~~^^^^^^^^^
  File "/Users/amirxon/Desktop/ChaqmoqApp/venv/lib/python3.14/site-packages/django/template/library.py", line 271, in render
    new_context = context.new(_dict)
  File "/Users/amirxon/Desktop/ChaqmoqApp/venv/lib/python3.14/site-packages/django/template/context.py", line 273, in new
    new_context = super().new(values)
  File "/Users/amirxon/Desktop/ChaqmoqApp/venv/lib/python3.14/site-packages/django/template/context.py", line 110, in new
    new_context = copy(self)
  File "/Library/Frameworks/Python.framework/Versions/3.14/lib/python3.14/copy.py", line 82, in copy
    return copier(x)
  File "/Users/amirxon/Desktop/ChaqmoqApp/venv/lib/python3.14/site-packages/django/template/context.py", line 158, in __copy__
    duplicate = super().__copy__()
  File "/Users/amirxon/Desktop/ChaqmoqApp/venv/lib/python3.14/site-packages/django/template/context.py", line 39, in __copy__
    duplicate.dicts = self.dicts[:]
    ^^^^^^^^^^^^^^^
AttributeError: 'super' object has no attribute 'dicts' and no __dict__ for setting new attributes
Internal Server Error: /admin/education/attendance/
Traceback (most recent call last):
  File "/Users/amirxon/Desktop/ChaqmoqApp/venv/lib/python3.14/site-packages/django/core/handlers/exception.py", line 55, in inner
    response = get_response(request)
  File "/Users/amirxon/Desktop/ChaqmoqApp/venv/lib/python3.14/site-packages/django/core/handlers/base.py", line 220, in _get_response
    response = response.render()
  File "/Users/amirxon/Desktop/ChaqmoqApp/venv/lib/python3.14/site-packages/django/template/response.py", line 114, in render
    self.content = self.rendered_content
                   ^^^^^^^^^^^^^^^^^^^^^
  File "/Users/amirxon/Desktop/ChaqmoqApp/venv/lib/python3.14/site-packages/django/template/response.py", line 92, in rendered_content
    return template.render(context, self._request)
           ~~~~~~~~~~~~~~~^^^^^^^^^^^^^^^^^^^^^^^^
  File "/Users/amirxon/Desktop/ChaqmoqApp/venv/lib/python3.14/site-packages/django/template/backends/django.py", line 61, in render
    return self.template.render(context)
           ~~~~~~~~~~~~~~~~~~~~^^^^^^^^^
  File "/Users/amirxon/Desktop/ChaqmoqApp/venv/lib/python3.14/site-packages/django/template/base.py", line 171, in render
    return self._render(context)
           ~~~~~~~~~~~~^^^^^^^^^
  File "/Users/amirxon/Desktop/ChaqmoqApp/venv/lib/python3.14/site-packages/django/template/base.py", line 163, in _render
    return self.nodelist.render(context)
           ~~~~~~~~~~~~~~~~~~~~^^^^^^^^^
  File "/Users/amirxon/Desktop/ChaqmoqApp/venv/lib/python3.14/site-packages/django/template/base.py", line 1000, in render
    return SafeString("".join([node.render_annotated(context) for node in self]))
                               ~~~~~~~~~~~~~~~~~~~~~^^^^^^^^^
  File "/Users/amirxon/Desktop/ChaqmoqApp/venv/lib/python3.14/site-packages/django/template/base.py", line 961, in render_annotated
    return self.render(context)
           ~~~~~~~~~~~^^^^^^^^^
  File "/Users/amirxon/Desktop/ChaqmoqApp/venv/lib/python3.14/site-packages/django/template/loader_tags.py", line 159, in render
    return compiled_parent._render(context)
           ~~~~~~~~~~~~~~~~~~~~~~~^^^^^^^^^
  File "/Users/amirxon/Desktop/ChaqmoqApp/venv/lib/python3.14/site-packages/django/template/base.py", line 163, in _render
    return self.nodelist.render(context)
           ~~~~~~~~~~~~~~~~~~~~^^^^^^^^^
  File "/Users/amirxon/Desktop/ChaqmoqApp/venv/lib/python3.14/site-packages/django/template/base.py", line 1000, in render
    return SafeString("".join([node.render_annotated(context) for node in self]))
                               ~~~~~~~~~~~~~~~~~~~~~^^^^^^^^^
  File "/Users/amirxon/Desktop/ChaqmoqApp/venv/lib/python3.14/site-packages/django/template/base.py", line 961, in render_annotated
    return self.render(context)
           ~~~~~~~~~~~^^^^^^^^^
  File "/Users/amirxon/Desktop/ChaqmoqApp/venv/lib/python3.14/site-packages/django/template/loader_tags.py", line 159, in render
    return compiled_parent._render(context)
           ~~~~~~~~~~~~~~~~~~~~~~~^^^^^^^^^
  File "/Users/amirxon/Desktop/ChaqmoqApp/venv/lib/python3.14/site-packages/django/template/base.py", line 163, in _render
    return self.nodelist.render(context)
           ~~~~~~~~~~~~~~~~~~~~^^^^^^^^^
  File "/Users/amirxon/Desktop/ChaqmoqApp/venv/lib/python3.14/site-packages/django/template/base.py", line 1000, in render
    return SafeString("".join([node.render_annotated(context) for node in self]))
                               ~~~~~~~~~~~~~~~~~~~~~^^^^^^^^^
  File "/Users/amirxon/Desktop/ChaqmoqApp/venv/lib/python3.14/site-packages/django/template/base.py", line 961, in render_annotated
    return self.render(context)
           ~~~~~~~~~~~^^^^^^^^^
  File "/Users/amirxon/Desktop/ChaqmoqApp/venv/lib/python3.14/site-packages/django/template/loader_tags.py", line 65, in render
    result = block.nodelist.render(context)
  File "/Users/amirxon/Desktop/ChaqmoqApp/venv/lib/python3.14/site-packages/django/template/base.py", line 1000, in render
    return SafeString("".join([node.render_annotated(context) for node in self]))
                               ~~~~~~~~~~~~~~~~~~~~~^^^^^^^^^
  File "/Users/amirxon/Desktop/ChaqmoqApp/venv/lib/python3.14/site-packages/django/template/base.py", line 961, in render_annotated
    return self.render(context)
           ~~~~~~~~~~~^^^^^^^^^
  File "/Users/amirxon/Desktop/ChaqmoqApp/venv/lib/python3.14/site-packages/django/template/loader_tags.py", line 65, in render
    result = block.nodelist.render(context)
  File "/Users/amirxon/Desktop/ChaqmoqApp/venv/lib/python3.14/site-packages/django/template/base.py", line 1000, in render
    return SafeString("".join([node.render_annotated(context) for node in self]))
                               ~~~~~~~~~~~~~~~~~~~~~^^^^^^^^^
  File "/Users/amirxon/Desktop/ChaqmoqApp/venv/lib/python3.14/site-packages/django/template/base.py", line 961, in render_annotated
    return self.render(context)
           ~~~~~~~~~~~^^^^^^^^^
  File "/Users/amirxon/Desktop/ChaqmoqApp/venv/lib/python3.14/site-packages/django/template/loader_tags.py", line 65, in render
    result = block.nodelist.render(context)
  File "/Users/amirxon/Desktop/ChaqmoqApp/venv/lib/python3.14/site-packages/django/template/base.py", line 1000, in render
    return SafeString("".join([node.render_annotated(context) for node in self]))
                               ~~~~~~~~~~~~~~~~~~~~~^^^^^^^^^
  File "/Users/amirxon/Desktop/ChaqmoqApp/venv/lib/python3.14/site-packages/django/template/base.py", line 961, in render_annotated
    return self.render(context)
           ~~~~~~~~~~~^^^^^^^^^
  File "/Users/amirxon/Desktop/ChaqmoqApp/venv/lib/python3.14/site-packages/django/template/loader_tags.py", line 65, in render
    result = block.nodelist.render(context)
  File "/Users/amirxon/Desktop/ChaqmoqApp/venv/lib/python3.14/site-packages/django/template/base.py", line 1000, in render
    return SafeString("".join([node.render_annotated(context) for node in self]))
                               ~~~~~~~~~~~~~~~~~~~~~^^^^^^^^^
  File "/Users/amirxon/Desktop/ChaqmoqApp/venv/lib/python3.14/site-packages/django/template/base.py", line 961, in render_annotated
    return self.render(context)
           ~~~~~~~~~~~^^^^^^^^^
  File "/Users/amirxon/Desktop/ChaqmoqApp/venv/lib/python3.14/site-packages/django/template/loader_tags.py", line 65, in render
    result = block.nodelist.render(context)
  File "/Users/amirxon/Desktop/ChaqmoqApp/venv/lib/python3.14/site-packages/django/template/base.py", line 1000, in render
    return SafeString("".join([node.render_annotated(context) for node in self]))
                               ~~~~~~~~~~~~~~~~~~~~~^^^^^^^^^
  File "/Users/amirxon/Desktop/ChaqmoqApp/venv/lib/python3.14/site-packages/django/template/base.py", line 961, in render_annotated
    return self.render(context)
           ~~~~~~~~~~~^^^^^^^^^
  File "/Users/amirxon/Desktop/ChaqmoqApp/venv/lib/python3.14/site-packages/django/contrib/admin/templatetags/base.py", line 45, in render
    return super().render(context)
           ~~~~~~~~~~~~~~^^^^^^^^^
  File "/Users/amirxon/Desktop/ChaqmoqApp/venv/lib/python3.14/site-packages/django/template/library.py", line 271, in render
    new_context = context.new(_dict)
  File "/Users/amirxon/Desktop/ChaqmoqApp/venv/lib/python3.14/site-packages/django/template/context.py", line 273, in new
    new_context = super().new(values)
  File "/Users/amirxon/Desktop/ChaqmoqApp/venv/lib/python3.14/site-packages/django/template/context.py", line 110, in new
    new_context = copy(self)
  File "/Library/Frameworks/Python.framework/Versions/3.14/lib/python3.14/copy.py", line 82, in copy
    return copier(x)
  File "/Users/amirxon/Desktop/ChaqmoqApp/venv/lib/python3.14/site-packages/django/template/context.py", line 158, in __copy__
    duplicate = super().__copy__()
  File "/Users/amirxon/Desktop/ChaqmoqApp/venv/lib/python3.14/site-packages/django/template/context.py", line 39, in __copy__
    duplicate.dicts = self.dicts[:]
    ^^^^^^^^^^^^^^^
AttributeError: 'super' object has no attribute 'dicts' and no __dict__ for setting new attributes
Internal Server Error: /admin/education/attendance/add/
Traceback (most recent call last):
  File "/Users/amirxon/Desktop/ChaqmoqApp/venv/lib/python3.14/site-packages/django/core/handlers/exception.py", line 55, in inner
    response = get_response(request)
  File "/Users/amirxon/Desktop/ChaqmoqApp/venv/lib/python3.14/site-packages/django/core/handlers/base.py", line 220, in _get_response
    response = response.render()
  File "/Users/amirxon/Desktop/ChaqmoqApp/venv/lib/python3.14/site-packages/django/template/response.py", line 114, in render
    self.content = self.rendered_content
                   ^^^^^^^^^^^^^^^^^^^^^
  File "/Users/amirxon/Desktop/ChaqmoqApp/venv/lib/python3.14/site-packages/django/template/response.py", line 92, in rendered_content
    return template.render(context, self._request)
           ~~~~~~~~~~~~~~~^^^^^^^^^^^^^^^^^^^^^^^^
  File "/Users/amirxon/Desktop/ChaqmoqApp/venv/lib/python3.14/site-packages/django/template/backends/django.py", line 61, in render
    return self.template.render(context)
           ~~~~~~~~~~~~~~~~~~~~^^^^^^^^^
  File "/Users/amirxon/Desktop/ChaqmoqApp/venv/lib/python3.14/site-packages/django/template/base.py", line 171, in render
    return self._render(context)
           ~~~~~~~~~~~~^^^^^^^^^
  File "/Users/amirxon/Desktop/ChaqmoqApp/venv/lib/python3.14/site-packages/django/template/base.py", line 163, in _render
    return self.nodelist.render(context)
           ~~~~~~~~~~~~~~~~~~~~^^^^^^^^^
  File "/Users/amirxon/Desktop/ChaqmoqApp/venv/lib/python3.14/site-packages/django/template/base.py", line 1000, in render
    return SafeString("".join([node.render_annotated(context) for node in self]))
                               ~~~~~~~~~~~~~~~~~~~~~^^^^^^^^^
  File "/Users/amirxon/Desktop/ChaqmoqApp/venv/lib/python3.14/site-packages/django/template/base.py", line 961, in render_annotated
    return self.render(context)
           ~~~~~~~~~~~^^^^^^^^^
  File "/Users/amirxon/Desktop/ChaqmoqApp/venv/lib/python3.14/site-packages/django/template/loader_tags.py", line 159, in render
    return compiled_parent._render(context)
           ~~~~~~~~~~~~~~~~~~~~~~~^^^^^^^^^
  File "/Users/amirxon/Desktop/ChaqmoqApp/venv/lib/python3.14/site-packages/django/template/base.py", line 163, in _render
    return self.nodelist.render(context)
           ~~~~~~~~~~~~~~~~~~~~^^^^^^^^^
  File "/Users/amirxon/Desktop/ChaqmoqApp/venv/lib/python3.14/site-packages/django/template/base.py", line 1000, in render
    return SafeString("".join([node.render_annotated(context) for node in self]))
                               ~~~~~~~~~~~~~~~~~~~~~^^^^^^^^^
  File "/Users/amirxon/Desktop/ChaqmoqApp/venv/lib/python3.14/site-packages/django/template/base.py", line 961, in render_annotated
    return self.render(context)
           ~~~~~~~~~~~^^^^^^^^^
  File "/Users/amirxon/Desktop/ChaqmoqApp/venv/lib/python3.14/site-packages/django/template/loader_tags.py", line 159, in render
    return compiled_parent._render(context)
           ~~~~~~~~~~~~~~~~~~~~~~~^^^^^^^^^
  File "/Users/amirxon/Desktop/ChaqmoqApp/venv/lib/python3.14/site-packages/django/template/base.py", line 163, in _render
    return self.nodelist.render(context)
           ~~~~~~~~~~~~~~~~~~~~^^^^^^^^^
  File "/Users/amirxon/Desktop/ChaqmoqApp/venv/lib/python3.14/site-packages/django/template/base.py", line 1000, in render
    return SafeString("".join([node.render_annotated(context) for node in self]))
                               ~~~~~~~~~~~~~~~~~~~~~^^^^^^^^^
  File "/Users/amirxon/Desktop/ChaqmoqApp/venv/lib/python3.14/site-packages/django/template/base.py", line 961, in render_annotated
    return self.render(context)
           ~~~~~~~~~~~^^^^^^^^^
  File "/Users/amirxon/Desktop/ChaqmoqApp/venv/lib/python3.14/site-packages/django/template/loader_tags.py", line 65, in render
    result = block.nodelist.render(context)
  File "/Users/amirxon/Desktop/ChaqmoqApp/venv/lib/python3.14/site-packages/django/template/base.py", line 1000, in render
    return SafeString("".join([node.render_annotated(context) for node in self]))
                               ~~~~~~~~~~~~~~~~~~~~~^^^^^^^^^
  File "/Users/amirxon/Desktop/ChaqmoqApp/venv/lib/python3.14/site-packages/django/template/base.py", line 961, in render_annotated
    return self.render(context)
           ~~~~~~~~~~~^^^^^^^^^
  File "/Users/amirxon/Desktop/ChaqmoqApp/venv/lib/python3.14/site-packages/django/template/loader_tags.py", line 65, in render
    result = block.nodelist.render(context)
  File "/Users/amirxon/Desktop/ChaqmoqApp/venv/lib/python3.14/site-packages/django/template/base.py", line 1000, in render
    return SafeString("".join([node.render_annotated(context) for node in self]))
                               ~~~~~~~~~~~~~~~~~~~~~^^^^^^^^^
  File "/Users/amirxon/Desktop/ChaqmoqApp/venv/lib/python3.14/site-packages/django/template/base.py", line 961, in render_annotated
    return self.render(context)
           ~~~~~~~~~~~^^^^^^^^^
  File "/Users/amirxon/Desktop/ChaqmoqApp/venv/lib/python3.14/site-packages/django/template/loader_tags.py", line 65, in render
    result = block.nodelist.render(context)
  File "/Users/amirxon/Desktop/ChaqmoqApp/venv/lib/python3.14/site-packages/django/template/base.py", line 1000, in render
    return SafeString("".join([node.render_annotated(context) for node in self]))
                               ~~~~~~~~~~~~~~~~~~~~~^^^^^^^^^
  File "/Users/amirxon/Desktop/ChaqmoqApp/venv/lib/python3.14/site-packages/django/template/base.py", line 961, in render_annotated
    return self.render(context)
           ~~~~~~~~~~~^^^^^^^^^
  File "/Users/amirxon/Desktop/ChaqmoqApp/venv/lib/python3.14/site-packages/django/contrib/admin/templatetags/base.py", line 45, in render
    return super().render(context)
           ~~~~~~~~~~~~~~^^^^^^^^^
  File "/Users/amirxon/Desktop/ChaqmoqApp/venv/lib/python3.14/site-packages/django/template/library.py", line 271, in render
    new_context = context.new(_dict)
  File "/Users/amirxon/Desktop/ChaqmoqApp/venv/lib/python3.14/site-packages/django/template/context.py", line 273, in new
    new_context = super().new(values)
  File "/Users/amirxon/Desktop/ChaqmoqApp/venv/lib/python3.14/site-packages/django/template/context.py", line 110, in new
    new_context = copy(self)
  File "/Library/Frameworks/Python.framework/Versions/3.14/lib/python3.14/copy.py", line 82, in copy
    return copier(x)
  File "/Users/amirxon/Desktop/ChaqmoqApp/venv/lib/python3.14/site-packages/django/template/context.py", line 158, in __copy__
    duplicate = super().__copy__()
  File "/Users/amirxon/Desktop/ChaqmoqApp/venv/lib/python3.14/site-packages/django/template/context.py", line 39, in __copy__
    duplicate.dicts = self.dicts[:]
    ^^^^^^^^^^^^^^^
AttributeError: 'super' object has no attribute 'dicts' and no __dict__ for setting new attributes
Internal Server Error: /admin/education/attendance/add/
Traceback (most recent call last):
  File "/Users/amirxon/Desktop/ChaqmoqApp/venv/lib/python3.14/site-packages/django/core/handlers/exception.py", line 55, in inner
    response = get_response(request)
  File "/Users/amirxon/Desktop/ChaqmoqApp/venv/lib/python3.14/site-packages/django/core/handlers/base.py", line 220, in _get_response
    response = response.render()
  File "/Users/amirxon/Desktop/ChaqmoqApp/venv/lib/python3.14/site-packages/django/template/response.py", line 114, in render
    self.content = self.rendered_content
                   ^^^^^^^^^^^^^^^^^^^^^
  File "/Users/amirxon/Desktop/ChaqmoqApp/venv/lib/python3.14/site-packages/django/template/response.py", line 92, in rendered_content
    return template.render(context, self._request)
           ~~~~~~~~~~~~~~~^^^^^^^^^^^^^^^^^^^^^^^^
  File "/Users/amirxon/Desktop/ChaqmoqApp/venv/lib/python3.14/site-packages/django/template/backends/django.py", line 61, in render
    return self.template.render(context)
           ~~~~~~~~~~~~~~~~~~~~^^^^^^^^^
  File "/Users/amirxon/Desktop/ChaqmoqApp/venv/lib/python3.14/site-packages/django/template/base.py", line 171, in render
    return self._render(context)
           ~~~~~~~~~~~~^^^^^^^^^
  File "/Users/amirxon/Desktop/ChaqmoqApp/venv/lib/python3.14/site-packages/django/template/base.py", line 163, in _render
    return self.nodelist.render(context)
           ~~~~~~~~~~~~~~~~~~~~^^^^^^^^^
  File "/Users/amirxon/Desktop/ChaqmoqApp/venv/lib/python3.14/site-packages/django/template/base.py", line 1000, in render
    return SafeString("".join([node.render_annotated(context) for node in self]))
                               ~~~~~~~~~~~~~~~~~~~~~^^^^^^^^^
  File "/Users/amirxon/Desktop/ChaqmoqApp/venv/lib/python3.14/site-packages/django/template/base.py", line 961, in render_annotated
    return self.render(context)
           ~~~~~~~~~~~^^^^^^^^^
  File "/Users/amirxon/Desktop/ChaqmoqApp/venv/lib/python3.14/site-packages/django/template/loader_tags.py", line 159, in render
    return compiled_parent._render(context)
           ~~~~~~~~~~~~~~~~~~~~~~~^^^^^^^^^
  File "/Users/amirxon/Desktop/ChaqmoqApp/venv/lib/python3.14/site-packages/django/template/base.py", line 163, in _render
    return self.nodelist.render(context)
           ~~~~~~~~~~~~~~~~~~~~^^^^^^^^^
  File "/Users/amirxon/Desktop/ChaqmoqApp/venv/lib/python3.14/site-packages/django/template/base.py", line 1000, in render
    return SafeString("".join([node.render_annotated(context) for node in self]))
                               ~~~~~~~~~~~~~~~~~~~~~^^^^^^^^^
  File "/Users/amirxon/Desktop/ChaqmoqApp/venv/lib/python3.14/site-packages/django/template/base.py", line 961, in render_annotated
    return self.render(context)
           ~~~~~~~~~~~^^^^^^^^^
  File "/Users/amirxon/Desktop/ChaqmoqApp/venv/lib/python3.14/site-packages/django/template/loader_tags.py", line 159, in render
    return compiled_parent._render(context)
           ~~~~~~~~~~~~~~~~~~~~~~~^^^^^^^^^
  File "/Users/amirxon/Desktop/ChaqmoqApp/venv/lib/python3.14/site-packages/django/template/base.py", line 163, in _render
    return self.nodelist.render(context)
           ~~~~~~~~~~~~~~~~~~~~^^^^^^^^^
  File "/Users/amirxon/Desktop/ChaqmoqApp/venv/lib/python3.14/site-packages/django/template/base.py", line 1000, in render
    return SafeString("".join([node.render_annotated(context) for node in self]))
                               ~~~~~~~~~~~~~~~~~~~~~^^^^^^^^^
  File "/Users/amirxon/Desktop/ChaqmoqApp/venv/lib/python3.14/site-packages/django/template/base.py", line 961, in render_annotated
    return self.render(context)
           ~~~~~~~~~~~^^^^^^^^^
  File "/Users/amirxon/Desktop/ChaqmoqApp/venv/lib/python3.14/site-packages/django/template/loader_tags.py", line 65, in render
    result = block.nodelist.render(context)
  File "/Users/amirxon/Desktop/ChaqmoqApp/venv/lib/python3.14/site-packages/django/template/base.py", line 1000, in render
    return SafeString("".join([node.render_annotated(context) for node in self]))
                               ~~~~~~~~~~~~~~~~~~~~~^^^^^^^^^
  File "/Users/amirxon/Desktop/ChaqmoqApp/venv/lib/python3.14/site-packages/django/template/base.py", line 961, in render_annotated
    return self.render(context)
           ~~~~~~~~~~~^^^^^^^^^
  File "/Users/amirxon/Desktop/ChaqmoqApp/venv/lib/python3.14/site-packages/django/template/loader_tags.py", line 65, in render
    result = block.nodelist.render(context)
  File "/Users/amirxon/Desktop/ChaqmoqApp/venv/lib/python3.14/site-packages/django/template/base.py", line 1000, in render
    return SafeString("".join([node.render_annotated(context) for node in self]))
                               ~~~~~~~~~~~~~~~~~~~~~^^^^^^^^^
  File "/Users/amirxon/Desktop/ChaqmoqApp/venv/lib/python3.14/site-packages/django/template/base.py", line 961, in render_annotated
    return self.render(context)
           ~~~~~~~~~~~^^^^^^^^^
  File "/Users/amirxon/Desktop/ChaqmoqApp/venv/lib/python3.14/site-packages/django/template/loader_tags.py", line 65, in render
    result = block.nodelist.render(context)
  File "/Users/amirxon/Desktop/ChaqmoqApp/venv/lib/python3.14/site-packages/django/template/base.py", line 1000, in render
    return SafeString("".join([node.render_annotated(context) for node in self]))
                               ~~~~~~~~~~~~~~~~~~~~~^^^^^^^^^
  File "/Users/amirxon/Desktop/ChaqmoqApp/venv/lib/python3.14/site-packages/django/template/base.py", line 961, in render_annotated
    return self.render(context)
           ~~~~~~~~~~~^^^^^^^^^
  File "/Users/amirxon/Desktop/ChaqmoqApp/venv/lib/python3.14/site-packages/django/contrib/admin/templatetags/base.py", line 45, in render
    return super().render(context)
           ~~~~~~~~~~~~~~^^^^^^^^^
  File "/Users/amirxon/Desktop/ChaqmoqApp/venv/lib/python3.14/site-packages/django/template/library.py", line 271, in render
    new_context = context.new(_dict)
  File "/Users/amirxon/Desktop/ChaqmoqApp/venv/lib/python3.14/site-packages/django/template/context.py", line 273, in new
    new_context = super().new(values)
  File "/Users/amirxon/Desktop/ChaqmoqApp/venv/lib/python3.14/site-packages/django/template/context.py", line 110, in new
    new_context = copy(self)
  File "/Library/Frameworks/Python.framework/Versions/3.14/lib/python3.14/copy.py", line 82, in copy
    return copier(x)
  File "/Users/amirxon/Desktop/ChaqmoqApp/venv/lib/python3.14/site-packages/django/template/context.py", line 158, in __copy__
    duplicate = super().__copy__()
  File "/Users/amirxon/Desktop/ChaqmoqApp/venv/lib/python3.14/site-packages/django/template/context.py", line 39, in __copy__
    duplicate.dicts = self.dicts[:]
    ^^^^^^^^^^^^^^^
AttributeError: 'super' object has no attribute 'dicts' and no __dict__ for setting new attributes
Internal Server Error: /admin/education/category/
Traceback (most recent call last):
  File "/Users/amirxon/Desktop/ChaqmoqApp/venv/lib/python3.14/site-packages/django/core/handlers/exception.py", line 55, in inner
    response = get_response(request)
  File "/Users/amirxon/Desktop/ChaqmoqApp/venv/lib/python3.14/site-packages/django/core/handlers/base.py", line 220, in _get_response
    response = response.render()
  File "/Users/amirxon/Desktop/ChaqmoqApp/venv/lib/python3.14/site-packages/django/template/response.py", line 114, in render
    self.content = self.rendered_content
                   ^^^^^^^^^^^^^^^^^^^^^
  File "/Users/amirxon/Desktop/ChaqmoqApp/venv/lib/python3.14/site-packages/django/template/response.py", line 92, in rendered_content
    return template.render(context, self._request)
           ~~~~~~~~~~~~~~~^^^^^^^^^^^^^^^^^^^^^^^^
  File "/Users/amirxon/Desktop/ChaqmoqApp/venv/lib/python3.14/site-packages/django/template/backends/django.py", line 61, in render
    return self.template.render(context)
           ~~~~~~~~~~~~~~~~~~~~^^^^^^^^^
  File "/Users/amirxon/Desktop/ChaqmoqApp/venv/lib/python3.14/site-packages/django/template/base.py", line 171, in render
    return self._render(context)
           ~~~~~~~~~~~~^^^^^^^^^
  File "/Users/amirxon/Desktop/ChaqmoqApp/venv/lib/python3.14/site-packages/django/template/base.py", line 163, in _render
    return self.nodelist.render(context)
           ~~~~~~~~~~~~~~~~~~~~^^^^^^^^^
  File "/Users/amirxon/Desktop/ChaqmoqApp/venv/lib/python3.14/site-packages/django/template/base.py", line 1000, in render
    return SafeString("".join([node.render_annotated(context) for node in self]))
                               ~~~~~~~~~~~~~~~~~~~~~^^^^^^^^^
  File "/Users/amirxon/Desktop/ChaqmoqApp/venv/lib/python3.14/site-packages/django/template/base.py", line 961, in render_annotated
    return self.render(context)
           ~~~~~~~~~~~^^^^^^^^^
  File "/Users/amirxon/Desktop/ChaqmoqApp/venv/lib/python3.14/site-packages/django/template/loader_tags.py", line 159, in render
    return compiled_parent._render(context)
           ~~~~~~~~~~~~~~~~~~~~~~~^^^^^^^^^
  File "/Users/amirxon/Desktop/ChaqmoqApp/venv/lib/python3.14/site-packages/django/template/base.py", line 163, in _render
    return self.nodelist.render(context)
           ~~~~~~~~~~~~~~~~~~~~^^^^^^^^^
  File "/Users/amirxon/Desktop/ChaqmoqApp/venv/lib/python3.14/site-packages/django/template/base.py", line 1000, in render
    return SafeString("".join([node.render_annotated(context) for node in self]))
                               ~~~~~~~~~~~~~~~~~~~~~^^^^^^^^^
  File "/Users/amirxon/Desktop/ChaqmoqApp/venv/lib/python3.14/site-packages/django/template/base.py", line 961, in render_annotated
    return self.render(context)
           ~~~~~~~~~~~^^^^^^^^^
  File "/Users/amirxon/Desktop/ChaqmoqApp/venv/lib/python3.14/site-packages/django/template/loader_tags.py", line 159, in render
    return compiled_parent._render(context)
           ~~~~~~~~~~~~~~~~~~~~~~~^^^^^^^^^
  File "/Users/amirxon/Desktop/ChaqmoqApp/venv/lib/python3.14/site-packages/django/template/base.py", line 163, in _render
    return self.nodelist.render(context)
           ~~~~~~~~~~~~~~~~~~~~^^^^^^^^^
  File "/Users/amirxon/Desktop/ChaqmoqApp/venv/lib/python3.14/site-packages/django/template/base.py", line 1000, in render
    return SafeString("".join([node.render_annotated(context) for node in self]))
                               ~~~~~~~~~~~~~~~~~~~~~^^^^^^^^^
  File "/Users/amirxon/Desktop/ChaqmoqApp/venv/lib/python3.14/site-packages/django/template/base.py", line 961, in render_annotated
    return self.render(context)
           ~~~~~~~~~~~^^^^^^^^^
  File "/Users/amirxon/Desktop/ChaqmoqApp/venv/lib/python3.14/site-packages/django/template/loader_tags.py", line 65, in render
    result = block.nodelist.render(context)
  File "/Users/amirxon/Desktop/ChaqmoqApp/venv/lib/python3.14/site-packages/django/template/base.py", line 1000, in render
    return SafeString("".join([node.render_annotated(context) for node in self]))
                               ~~~~~~~~~~~~~~~~~~~~~^^^^^^^^^
  File "/Users/amirxon/Desktop/ChaqmoqApp/venv/lib/python3.14/site-packages/django/template/base.py", line 961, in render_annotated
    return self.render(context)
           ~~~~~~~~~~~^^^^^^^^^
  File "/Users/amirxon/Desktop/ChaqmoqApp/venv/lib/python3.14/site-packages/django/template/loader_tags.py", line 65, in render
    result = block.nodelist.render(context)
  File "/Users/amirxon/Desktop/ChaqmoqApp/venv/lib/python3.14/site-packages/django/template/base.py", line 1000, in render
    return SafeString("".join([node.render_annotated(context) for node in self]))
                               ~~~~~~~~~~~~~~~~~~~~~^^^^^^^^^
  File "/Users/amirxon/Desktop/ChaqmoqApp/venv/lib/python3.14/site-packages/django/template/base.py", line 961, in render_annotated
    return self.render(context)
           ~~~~~~~~~~~^^^^^^^^^
  File "/Users/amirxon/Desktop/ChaqmoqApp/venv/lib/python3.14/site-packages/django/template/loader_tags.py", line 65, in render
    result = block.nodelist.render(context)
  File "/Users/amirxon/Desktop/ChaqmoqApp/venv/lib/python3.14/site-packages/django/template/base.py", line 1000, in render
    return SafeString("".join([node.render_annotated(context) for node in self]))
                               ~~~~~~~~~~~~~~~~~~~~~^^^^^^^^^
  File "/Users/amirxon/Desktop/ChaqmoqApp/venv/lib/python3.14/site-packages/django/template/base.py", line 961, in render_annotated
    return self.render(context)
           ~~~~~~~~~~~^^^^^^^^^
  File "/Users/amirxon/Desktop/ChaqmoqApp/venv/lib/python3.14/site-packages/django/template/loader_tags.py", line 65, in render
    result = block.nodelist.render(context)
  File "/Users/amirxon/Desktop/ChaqmoqApp/venv/lib/python3.14/site-packages/django/template/base.py", line 1000, in render
    return SafeString("".join([node.render_annotated(context) for node in self]))
                               ~~~~~~~~~~~~~~~~~~~~~^^^^^^^^^
  File "/Users/amirxon/Desktop/ChaqmoqApp/venv/lib/python3.14/site-packages/django/template/base.py", line 961, in render_annotated
    return self.render(context)
           ~~~~~~~~~~~^^^^^^^^^
  File "/Users/amirxon/Desktop/ChaqmoqApp/venv/lib/python3.14/site-packages/django/template/loader_tags.py", line 65, in render
    result = block.nodelist.render(context)
  File "/Users/amirxon/Desktop/ChaqmoqApp/venv/lib/python3.14/site-packages/django/template/base.py", line 1000, in render
    return SafeString("".join([node.render_annotated(context) for node in self]))
                               ~~~~~~~~~~~~~~~~~~~~~^^^^^^^^^
  File "/Users/amirxon/Desktop/ChaqmoqApp/venv/lib/python3.14/site-packages/django/template/base.py", line 961, in render_annotated
    return self.render(context)
           ~~~~~~~~~~~^^^^^^^^^
  File "/Users/amirxon/Desktop/ChaqmoqApp/venv/lib/python3.14/site-packages/django/contrib/admin/templatetags/base.py", line 45, in render
    return super().render(context)
           ~~~~~~~~~~~~~~^^^^^^^^^
  File "/Users/amirxon/Desktop/ChaqmoqApp/venv/lib/python3.14/site-packages/django/template/library.py", line 271, in render
    new_context = context.new(_dict)
  File "/Users/amirxon/Desktop/ChaqmoqApp/venv/lib/python3.14/site-packages/django/template/context.py", line 273, in new
    new_context = super().new(values)
  File "/Users/amirxon/Desktop/ChaqmoqApp/venv/lib/python3.14/site-packages/django/template/context.py", line 110, in new
    new_context = copy(self)
  File "/Library/Frameworks/Python.framework/Versions/3.14/lib/python3.14/copy.py", line 82, in copy
    return copier(x)
  File "/Users/amirxon/Desktop/ChaqmoqApp/venv/lib/python3.14/site-packages/django/template/context.py", line 158, in __copy__
    duplicate = super().__copy__()
  File "/Users/amirxon/Desktop/ChaqmoqApp/venv/lib/python3.14/site-packages/django/template/context.py", line 39, in __copy__
    duplicate.dicts = self.dicts[:]
    ^^^^^^^^^^^^^^^
AttributeError: 'super' object has no attribute 'dicts' and no __dict__ for setting new attributes
Internal Server Error: /admin/education/category/
Traceback (most recent call last):
  File "/Users/amirxon/Desktop/ChaqmoqApp/venv/lib/python3.14/site-packages/django/core/handlers/exception.py", line 55, in inner
    response = get_response(request)
  File "/Users/amirxon/Desktop/ChaqmoqApp/venv/lib/python3.14/site-packages/django/core/handlers/base.py", line 220, in _get_response
    response = response.render()
  File "/Users/amirxon/Desktop/ChaqmoqApp/venv/lib/python3.14/site-packages/django/template/response.py", line 114, in render
    self.content = self.rendered_content
                   ^^^^^^^^^^^^^^^^^^^^^
  File "/Users/amirxon/Desktop/ChaqmoqApp/venv/lib/python3.14/site-packages/django/template/response.py", line 92, in rendered_content
    return template.render(context, self._request)
           ~~~~~~~~~~~~~~~^^^^^^^^^^^^^^^^^^^^^^^^
  File "/Users/amirxon/Desktop/ChaqmoqApp/venv/lib/python3.14/site-packages/django/template/backends/django.py", line 61, in render
    return self.template.render(context)
           ~~~~~~~~~~~~~~~~~~~~^^^^^^^^^
  File "/Users/amirxon/Desktop/ChaqmoqApp/venv/lib/python3.14/site-packages/django/template/base.py", line 171, in render
    return self._render(context)
           ~~~~~~~~~~~~^^^^^^^^^
  File "/Users/amirxon/Desktop/ChaqmoqApp/venv/lib/python3.14/site-packages/django/template/base.py", line 163, in _render
    return self.nodelist.render(context)
           ~~~~~~~~~~~~~~~~~~~~^^^^^^^^^
  File "/Users/amirxon/Desktop/ChaqmoqApp/venv/lib/python3.14/site-packages/django/template/base.py", line 1000, in render
    return SafeString("".join([node.render_annotated(context) for node in self]))
                               ~~~~~~~~~~~~~~~~~~~~~^^^^^^^^^
  File "/Users/amirxon/Desktop/ChaqmoqApp/venv/lib/python3.14/site-packages/django/template/base.py", line 961, in render_annotated
    return self.render(context)
           ~~~~~~~~~~~^^^^^^^^^
  File "/Users/amirxon/Desktop/ChaqmoqApp/venv/lib/python3.14/site-packages/django/template/loader_tags.py", line 159, in render
    return compiled_parent._render(context)
           ~~~~~~~~~~~~~~~~~~~~~~~^^^^^^^^^
  File "/Users/amirxon/Desktop/ChaqmoqApp/venv/lib/python3.14/site-packages/django/template/base.py", line 163, in _render
    return self.nodelist.render(context)
           ~~~~~~~~~~~~~~~~~~~~^^^^^^^^^
  File "/Users/amirxon/Desktop/ChaqmoqApp/venv/lib/python3.14/site-packages/django/template/base.py", line 1000, in render
    return SafeString("".join([node.render_annotated(context) for node in self]))
                               ~~~~~~~~~~~~~~~~~~~~~^^^^^^^^^
  File "/Users/amirxon/Desktop/ChaqmoqApp/venv/lib/python3.14/site-packages/django/template/base.py", line 961, in render_annotated
    return self.render(context)
           ~~~~~~~~~~~^^^^^^^^^
  File "/Users/amirxon/Desktop/ChaqmoqApp/venv/lib/python3.14/site-packages/django/template/loader_tags.py", line 159, in render
    return compiled_parent._render(context)
           ~~~~~~~~~~~~~~~~~~~~~~~^^^^^^^^^
  File "/Users/amirxon/Desktop/ChaqmoqApp/venv/lib/python3.14/site-packages/django/template/base.py", line 163, in _render
    return self.nodelist.render(context)
           ~~~~~~~~~~~~~~~~~~~~^^^^^^^^^
  File "/Users/amirxon/Desktop/ChaqmoqApp/venv/lib/python3.14/site-packages/django/template/base.py", line 1000, in render
    return SafeString("".join([node.render_annotated(context) for node in self]))
                               ~~~~~~~~~~~~~~~~~~~~~^^^^^^^^^
  File "/Users/amirxon/Desktop/ChaqmoqApp/venv/lib/python3.14/site-packages/django/template/base.py", line 961, in render_annotated
    return self.render(context)
           ~~~~~~~~~~~^^^^^^^^^
  File "/Users/amirxon/Desktop/ChaqmoqApp/venv/lib/python3.14/site-packages/django/template/loader_tags.py", line 65, in render
    result = block.nodelist.render(context)
  File "/Users/amirxon/Desktop/ChaqmoqApp/venv/lib/python3.14/site-packages/django/template/base.py", line 1000, in render
    return SafeString("".join([node.render_annotated(context) for node in self]))
                               ~~~~~~~~~~~~~~~~~~~~~^^^^^^^^^
  File "/Users/amirxon/Desktop/ChaqmoqApp/venv/lib/python3.14/site-packages/django/template/base.py", line 961, in render_annotated
    return self.render(context)
           ~~~~~~~~~~~^^^^^^^^^
  File "/Users/amirxon/Desktop/ChaqmoqApp/venv/lib/python3.14/site-packages/django/template/loader_tags.py", line 65, in render
    result = block.nodelist.render(context)
  File "/Users/amirxon/Desktop/ChaqmoqApp/venv/lib/python3.14/site-packages/django/template/base.py", line 1000, in render
    return SafeString("".join([node.render_annotated(context) for node in self]))
                               ~~~~~~~~~~~~~~~~~~~~~^^^^^^^^^
  File "/Users/amirxon/Desktop/ChaqmoqApp/venv/lib/python3.14/site-packages/django/template/base.py", line 961, in render_annotated
    return self.render(context)
           ~~~~~~~~~~~^^^^^^^^^
  File "/Users/amirxon/Desktop/ChaqmoqApp/venv/lib/python3.14/site-packages/django/template/loader_tags.py", line 65, in render
    result = block.nodelist.render(context)
  File "/Users/amirxon/Desktop/ChaqmoqApp/venv/lib/python3.14/site-packages/django/template/base.py", line 1000, in render
    return SafeString("".join([node.render_annotated(context) for node in self]))
                               ~~~~~~~~~~~~~~~~~~~~~^^^^^^^^^
  File "/Users/amirxon/Desktop/ChaqmoqApp/venv/lib/python3.14/site-packages/django/template/base.py", line 961, in render_annotated
    return self.render(context)
           ~~~~~~~~~~~^^^^^^^^^
  File "/Users/amirxon/Desktop/ChaqmoqApp/venv/lib/python3.14/site-packages/django/template/loader_tags.py", line 65, in render
    result = block.nodelist.render(context)
  File "/Users/amirxon/Desktop/ChaqmoqApp/venv/lib/python3.14/site-packages/django/template/base.py", line 1000, in render
    return SafeString("".join([node.render_annotated(context) for node in self]))
                               ~~~~~~~~~~~~~~~~~~~~~^^^^^^^^^
  File "/Users/amirxon/Desktop/ChaqmoqApp/venv/lib/python3.14/site-packages/django/template/base.py", line 961, in render_annotated
    return self.render(context)
           ~~~~~~~~~~~^^^^^^^^^
  File "/Users/amirxon/Desktop/ChaqmoqApp/venv/lib/python3.14/site-packages/django/template/loader_tags.py", line 65, in render
    result = block.nodelist.render(context)
  File "/Users/amirxon/Desktop/ChaqmoqApp/venv/lib/python3.14/site-packages/django/template/base.py", line 1000, in render
    return SafeString("".join([node.render_annotated(context) for node in self]))
                               ~~~~~~~~~~~~~~~~~~~~~^^^^^^^^^
  File "/Users/amirxon/Desktop/ChaqmoqApp/venv/lib/python3.14/site-packages/django/template/base.py", line 961, in render_annotated
    return self.render(context)
           ~~~~~~~~~~~^^^^^^^^^
  File "/Users/amirxon/Desktop/ChaqmoqApp/venv/lib/python3.14/site-packages/django/contrib/admin/templatetags/base.py", line 45, in render
    return super().render(context)
           ~~~~~~~~~~~~~~^^^^^^^^^
  File "/Users/amirxon/Desktop/ChaqmoqApp/venv/lib/python3.14/site-packages/django/template/library.py", line 271, in render
    new_context = context.new(_dict)
  File "/Users/amirxon/Desktop/ChaqmoqApp/venv/lib/python3.14/site-packages/django/template/context.py", line 273, in new
    new_context = super().new(values)
  File "/Users/amirxon/Desktop/ChaqmoqApp/venv/lib/python3.14/site-packages/django/template/context.py", line 110, in new
    new_context = copy(self)
  File "/Library/Frameworks/Python.framework/Versions/3.14/lib/python3.14/copy.py", line 82, in copy
    return copier(x)
  File "/Users/amirxon/Desktop/ChaqmoqApp/venv/lib/python3.14/site-packages/django/template/context.py", line 158, in __copy__
    duplicate = super().__copy__()
  File "/Users/amirxon/Desktop/ChaqmoqApp/venv/lib/python3.14/site-packages/django/template/context.py", line 39, in __copy__
    duplicate.dicts = self.dicts[:]
    ^^^^^^^^^^^^^^^
AttributeError: 'super' object has no attribute 'dicts' and no __dict__ for setting new attributes
Internal Server Error: /admin/education/category/add/
Traceback (most recent call last):
  File "/Users/amirxon/Desktop/ChaqmoqApp/venv/lib/python3.14/site-packages/django/core/handlers/exception.py", line 55, in inner
    response = get_response(request)
  File "/Users/amirxon/Desktop/ChaqmoqApp/venv/lib/python3.14/site-packages/django/core/handlers/base.py", line 220, in _get_response
    response = response.render()
  File "/Users/amirxon/Desktop/ChaqmoqApp/venv/lib/python3.14/site-packages/django/template/response.py", line 114, in render
    self.content = self.rendered_content
                   ^^^^^^^^^^^^^^^^^^^^^
  File "/Users/amirxon/Desktop/ChaqmoqApp/venv/lib/python3.14/site-packages/django/template/response.py", line 92, in rendered_content
    return template.render(context, self._request)
           ~~~~~~~~~~~~~~~^^^^^^^^^^^^^^^^^^^^^^^^
  File "/Users/amirxon/Desktop/ChaqmoqApp/venv/lib/python3.14/site-packages/django/template/backends/django.py", line 61, in render
    return self.template.render(context)
           ~~~~~~~~~~~~~~~~~~~~^^^^^^^^^
  File "/Users/amirxon/Desktop/ChaqmoqApp/venv/lib/python3.14/site-packages/django/template/base.py", line 171, in render
    return self._render(context)
           ~~~~~~~~~~~~^^^^^^^^^
  File "/Users/amirxon/Desktop/ChaqmoqApp/venv/lib/python3.14/site-packages/django/template/base.py", line 163, in _render
    return self.nodelist.render(context)
           ~~~~~~~~~~~~~~~~~~~~^^^^^^^^^
  File "/Users/amirxon/Desktop/ChaqmoqApp/venv/lib/python3.14/site-packages/django/template/base.py", line 1000, in render
    return SafeString("".join([node.render_annotated(context) for node in self]))
                               ~~~~~~~~~~~~~~~~~~~~~^^^^^^^^^
  File "/Users/amirxon/Desktop/ChaqmoqApp/venv/lib/python3.14/site-packages/django/template/base.py", line 961, in render_annotated
    return self.render(context)
           ~~~~~~~~~~~^^^^^^^^^
  File "/Users/amirxon/Desktop/ChaqmoqApp/venv/lib/python3.14/site-packages/django/template/loader_tags.py", line 159, in render
    return compiled_parent._render(context)
           ~~~~~~~~~~~~~~~~~~~~~~~^^^^^^^^^
  File "/Users/amirxon/Desktop/ChaqmoqApp/venv/lib/python3.14/site-packages/django/template/base.py", line 163, in _render
    return self.nodelist.render(context)
           ~~~~~~~~~~~~~~~~~~~~^^^^^^^^^
  File "/Users/amirxon/Desktop/ChaqmoqApp/venv/lib/python3.14/site-packages/django/template/base.py", line 1000, in render
    return SafeString("".join([node.render_annotated(context) for node in self]))
                               ~~~~~~~~~~~~~~~~~~~~~^^^^^^^^^
  File "/Users/amirxon/Desktop/ChaqmoqApp/venv/lib/python3.14/site-packages/django/template/base.py", line 961, in render_annotated
    return self.render(context)
           ~~~~~~~~~~~^^^^^^^^^
  File "/Users/amirxon/Desktop/ChaqmoqApp/venv/lib/python3.14/site-packages/django/template/loader_tags.py", line 159, in render
    return compiled_parent._render(context)
           ~~~~~~~~~~~~~~~~~~~~~~~^^^^^^^^^
  File "/Users/amirxon/Desktop/ChaqmoqApp/venv/lib/python3.14/site-packages/django/template/base.py", line 163, in _render
    return self.nodelist.render(context)
           ~~~~~~~~~~~~~~~~~~~~^^^^^^^^^
  File "/Users/amirxon/Desktop/ChaqmoqApp/venv/lib/python3.14/site-packages/django/template/base.py", line 1000, in render
    return SafeString("".join([node.render_annotated(context) for node in self]))
                               ~~~~~~~~~~~~~~~~~~~~~^^^^^^^^^
  File "/Users/amirxon/Desktop/ChaqmoqApp/venv/lib/python3.14/site-packages/django/template/base.py", line 961, in render_annotated
    return self.render(context)
           ~~~~~~~~~~~^^^^^^^^^
  File "/Users/amirxon/Desktop/ChaqmoqApp/venv/lib/python3.14/site-packages/django/template/loader_tags.py", line 65, in render
    result = block.nodelist.render(context)
  File "/Users/amirxon/Desktop/ChaqmoqApp/venv/lib/python3.14/site-packages/django/template/base.py", line 1000, in render
    return SafeString("".join([node.render_annotated(context) for node in self]))
                               ~~~~~~~~~~~~~~~~~~~~~^^^^^^^^^
  File "/Users/amirxon/Desktop/ChaqmoqApp/venv/lib/python3.14/site-packages/django/template/base.py", line 961, in render_annotated
    return self.render(context)
           ~~~~~~~~~~~^^^^^^^^^
  File "/Users/amirxon/Desktop/ChaqmoqApp/venv/lib/python3.14/site-packages/django/template/loader_tags.py", line 65, in render
    result = block.nodelist.render(context)
  File "/Users/amirxon/Desktop/ChaqmoqApp/venv/lib/python3.14/site-packages/django/template/base.py", line 1000, in render
    return SafeString("".join([node.render_annotated(context) for node in self]))
                               ~~~~~~~~~~~~~~~~~~~~~^^^^^^^^^
  File "/Users/amirxon/Desktop/ChaqmoqApp/venv/lib/python3.14/site-packages/django/template/base.py", line 961, in render_annotated
    return self.render(context)
           ~~~~~~~~~~~^^^^^^^^^
  File "/Users/amirxon/Desktop/ChaqmoqApp/venv/lib/python3.14/site-packages/django/template/loader_tags.py", line 65, in render
    result = block.nodelist.render(context)
  File "/Users/amirxon/Desktop/ChaqmoqApp/venv/lib/python3.14/site-packages/django/template/base.py", line 1000, in render
    return SafeString("".join([node.render_annotated(context) for node in self]))
                               ~~~~~~~~~~~~~~~~~~~~~^^^^^^^^^
  File "/Users/amirxon/Desktop/ChaqmoqApp/venv/lib/python3.14/site-packages/django/template/base.py", line 961, in render_annotated
    return self.render(context)
           ~~~~~~~~~~~^^^^^^^^^
  File "/Users/amirxon/Desktop/ChaqmoqApp/venv/lib/python3.14/site-packages/django/contrib/admin/templatetags/base.py", line 45, in render
    return super().render(context)
           ~~~~~~~~~~~~~~^^^^^^^^^
  File "/Users/amirxon/Desktop/ChaqmoqApp/venv/lib/python3.14/site-packages/django/template/library.py", line 271, in render
    new_context = context.new(_dict)
  File "/Users/amirxon/Desktop/ChaqmoqApp/venv/lib/python3.14/site-packages/django/template/context.py", line 273, in new
    new_context = super().new(values)
  File "/Users/amirxon/Desktop/ChaqmoqApp/venv/lib/python3.14/site-packages/django/template/context.py", line 110, in new
    new_context = copy(self)
  File "/Library/Frameworks/Python.framework/Versions/3.14/lib/python3.14/copy.py", line 82, in copy
    return copier(x)
  File "/Users/amirxon/Desktop/ChaqmoqApp/venv/lib/python3.14/site-packages/django/template/context.py", line 158, in __copy__
    duplicate = super().__copy__()
  File "/Users/amirxon/Desktop/ChaqmoqApp/venv/lib/python3.14/site-packages/django/template/context.py", line 39, in __copy__
    duplicate.dicts = self.dicts[:]
    ^^^^^^^^^^^^^^^
AttributeError: 'super' object has no attribute 'dicts' and no __dict__ for setting new attributes
Internal Server Error: /admin/education/category/add/
Traceback (most recent call last):
  File "/Users/amirxon/Desktop/ChaqmoqApp/venv/lib/python3.14/site-packages/django/core/handlers/exception.py", line 55, in inner
    response = get_response(request)
  File "/Users/amirxon/Desktop/ChaqmoqApp/venv/lib/python3.14/site-packages/django/core/handlers/base.py", line 220, in _get_response
    response = response.render()
  File "/Users/amirxon/Desktop/ChaqmoqApp/venv/lib/python3.14/site-packages/django/template/response.py", line 114, in render
    self.content = self.rendered_content
                   ^^^^^^^^^^^^^^^^^^^^^
  File "/Users/amirxon/Desktop/ChaqmoqApp/venv/lib/python3.14/site-packages/django/template/response.py", line 92, in rendered_content
    return template.render(context, self._request)
           ~~~~~~~~~~~~~~~^^^^^^^^^^^^^^^^^^^^^^^^
  File "/Users/amirxon/Desktop/ChaqmoqApp/venv/lib/python3.14/site-packages/django/template/backends/django.py", line 61, in render
    return self.template.render(context)
           ~~~~~~~~~~~~~~~~~~~~^^^^^^^^^
  File "/Users/amirxon/Desktop/ChaqmoqApp/venv/lib/python3.14/site-packages/django/template/base.py", line 171, in render
    return self._render(context)
           ~~~~~~~~~~~~^^^^^^^^^
  File "/Users/amirxon/Desktop/ChaqmoqApp/venv/lib/python3.14/site-packages/django/template/base.py", line 163, in _render
    return self.nodelist.render(context)
           ~~~~~~~~~~~~~~~~~~~~^^^^^^^^^
  File "/Users/amirxon/Desktop/ChaqmoqApp/venv/lib/python3.14/site-packages/django/template/base.py", line 1000, in render
    return SafeString("".join([node.render_annotated(context) for node in self]))
                               ~~~~~~~~~~~~~~~~~~~~~^^^^^^^^^
  File "/Users/amirxon/Desktop/ChaqmoqApp/venv/lib/python3.14/site-packages/django/template/base.py", line 961, in render_annotated
    return self.render(context)
           ~~~~~~~~~~~^^^^^^^^^
  File "/Users/amirxon/Desktop/ChaqmoqApp/venv/lib/python3.14/site-packages/django/template/loader_tags.py", line 159, in render
    return compiled_parent._render(context)
           ~~~~~~~~~~~~~~~~~~~~~~~^^^^^^^^^
  File "/Users/amirxon/Desktop/ChaqmoqApp/venv/lib/python3.14/site-packages/django/template/base.py", line 163, in _render
    return self.nodelist.render(context)
           ~~~~~~~~~~~~~~~~~~~~^^^^^^^^^
  File "/Users/amirxon/Desktop/ChaqmoqApp/venv/lib/python3.14/site-packages/django/template/base.py", line 1000, in render
    return SafeString("".join([node.render_annotated(context) for node in self]))
                               ~~~~~~~~~~~~~~~~~~~~~^^^^^^^^^
  File "/Users/amirxon/Desktop/ChaqmoqApp/venv/lib/python3.14/site-packages/django/template/base.py", line 961, in render_annotated
    return self.render(context)
           ~~~~~~~~~~~^^^^^^^^^
  File "/Users/amirxon/Desktop/ChaqmoqApp/venv/lib/python3.14/site-packages/django/template/loader_tags.py", line 159, in render
    return compiled_parent._render(context)
           ~~~~~~~~~~~~~~~~~~~~~~~^^^^^^^^^
  File "/Users/amirxon/Desktop/ChaqmoqApp/venv/lib/python3.14/site-packages/django/template/base.py", line 163, in _render
    return self.nodelist.render(context)
           ~~~~~~~~~~~~~~~~~~~~^^^^^^^^^
  File "/Users/amirxon/Desktop/ChaqmoqApp/venv/lib/python3.14/site-packages/django/template/base.py", line 1000, in render
    return SafeString("".join([node.render_annotated(context) for node in self]))
                               ~~~~~~~~~~~~~~~~~~~~~^^^^^^^^^
  File "/Users/amirxon/Desktop/ChaqmoqApp/venv/lib/python3.14/site-packages/django/template/base.py", line 961, in render_annotated
    return self.render(context)
           ~~~~~~~~~~~^^^^^^^^^
  File "/Users/amirxon/Desktop/ChaqmoqApp/venv/lib/python3.14/site-packages/django/template/loader_tags.py", line 65, in render
    result = block.nodelist.render(context)
  File "/Users/amirxon/Desktop/ChaqmoqApp/venv/lib/python3.14/site-packages/django/template/base.py", line 1000, in render
    return SafeString("".join([node.render_annotated(context) for node in self]))
                               ~~~~~~~~~~~~~~~~~~~~~^^^^^^^^^
  File "/Users/amirxon/Desktop/ChaqmoqApp/venv/lib/python3.14/site-packages/django/template/base.py", line 961, in render_annotated
    return self.render(context)
           ~~~~~~~~~~~^^^^^^^^^
  File "/Users/amirxon/Desktop/ChaqmoqApp/venv/lib/python3.14/site-packages/django/template/loader_tags.py", line 65, in render
    result = block.nodelist.render(context)
  File "/Users/amirxon/Desktop/ChaqmoqApp/venv/lib/python3.14/site-packages/django/template/base.py", line 1000, in render
    return SafeString("".join([node.render_annotated(context) for node in self]))
                               ~~~~~~~~~~~~~~~~~~~~~^^^^^^^^^
  File "/Users/amirxon/Desktop/ChaqmoqApp/venv/lib/python3.14/site-packages/django/template/base.py", line 961, in render_annotated
    return self.render(context)
           ~~~~~~~~~~~^^^^^^^^^
  File "/Users/amirxon/Desktop/ChaqmoqApp/venv/lib/python3.14/site-packages/django/template/loader_tags.py", line 65, in render
    result = block.nodelist.render(context)
  File "/Users/amirxon/Desktop/ChaqmoqApp/venv/lib/python3.14/site-packages/django/template/base.py", line 1000, in render
    return SafeString("".join([node.render_annotated(context) for node in self]))
                               ~~~~~~~~~~~~~~~~~~~~~^^^^^^^^^
  File "/Users/amirxon/Desktop/ChaqmoqApp/venv/lib/python3.14/site-packages/django/template/base.py", line 961, in render_annotated
    return self.render(context)
           ~~~~~~~~~~~^^^^^^^^^
  File "/Users/amirxon/Desktop/ChaqmoqApp/venv/lib/python3.14/site-packages/django/contrib/admin/templatetags/base.py", line 45, in render
    return super().render(context)
           ~~~~~~~~~~~~~~^^^^^^^^^
  File "/Users/amirxon/Desktop/ChaqmoqApp/venv/lib/python3.14/site-packages/django/template/library.py", line 271, in render
    new_context = context.new(_dict)
  File "/Users/amirxon/Desktop/ChaqmoqApp/venv/lib/python3.14/site-packages/django/template/context.py", line 273, in new
    new_context = super().new(values)
  File "/Users/amirxon/Desktop/ChaqmoqApp/venv/lib/python3.14/site-packages/django/template/context.py", line 110, in new
    new_context = copy(self)
  File "/Library/Frameworks/Python.framework/Versions/3.14/lib/python3.14/copy.py", line 82, in copy
    return copier(x)
  File "/Users/amirxon/Desktop/ChaqmoqApp/venv/lib/python3.14/site-packages/django/template/context.py", line 158, in __copy__
    duplicate = super().__copy__()
  File "/Users/amirxon/Desktop/ChaqmoqApp/venv/lib/python3.14/site-packages/django/template/context.py", line 39, in __copy__
    duplicate.dicts = self.dicts[:]
    ^^^^^^^^^^^^^^^
AttributeError: 'super' object has no attribute 'dicts' and no __dict__ for setting new attributes
Internal Server Error: /admin/education/dailylightningsetting/
Traceback (most recent call last):
  File "/Users/amirxon/Desktop/ChaqmoqApp/venv/lib/python3.14/site-packages/django/core/handlers/exception.py", line 55, in inner
    response = get_response(request)
  File "/Users/amirxon/Desktop/ChaqmoqApp/venv/lib/python3.14/site-packages/django/core/handlers/base.py", line 220, in _get_response
    response = response.render()
  File "/Users/amirxon/Desktop/ChaqmoqApp/venv/lib/python3.14/site-packages/django/template/response.py", line 114, in render
    self.content = self.rendered_content
                   ^^^^^^^^^^^^^^^^^^^^^
  File "/Users/amirxon/Desktop/ChaqmoqApp/venv/lib/python3.14/site-packages/django/template/response.py", line 92, in rendered_content
    return template.render(context, self._request)
           ~~~~~~~~~~~~~~~^^^^^^^^^^^^^^^^^^^^^^^^
  File "/Users/amirxon/Desktop/ChaqmoqApp/venv/lib/python3.14/site-packages/django/template/backends/django.py", line 61, in render
    return self.template.render(context)
           ~~~~~~~~~~~~~~~~~~~~^^^^^^^^^
  File "/Users/amirxon/Desktop/ChaqmoqApp/venv/lib/python3.14/site-packages/django/template/base.py", line 171, in render
    return self._render(context)
           ~~~~~~~~~~~~^^^^^^^^^
  File "/Users/amirxon/Desktop/ChaqmoqApp/venv/lib/python3.14/site-packages/django/template/base.py", line 163, in _render
    return self.nodelist.render(context)
           ~~~~~~~~~~~~~~~~~~~~^^^^^^^^^
  File "/Users/amirxon/Desktop/ChaqmoqApp/venv/lib/python3.14/site-packages/django/template/base.py", line 1000, in render
    return SafeString("".join([node.render_annotated(context) for node in self]))
                               ~~~~~~~~~~~~~~~~~~~~~^^^^^^^^^
  File "/Users/amirxon/Desktop/ChaqmoqApp/venv/lib/python3.14/site-packages/django/template/base.py", line 961, in render_annotated
    return self.render(context)
           ~~~~~~~~~~~^^^^^^^^^
  File "/Users/amirxon/Desktop/ChaqmoqApp/venv/lib/python3.14/site-packages/django/template/loader_tags.py", line 159, in render
    return compiled_parent._render(context)
           ~~~~~~~~~~~~~~~~~~~~~~~^^^^^^^^^
  File "/Users/amirxon/Desktop/ChaqmoqApp/venv/lib/python3.14/site-packages/django/template/base.py", line 163, in _render
    return self.nodelist.render(context)
           ~~~~~~~~~~~~~~~~~~~~^^^^^^^^^
  File "/Users/amirxon/Desktop/ChaqmoqApp/venv/lib/python3.14/site-packages/django/template/base.py", line 1000, in render
    return SafeString("".join([node.render_annotated(context) for node in self]))
                               ~~~~~~~~~~~~~~~~~~~~~^^^^^^^^^
  File "/Users/amirxon/Desktop/ChaqmoqApp/venv/lib/python3.14/site-packages/django/template/base.py", line 961, in render_annotated
    return self.render(context)
           ~~~~~~~~~~~^^^^^^^^^
  File "/Users/amirxon/Desktop/ChaqmoqApp/venv/lib/python3.14/site-packages/django/template/loader_tags.py", line 159, in render
    return compiled_parent._render(context)
           ~~~~~~~~~~~~~~~~~~~~~~~^^^^^^^^^
  File "/Users/amirxon/Desktop/ChaqmoqApp/venv/lib/python3.14/site-packages/django/template/base.py", line 163, in _render
    return self.nodelist.render(context)
           ~~~~~~~~~~~~~~~~~~~~^^^^^^^^^
  File "/Users/amirxon/Desktop/ChaqmoqApp/venv/lib/python3.14/site-packages/django/template/base.py", line 1000, in render
    return SafeString("".join([node.render_annotated(context) for node in self]))
                               ~~~~~~~~~~~~~~~~~~~~~^^^^^^^^^
  File "/Users/amirxon/Desktop/ChaqmoqApp/venv/lib/python3.14/site-packages/django/template/base.py", line 961, in render_annotated
    return self.render(context)
           ~~~~~~~~~~~^^^^^^^^^
  File "/Users/amirxon/Desktop/ChaqmoqApp/venv/lib/python3.14/site-packages/django/template/loader_tags.py", line 65, in render
    result = block.nodelist.render(context)
  File "/Users/amirxon/Desktop/ChaqmoqApp/venv/lib/python3.14/site-packages/django/template/base.py", line 1000, in render
    return SafeString("".join([node.render_annotated(context) for node in self]))
                               ~~~~~~~~~~~~~~~~~~~~~^^^^^^^^^
  File "/Users/amirxon/Desktop/ChaqmoqApp/venv/lib/python3.14/site-packages/django/template/base.py", line 961, in render_annotated
    return self.render(context)
           ~~~~~~~~~~~^^^^^^^^^
  File "/Users/amirxon/Desktop/ChaqmoqApp/venv/lib/python3.14/site-packages/django/template/loader_tags.py", line 65, in render
    result = block.nodelist.render(context)
  File "/Users/amirxon/Desktop/ChaqmoqApp/venv/lib/python3.14/site-packages/django/template/base.py", line 1000, in render
    return SafeString("".join([node.render_annotated(context) for node in self]))
                               ~~~~~~~~~~~~~~~~~~~~~^^^^^^^^^
  File "/Users/amirxon/Desktop/ChaqmoqApp/venv/lib/python3.14/site-packages/django/template/base.py", line 961, in render_annotated
    return self.render(context)
           ~~~~~~~~~~~^^^^^^^^^
  File "/Users/amirxon/Desktop/ChaqmoqApp/venv/lib/python3.14/site-packages/django/template/loader_tags.py", line 65, in render
    result = block.nodelist.render(context)
  File "/Users/amirxon/Desktop/ChaqmoqApp/venv/lib/python3.14/site-packages/django/template/base.py", line 1000, in render
    return SafeString("".join([node.render_annotated(context) for node in self]))
                               ~~~~~~~~~~~~~~~~~~~~~^^^^^^^^^
  File "/Users/amirxon/Desktop/ChaqmoqApp/venv/lib/python3.14/site-packages/django/template/base.py", line 961, in render_annotated
    return self.render(context)
           ~~~~~~~~~~~^^^^^^^^^
  File "/Users/amirxon/Desktop/ChaqmoqApp/venv/lib/python3.14/site-packages/django/template/loader_tags.py", line 65, in render
    result = block.nodelist.render(context)
  File "/Users/amirxon/Desktop/ChaqmoqApp/venv/lib/python3.14/site-packages/django/template/base.py", line 1000, in render
    return SafeString("".join([node.render_annotated(context) for node in self]))
                               ~~~~~~~~~~~~~~~~~~~~~^^^^^^^^^
  File "/Users/amirxon/Desktop/ChaqmoqApp/venv/lib/python3.14/site-packages/django/template/base.py", line 961, in render_annotated
    return self.render(context)
           ~~~~~~~~~~~^^^^^^^^^
  File "/Users/amirxon/Desktop/ChaqmoqApp/venv/lib/python3.14/site-packages/django/template/loader_tags.py", line 65, in render
    result = block.nodelist.render(context)
  File "/Users/amirxon/Desktop/ChaqmoqApp/venv/lib/python3.14/site-packages/django/template/base.py", line 1000, in render
    return SafeString("".join([node.render_annotated(context) for node in self]))
                               ~~~~~~~~~~~~~~~~~~~~~^^^^^^^^^
  File "/Users/amirxon/Desktop/ChaqmoqApp/venv/lib/python3.14/site-packages/django/template/base.py", line 961, in render_annotated
    return self.render(context)
           ~~~~~~~~~~~^^^^^^^^^
  File "/Users/amirxon/Desktop/ChaqmoqApp/venv/lib/python3.14/site-packages/django/contrib/admin/templatetags/base.py", line 45, in render
    return super().render(context)
           ~~~~~~~~~~~~~~^^^^^^^^^
  File "/Users/amirxon/Desktop/ChaqmoqApp/venv/lib/python3.14/site-packages/django/template/library.py", line 271, in render
    new_context = context.new(_dict)
  File "/Users/amirxon/Desktop/ChaqmoqApp/venv/lib/python3.14/site-packages/django/template/context.py", line 273, in new
    new_context = super().new(values)
  File "/Users/amirxon/Desktop/ChaqmoqApp/venv/lib/python3.14/site-packages/django/template/context.py", line 110, in new
    new_context = copy(self)
  File "/Library/Frameworks/Python.framework/Versions/3.14/lib/python3.14/copy.py", line 82, in copy
    return copier(x)
  File "/Users/amirxon/Desktop/ChaqmoqApp/venv/lib/python3.14/site-packages/django/template/context.py", line 158, in __copy__
    duplicate = super().__copy__()
  File "/Users/amirxon/Desktop/ChaqmoqApp/venv/lib/python3.14/site-packages/django/template/context.py", line 39, in __copy__
    duplicate.dicts = self.dicts[:]
    ^^^^^^^^^^^^^^^
AttributeError: 'super' object has no attribute 'dicts' and no __dict__ for setting new attributes
Internal Server Error: /admin/education/dailylightningsetting/
Traceback (most recent call last):
  File "/Users/amirxon/Desktop/ChaqmoqApp/venv/lib/python3.14/site-packages/django/core/handlers/exception.py", line 55, in inner
    response = get_response(request)
  File "/Users/amirxon/Desktop/ChaqmoqApp/venv/lib/python3.14/site-packages/django/core/handlers/base.py", line 220, in _get_response
    response = response.render()
  File "/Users/amirxon/Desktop/ChaqmoqApp/venv/lib/python3.14/site-packages/django/template/response.py", line 114, in render
    self.content = self.rendered_content
                   ^^^^^^^^^^^^^^^^^^^^^
  File "/Users/amirxon/Desktop/ChaqmoqApp/venv/lib/python3.14/site-packages/django/template/response.py", line 92, in rendered_content
    return template.render(context, self._request)
           ~~~~~~~~~~~~~~~^^^^^^^^^^^^^^^^^^^^^^^^
  File "/Users/amirxon/Desktop/ChaqmoqApp/venv/lib/python3.14/site-packages/django/template/backends/django.py", line 61, in render
    return self.template.render(context)
           ~~~~~~~~~~~~~~~~~~~~^^^^^^^^^
  File "/Users/amirxon/Desktop/ChaqmoqApp/venv/lib/python3.14/site-packages/django/template/base.py", line 171, in render
    return self._render(context)
           ~~~~~~~~~~~~^^^^^^^^^
  File "/Users/amirxon/Desktop/ChaqmoqApp/venv/lib/python3.14/site-packages/django/template/base.py", line 163, in _render
    return self.nodelist.render(context)
           ~~~~~~~~~~~~~~~~~~~~^^^^^^^^^
  File "/Users/amirxon/Desktop/ChaqmoqApp/venv/lib/python3.14/site-packages/django/template/base.py", line 1000, in render
    return SafeString("".join([node.render_annotated(context) for node in self]))
                               ~~~~~~~~~~~~~~~~~~~~~^^^^^^^^^
  File "/Users/amirxon/Desktop/ChaqmoqApp/venv/lib/python3.14/site-packages/django/template/base.py", line 961, in render_annotated
    return self.render(context)
           ~~~~~~~~~~~^^^^^^^^^
  File "/Users/amirxon/Desktop/ChaqmoqApp/venv/lib/python3.14/site-packages/django/template/loader_tags.py", line 159, in render
    return compiled_parent._render(context)
           ~~~~~~~~~~~~~~~~~~~~~~~^^^^^^^^^
  File "/Users/amirxon/Desktop/ChaqmoqApp/venv/lib/python3.14/site-packages/django/template/base.py", line 163, in _render
    return self.nodelist.render(context)
           ~~~~~~~~~~~~~~~~~~~~^^^^^^^^^
  File "/Users/amirxon/Desktop/ChaqmoqApp/venv/lib/python3.14/site-packages/django/template/base.py", line 1000, in render
    return SafeString("".join([node.render_annotated(context) for node in self]))
                               ~~~~~~~~~~~~~~~~~~~~~^^^^^^^^^
  File "/Users/amirxon/Desktop/ChaqmoqApp/venv/lib/python3.14/site-packages/django/template/base.py", line 961, in render_annotated
    return self.render(context)
           ~~~~~~~~~~~^^^^^^^^^
  File "/Users/amirxon/Desktop/ChaqmoqApp/venv/lib/python3.14/site-packages/django/template/loader_tags.py", line 159, in render
    return compiled_parent._render(context)
           ~~~~~~~~~~~~~~~~~~~~~~~^^^^^^^^^
  File "/Users/amirxon/Desktop/ChaqmoqApp/venv/lib/python3.14/site-packages/django/template/base.py", line 163, in _render
    return self.nodelist.render(context)
           ~~~~~~~~~~~~~~~~~~~~^^^^^^^^^
  File "/Users/amirxon/Desktop/ChaqmoqApp/venv/lib/python3.14/site-packages/django/template/base.py", line 1000, in render
    return SafeString("".join([node.render_annotated(context) for node in self]))
                               ~~~~~~~~~~~~~~~~~~~~~^^^^^^^^^
  File "/Users/amirxon/Desktop/ChaqmoqApp/venv/lib/python3.14/site-packages/django/template/base.py", line 961, in render_annotated
    return self.render(context)
           ~~~~~~~~~~~^^^^^^^^^
  File "/Users/amirxon/Desktop/ChaqmoqApp/venv/lib/python3.14/site-packages/django/template/loader_tags.py", line 65, in render
    result = block.nodelist.render(context)
  File "/Users/amirxon/Desktop/ChaqmoqApp/venv/lib/python3.14/site-packages/django/template/base.py", line 1000, in render
    return SafeString("".join([node.render_annotated(context) for node in self]))
                               ~~~~~~~~~~~~~~~~~~~~~^^^^^^^^^
  File "/Users/amirxon/Desktop/ChaqmoqApp/venv/lib/python3.14/site-packages/django/template/base.py", line 961, in render_annotated
    return self.render(context)
           ~~~~~~~~~~~^^^^^^^^^
  File "/Users/amirxon/Desktop/ChaqmoqApp/venv/lib/python3.14/site-packages/django/template/loader_tags.py", line 65, in render
    result = block.nodelist.render(context)
  File "/Users/amirxon/Desktop/ChaqmoqApp/venv/lib/python3.14/site-packages/django/template/base.py", line 1000, in render
    return SafeString("".join([node.render_annotated(context) for node in self]))
                               ~~~~~~~~~~~~~~~~~~~~~^^^^^^^^^
  File "/Users/amirxon/Desktop/ChaqmoqApp/venv/lib/python3.14/site-packages/django/template/base.py", line 961, in render_annotated
    return self.render(context)
           ~~~~~~~~~~~^^^^^^^^^
  File "/Users/amirxon/Desktop/ChaqmoqApp/venv/lib/python3.14/site-packages/django/template/loader_tags.py", line 65, in render
    result = block.nodelist.render(context)
  File "/Users/amirxon/Desktop/ChaqmoqApp/venv/lib/python3.14/site-packages/django/template/base.py", line 1000, in render
    return SafeString("".join([node.render_annotated(context) for node in self]))
                               ~~~~~~~~~~~~~~~~~~~~~^^^^^^^^^
  File "/Users/amirxon/Desktop/ChaqmoqApp/venv/lib/python3.14/site-packages/django/template/base.py", line 961, in render_annotated
    return self.render(context)
           ~~~~~~~~~~~^^^^^^^^^
  File "/Users/amirxon/Desktop/ChaqmoqApp/venv/lib/python3.14/site-packages/django/template/loader_tags.py", line 65, in render
    result = block.nodelist.render(context)
  File "/Users/amirxon/Desktop/ChaqmoqApp/venv/lib/python3.14/site-packages/django/template/base.py", line 1000, in render
    return SafeString("".join([node.render_annotated(context) for node in self]))
                               ~~~~~~~~~~~~~~~~~~~~~^^^^^^^^^
  File "/Users/amirxon/Desktop/ChaqmoqApp/venv/lib/python3.14/site-packages/django/template/base.py", line 961, in render_annotated
    return self.render(context)
           ~~~~~~~~~~~^^^^^^^^^
  File "/Users/amirxon/Desktop/ChaqmoqApp/venv/lib/python3.14/site-packages/django/template/loader_tags.py", line 65, in render
    result = block.nodelist.render(context)
  File "/Users/amirxon/Desktop/ChaqmoqApp/venv/lib/python3.14/site-packages/django/template/base.py", line 1000, in render
    return SafeString("".join([node.render_annotated(context) for node in self]))
                               ~~~~~~~~~~~~~~~~~~~~~^^^^^^^^^
  File "/Users/amirxon/Desktop/ChaqmoqApp/venv/lib/python3.14/site-packages/django/template/base.py", line 961, in render_annotated
    return self.render(context)
           ~~~~~~~~~~~^^^^^^^^^
  File "/Users/amirxon/Desktop/ChaqmoqApp/venv/lib/python3.14/site-packages/django/contrib/admin/templatetags/base.py", line 45, in render
    return super().render(context)
           ~~~~~~~~~~~~~~^^^^^^^^^
  File "/Users/amirxon/Desktop/ChaqmoqApp/venv/lib/python3.14/site-packages/django/template/library.py", line 271, in render
    new_context = context.new(_dict)
  File "/Users/amirxon/Desktop/ChaqmoqApp/venv/lib/python3.14/site-packages/django/template/context.py", line 273, in new
    new_context = super().new(values)
  File "/Users/amirxon/Desktop/ChaqmoqApp/venv/lib/python3.14/site-packages/django/template/context.py", line 110, in new
    new_context = copy(self)
  File "/Library/Frameworks/Python.framework/Versions/3.14/lib/python3.14/copy.py", line 82, in copy
    return copier(x)
  File "/Users/amirxon/Desktop/ChaqmoqApp/venv/lib/python3.14/site-packages/django/template/context.py", line 158, in __copy__
    duplicate = super().__copy__()
  File "/Users/amirxon/Desktop/ChaqmoqApp/venv/lib/python3.14/site-packages/django/template/context.py", line 39, in __copy__
    duplicate.dicts = self.dicts[:]
    ^^^^^^^^^^^^^^^
AttributeError: 'super' object has no attribute 'dicts' and no __dict__ for setting new attributes
Internal Server Error: /admin/education/dailylightningsetting/add/
Traceback (most recent call last):
  File "/Users/amirxon/Desktop/ChaqmoqApp/venv/lib/python3.14/site-packages/django/core/handlers/exception.py", line 55, in inner
    response = get_response(request)
  File "/Users/amirxon/Desktop/ChaqmoqApp/venv/lib/python3.14/site-packages/django/core/handlers/base.py", line 220, in _get_response
    response = response.render()
  File "/Users/amirxon/Desktop/ChaqmoqApp/venv/lib/python3.14/site-packages/django/template/response.py", line 114, in render
    self.content = self.rendered_content
                   ^^^^^^^^^^^^^^^^^^^^^
  File "/Users/amirxon/Desktop/ChaqmoqApp/venv/lib/python3.14/site-packages/django/template/response.py", line 92, in rendered_content
    return template.render(context, self._request)
           ~~~~~~~~~~~~~~~^^^^^^^^^^^^^^^^^^^^^^^^
  File "/Users/amirxon/Desktop/ChaqmoqApp/venv/lib/python3.14/site-packages/django/template/backends/django.py", line 61, in render
    return self.template.render(context)
           ~~~~~~~~~~~~~~~~~~~~^^^^^^^^^
  File "/Users/amirxon/Desktop/ChaqmoqApp/venv/lib/python3.14/site-packages/django/template/base.py", line 171, in render
    return self._render(context)
           ~~~~~~~~~~~~^^^^^^^^^
  File "/Users/amirxon/Desktop/ChaqmoqApp/venv/lib/python3.14/site-packages/django/template/base.py", line 163, in _render
    return self.nodelist.render(context)
           ~~~~~~~~~~~~~~~~~~~~^^^^^^^^^
  File "/Users/amirxon/Desktop/ChaqmoqApp/venv/lib/python3.14/site-packages/django/template/base.py", line 1000, in render
    return SafeString("".join([node.render_annotated(context) for node in self]))
                               ~~~~~~~~~~~~~~~~~~~~~^^^^^^^^^
  File "/Users/amirxon/Desktop/ChaqmoqApp/venv/lib/python3.14/site-packages/django/template/base.py", line 961, in render_annotated
    return self.render(context)
           ~~~~~~~~~~~^^^^^^^^^
  File "/Users/amirxon/Desktop/ChaqmoqApp/venv/lib/python3.14/site-packages/django/template/loader_tags.py", line 159, in render
    return compiled_parent._render(context)
           ~~~~~~~~~~~~~~~~~~~~~~~^^^^^^^^^
  File "/Users/amirxon/Desktop/ChaqmoqApp/venv/lib/python3.14/site-packages/django/template/base.py", line 163, in _render
    return self.nodelist.render(context)
           ~~~~~~~~~~~~~~~~~~~~^^^^^^^^^
  File "/Users/amirxon/Desktop/ChaqmoqApp/venv/lib/python3.14/site-packages/django/template/base.py", line 1000, in render
    return SafeString("".join([node.render_annotated(context) for node in self]))
                               ~~~~~~~~~~~~~~~~~~~~~^^^^^^^^^
  File "/Users/amirxon/Desktop/ChaqmoqApp/venv/lib/python3.14/site-packages/django/template/base.py", line 961, in render_annotated
    return self.render(context)
           ~~~~~~~~~~~^^^^^^^^^
  File "/Users/amirxon/Desktop/ChaqmoqApp/venv/lib/python3.14/site-packages/django/template/loader_tags.py", line 159, in render
    return compiled_parent._render(context)
           ~~~~~~~~~~~~~~~~~~~~~~~^^^^^^^^^
  File "/Users/amirxon/Desktop/ChaqmoqApp/venv/lib/python3.14/site-packages/django/template/base.py", line 163, in _render
    return self.nodelist.render(context)
           ~~~~~~~~~~~~~~~~~~~~^^^^^^^^^
  File "/Users/amirxon/Desktop/ChaqmoqApp/venv/lib/python3.14/site-packages/django/template/base.py", line 1000, in render
    return SafeString("".join([node.render_annotated(context) for node in self]))
                               ~~~~~~~~~~~~~~~~~~~~~^^^^^^^^^
  File "/Users/amirxon/Desktop/ChaqmoqApp/venv/lib/python3.14/site-packages/django/template/base.py", line 961, in render_annotated
    return self.render(context)
           ~~~~~~~~~~~^^^^^^^^^
  File "/Users/amirxon/Desktop/ChaqmoqApp/venv/lib/python3.14/site-packages/django/template/loader_tags.py", line 65, in render
    result = block.nodelist.render(context)
  File "/Users/amirxon/Desktop/ChaqmoqApp/venv/lib/python3.14/site-packages/django/template/base.py", line 1000, in render
    return SafeString("".join([node.render_annotated(context) for node in self]))
                               ~~~~~~~~~~~~~~~~~~~~~^^^^^^^^^
  File "/Users/amirxon/Desktop/ChaqmoqApp/venv/lib/python3.14/site-packages/django/template/base.py", line 961, in render_annotated
    return self.render(context)
           ~~~~~~~~~~~^^^^^^^^^
  File "/Users/amirxon/Desktop/ChaqmoqApp/venv/lib/python3.14/site-packages/django/template/loader_tags.py", line 65, in render
    result = block.nodelist.render(context)
  File "/Users/amirxon/Desktop/ChaqmoqApp/venv/lib/python3.14/site-packages/django/template/base.py", line 1000, in render
    return SafeString("".join([node.render_annotated(context) for node in self]))
                               ~~~~~~~~~~~~~~~~~~~~~^^^^^^^^^
  File "/Users/amirxon/Desktop/ChaqmoqApp/venv/lib/python3.14/site-packages/django/template/base.py", line 961, in render_annotated
    return self.render(context)
           ~~~~~~~~~~~^^^^^^^^^
  File "/Users/amirxon/Desktop/ChaqmoqApp/venv/lib/python3.14/site-packages/django/template/loader_tags.py", line 65, in render
    result = block.nodelist.render(context)
  File "/Users/amirxon/Desktop/ChaqmoqApp/venv/lib/python3.14/site-packages/django/template/base.py", line 1000, in render
    return SafeString("".join([node.render_annotated(context) for node in self]))
                               ~~~~~~~~~~~~~~~~~~~~~^^^^^^^^^
  File "/Users/amirxon/Desktop/ChaqmoqApp/venv/lib/python3.14/site-packages/django/template/base.py", line 961, in render_annotated
    return self.render(context)
           ~~~~~~~~~~~^^^^^^^^^
  File "/Users/amirxon/Desktop/ChaqmoqApp/venv/lib/python3.14/site-packages/django/contrib/admin/templatetags/base.py", line 45, in render
    return super().render(context)
           ~~~~~~~~~~~~~~^^^^^^^^^
  File "/Users/amirxon/Desktop/ChaqmoqApp/venv/lib/python3.14/site-packages/django/template/library.py", line 271, in render
    new_context = context.new(_dict)
  File "/Users/amirxon/Desktop/ChaqmoqApp/venv/lib/python3.14/site-packages/django/template/context.py", line 273, in new
    new_context = super().new(values)
  File "/Users/amirxon/Desktop/ChaqmoqApp/venv/lib/python3.14/site-packages/django/template/context.py", line 110, in new
    new_context = copy(self)
  File "/Library/Frameworks/Python.framework/Versions/3.14/lib/python3.14/copy.py", line 82, in copy
    return copier(x)
  File "/Users/amirxon/Desktop/ChaqmoqApp/venv/lib/python3.14/site-packages/django/template/context.py", line 158, in __copy__
    duplicate = super().__copy__()
  File "/Users/amirxon/Desktop/ChaqmoqApp/venv/lib/python3.14/site-packages/django/template/context.py", line 39, in __copy__
    duplicate.dicts = self.dicts[:]
    ^^^^^^^^^^^^^^^
AttributeError: 'super' object has no attribute 'dicts' and no __dict__ for setting new attributes
Internal Server Error: /admin/education/dailylightningsetting/add/
Traceback (most recent call last):
  File "/Users/amirxon/Desktop/ChaqmoqApp/venv/lib/python3.14/site-packages/django/core/handlers/exception.py", line 55, in inner
    response = get_response(request)
  File "/Users/amirxon/Desktop/ChaqmoqApp/venv/lib/python3.14/site-packages/django/core/handlers/base.py", line 220, in _get_response
    response = response.render()
  File "/Users/amirxon/Desktop/ChaqmoqApp/venv/lib/python3.14/site-packages/django/template/response.py", line 114, in render
    self.content = self.rendered_content
                   ^^^^^^^^^^^^^^^^^^^^^
  File "/Users/amirxon/Desktop/ChaqmoqApp/venv/lib/python3.14/site-packages/django/template/response.py", line 92, in rendered_content
    return template.render(context, self._request)
           ~~~~~~~~~~~~~~~^^^^^^^^^^^^^^^^^^^^^^^^
  File "/Users/amirxon/Desktop/ChaqmoqApp/venv/lib/python3.14/site-packages/django/template/backends/django.py", line 61, in render
    return self.template.render(context)
           ~~~~~~~~~~~~~~~~~~~~^^^^^^^^^
  File "/Users/amirxon/Desktop/ChaqmoqApp/venv/lib/python3.14/site-packages/django/template/base.py", line 171, in render
    return self._render(context)
           ~~~~~~~~~~~~^^^^^^^^^
  File "/Users/amirxon/Desktop/ChaqmoqApp/venv/lib/python3.14/site-packages/django/template/base.py", line 163, in _render
    return self.nodelist.render(context)
           ~~~~~~~~~~~~~~~~~~~~^^^^^^^^^
  File "/Users/amirxon/Desktop/ChaqmoqApp/venv/lib/python3.14/site-packages/django/template/base.py", line 1000, in render
    return SafeString("".join([node.render_annotated(context) for node in self]))
                               ~~~~~~~~~~~~~~~~~~~~~^^^^^^^^^
  File "/Users/amirxon/Desktop/ChaqmoqApp/venv/lib/python3.14/site-packages/django/template/base.py", line 961, in render_annotated
    return self.render(context)
           ~~~~~~~~~~~^^^^^^^^^
  File "/Users/amirxon/Desktop/ChaqmoqApp/venv/lib/python3.14/site-packages/django/template/loader_tags.py", line 159, in render
    return compiled_parent._render(context)
           ~~~~~~~~~~~~~~~~~~~~~~~^^^^^^^^^
  File "/Users/amirxon/Desktop/ChaqmoqApp/venv/lib/python3.14/site-packages/django/template/base.py", line 163, in _render
    return self.nodelist.render(context)
           ~~~~~~~~~~~~~~~~~~~~^^^^^^^^^
  File "/Users/amirxon/Desktop/ChaqmoqApp/venv/lib/python3.14/site-packages/django/template/base.py", line 1000, in render
    return SafeString("".join([node.render_annotated(context) for node in self]))
                               ~~~~~~~~~~~~~~~~~~~~~^^^^^^^^^
  File "/Users/amirxon/Desktop/ChaqmoqApp/venv/lib/python3.14/site-packages/django/template/base.py", line 961, in render_annotated
    return self.render(context)
           ~~~~~~~~~~~^^^^^^^^^
  File "/Users/amirxon/Desktop/ChaqmoqApp/venv/lib/python3.14/site-packages/django/template/loader_tags.py", line 159, in render
    return compiled_parent._render(context)
           ~~~~~~~~~~~~~~~~~~~~~~~^^^^^^^^^
  File "/Users/amirxon/Desktop/ChaqmoqApp/venv/lib/python3.14/site-packages/django/template/base.py", line 163, in _render
    return self.nodelist.render(context)
           ~~~~~~~~~~~~~~~~~~~~^^^^^^^^^
  File "/Users/amirxon/Desktop/ChaqmoqApp/venv/lib/python3.14/site-packages/django/template/base.py", line 1000, in render
    return SafeString("".join([node.render_annotated(context) for node in self]))
                               ~~~~~~~~~~~~~~~~~~~~~^^^^^^^^^
  File "/Users/amirxon/Desktop/ChaqmoqApp/venv/lib/python3.14/site-packages/django/template/base.py", line 961, in render_annotated
    return self.render(context)
           ~~~~~~~~~~~^^^^^^^^^
  File "/Users/amirxon/Desktop/ChaqmoqApp/venv/lib/python3.14/site-packages/django/template/loader_tags.py", line 65, in render
    result = block.nodelist.render(context)
  File "/Users/amirxon/Desktop/ChaqmoqApp/venv/lib/python3.14/site-packages/django/template/base.py", line 1000, in render
    return SafeString("".join([node.render_annotated(context) for node in self]))
                               ~~~~~~~~~~~~~~~~~~~~~^^^^^^^^^
  File "/Users/amirxon/Desktop/ChaqmoqApp/venv/lib/python3.14/site-packages/django/template/base.py", line 961, in render_annotated
    return self.render(context)
           ~~~~~~~~~~~^^^^^^^^^
  File "/Users/amirxon/Desktop/ChaqmoqApp/venv/lib/python3.14/site-packages/django/template/loader_tags.py", line 65, in render
    result = block.nodelist.render(context)
  File "/Users/amirxon/Desktop/ChaqmoqApp/venv/lib/python3.14/site-packages/django/template/base.py", line 1000, in render
    return SafeString("".join([node.render_annotated(context) for node in self]))
                               ~~~~~~~~~~~~~~~~~~~~~^^^^^^^^^
  File "/Users/amirxon/Desktop/ChaqmoqApp/venv/lib/python3.14/site-packages/django/template/base.py", line 961, in render_annotated
    return self.render(context)
           ~~~~~~~~~~~^^^^^^^^^
  File "/Users/amirxon/Desktop/ChaqmoqApp/venv/lib/python3.14/site-packages/django/template/loader_tags.py", line 65, in render
    result = block.nodelist.render(context)
  File "/Users/amirxon/Desktop/ChaqmoqApp/venv/lib/python3.14/site-packages/django/template/base.py", line 1000, in render
    return SafeString("".join([node.render_annotated(context) for node in self]))
                               ~~~~~~~~~~~~~~~~~~~~~^^^^^^^^^
  File "/Users/amirxon/Desktop/ChaqmoqApp/venv/lib/python3.14/site-packages/django/template/base.py", line 961, in render_annotated
    return self.render(context)
           ~~~~~~~~~~~^^^^^^^^^
  File "/Users/amirxon/Desktop/ChaqmoqApp/venv/lib/python3.14/site-packages/django/contrib/admin/templatetags/base.py", line 45, in render
    return super().render(context)
           ~~~~~~~~~~~~~~^^^^^^^^^
  File "/Users/amirxon/Desktop/ChaqmoqApp/venv/lib/python3.14/site-packages/django/template/library.py", line 271, in render
    new_context = context.new(_dict)
  File "/Users/amirxon/Desktop/ChaqmoqApp/venv/lib/python3.14/site-packages/django/template/context.py", line 273, in new
    new_context = super().new(values)
  File "/Users/amirxon/Desktop/ChaqmoqApp/venv/lib/python3.14/site-packages/django/template/context.py", line 110, in new
    new_context = copy(self)
  File "/Library/Frameworks/Python.framework/Versions/3.14/lib/python3.14/copy.py", line 82, in copy
    return copier(x)
  File "/Users/amirxon/Desktop/ChaqmoqApp/venv/lib/python3.14/site-packages/django/template/context.py", line 158, in __copy__
    duplicate = super().__copy__()
  File "/Users/amirxon/Desktop/ChaqmoqApp/venv/lib/python3.14/site-packages/django/template/context.py", line 39, in __copy__
    duplicate.dicts = self.dicts[:]
    ^^^^^^^^^^^^^^^
AttributeError: 'super' object has no attribute 'dicts' and no __dict__ for setting new attributes
Internal Server Error: /admin/chaqmoq/rule/
Traceback (most recent call last):
  File "/Users/amirxon/Desktop/ChaqmoqApp/venv/lib/python3.14/site-packages/django/core/handlers/exception.py", line 55, in inner
    response = get_response(request)
  File "/Users/amirxon/Desktop/ChaqmoqApp/venv/lib/python3.14/site-packages/django/core/handlers/base.py", line 220, in _get_response
    response = response.render()
  File "/Users/amirxon/Desktop/ChaqmoqApp/venv/lib/python3.14/site-packages/django/template/response.py", line 114, in render
    self.content = self.rendered_content
                   ^^^^^^^^^^^^^^^^^^^^^
  File "/Users/amirxon/Desktop/ChaqmoqApp/venv/lib/python3.14/site-packages/django/template/response.py", line 92, in rendered_content
    return template.render(context, self._request)
           ~~~~~~~~~~~~~~~^^^^^^^^^^^^^^^^^^^^^^^^
  File "/Users/amirxon/Desktop/ChaqmoqApp/venv/lib/python3.14/site-packages/django/template/backends/django.py", line 61, in render
    return self.template.render(context)
           ~~~~~~~~~~~~~~~~~~~~^^^^^^^^^
  File "/Users/amirxon/Desktop/ChaqmoqApp/venv/lib/python3.14/site-packages/django/template/base.py", line 171, in render
    return self._render(context)
           ~~~~~~~~~~~~^^^^^^^^^
  File "/Users/amirxon/Desktop/ChaqmoqApp/venv/lib/python3.14/site-packages/django/template/base.py", line 163, in _render
    return self.nodelist.render(context)
           ~~~~~~~~~~~~~~~~~~~~^^^^^^^^^
  File "/Users/amirxon/Desktop/ChaqmoqApp/venv/lib/python3.14/site-packages/django/template/base.py", line 1000, in render
    return SafeString("".join([node.render_annotated(context) for node in self]))
                               ~~~~~~~~~~~~~~~~~~~~~^^^^^^^^^
  File "/Users/amirxon/Desktop/ChaqmoqApp/venv/lib/python3.14/site-packages/django/template/base.py", line 961, in render_annotated
    return self.render(context)
           ~~~~~~~~~~~^^^^^^^^^
  File "/Users/amirxon/Desktop/ChaqmoqApp/venv/lib/python3.14/site-packages/django/template/loader_tags.py", line 159, in render
    return compiled_parent._render(context)
           ~~~~~~~~~~~~~~~~~~~~~~~^^^^^^^^^
  File "/Users/amirxon/Desktop/ChaqmoqApp/venv/lib/python3.14/site-packages/django/template/base.py", line 163, in _render
    return self.nodelist.render(context)
           ~~~~~~~~~~~~~~~~~~~~^^^^^^^^^
  File "/Users/amirxon/Desktop/ChaqmoqApp/venv/lib/python3.14/site-packages/django/template/base.py", line 1000, in render
    return SafeString("".join([node.render_annotated(context) for node in self]))
                               ~~~~~~~~~~~~~~~~~~~~~^^^^^^^^^
  File "/Users/amirxon/Desktop/ChaqmoqApp/venv/lib/python3.14/site-packages/django/template/base.py", line 961, in render_annotated
    return self.render(context)
           ~~~~~~~~~~~^^^^^^^^^
  File "/Users/amirxon/Desktop/ChaqmoqApp/venv/lib/python3.14/site-packages/django/template/loader_tags.py", line 159, in render
    return compiled_parent._render(context)
           ~~~~~~~~~~~~~~~~~~~~~~~^^^^^^^^^
  File "/Users/amirxon/Desktop/ChaqmoqApp/venv/lib/python3.14/site-packages/django/template/base.py", line 163, in _render
    return self.nodelist.render(context)
           ~~~~~~~~~~~~~~~~~~~~^^^^^^^^^
  File "/Users/amirxon/Desktop/ChaqmoqApp/venv/lib/python3.14/site-packages/django/template/base.py", line 1000, in render
    return SafeString("".join([node.render_annotated(context) for node in self]))
                               ~~~~~~~~~~~~~~~~~~~~~^^^^^^^^^
  File "/Users/amirxon/Desktop/ChaqmoqApp/venv/lib/python3.14/site-packages/django/template/base.py", line 961, in render_annotated
    return self.render(context)
           ~~~~~~~~~~~^^^^^^^^^
  File "/Users/amirxon/Desktop/ChaqmoqApp/venv/lib/python3.14/site-packages/django/template/loader_tags.py", line 65, in render
    result = block.nodelist.render(context)
  File "/Users/amirxon/Desktop/ChaqmoqApp/venv/lib/python3.14/site-packages/django/template/base.py", line 1000, in render
    return SafeString("".join([node.render_annotated(context) for node in self]))
                               ~~~~~~~~~~~~~~~~~~~~~^^^^^^^^^
  File "/Users/amirxon/Desktop/ChaqmoqApp/venv/lib/python3.14/site-packages/django/template/base.py", line 961, in render_annotated
    return self.render(context)
           ~~~~~~~~~~~^^^^^^^^^
  File "/Users/amirxon/Desktop/ChaqmoqApp/venv/lib/python3.14/site-packages/django/template/loader_tags.py", line 65, in render
    result = block.nodelist.render(context)
  File "/Users/amirxon/Desktop/ChaqmoqApp/venv/lib/python3.14/site-packages/django/template/base.py", line 1000, in render
    return SafeString("".join([node.render_annotated(context) for node in self]))
                               ~~~~~~~~~~~~~~~~~~~~~^^^^^^^^^
  File "/Users/amirxon/Desktop/ChaqmoqApp/venv/lib/python3.14/site-packages/django/template/base.py", line 961, in render_annotated
    return self.render(context)
           ~~~~~~~~~~~^^^^^^^^^
  File "/Users/amirxon/Desktop/ChaqmoqApp/venv/lib/python3.14/site-packages/django/template/loader_tags.py", line 65, in render
    result = block.nodelist.render(context)
  File "/Users/amirxon/Desktop/ChaqmoqApp/venv/lib/python3.14/site-packages/django/template/base.py", line 1000, in render
    return SafeString("".join([node.render_annotated(context) for node in self]))
                               ~~~~~~~~~~~~~~~~~~~~~^^^^^^^^^
  File "/Users/amirxon/Desktop/ChaqmoqApp/venv/lib/python3.14/site-packages/django/template/base.py", line 961, in render_annotated
    return self.render(context)
           ~~~~~~~~~~~^^^^^^^^^
  File "/Users/amirxon/Desktop/ChaqmoqApp/venv/lib/python3.14/site-packages/django/template/loader_tags.py", line 65, in render
    result = block.nodelist.render(context)
  File "/Users/amirxon/Desktop/ChaqmoqApp/venv/lib/python3.14/site-packages/django/template/base.py", line 1000, in render
    return SafeString("".join([node.render_annotated(context) for node in self]))
                               ~~~~~~~~~~~~~~~~~~~~~^^^^^^^^^
  File "/Users/amirxon/Desktop/ChaqmoqApp/venv/lib/python3.14/site-packages/django/template/base.py", line 961, in render_annotated
    return self.render(context)
           ~~~~~~~~~~~^^^^^^^^^
  File "/Users/amirxon/Desktop/ChaqmoqApp/venv/lib/python3.14/site-packages/django/template/loader_tags.py", line 65, in render
    result = block.nodelist.render(context)
  File "/Users/amirxon/Desktop/ChaqmoqApp/venv/lib/python3.14/site-packages/django/template/base.py", line 1000, in render
    return SafeString("".join([node.render_annotated(context) for node in self]))
                               ~~~~~~~~~~~~~~~~~~~~~^^^^^^^^^
  File "/Users/amirxon/Desktop/ChaqmoqApp/venv/lib/python3.14/site-packages/django/template/base.py", line 961, in render_annotated
    return self.render(context)
           ~~~~~~~~~~~^^^^^^^^^
  File "/Users/amirxon/Desktop/ChaqmoqApp/venv/lib/python3.14/site-packages/django/contrib/admin/templatetags/base.py", line 45, in render
    return super().render(context)
           ~~~~~~~~~~~~~~^^^^^^^^^
  File "/Users/amirxon/Desktop/ChaqmoqApp/venv/lib/python3.14/site-packages/django/template/library.py", line 271, in render
    new_context = context.new(_dict)
  File "/Users/amirxon/Desktop/ChaqmoqApp/venv/lib/python3.14/site-packages/django/template/context.py", line 273, in new
    new_context = super().new(values)
  File "/Users/amirxon/Desktop/ChaqmoqApp/venv/lib/python3.14/site-packages/django/template/context.py", line 110, in new
    new_context = copy(self)
  File "/Library/Frameworks/Python.framework/Versions/3.14/lib/python3.14/copy.py", line 82, in copy
    return copier(x)
  File "/Users/amirxon/Desktop/ChaqmoqApp/venv/lib/python3.14/site-packages/django/template/context.py", line 158, in __copy__
    duplicate = super().__copy__()
  File "/Users/amirxon/Desktop/ChaqmoqApp/venv/lib/python3.14/site-packages/django/template/context.py", line 39, in __copy__
    duplicate.dicts = self.dicts[:]
    ^^^^^^^^^^^^^^^
AttributeError: 'super' object has no attribute 'dicts' and no __dict__ for setting new attributes
Internal Server Error: /admin/chaqmoq/rule/
Traceback (most recent call last):
  File "/Users/amirxon/Desktop/ChaqmoqApp/venv/lib/python3.14/site-packages/django/core/handlers/exception.py", line 55, in inner
    response = get_response(request)
  File "/Users/amirxon/Desktop/ChaqmoqApp/venv/lib/python3.14/site-packages/django/core/handlers/base.py", line 220, in _get_response
    response = response.render()
  File "/Users/amirxon/Desktop/ChaqmoqApp/venv/lib/python3.14/site-packages/django/template/response.py", line 114, in render
    self.content = self.rendered_content
                   ^^^^^^^^^^^^^^^^^^^^^
  File "/Users/amirxon/Desktop/ChaqmoqApp/venv/lib/python3.14/site-packages/django/template/response.py", line 92, in rendered_content
    return template.render(context, self._request)
           ~~~~~~~~~~~~~~~^^^^^^^^^^^^^^^^^^^^^^^^
  File "/Users/amirxon/Desktop/ChaqmoqApp/venv/lib/python3.14/site-packages/django/template/backends/django.py", line 61, in render
    return self.template.render(context)
           ~~~~~~~~~~~~~~~~~~~~^^^^^^^^^
  File "/Users/amirxon/Desktop/ChaqmoqApp/venv/lib/python3.14/site-packages/django/template/base.py", line 171, in render
    return self._render(context)
           ~~~~~~~~~~~~^^^^^^^^^
  File "/Users/amirxon/Desktop/ChaqmoqApp/venv/lib/python3.14/site-packages/django/template/base.py", line 163, in _render
    return self.nodelist.render(context)
           ~~~~~~~~~~~~~~~~~~~~^^^^^^^^^
  File "/Users/amirxon/Desktop/ChaqmoqApp/venv/lib/python3.14/site-packages/django/template/base.py", line 1000, in render
    return SafeString("".join([node.render_annotated(context) for node in self]))
                               ~~~~~~~~~~~~~~~~~~~~~^^^^^^^^^
  File "/Users/amirxon/Desktop/ChaqmoqApp/venv/lib/python3.14/site-packages/django/template/base.py", line 961, in render_annotated
    return self.render(context)
           ~~~~~~~~~~~^^^^^^^^^
  File "/Users/amirxon/Desktop/ChaqmoqApp/venv/lib/python3.14/site-packages/django/template/loader_tags.py", line 159, in render
    return compiled_parent._render(context)
           ~~~~~~~~~~~~~~~~~~~~~~~^^^^^^^^^
  File "/Users/amirxon/Desktop/ChaqmoqApp/venv/lib/python3.14/site-packages/django/template/base.py", line 163, in _render
    return self.nodelist.render(context)
           ~~~~~~~~~~~~~~~~~~~~^^^^^^^^^
  File "/Users/amirxon/Desktop/ChaqmoqApp/venv/lib/python3.14/site-packages/django/template/base.py", line 1000, in render
    return SafeString("".join([node.render_annotated(context) for node in self]))
                               ~~~~~~~~~~~~~~~~~~~~~^^^^^^^^^
  File "/Users/amirxon/Desktop/ChaqmoqApp/venv/lib/python3.14/site-packages/django/template/base.py", line 961, in render_annotated
    return self.render(context)
           ~~~~~~~~~~~^^^^^^^^^
  File "/Users/amirxon/Desktop/ChaqmoqApp/venv/lib/python3.14/site-packages/django/template/loader_tags.py", line 159, in render
    return compiled_parent._render(context)
           ~~~~~~~~~~~~~~~~~~~~~~~^^^^^^^^^
  File "/Users/amirxon/Desktop/ChaqmoqApp/venv/lib/python3.14/site-packages/django/template/base.py", line 163, in _render
    return self.nodelist.render(context)
           ~~~~~~~~~~~~~~~~~~~~^^^^^^^^^
  File "/Users/amirxon/Desktop/ChaqmoqApp/venv/lib/python3.14/site-packages/django/template/base.py", line 1000, in render
    return SafeString("".join([node.render_annotated(context) for node in self]))
                               ~~~~~~~~~~~~~~~~~~~~~^^^^^^^^^
  File "/Users/amirxon/Desktop/ChaqmoqApp/venv/lib/python3.14/site-packages/django/template/base.py", line 961, in render_annotated
    return self.render(context)
           ~~~~~~~~~~~^^^^^^^^^
  File "/Users/amirxon/Desktop/ChaqmoqApp/venv/lib/python3.14/site-packages/django/template/loader_tags.py", line 65, in render
    result = block.nodelist.render(context)
  File "/Users/amirxon/Desktop/ChaqmoqApp/venv/lib/python3.14/site-packages/django/template/base.py", line 1000, in render
    return SafeString("".join([node.render_annotated(context) for node in self]))
                               ~~~~~~~~~~~~~~~~~~~~~^^^^^^^^^
  File "/Users/amirxon/Desktop/ChaqmoqApp/venv/lib/python3.14/site-packages/django/template/base.py", line 961, in render_annotated
    return self.render(context)
           ~~~~~~~~~~~^^^^^^^^^
  File "/Users/amirxon/Desktop/ChaqmoqApp/venv/lib/python3.14/site-packages/django/template/loader_tags.py", line 65, in render
    result = block.nodelist.render(context)
  File "/Users/amirxon/Desktop/ChaqmoqApp/venv/lib/python3.14/site-packages/django/template/base.py", line 1000, in render
    return SafeString("".join([node.render_annotated(context) for node in self]))
                               ~~~~~~~~~~~~~~~~~~~~~^^^^^^^^^
  File "/Users/amirxon/Desktop/ChaqmoqApp/venv/lib/python3.14/site-packages/django/template/base.py", line 961, in render_annotated
    return self.render(context)
           ~~~~~~~~~~~^^^^^^^^^
  File "/Users/amirxon/Desktop/ChaqmoqApp/venv/lib/python3.14/site-packages/django/template/loader_tags.py", line 65, in render
    result = block.nodelist.render(context)
  File "/Users/amirxon/Desktop/ChaqmoqApp/venv/lib/python3.14/site-packages/django/template/base.py", line 1000, in render
    return SafeString("".join([node.render_annotated(context) for node in self]))
                               ~~~~~~~~~~~~~~~~~~~~~^^^^^^^^^
  File "/Users/amirxon/Desktop/ChaqmoqApp/venv/lib/python3.14/site-packages/django/template/base.py", line 961, in render_annotated
    return self.render(context)
           ~~~~~~~~~~~^^^^^^^^^
  File "/Users/amirxon/Desktop/ChaqmoqApp/venv/lib/python3.14/site-packages/django/template/loader_tags.py", line 65, in render
    result = block.nodelist.render(context)
  File "/Users/amirxon/Desktop/ChaqmoqApp/venv/lib/python3.14/site-packages/django/template/base.py", line 1000, in render
    return SafeString("".join([node.render_annotated(context) for node in self]))
                               ~~~~~~~~~~~~~~~~~~~~~^^^^^^^^^
  File "/Users/amirxon/Desktop/ChaqmoqApp/venv/lib/python3.14/site-packages/django/template/base.py", line 961, in render_annotated
    return self.render(context)
           ~~~~~~~~~~~^^^^^^^^^
  File "/Users/amirxon/Desktop/ChaqmoqApp/venv/lib/python3.14/site-packages/django/template/loader_tags.py", line 65, in render
    result = block.nodelist.render(context)
  File "/Users/amirxon/Desktop/ChaqmoqApp/venv/lib/python3.14/site-packages/django/template/base.py", line 1000, in render
    return SafeString("".join([node.render_annotated(context) for node in self]))
                               ~~~~~~~~~~~~~~~~~~~~~^^^^^^^^^
  File "/Users/amirxon/Desktop/ChaqmoqApp/venv/lib/python3.14/site-packages/django/template/base.py", line 961, in render_annotated
    return self.render(context)
           ~~~~~~~~~~~^^^^^^^^^
  File "/Users/amirxon/Desktop/ChaqmoqApp/venv/lib/python3.14/site-packages/django/contrib/admin/templatetags/base.py", line 45, in render
    return super().render(context)
           ~~~~~~~~~~~~~~^^^^^^^^^
  File "/Users/amirxon/Desktop/ChaqmoqApp/venv/lib/python3.14/site-packages/django/template/library.py", line 271, in render
    new_context = context.new(_dict)
  File "/Users/amirxon/Desktop/ChaqmoqApp/venv/lib/python3.14/site-packages/django/template/context.py", line 273, in new
    new_context = super().new(values)
  File "/Users/amirxon/Desktop/ChaqmoqApp/venv/lib/python3.14/site-packages/django/template/context.py", line 110, in new
    new_context = copy(self)
  File "/Library/Frameworks/Python.framework/Versions/3.14/lib/python3.14/copy.py", line 82, in copy
    return copier(x)
  File "/Users/amirxon/Desktop/ChaqmoqApp/venv/lib/python3.14/site-packages/django/template/context.py", line 158, in __copy__
    duplicate = super().__copy__()
  File "/Users/amirxon/Desktop/ChaqmoqApp/venv/lib/python3.14/site-packages/django/template/context.py", line 39, in __copy__
    duplicate.dicts = self.dicts[:]
    ^^^^^^^^^^^^^^^
AttributeError: 'super' object has no attribute 'dicts' and no __dict__ for setting new attributes
Internal Server Error: /admin/chaqmoq/rule/add/
Traceback (most recent call last):
  File "/Users/amirxon/Desktop/ChaqmoqApp/venv/lib/python3.14/site-packages/django/core/handlers/exception.py", line 55, in inner
    response = get_response(request)
  File "/Users/amirxon/Desktop/ChaqmoqApp/venv/lib/python3.14/site-packages/django/core/handlers/base.py", line 220, in _get_response
    response = response.render()
  File "/Users/amirxon/Desktop/ChaqmoqApp/venv/lib/python3.14/site-packages/django/template/response.py", line 114, in render
    self.content = self.rendered_content
                   ^^^^^^^^^^^^^^^^^^^^^
  File "/Users/amirxon/Desktop/ChaqmoqApp/venv/lib/python3.14/site-packages/django/template/response.py", line 92, in rendered_content
    return template.render(context, self._request)
           ~~~~~~~~~~~~~~~^^^^^^^^^^^^^^^^^^^^^^^^
  File "/Users/amirxon/Desktop/ChaqmoqApp/venv/lib/python3.14/site-packages/django/template/backends/django.py", line 61, in render
    return self.template.render(context)
           ~~~~~~~~~~~~~~~~~~~~^^^^^^^^^
  File "/Users/amirxon/Desktop/ChaqmoqApp/venv/lib/python3.14/site-packages/django/template/base.py", line 171, in render
    return self._render(context)
           ~~~~~~~~~~~~^^^^^^^^^
  File "/Users/amirxon/Desktop/ChaqmoqApp/venv/lib/python3.14/site-packages/django/template/base.py", line 163, in _render
    return self.nodelist.render(context)
           ~~~~~~~~~~~~~~~~~~~~^^^^^^^^^
  File "/Users/amirxon/Desktop/ChaqmoqApp/venv/lib/python3.14/site-packages/django/template/base.py", line 1000, in render
    return SafeString("".join([node.render_annotated(context) for node in self]))
                               ~~~~~~~~~~~~~~~~~~~~~^^^^^^^^^
  File "/Users/amirxon/Desktop/ChaqmoqApp/venv/lib/python3.14/site-packages/django/template/base.py", line 961, in render_annotated
    return self.render(context)
           ~~~~~~~~~~~^^^^^^^^^
  File "/Users/amirxon/Desktop/ChaqmoqApp/venv/lib/python3.14/site-packages/django/template/loader_tags.py", line 159, in render
    return compiled_parent._render(context)
           ~~~~~~~~~~~~~~~~~~~~~~~^^^^^^^^^
  File "/Users/amirxon/Desktop/ChaqmoqApp/venv/lib/python3.14/site-packages/django/template/base.py", line 163, in _render
    return self.nodelist.render(context)
           ~~~~~~~~~~~~~~~~~~~~^^^^^^^^^
  File "/Users/amirxon/Desktop/ChaqmoqApp/venv/lib/python3.14/site-packages/django/template/base.py", line 1000, in render
    return SafeString("".join([node.render_annotated(context) for node in self]))
                               ~~~~~~~~~~~~~~~~~~~~~^^^^^^^^^
  File "/Users/amirxon/Desktop/ChaqmoqApp/venv/lib/python3.14/site-packages/django/template/base.py", line 961, in render_annotated
    return self.render(context)
           ~~~~~~~~~~~^^^^^^^^^
  File "/Users/amirxon/Desktop/ChaqmoqApp/venv/lib/python3.14/site-packages/django/template/loader_tags.py", line 159, in render
    return compiled_parent._render(context)
           ~~~~~~~~~~~~~~~~~~~~~~~^^^^^^^^^
  File "/Users/amirxon/Desktop/ChaqmoqApp/venv/lib/python3.14/site-packages/django/template/base.py", line 163, in _render
    return self.nodelist.render(context)
           ~~~~~~~~~~~~~~~~~~~~^^^^^^^^^
  File "/Users/amirxon/Desktop/ChaqmoqApp/venv/lib/python3.14/site-packages/django/template/base.py", line 1000, in render
    return SafeString("".join([node.render_annotated(context) for node in self]))
                               ~~~~~~~~~~~~~~~~~~~~~^^^^^^^^^
  File "/Users/amirxon/Desktop/ChaqmoqApp/venv/lib/python3.14/site-packages/django/template/base.py", line 961, in render_annotated
    return self.render(context)
           ~~~~~~~~~~~^^^^^^^^^
  File "/Users/amirxon/Desktop/ChaqmoqApp/venv/lib/python3.14/site-packages/django/template/loader_tags.py", line 65, in render
    result = block.nodelist.render(context)
  File "/Users/amirxon/Desktop/ChaqmoqApp/venv/lib/python3.14/site-packages/django/template/base.py", line 1000, in render
    return SafeString("".join([node.render_annotated(context) for node in self]))
                               ~~~~~~~~~~~~~~~~~~~~~^^^^^^^^^
  File "/Users/amirxon/Desktop/ChaqmoqApp/venv/lib/python3.14/site-packages/django/template/base.py", line 961, in render_annotated
    return self.render(context)
           ~~~~~~~~~~~^^^^^^^^^
  File "/Users/amirxon/Desktop/ChaqmoqApp/venv/lib/python3.14/site-packages/django/template/loader_tags.py", line 65, in render
    result = block.nodelist.render(context)
  File "/Users/amirxon/Desktop/ChaqmoqApp/venv/lib/python3.14/site-packages/django/template/base.py", line 1000, in render
    return SafeString("".join([node.render_annotated(context) for node in self]))
                               ~~~~~~~~~~~~~~~~~~~~~^^^^^^^^^
  File "/Users/amirxon/Desktop/ChaqmoqApp/venv/lib/python3.14/site-packages/django/template/base.py", line 961, in render_annotated
    return self.render(context)
           ~~~~~~~~~~~^^^^^^^^^
  File "/Users/amirxon/Desktop/ChaqmoqApp/venv/lib/python3.14/site-packages/django/template/loader_tags.py", line 65, in render
    result = block.nodelist.render(context)
  File "/Users/amirxon/Desktop/ChaqmoqApp/venv/lib/python3.14/site-packages/django/template/base.py", line 1000, in render
    return SafeString("".join([node.render_annotated(context) for node in self]))
                               ~~~~~~~~~~~~~~~~~~~~~^^^^^^^^^
  File "/Users/amirxon/Desktop/ChaqmoqApp/venv/lib/python3.14/site-packages/django/template/base.py", line 961, in render_annotated
    return self.render(context)
           ~~~~~~~~~~~^^^^^^^^^
  File "/Users/amirxon/Desktop/ChaqmoqApp/venv/lib/python3.14/site-packages/django/contrib/admin/templatetags/base.py", line 45, in render
    return super().render(context)
           ~~~~~~~~~~~~~~^^^^^^^^^
  File "/Users/amirxon/Desktop/ChaqmoqApp/venv/lib/python3.14/site-packages/django/template/library.py", line 271, in render
    new_context = context.new(_dict)
  File "/Users/amirxon/Desktop/ChaqmoqApp/venv/lib/python3.14/site-packages/django/template/context.py", line 273, in new
    new_context = super().new(values)
  File "/Users/amirxon/Desktop/ChaqmoqApp/venv/lib/python3.14/site-packages/django/template/context.py", line 110, in new
    new_context = copy(self)
  File "/Library/Frameworks/Python.framework/Versions/3.14/lib/python3.14/copy.py", line 82, in copy
    return copier(x)
  File "/Users/amirxon/Desktop/ChaqmoqApp/venv/lib/python3.14/site-packages/django/template/context.py", line 158, in __copy__
    duplicate = super().__copy__()
  File "/Users/amirxon/Desktop/ChaqmoqApp/venv/lib/python3.14/site-packages/django/template/context.py", line 39, in __copy__
    duplicate.dicts = self.dicts[:]
    ^^^^^^^^^^^^^^^
AttributeError: 'super' object has no attribute 'dicts' and no __dict__ for setting new attributes
Internal Server Error: /admin/chaqmoq/rule/add/
Traceback (most recent call last):
  File "/Users/amirxon/Desktop/ChaqmoqApp/venv/lib/python3.14/site-packages/django/core/handlers/exception.py", line 55, in inner
    response = get_response(request)
  File "/Users/amirxon/Desktop/ChaqmoqApp/venv/lib/python3.14/site-packages/django/core/handlers/base.py", line 220, in _get_response
    response = response.render()
  File "/Users/amirxon/Desktop/ChaqmoqApp/venv/lib/python3.14/site-packages/django/template/response.py", line 114, in render
    self.content = self.rendered_content
                   ^^^^^^^^^^^^^^^^^^^^^
  File "/Users/amirxon/Desktop/ChaqmoqApp/venv/lib/python3.14/site-packages/django/template/response.py", line 92, in rendered_content
    return template.render(context, self._request)
           ~~~~~~~~~~~~~~~^^^^^^^^^^^^^^^^^^^^^^^^
  File "/Users/amirxon/Desktop/ChaqmoqApp/venv/lib/python3.14/site-packages/django/template/backends/django.py", line 61, in render
    return self.template.render(context)
           ~~~~~~~~~~~~~~~~~~~~^^^^^^^^^
  File "/Users/amirxon/Desktop/ChaqmoqApp/venv/lib/python3.14/site-packages/django/template/base.py", line 171, in render
    return self._render(context)
           ~~~~~~~~~~~~^^^^^^^^^
  File "/Users/amirxon/Desktop/ChaqmoqApp/venv/lib/python3.14/site-packages/django/template/base.py", line 163, in _render
    return self.nodelist.render(context)
           ~~~~~~~~~~~~~~~~~~~~^^^^^^^^^
  File "/Users/amirxon/Desktop/ChaqmoqApp/venv/lib/python3.14/site-packages/django/template/base.py", line 1000, in render
    return SafeString("".join([node.render_annotated(context) for node in self]))
                               ~~~~~~~~~~~~~~~~~~~~~^^^^^^^^^
  File "/Users/amirxon/Desktop/ChaqmoqApp/venv/lib/python3.14/site-packages/django/template/base.py", line 961, in render_annotated
    return self.render(context)
           ~~~~~~~~~~~^^^^^^^^^
  File "/Users/amirxon/Desktop/ChaqmoqApp/venv/lib/python3.14/site-packages/django/template/loader_tags.py", line 159, in render
    return compiled_parent._render(context)
           ~~~~~~~~~~~~~~~~~~~~~~~^^^^^^^^^
  File "/Users/amirxon/Desktop/ChaqmoqApp/venv/lib/python3.14/site-packages/django/template/base.py", line 163, in _render
    return self.nodelist.render(context)
           ~~~~~~~~~~~~~~~~~~~~^^^^^^^^^
  File "/Users/amirxon/Desktop/ChaqmoqApp/venv/lib/python3.14/site-packages/django/template/base.py", line 1000, in render
    return SafeString("".join([node.render_annotated(context) for node in self]))
                               ~~~~~~~~~~~~~~~~~~~~~^^^^^^^^^
  File "/Users/amirxon/Desktop/ChaqmoqApp/venv/lib/python3.14/site-packages/django/template/base.py", line 961, in render_annotated
    return self.render(context)
           ~~~~~~~~~~~^^^^^^^^^
  File "/Users/amirxon/Desktop/ChaqmoqApp/venv/lib/python3.14/site-packages/django/template/loader_tags.py", line 159, in render
    return compiled_parent._render(context)
           ~~~~~~~~~~~~~~~~~~~~~~~^^^^^^^^^
  File "/Users/amirxon/Desktop/ChaqmoqApp/venv/lib/python3.14/site-packages/django/template/base.py", line 163, in _render
    return self.nodelist.render(context)
           ~~~~~~~~~~~~~~~~~~~~^^^^^^^^^
  File "/Users/amirxon/Desktop/ChaqmoqApp/venv/lib/python3.14/site-packages/django/template/base.py", line 1000, in render
    return SafeString("".join([node.render_annotated(context) for node in self]))
                               ~~~~~~~~~~~~~~~~~~~~~^^^^^^^^^
  File "/Users/amirxon/Desktop/ChaqmoqApp/venv/lib/python3.14/site-packages/django/template/base.py", line 961, in render_annotated
    return self.render(context)
           ~~~~~~~~~~~^^^^^^^^^
  File "/Users/amirxon/Desktop/ChaqmoqApp/venv/lib/python3.14/site-packages/django/template/loader_tags.py", line 65, in render
    result = block.nodelist.render(context)
  File "/Users/amirxon/Desktop/ChaqmoqApp/venv/lib/python3.14/site-packages/django/template/base.py", line 1000, in render
    return SafeString("".join([node.render_annotated(context) for node in self]))
                               ~~~~~~~~~~~~~~~~~~~~~^^^^^^^^^
  File "/Users/amirxon/Desktop/ChaqmoqApp/venv/lib/python3.14/site-packages/django/template/base.py", line 961, in render_annotated
    return self.render(context)
           ~~~~~~~~~~~^^^^^^^^^
  File "/Users/amirxon/Desktop/ChaqmoqApp/venv/lib/python3.14/site-packages/django/template/loader_tags.py", line 65, in render
    result = block.nodelist.render(context)
  File "/Users/amirxon/Desktop/ChaqmoqApp/venv/lib/python3.14/site-packages/django/template/base.py", line 1000, in render
    return SafeString("".join([node.render_annotated(context) for node in self]))
                               ~~~~~~~~~~~~~~~~~~~~~^^^^^^^^^
  File "/Users/amirxon/Desktop/ChaqmoqApp/venv/lib/python3.14/site-packages/django/template/base.py", line 961, in render_annotated
    return self.render(context)
           ~~~~~~~~~~~^^^^^^^^^
  File "/Users/amirxon/Desktop/ChaqmoqApp/venv/lib/python3.14/site-packages/django/template/loader_tags.py", line 65, in render
    result = block.nodelist.render(context)
  File "/Users/amirxon/Desktop/ChaqmoqApp/venv/lib/python3.14/site-packages/django/template/base.py", line 1000, in render
    return SafeString("".join([node.render_annotated(context) for node in self]))
                               ~~~~~~~~~~~~~~~~~~~~~^^^^^^^^^
  File "/Users/amirxon/Desktop/ChaqmoqApp/venv/lib/python3.14/site-packages/django/template/base.py", line 961, in render_annotated
    return self.render(context)
           ~~~~~~~~~~~^^^^^^^^^
  File "/Users/amirxon/Desktop/ChaqmoqApp/venv/lib/python3.14/site-packages/django/contrib/admin/templatetags/base.py", line 45, in render
    return super().render(context)
           ~~~~~~~~~~~~~~^^^^^^^^^
  File "/Users/amirxon/Desktop/ChaqmoqApp/venv/lib/python3.14/site-packages/django/template/library.py", line 271, in render
    new_context = context.new(_dict)
  File "/Users/amirxon/Desktop/ChaqmoqApp/venv/lib/python3.14/site-packages/django/template/context.py", line 273, in new
    new_context = super().new(values)
  File "/Users/amirxon/Desktop/ChaqmoqApp/venv/lib/python3.14/site-packages/django/template/context.py", line 110, in new
    new_context = copy(self)
  File "/Library/Frameworks/Python.framework/Versions/3.14/lib/python3.14/copy.py", line 82, in copy
    return copier(x)
  File "/Users/amirxon/Desktop/ChaqmoqApp/venv/lib/python3.14/site-packages/django/template/context.py", line 158, in __copy__
    duplicate = super().__copy__()
  File "/Users/amirxon/Desktop/ChaqmoqApp/venv/lib/python3.14/site-packages/django/template/context.py", line 39, in __copy__
    duplicate.dicts = self.dicts[:]
    ^^^^^^^^^^^^^^^
AttributeError: 'super' object has no attribute 'dicts' and no __dict__ for setting new attributes
Internal Server Error: /admin/chaqmoq/ledger/
Traceback (most recent call last):
  File "/Users/amirxon/Desktop/ChaqmoqApp/venv/lib/python3.14/site-packages/django/core/handlers/exception.py", line 55, in inner
    response = get_response(request)
  File "/Users/amirxon/Desktop/ChaqmoqApp/venv/lib/python3.14/site-packages/django/core/handlers/base.py", line 220, in _get_response
    response = response.render()
  File "/Users/amirxon/Desktop/ChaqmoqApp/venv/lib/python3.14/site-packages/django/template/response.py", line 114, in render
    self.content = self.rendered_content
                   ^^^^^^^^^^^^^^^^^^^^^
  File "/Users/amirxon/Desktop/ChaqmoqApp/venv/lib/python3.14/site-packages/django/template/response.py", line 92, in rendered_content
    return template.render(context, self._request)
           ~~~~~~~~~~~~~~~^^^^^^^^^^^^^^^^^^^^^^^^
  File "/Users/amirxon/Desktop/ChaqmoqApp/venv/lib/python3.14/site-packages/django/template/backends/django.py", line 61, in render
    return self.template.render(context)
           ~~~~~~~~~~~~~~~~~~~~^^^^^^^^^
  File "/Users/amirxon/Desktop/ChaqmoqApp/venv/lib/python3.14/site-packages/django/template/base.py", line 171, in render
    return self._render(context)
           ~~~~~~~~~~~~^^^^^^^^^
  File "/Users/amirxon/Desktop/ChaqmoqApp/venv/lib/python3.14/site-packages/django/template/base.py", line 163, in _render
    return self.nodelist.render(context)
           ~~~~~~~~~~~~~~~~~~~~^^^^^^^^^
  File "/Users/amirxon/Desktop/ChaqmoqApp/venv/lib/python3.14/site-packages/django/template/base.py", line 1000, in render
    return SafeString("".join([node.render_annotated(context) for node in self]))
                               ~~~~~~~~~~~~~~~~~~~~~^^^^^^^^^
  File "/Users/amirxon/Desktop/ChaqmoqApp/venv/lib/python3.14/site-packages/django/template/base.py", line 961, in render_annotated
    return self.render(context)
           ~~~~~~~~~~~^^^^^^^^^
  File "/Users/amirxon/Desktop/ChaqmoqApp/venv/lib/python3.14/site-packages/django/template/loader_tags.py", line 159, in render
    return compiled_parent._render(context)
           ~~~~~~~~~~~~~~~~~~~~~~~^^^^^^^^^
  File "/Users/amirxon/Desktop/ChaqmoqApp/venv/lib/python3.14/site-packages/django/template/base.py", line 163, in _render
    return self.nodelist.render(context)
           ~~~~~~~~~~~~~~~~~~~~^^^^^^^^^
  File "/Users/amirxon/Desktop/ChaqmoqApp/venv/lib/python3.14/site-packages/django/template/base.py", line 1000, in render
    return SafeString("".join([node.render_annotated(context) for node in self]))
                               ~~~~~~~~~~~~~~~~~~~~~^^^^^^^^^
  File "/Users/amirxon/Desktop/ChaqmoqApp/venv/lib/python3.14/site-packages/django/template/base.py", line 961, in render_annotated
    return self.render(context)
           ~~~~~~~~~~~^^^^^^^^^
  File "/Users/amirxon/Desktop/ChaqmoqApp/venv/lib/python3.14/site-packages/django/template/loader_tags.py", line 159, in render
    return compiled_parent._render(context)
           ~~~~~~~~~~~~~~~~~~~~~~~^^^^^^^^^
  File "/Users/amirxon/Desktop/ChaqmoqApp/venv/lib/python3.14/site-packages/django/template/base.py", line 163, in _render
    return self.nodelist.render(context)
           ~~~~~~~~~~~~~~~~~~~~^^^^^^^^^
  File "/Users/amirxon/Desktop/ChaqmoqApp/venv/lib/python3.14/site-packages/django/template/base.py", line 1000, in render
    return SafeString("".join([node.render_annotated(context) for node in self]))
                               ~~~~~~~~~~~~~~~~~~~~~^^^^^^^^^
  File "/Users/amirxon/Desktop/ChaqmoqApp/venv/lib/python3.14/site-packages/django/template/base.py", line 961, in render_annotated
    return self.render(context)
           ~~~~~~~~~~~^^^^^^^^^
  File "/Users/amirxon/Desktop/ChaqmoqApp/venv/lib/python3.14/site-packages/django/template/loader_tags.py", line 65, in render
    result = block.nodelist.render(context)
  File "/Users/amirxon/Desktop/ChaqmoqApp/venv/lib/python3.14/site-packages/django/template/base.py", line 1000, in render
    return SafeString("".join([node.render_annotated(context) for node in self]))
                               ~~~~~~~~~~~~~~~~~~~~~^^^^^^^^^
  File "/Users/amirxon/Desktop/ChaqmoqApp/venv/lib/python3.14/site-packages/django/template/base.py", line 961, in render_annotated
    return self.render(context)
           ~~~~~~~~~~~^^^^^^^^^
  File "/Users/amirxon/Desktop/ChaqmoqApp/venv/lib/python3.14/site-packages/django/template/loader_tags.py", line 65, in render
    result = block.nodelist.render(context)
  File "/Users/amirxon/Desktop/ChaqmoqApp/venv/lib/python3.14/site-packages/django/template/base.py", line 1000, in render
    return SafeString("".join([node.render_annotated(context) for node in self]))
                               ~~~~~~~~~~~~~~~~~~~~~^^^^^^^^^
  File "/Users/amirxon/Desktop/ChaqmoqApp/venv/lib/python3.14/site-packages/django/template/base.py", line 961, in render_annotated
    return self.render(context)
           ~~~~~~~~~~~^^^^^^^^^
  File "/Users/amirxon/Desktop/ChaqmoqApp/venv/lib/python3.14/site-packages/django/template/loader_tags.py", line 65, in render
    result = block.nodelist.render(context)
  File "/Users/amirxon/Desktop/ChaqmoqApp/venv/lib/python3.14/site-packages/django/template/base.py", line 1000, in render
    return SafeString("".join([node.render_annotated(context) for node in self]))
                               ~~~~~~~~~~~~~~~~~~~~~^^^^^^^^^
  File "/Users/amirxon/Desktop/ChaqmoqApp/venv/lib/python3.14/site-packages/django/template/base.py", line 961, in render_annotated
    return self.render(context)
           ~~~~~~~~~~~^^^^^^^^^
  File "/Users/amirxon/Desktop/ChaqmoqApp/venv/lib/python3.14/site-packages/django/template/loader_tags.py", line 65, in render
    result = block.nodelist.render(context)
  File "/Users/amirxon/Desktop/ChaqmoqApp/venv/lib/python3.14/site-packages/django/template/base.py", line 1000, in render
    return SafeString("".join([node.render_annotated(context) for node in self]))
                               ~~~~~~~~~~~~~~~~~~~~~^^^^^^^^^
  File "/Users/amirxon/Desktop/ChaqmoqApp/venv/lib/python3.14/site-packages/django/template/base.py", line 961, in render_annotated
    return self.render(context)
           ~~~~~~~~~~~^^^^^^^^^
  File "/Users/amirxon/Desktop/ChaqmoqApp/venv/lib/python3.14/site-packages/django/template/loader_tags.py", line 65, in render
    result = block.nodelist.render(context)
  File "/Users/amirxon/Desktop/ChaqmoqApp/venv/lib/python3.14/site-packages/django/template/base.py", line 1000, in render
    return SafeString("".join([node.render_annotated(context) for node in self]))
                               ~~~~~~~~~~~~~~~~~~~~~^^^^^^^^^
  File "/Users/amirxon/Desktop/ChaqmoqApp/venv/lib/python3.14/site-packages/django/template/base.py", line 961, in render_annotated
    return self.render(context)
           ~~~~~~~~~~~^^^^^^^^^
  File "/Users/amirxon/Desktop/ChaqmoqApp/venv/lib/python3.14/site-packages/django/contrib/admin/templatetags/base.py", line 45, in render
    return super().render(context)
           ~~~~~~~~~~~~~~^^^^^^^^^
  File "/Users/amirxon/Desktop/ChaqmoqApp/venv/lib/python3.14/site-packages/django/template/library.py", line 271, in render
    new_context = context.new(_dict)
  File "/Users/amirxon/Desktop/ChaqmoqApp/venv/lib/python3.14/site-packages/django/template/context.py", line 273, in new
    new_context = super().new(values)
  File "/Users/amirxon/Desktop/ChaqmoqApp/venv/lib/python3.14/site-packages/django/template/context.py", line 110, in new
    new_context = copy(self)
  File "/Library/Frameworks/Python.framework/Versions/3.14/lib/python3.14/copy.py", line 82, in copy
    return copier(x)
  File "/Users/amirxon/Desktop/ChaqmoqApp/venv/lib/python3.14/site-packages/django/template/context.py", line 158, in __copy__
    duplicate = super().__copy__()
  File "/Users/amirxon/Desktop/ChaqmoqApp/venv/lib/python3.14/site-packages/django/template/context.py", line 39, in __copy__
    duplicate.dicts = self.dicts[:]
    ^^^^^^^^^^^^^^^
AttributeError: 'super' object has no attribute 'dicts' and no __dict__ for setting new attributes
Internal Server Error: /admin/chaqmoq/ledger/
Traceback (most recent call last):
  File "/Users/amirxon/Desktop/ChaqmoqApp/venv/lib/python3.14/site-packages/django/core/handlers/exception.py", line 55, in inner
    response = get_response(request)
  File "/Users/amirxon/Desktop/ChaqmoqApp/venv/lib/python3.14/site-packages/django/core/handlers/base.py", line 220, in _get_response
    response = response.render()
  File "/Users/amirxon/Desktop/ChaqmoqApp/venv/lib/python3.14/site-packages/django/template/response.py", line 114, in render
    self.content = self.rendered_content
                   ^^^^^^^^^^^^^^^^^^^^^
  File "/Users/amirxon/Desktop/ChaqmoqApp/venv/lib/python3.14/site-packages/django/template/response.py", line 92, in rendered_content
    return template.render(context, self._request)
           ~~~~~~~~~~~~~~~^^^^^^^^^^^^^^^^^^^^^^^^
  File "/Users/amirxon/Desktop/ChaqmoqApp/venv/lib/python3.14/site-packages/django/template/backends/django.py", line 61, in render
    return self.template.render(context)
           ~~~~~~~~~~~~~~~~~~~~^^^^^^^^^
  File "/Users/amirxon/Desktop/ChaqmoqApp/venv/lib/python3.14/site-packages/django/template/base.py", line 171, in render
    return self._render(context)
           ~~~~~~~~~~~~^^^^^^^^^
  File "/Users/amirxon/Desktop/ChaqmoqApp/venv/lib/python3.14/site-packages/django/template/base.py", line 163, in _render
    return self.nodelist.render(context)
           ~~~~~~~~~~~~~~~~~~~~^^^^^^^^^
  File "/Users/amirxon/Desktop/ChaqmoqApp/venv/lib/python3.14/site-packages/django/template/base.py", line 1000, in render
    return SafeString("".join([node.render_annotated(context) for node in self]))
                               ~~~~~~~~~~~~~~~~~~~~~^^^^^^^^^
  File "/Users/amirxon/Desktop/ChaqmoqApp/venv/lib/python3.14/site-packages/django/template/base.py", line 961, in render_annotated
    return self.render(context)
           ~~~~~~~~~~~^^^^^^^^^
  File "/Users/amirxon/Desktop/ChaqmoqApp/venv/lib/python3.14/site-packages/django/template/loader_tags.py", line 159, in render
    return compiled_parent._render(context)
           ~~~~~~~~~~~~~~~~~~~~~~~^^^^^^^^^
  File "/Users/amirxon/Desktop/ChaqmoqApp/venv/lib/python3.14/site-packages/django/template/base.py", line 163, in _render
    return self.nodelist.render(context)
           ~~~~~~~~~~~~~~~~~~~~^^^^^^^^^
  File "/Users/amirxon/Desktop/ChaqmoqApp/venv/lib/python3.14/site-packages/django/template/base.py", line 1000, in render
    return SafeString("".join([node.render_annotated(context) for node in self]))
                               ~~~~~~~~~~~~~~~~~~~~~^^^^^^^^^
  File "/Users/amirxon/Desktop/ChaqmoqApp/venv/lib/python3.14/site-packages/django/template/base.py", line 961, in render_annotated
    return self.render(context)
           ~~~~~~~~~~~^^^^^^^^^
  File "/Users/amirxon/Desktop/ChaqmoqApp/venv/lib/python3.14/site-packages/django/template/loader_tags.py", line 159, in render
    return compiled_parent._render(context)
           ~~~~~~~~~~~~~~~~~~~~~~~^^^^^^^^^
  File "/Users/amirxon/Desktop/ChaqmoqApp/venv/lib/python3.14/site-packages/django/template/base.py", line 163, in _render
    return self.nodelist.render(context)
           ~~~~~~~~~~~~~~~~~~~~^^^^^^^^^
  File "/Users/amirxon/Desktop/ChaqmoqApp/venv/lib/python3.14/site-packages/django/template/base.py", line 1000, in render
    return SafeString("".join([node.render_annotated(context) for node in self]))
                               ~~~~~~~~~~~~~~~~~~~~~^^^^^^^^^
  File "/Users/amirxon/Desktop/ChaqmoqApp/venv/lib/python3.14/site-packages/django/template/base.py", line 961, in render_annotated
    return self.render(context)
           ~~~~~~~~~~~^^^^^^^^^
  File "/Users/amirxon/Desktop/ChaqmoqApp/venv/lib/python3.14/site-packages/django/template/loader_tags.py", line 65, in render
    result = block.nodelist.render(context)
  File "/Users/amirxon/Desktop/ChaqmoqApp/venv/lib/python3.14/site-packages/django/template/base.py", line 1000, in render
    return SafeString("".join([node.render_annotated(context) for node in self]))
                               ~~~~~~~~~~~~~~~~~~~~~^^^^^^^^^
  File "/Users/amirxon/Desktop/ChaqmoqApp/venv/lib/python3.14/site-packages/django/template/base.py", line 961, in render_annotated
    return self.render(context)
           ~~~~~~~~~~~^^^^^^^^^
  File "/Users/amirxon/Desktop/ChaqmoqApp/venv/lib/python3.14/site-packages/django/template/loader_tags.py", line 65, in render
    result = block.nodelist.render(context)
  File "/Users/amirxon/Desktop/ChaqmoqApp/venv/lib/python3.14/site-packages/django/template/base.py", line 1000, in render
    return SafeString("".join([node.render_annotated(context) for node in self]))
                               ~~~~~~~~~~~~~~~~~~~~~^^^^^^^^^
  File "/Users/amirxon/Desktop/ChaqmoqApp/venv/lib/python3.14/site-packages/django/template/base.py", line 961, in render_annotated
    return self.render(context)
           ~~~~~~~~~~~^^^^^^^^^
  File "/Users/amirxon/Desktop/ChaqmoqApp/venv/lib/python3.14/site-packages/django/template/loader_tags.py", line 65, in render
    result = block.nodelist.render(context)
  File "/Users/amirxon/Desktop/ChaqmoqApp/venv/lib/python3.14/site-packages/django/template/base.py", line 1000, in render
    return SafeString("".join([node.render_annotated(context) for node in self]))
                               ~~~~~~~~~~~~~~~~~~~~~^^^^^^^^^
  File "/Users/amirxon/Desktop/ChaqmoqApp/venv/lib/python3.14/site-packages/django/template/base.py", line 961, in render_annotated
    return self.render(context)
           ~~~~~~~~~~~^^^^^^^^^
  File "/Users/amirxon/Desktop/ChaqmoqApp/venv/lib/python3.14/site-packages/django/template/loader_tags.py", line 65, in render
    result = block.nodelist.render(context)
  File "/Users/amirxon/Desktop/ChaqmoqApp/venv/lib/python3.14/site-packages/django/template/base.py", line 1000, in render
    return SafeString("".join([node.render_annotated(context) for node in self]))
                               ~~~~~~~~~~~~~~~~~~~~~^^^^^^^^^
  File "/Users/amirxon/Desktop/ChaqmoqApp/venv/lib/python3.14/site-packages/django/template/base.py", line 961, in render_annotated
    return self.render(context)
           ~~~~~~~~~~~^^^^^^^^^
  File "/Users/amirxon/Desktop/ChaqmoqApp/venv/lib/python3.14/site-packages/django/template/loader_tags.py", line 65, in render
    result = block.nodelist.render(context)
  File "/Users/amirxon/Desktop/ChaqmoqApp/venv/lib/python3.14/site-packages/django/template/base.py", line 1000, in render
    return SafeString("".join([node.render_annotated(context) for node in self]))
                               ~~~~~~~~~~~~~~~~~~~~~^^^^^^^^^
  File "/Users/amirxon/Desktop/ChaqmoqApp/venv/lib/python3.14/site-packages/django/template/base.py", line 961, in render_annotated
    return self.render(context)
           ~~~~~~~~~~~^^^^^^^^^
  File "/Users/amirxon/Desktop/ChaqmoqApp/venv/lib/python3.14/site-packages/django/contrib/admin/templatetags/base.py", line 45, in render
    return super().render(context)
           ~~~~~~~~~~~~~~^^^^^^^^^
  File "/Users/amirxon/Desktop/ChaqmoqApp/venv/lib/python3.14/site-packages/django/template/library.py", line 271, in render
    new_context = context.new(_dict)
  File "/Users/amirxon/Desktop/ChaqmoqApp/venv/lib/python3.14/site-packages/django/template/context.py", line 273, in new
    new_context = super().new(values)
  File "/Users/amirxon/Desktop/ChaqmoqApp/venv/lib/python3.14/site-packages/django/template/context.py", line 110, in new
    new_context = copy(self)
  File "/Library/Frameworks/Python.framework/Versions/3.14/lib/python3.14/copy.py", line 82, in copy
    return copier(x)
  File "/Users/amirxon/Desktop/ChaqmoqApp/venv/lib/python3.14/site-packages/django/template/context.py", line 158, in __copy__
    duplicate = super().__copy__()
  File "/Users/amirxon/Desktop/ChaqmoqApp/venv/lib/python3.14/site-packages/django/template/context.py", line 39, in __copy__
    duplicate.dicts = self.dicts[:]
    ^^^^^^^^^^^^^^^
AttributeError: 'super' object has no attribute 'dicts' and no __dict__ for setting new attributes
Internal Server Error: /admin/chaqmoq/ledger/add/
Traceback (most recent call last):
  File "/Users/amirxon/Desktop/ChaqmoqApp/venv/lib/python3.14/site-packages/django/core/handlers/exception.py", line 55, in inner
    response = get_response(request)
  File "/Users/amirxon/Desktop/ChaqmoqApp/venv/lib/python3.14/site-packages/django/core/handlers/base.py", line 220, in _get_response
    response = response.render()
  File "/Users/amirxon/Desktop/ChaqmoqApp/venv/lib/python3.14/site-packages/django/template/response.py", line 114, in render
    self.content = self.rendered_content
                   ^^^^^^^^^^^^^^^^^^^^^
  File "/Users/amirxon/Desktop/ChaqmoqApp/venv/lib/python3.14/site-packages/django/template/response.py", line 92, in rendered_content
    return template.render(context, self._request)
           ~~~~~~~~~~~~~~~^^^^^^^^^^^^^^^^^^^^^^^^
  File "/Users/amirxon/Desktop/ChaqmoqApp/venv/lib/python3.14/site-packages/django/template/backends/django.py", line 61, in render
    return self.template.render(context)
           ~~~~~~~~~~~~~~~~~~~~^^^^^^^^^
  File "/Users/amirxon/Desktop/ChaqmoqApp/venv/lib/python3.14/site-packages/django/template/base.py", line 171, in render
    return self._render(context)
           ~~~~~~~~~~~~^^^^^^^^^
  File "/Users/amirxon/Desktop/ChaqmoqApp/venv/lib/python3.14/site-packages/django/template/base.py", line 163, in _render
    return self.nodelist.render(context)
           ~~~~~~~~~~~~~~~~~~~~^^^^^^^^^
  File "/Users/amirxon/Desktop/ChaqmoqApp/venv/lib/python3.14/site-packages/django/template/base.py", line 1000, in render
    return SafeString("".join([node.render_annotated(context) for node in self]))
                               ~~~~~~~~~~~~~~~~~~~~~^^^^^^^^^
  File "/Users/amirxon/Desktop/ChaqmoqApp/venv/lib/python3.14/site-packages/django/template/base.py", line 961, in render_annotated
    return self.render(context)
           ~~~~~~~~~~~^^^^^^^^^
  File "/Users/amirxon/Desktop/ChaqmoqApp/venv/lib/python3.14/site-packages/django/template/loader_tags.py", line 159, in render
    return compiled_parent._render(context)
           ~~~~~~~~~~~~~~~~~~~~~~~^^^^^^^^^
  File "/Users/amirxon/Desktop/ChaqmoqApp/venv/lib/python3.14/site-packages/django/template/base.py", line 163, in _render
    return self.nodelist.render(context)
           ~~~~~~~~~~~~~~~~~~~~^^^^^^^^^
  File "/Users/amirxon/Desktop/ChaqmoqApp/venv/lib/python3.14/site-packages/django/template/base.py", line 1000, in render
    return SafeString("".join([node.render_annotated(context) for node in self]))
                               ~~~~~~~~~~~~~~~~~~~~~^^^^^^^^^
  File "/Users/amirxon/Desktop/ChaqmoqApp/venv/lib/python3.14/site-packages/django/template/base.py", line 961, in render_annotated
    return self.render(context)
           ~~~~~~~~~~~^^^^^^^^^
  File "/Users/amirxon/Desktop/ChaqmoqApp/venv/lib/python3.14/site-packages/django/template/loader_tags.py", line 159, in render
    return compiled_parent._render(context)
           ~~~~~~~~~~~~~~~~~~~~~~~^^^^^^^^^
  File "/Users/amirxon/Desktop/ChaqmoqApp/venv/lib/python3.14/site-packages/django/template/base.py", line 163, in _render
    return self.nodelist.render(context)
           ~~~~~~~~~~~~~~~~~~~~^^^^^^^^^
  File "/Users/amirxon/Desktop/ChaqmoqApp/venv/lib/python3.14/site-packages/django/template/base.py", line 1000, in render
    return SafeString("".join([node.render_annotated(context) for node in self]))
                               ~~~~~~~~~~~~~~~~~~~~~^^^^^^^^^
  File "/Users/amirxon/Desktop/ChaqmoqApp/venv/lib/python3.14/site-packages/django/template/base.py", line 961, in render_annotated
    return self.render(context)
           ~~~~~~~~~~~^^^^^^^^^
  File "/Users/amirxon/Desktop/ChaqmoqApp/venv/lib/python3.14/site-packages/django/template/loader_tags.py", line 65, in render
    result = block.nodelist.render(context)
  File "/Users/amirxon/Desktop/ChaqmoqApp/venv/lib/python3.14/site-packages/django/template/base.py", line 1000, in render
    return SafeString("".join([node.render_annotated(context) for node in self]))
                               ~~~~~~~~~~~~~~~~~~~~~^^^^^^^^^
  File "/Users/amirxon/Desktop/ChaqmoqApp/venv/lib/python3.14/site-packages/django/template/base.py", line 961, in render_annotated
    return self.render(context)
           ~~~~~~~~~~~^^^^^^^^^
  File "/Users/amirxon/Desktop/ChaqmoqApp/venv/lib/python3.14/site-packages/django/template/loader_tags.py", line 65, in render
    result = block.nodelist.render(context)
  File "/Users/amirxon/Desktop/ChaqmoqApp/venv/lib/python3.14/site-packages/django/template/base.py", line 1000, in render
    return SafeString("".join([node.render_annotated(context) for node in self]))
                               ~~~~~~~~~~~~~~~~~~~~~^^^^^^^^^
  File "/Users/amirxon/Desktop/ChaqmoqApp/venv/lib/python3.14/site-packages/django/template/base.py", line 961, in render_annotated
    return self.render(context)
           ~~~~~~~~~~~^^^^^^^^^
  File "/Users/amirxon/Desktop/ChaqmoqApp/venv/lib/python3.14/site-packages/django/template/loader_tags.py", line 65, in render
    result = block.nodelist.render(context)
  File "/Users/amirxon/Desktop/ChaqmoqApp/venv/lib/python3.14/site-packages/django/template/base.py", line 1000, in render
    return SafeString("".join([node.render_annotated(context) for node in self]))
                               ~~~~~~~~~~~~~~~~~~~~~^^^^^^^^^
  File "/Users/amirxon/Desktop/ChaqmoqApp/venv/lib/python3.14/site-packages/django/template/base.py", line 961, in render_annotated
    return self.render(context)
           ~~~~~~~~~~~^^^^^^^^^
  File "/Users/amirxon/Desktop/ChaqmoqApp/venv/lib/python3.14/site-packages/django/contrib/admin/templatetags/base.py", line 45, in render
    return super().render(context)
           ~~~~~~~~~~~~~~^^^^^^^^^
  File "/Users/amirxon/Desktop/ChaqmoqApp/venv/lib/python3.14/site-packages/django/template/library.py", line 271, in render
    new_context = context.new(_dict)
  File "/Users/amirxon/Desktop/ChaqmoqApp/venv/lib/python3.14/site-packages/django/template/context.py", line 273, in new
    new_context = super().new(values)
  File "/Users/amirxon/Desktop/ChaqmoqApp/venv/lib/python3.14/site-packages/django/template/context.py", line 110, in new
    new_context = copy(self)
  File "/Library/Frameworks/Python.framework/Versions/3.14/lib/python3.14/copy.py", line 82, in copy
    return copier(x)
  File "/Users/amirxon/Desktop/ChaqmoqApp/venv/lib/python3.14/site-packages/django/template/context.py", line 158, in __copy__
    duplicate = super().__copy__()
  File "/Users/amirxon/Desktop/ChaqmoqApp/venv/lib/python3.14/site-packages/django/template/context.py", line 39, in __copy__
    duplicate.dicts = self.dicts[:]
    ^^^^^^^^^^^^^^^
AttributeError: 'super' object has no attribute 'dicts' and no __dict__ for setting new attributes
Internal Server Error: /admin/chaqmoq/ledger/add/
Traceback (most recent call last):
  File "/Users/amirxon/Desktop/ChaqmoqApp/venv/lib/python3.14/site-packages/django/core/handlers/exception.py", line 55, in inner
    response = get_response(request)
  File "/Users/amirxon/Desktop/ChaqmoqApp/venv/lib/python3.14/site-packages/django/core/handlers/base.py", line 220, in _get_response
    response = response.render()
  File "/Users/amirxon/Desktop/ChaqmoqApp/venv/lib/python3.14/site-packages/django/template/response.py", line 114, in render
    self.content = self.rendered_content
                   ^^^^^^^^^^^^^^^^^^^^^
  File "/Users/amirxon/Desktop/ChaqmoqApp/venv/lib/python3.14/site-packages/django/template/response.py", line 92, in rendered_content
    return template.render(context, self._request)
           ~~~~~~~~~~~~~~~^^^^^^^^^^^^^^^^^^^^^^^^
  File "/Users/amirxon/Desktop/ChaqmoqApp/venv/lib/python3.14/site-packages/django/template/backends/django.py", line 61, in render
    return self.template.render(context)
           ~~~~~~~~~~~~~~~~~~~~^^^^^^^^^
  File "/Users/amirxon/Desktop/ChaqmoqApp/venv/lib/python3.14/site-packages/django/template/base.py", line 171, in render
    return self._render(context)
           ~~~~~~~~~~~~^^^^^^^^^
  File "/Users/amirxon/Desktop/ChaqmoqApp/venv/lib/python3.14/site-packages/django/template/base.py", line 163, in _render
    return self.nodelist.render(context)
           ~~~~~~~~~~~~~~~~~~~~^^^^^^^^^
  File "/Users/amirxon/Desktop/ChaqmoqApp/venv/lib/python3.14/site-packages/django/template/base.py", line 1000, in render
    return SafeString("".join([node.render_annotated(context) for node in self]))
                               ~~~~~~~~~~~~~~~~~~~~~^^^^^^^^^
  File "/Users/amirxon/Desktop/ChaqmoqApp/venv/lib/python3.14/site-packages/django/template/base.py", line 961, in render_annotated
    return self.render(context)
           ~~~~~~~~~~~^^^^^^^^^
  File "/Users/amirxon/Desktop/ChaqmoqApp/venv/lib/python3.14/site-packages/django/template/loader_tags.py", line 159, in render
    return compiled_parent._render(context)
           ~~~~~~~~~~~~~~~~~~~~~~~^^^^^^^^^
  File "/Users/amirxon/Desktop/ChaqmoqApp/venv/lib/python3.14/site-packages/django/template/base.py", line 163, in _render
    return self.nodelist.render(context)
           ~~~~~~~~~~~~~~~~~~~~^^^^^^^^^
  File "/Users/amirxon/Desktop/ChaqmoqApp/venv/lib/python3.14/site-packages/django/template/base.py", line 1000, in render
    return SafeString("".join([node.render_annotated(context) for node in self]))
                               ~~~~~~~~~~~~~~~~~~~~~^^^^^^^^^
  File "/Users/amirxon/Desktop/ChaqmoqApp/venv/lib/python3.14/site-packages/django/template/base.py", line 961, in render_annotated
    return self.render(context)
           ~~~~~~~~~~~^^^^^^^^^
  File "/Users/amirxon/Desktop/ChaqmoqApp/venv/lib/python3.14/site-packages/django/template/loader_tags.py", line 159, in render
    return compiled_parent._render(context)
           ~~~~~~~~~~~~~~~~~~~~~~~^^^^^^^^^
  File "/Users/amirxon/Desktop/ChaqmoqApp/venv/lib/python3.14/site-packages/django/template/base.py", line 163, in _render
    return self.nodelist.render(context)
           ~~~~~~~~~~~~~~~~~~~~^^^^^^^^^
  File "/Users/amirxon/Desktop/ChaqmoqApp/venv/lib/python3.14/site-packages/django/template/base.py", line 1000, in render
    return SafeString("".join([node.render_annotated(context) for node in self]))
                               ~~~~~~~~~~~~~~~~~~~~~^^^^^^^^^
  File "/Users/amirxon/Desktop/ChaqmoqApp/venv/lib/python3.14/site-packages/django/template/base.py", line 961, in render_annotated
    return self.render(context)
           ~~~~~~~~~~~^^^^^^^^^
  File "/Users/amirxon/Desktop/ChaqmoqApp/venv/lib/python3.14/site-packages/django/template/loader_tags.py", line 65, in render
    result = block.nodelist.render(context)
  File "/Users/amirxon/Desktop/ChaqmoqApp/venv/lib/python3.14/site-packages/django/template/base.py", line 1000, in render
    return SafeString("".join([node.render_annotated(context) for node in self]))
                               ~~~~~~~~~~~~~~~~~~~~~^^^^^^^^^
  File "/Users/amirxon/Desktop/ChaqmoqApp/venv/lib/python3.14/site-packages/django/template/base.py", line 961, in render_annotated
    return self.render(context)
           ~~~~~~~~~~~^^^^^^^^^
  File "/Users/amirxon/Desktop/ChaqmoqApp/venv/lib/python3.14/site-packages/django/template/loader_tags.py", line 65, in render
    result = block.nodelist.render(context)
  File "/Users/amirxon/Desktop/ChaqmoqApp/venv/lib/python3.14/site-packages/django/template/base.py", line 1000, in render
    return SafeString("".join([node.render_annotated(context) for node in self]))
                               ~~~~~~~~~~~~~~~~~~~~~^^^^^^^^^
  File "/Users/amirxon/Desktop/ChaqmoqApp/venv/lib/python3.14/site-packages/django/template/base.py", line 961, in render_annotated
    return self.render(context)
           ~~~~~~~~~~~^^^^^^^^^
  File "/Users/amirxon/Desktop/ChaqmoqApp/venv/lib/python3.14/site-packages/django/template/loader_tags.py", line 65, in render
    result = block.nodelist.render(context)
  File "/Users/amirxon/Desktop/ChaqmoqApp/venv/lib/python3.14/site-packages/django/template/base.py", line 1000, in render
    return SafeString("".join([node.render_annotated(context) for node in self]))
                               ~~~~~~~~~~~~~~~~~~~~~^^^^^^^^^
  File "/Users/amirxon/Desktop/ChaqmoqApp/venv/lib/python3.14/site-packages/django/template/base.py", line 961, in render_annotated
    return self.render(context)
           ~~~~~~~~~~~^^^^^^^^^
  File "/Users/amirxon/Desktop/ChaqmoqApp/venv/lib/python3.14/site-packages/django/contrib/admin/templatetags/base.py", line 45, in render
    return super().render(context)
           ~~~~~~~~~~~~~~^^^^^^^^^
  File "/Users/amirxon/Desktop/ChaqmoqApp/venv/lib/python3.14/site-packages/django/template/library.py", line 271, in render
    new_context = context.new(_dict)
  File "/Users/amirxon/Desktop/ChaqmoqApp/venv/lib/python3.14/site-packages/django/template/context.py", line 273, in new
    new_context = super().new(values)
  File "/Users/amirxon/Desktop/ChaqmoqApp/venv/lib/python3.14/site-packages/django/template/context.py", line 110, in new
    new_context = copy(self)
  File "/Library/Frameworks/Python.framework/Versions/3.14/lib/python3.14/copy.py", line 82, in copy
    return copier(x)
  File "/Users/amirxon/Desktop/ChaqmoqApp/venv/lib/python3.14/site-packages/django/template/context.py", line 158, in __copy__
    duplicate = super().__copy__()
  File "/Users/amirxon/Desktop/ChaqmoqApp/venv/lib/python3.14/site-packages/django/template/context.py", line 39, in __copy__
    duplicate.dicts = self.dicts[:]
    ^^^^^^^^^^^^^^^
AttributeError: 'super' object has no attribute 'dicts' and no __dict__ for setting new attributes
Internal Server Error: /admin/store/product/
Traceback (most recent call last):
  File "/Users/amirxon/Desktop/ChaqmoqApp/venv/lib/python3.14/site-packages/django/core/handlers/exception.py", line 55, in inner
    response = get_response(request)
  File "/Users/amirxon/Desktop/ChaqmoqApp/venv/lib/python3.14/site-packages/django/core/handlers/base.py", line 220, in _get_response
    response = response.render()
  File "/Users/amirxon/Desktop/ChaqmoqApp/venv/lib/python3.14/site-packages/django/template/response.py", line 114, in render
    self.content = self.rendered_content
                   ^^^^^^^^^^^^^^^^^^^^^
  File "/Users/amirxon/Desktop/ChaqmoqApp/venv/lib/python3.14/site-packages/django/template/response.py", line 92, in rendered_content
    return template.render(context, self._request)
           ~~~~~~~~~~~~~~~^^^^^^^^^^^^^^^^^^^^^^^^
  File "/Users/amirxon/Desktop/ChaqmoqApp/venv/lib/python3.14/site-packages/django/template/backends/django.py", line 61, in render
    return self.template.render(context)
           ~~~~~~~~~~~~~~~~~~~~^^^^^^^^^
  File "/Users/amirxon/Desktop/ChaqmoqApp/venv/lib/python3.14/site-packages/django/template/base.py", line 171, in render
    return self._render(context)
           ~~~~~~~~~~~~^^^^^^^^^
  File "/Users/amirxon/Desktop/ChaqmoqApp/venv/lib/python3.14/site-packages/django/template/base.py", line 163, in _render
    return self.nodelist.render(context)
           ~~~~~~~~~~~~~~~~~~~~^^^^^^^^^
  File "/Users/amirxon/Desktop/ChaqmoqApp/venv/lib/python3.14/site-packages/django/template/base.py", line 1000, in render
    return SafeString("".join([node.render_annotated(context) for node in self]))
                               ~~~~~~~~~~~~~~~~~~~~~^^^^^^^^^
  File "/Users/amirxon/Desktop/ChaqmoqApp/venv/lib/python3.14/site-packages/django/template/base.py", line 961, in render_annotated
    return self.render(context)
           ~~~~~~~~~~~^^^^^^^^^
  File "/Users/amirxon/Desktop/ChaqmoqApp/venv/lib/python3.14/site-packages/django/template/loader_tags.py", line 159, in render
    return compiled_parent._render(context)
           ~~~~~~~~~~~~~~~~~~~~~~~^^^^^^^^^
  File "/Users/amirxon/Desktop/ChaqmoqApp/venv/lib/python3.14/site-packages/django/template/base.py", line 163, in _render
    return self.nodelist.render(context)
           ~~~~~~~~~~~~~~~~~~~~^^^^^^^^^
  File "/Users/amirxon/Desktop/ChaqmoqApp/venv/lib/python3.14/site-packages/django/template/base.py", line 1000, in render
    return SafeString("".join([node.render_annotated(context) for node in self]))
                               ~~~~~~~~~~~~~~~~~~~~~^^^^^^^^^
  File "/Users/amirxon/Desktop/ChaqmoqApp/venv/lib/python3.14/site-packages/django/template/base.py", line 961, in render_annotated
    return self.render(context)
           ~~~~~~~~~~~^^^^^^^^^
  File "/Users/amirxon/Desktop/ChaqmoqApp/venv/lib/python3.14/site-packages/django/template/loader_tags.py", line 159, in render
    return compiled_parent._render(context)
           ~~~~~~~~~~~~~~~~~~~~~~~^^^^^^^^^
  File "/Users/amirxon/Desktop/ChaqmoqApp/venv/lib/python3.14/site-packages/django/template/base.py", line 163, in _render
    return self.nodelist.render(context)
           ~~~~~~~~~~~~~~~~~~~~^^^^^^^^^
  File "/Users/amirxon/Desktop/ChaqmoqApp/venv/lib/python3.14/site-packages/django/template/base.py", line 1000, in render
    return SafeString("".join([node.render_annotated(context) for node in self]))
                               ~~~~~~~~~~~~~~~~~~~~~^^^^^^^^^
  File "/Users/amirxon/Desktop/ChaqmoqApp/venv/lib/python3.14/site-packages/django/template/base.py", line 961, in render_annotated
    return self.render(context)
           ~~~~~~~~~~~^^^^^^^^^
  File "/Users/amirxon/Desktop/ChaqmoqApp/venv/lib/python3.14/site-packages/django/template/loader_tags.py", line 65, in render
    result = block.nodelist.render(context)
  File "/Users/amirxon/Desktop/ChaqmoqApp/venv/lib/python3.14/site-packages/django/template/base.py", line 1000, in render
    return SafeString("".join([node.render_annotated(context) for node in self]))
                               ~~~~~~~~~~~~~~~~~~~~~^^^^^^^^^
  File "/Users/amirxon/Desktop/ChaqmoqApp/venv/lib/python3.14/site-packages/django/template/base.py", line 961, in render_annotated
    return self.render(context)
           ~~~~~~~~~~~^^^^^^^^^
  File "/Users/amirxon/Desktop/ChaqmoqApp/venv/lib/python3.14/site-packages/django/template/loader_tags.py", line 65, in render
    result = block.nodelist.render(context)
  File "/Users/amirxon/Desktop/ChaqmoqApp/venv/lib/python3.14/site-packages/django/template/base.py", line 1000, in render
    return SafeString("".join([node.render_annotated(context) for node in self]))
                               ~~~~~~~~~~~~~~~~~~~~~^^^^^^^^^
  File "/Users/amirxon/Desktop/ChaqmoqApp/venv/lib/python3.14/site-packages/django/template/base.py", line 961, in render_annotated
    return self.render(context)
           ~~~~~~~~~~~^^^^^^^^^
  File "/Users/amirxon/Desktop/ChaqmoqApp/venv/lib/python3.14/site-packages/django/template/loader_tags.py", line 65, in render
    result = block.nodelist.render(context)
  File "/Users/amirxon/Desktop/ChaqmoqApp/venv/lib/python3.14/site-packages/django/template/base.py", line 1000, in render
    return SafeString("".join([node.render_annotated(context) for node in self]))
                               ~~~~~~~~~~~~~~~~~~~~~^^^^^^^^^
  File "/Users/amirxon/Desktop/ChaqmoqApp/venv/lib/python3.14/site-packages/django/template/base.py", line 961, in render_annotated
    return self.render(context)
           ~~~~~~~~~~~^^^^^^^^^
  File "/Users/amirxon/Desktop/ChaqmoqApp/venv/lib/python3.14/site-packages/django/template/loader_tags.py", line 65, in render
    result = block.nodelist.render(context)
  File "/Users/amirxon/Desktop/ChaqmoqApp/venv/lib/python3.14/site-packages/django/template/base.py", line 1000, in render
    return SafeString("".join([node.render_annotated(context) for node in self]))
                               ~~~~~~~~~~~~~~~~~~~~~^^^^^^^^^
  File "/Users/amirxon/Desktop/ChaqmoqApp/venv/lib/python3.14/site-packages/django/template/base.py", line 961, in render_annotated
    return self.render(context)
           ~~~~~~~~~~~^^^^^^^^^
  File "/Users/amirxon/Desktop/ChaqmoqApp/venv/lib/python3.14/site-packages/django/template/loader_tags.py", line 65, in render
    result = block.nodelist.render(context)
  File "/Users/amirxon/Desktop/ChaqmoqApp/venv/lib/python3.14/site-packages/django/template/base.py", line 1000, in render
    return SafeString("".join([node.render_annotated(context) for node in self]))
                               ~~~~~~~~~~~~~~~~~~~~~^^^^^^^^^
  File "/Users/amirxon/Desktop/ChaqmoqApp/venv/lib/python3.14/site-packages/django/template/base.py", line 961, in render_annotated
    return self.render(context)
           ~~~~~~~~~~~^^^^^^^^^
  File "/Users/amirxon/Desktop/ChaqmoqApp/venv/lib/python3.14/site-packages/django/contrib/admin/templatetags/base.py", line 45, in render
    return super().render(context)
           ~~~~~~~~~~~~~~^^^^^^^^^
  File "/Users/amirxon/Desktop/ChaqmoqApp/venv/lib/python3.14/site-packages/django/template/library.py", line 271, in render
    new_context = context.new(_dict)
  File "/Users/amirxon/Desktop/ChaqmoqApp/venv/lib/python3.14/site-packages/django/template/context.py", line 273, in new
    new_context = super().new(values)
  File "/Users/amirxon/Desktop/ChaqmoqApp/venv/lib/python3.14/site-packages/django/template/context.py", line 110, in new
    new_context = copy(self)
  File "/Library/Frameworks/Python.framework/Versions/3.14/lib/python3.14/copy.py", line 82, in copy
    return copier(x)
  File "/Users/amirxon/Desktop/ChaqmoqApp/venv/lib/python3.14/site-packages/django/template/context.py", line 158, in __copy__
    duplicate = super().__copy__()
  File "/Users/amirxon/Desktop/ChaqmoqApp/venv/lib/python3.14/site-packages/django/template/context.py", line 39, in __copy__
    duplicate.dicts = self.dicts[:]
    ^^^^^^^^^^^^^^^
AttributeError: 'super' object has no attribute 'dicts' and no __dict__ for setting new attributes
Internal Server Error: /admin/store/product/
Traceback (most recent call last):
  File "/Users/amirxon/Desktop/ChaqmoqApp/venv/lib/python3.14/site-packages/django/core/handlers/exception.py", line 55, in inner
    response = get_response(request)
  File "/Users/amirxon/Desktop/ChaqmoqApp/venv/lib/python3.14/site-packages/django/core/handlers/base.py", line 220, in _get_response
    response = response.render()
  File "/Users/amirxon/Desktop/ChaqmoqApp/venv/lib/python3.14/site-packages/django/template/response.py", line 114, in render
    self.content = self.rendered_content
                   ^^^^^^^^^^^^^^^^^^^^^
  File "/Users/amirxon/Desktop/ChaqmoqApp/venv/lib/python3.14/site-packages/django/template/response.py", line 92, in rendered_content
    return template.render(context, self._request)
           ~~~~~~~~~~~~~~~^^^^^^^^^^^^^^^^^^^^^^^^
  File "/Users/amirxon/Desktop/ChaqmoqApp/venv/lib/python3.14/site-packages/django/template/backends/django.py", line 61, in render
    return self.template.render(context)
           ~~~~~~~~~~~~~~~~~~~~^^^^^^^^^
  File "/Users/amirxon/Desktop/ChaqmoqApp/venv/lib/python3.14/site-packages/django/template/base.py", line 171, in render
    return self._render(context)
           ~~~~~~~~~~~~^^^^^^^^^
  File "/Users/amirxon/Desktop/ChaqmoqApp/venv/lib/python3.14/site-packages/django/template/base.py", line 163, in _render
    return self.nodelist.render(context)
           ~~~~~~~~~~~~~~~~~~~~^^^^^^^^^
  File "/Users/amirxon/Desktop/ChaqmoqApp/venv/lib/python3.14/site-packages/django/template/base.py", line 1000, in render
    return SafeString("".join([node.render_annotated(context) for node in self]))
                               ~~~~~~~~~~~~~~~~~~~~~^^^^^^^^^
  File "/Users/amirxon/Desktop/ChaqmoqApp/venv/lib/python3.14/site-packages/django/template/base.py", line 961, in render_annotated
    return self.render(context)
           ~~~~~~~~~~~^^^^^^^^^
  File "/Users/amirxon/Desktop/ChaqmoqApp/venv/lib/python3.14/site-packages/django/template/loader_tags.py", line 159, in render
    return compiled_parent._render(context)
           ~~~~~~~~~~~~~~~~~~~~~~~^^^^^^^^^
  File "/Users/amirxon/Desktop/ChaqmoqApp/venv/lib/python3.14/site-packages/django/template/base.py", line 163, in _render
    return self.nodelist.render(context)
           ~~~~~~~~~~~~~~~~~~~~^^^^^^^^^
  File "/Users/amirxon/Desktop/ChaqmoqApp/venv/lib/python3.14/site-packages/django/template/base.py", line 1000, in render
    return SafeString("".join([node.render_annotated(context) for node in self]))
                               ~~~~~~~~~~~~~~~~~~~~~^^^^^^^^^
  File "/Users/amirxon/Desktop/ChaqmoqApp/venv/lib/python3.14/site-packages/django/template/base.py", line 961, in render_annotated
    return self.render(context)
           ~~~~~~~~~~~^^^^^^^^^
  File "/Users/amirxon/Desktop/ChaqmoqApp/venv/lib/python3.14/site-packages/django/template/loader_tags.py", line 159, in render
    return compiled_parent._render(context)
           ~~~~~~~~~~~~~~~~~~~~~~~^^^^^^^^^
  File "/Users/amirxon/Desktop/ChaqmoqApp/venv/lib/python3.14/site-packages/django/template/base.py", line 163, in _render
    return self.nodelist.render(context)
           ~~~~~~~~~~~~~~~~~~~~^^^^^^^^^
  File "/Users/amirxon/Desktop/ChaqmoqApp/venv/lib/python3.14/site-packages/django/template/base.py", line 1000, in render
    return SafeString("".join([node.render_annotated(context) for node in self]))
                               ~~~~~~~~~~~~~~~~~~~~~^^^^^^^^^
  File "/Users/amirxon/Desktop/ChaqmoqApp/venv/lib/python3.14/site-packages/django/template/base.py", line 961, in render_annotated
    return self.render(context)
           ~~~~~~~~~~~^^^^^^^^^
  File "/Users/amirxon/Desktop/ChaqmoqApp/venv/lib/python3.14/site-packages/django/template/loader_tags.py", line 65, in render
    result = block.nodelist.render(context)
  File "/Users/amirxon/Desktop/ChaqmoqApp/venv/lib/python3.14/site-packages/django/template/base.py", line 1000, in render
    return SafeString("".join([node.render_annotated(context) for node in self]))
                               ~~~~~~~~~~~~~~~~~~~~~^^^^^^^^^
  File "/Users/amirxon/Desktop/ChaqmoqApp/venv/lib/python3.14/site-packages/django/template/base.py", line 961, in render_annotated
    return self.render(context)
           ~~~~~~~~~~~^^^^^^^^^
  File "/Users/amirxon/Desktop/ChaqmoqApp/venv/lib/python3.14/site-packages/django/template/loader_tags.py", line 65, in render
    result = block.nodelist.render(context)
  File "/Users/amirxon/Desktop/ChaqmoqApp/venv/lib/python3.14/site-packages/django/template/base.py", line 1000, in render
    return SafeString("".join([node.render_annotated(context) for node in self]))
                               ~~~~~~~~~~~~~~~~~~~~~^^^^^^^^^
  File "/Users/amirxon/Desktop/ChaqmoqApp/venv/lib/python3.14/site-packages/django/template/base.py", line 961, in render_annotated
    return self.render(context)
           ~~~~~~~~~~~^^^^^^^^^
  File "/Users/amirxon/Desktop/ChaqmoqApp/venv/lib/python3.14/site-packages/django/template/loader_tags.py", line 65, in render
    result = block.nodelist.render(context)
  File "/Users/amirxon/Desktop/ChaqmoqApp/venv/lib/python3.14/site-packages/django/template/base.py", line 1000, in render
    return SafeString("".join([node.render_annotated(context) for node in self]))
                               ~~~~~~~~~~~~~~~~~~~~~^^^^^^^^^
  File "/Users/amirxon/Desktop/ChaqmoqApp/venv/lib/python3.14/site-packages/django/template/base.py", line 961, in render_annotated
    return self.render(context)
           ~~~~~~~~~~~^^^^^^^^^
  File "/Users/amirxon/Desktop/ChaqmoqApp/venv/lib/python3.14/site-packages/django/template/loader_tags.py", line 65, in render
    result = block.nodelist.render(context)
  File "/Users/amirxon/Desktop/ChaqmoqApp/venv/lib/python3.14/site-packages/django/template/base.py", line 1000, in render
    return SafeString("".join([node.render_annotated(context) for node in self]))
                               ~~~~~~~~~~~~~~~~~~~~~^^^^^^^^^
  File "/Users/amirxon/Desktop/ChaqmoqApp/venv/lib/python3.14/site-packages/django/template/base.py", line 961, in render_annotated
    return self.render(context)
           ~~~~~~~~~~~^^^^^^^^^
  File "/Users/amirxon/Desktop/ChaqmoqApp/venv/lib/python3.14/site-packages/django/template/loader_tags.py", line 65, in render
    result = block.nodelist.render(context)
  File "/Users/amirxon/Desktop/ChaqmoqApp/venv/lib/python3.14/site-packages/django/template/base.py", line 1000, in render
    return SafeString("".join([node.render_annotated(context) for node in self]))
                               ~~~~~~~~~~~~~~~~~~~~~^^^^^^^^^
  File "/Users/amirxon/Desktop/ChaqmoqApp/venv/lib/python3.14/site-packages/django/template/base.py", line 961, in render_annotated
    return self.render(context)
           ~~~~~~~~~~~^^^^^^^^^
  File "/Users/amirxon/Desktop/ChaqmoqApp/venv/lib/python3.14/site-packages/django/contrib/admin/templatetags/base.py", line 45, in render
    return super().render(context)
           ~~~~~~~~~~~~~~^^^^^^^^^
  File "/Users/amirxon/Desktop/ChaqmoqApp/venv/lib/python3.14/site-packages/django/template/library.py", line 271, in render
    new_context = context.new(_dict)
  File "/Users/amirxon/Desktop/ChaqmoqApp/venv/lib/python3.14/site-packages/django/template/context.py", line 273, in new
    new_context = super().new(values)
  File "/Users/amirxon/Desktop/ChaqmoqApp/venv/lib/python3.14/site-packages/django/template/context.py", line 110, in new
    new_context = copy(self)
  File "/Library/Frameworks/Python.framework/Versions/3.14/lib/python3.14/copy.py", line 82, in copy
    return copier(x)
  File "/Users/amirxon/Desktop/ChaqmoqApp/venv/lib/python3.14/site-packages/django/template/context.py", line 158, in __copy__
    duplicate = super().__copy__()
  File "/Users/amirxon/Desktop/ChaqmoqApp/venv/lib/python3.14/site-packages/django/template/context.py", line 39, in __copy__
    duplicate.dicts = self.dicts[:]
    ^^^^^^^^^^^^^^^
AttributeError: 'super' object has no attribute 'dicts' and no __dict__ for setting new attributes
Internal Server Error: /admin/store/product/add/
Traceback (most recent call last):
  File "/Users/amirxon/Desktop/ChaqmoqApp/venv/lib/python3.14/site-packages/django/core/handlers/exception.py", line 55, in inner
    response = get_response(request)
  File "/Users/amirxon/Desktop/ChaqmoqApp/venv/lib/python3.14/site-packages/django/core/handlers/base.py", line 220, in _get_response
    response = response.render()
  File "/Users/amirxon/Desktop/ChaqmoqApp/venv/lib/python3.14/site-packages/django/template/response.py", line 114, in render
    self.content = self.rendered_content
                   ^^^^^^^^^^^^^^^^^^^^^
  File "/Users/amirxon/Desktop/ChaqmoqApp/venv/lib/python3.14/site-packages/django/template/response.py", line 92, in rendered_content
    return template.render(context, self._request)
           ~~~~~~~~~~~~~~~^^^^^^^^^^^^^^^^^^^^^^^^
  File "/Users/amirxon/Desktop/ChaqmoqApp/venv/lib/python3.14/site-packages/django/template/backends/django.py", line 61, in render
    return self.template.render(context)
           ~~~~~~~~~~~~~~~~~~~~^^^^^^^^^
  File "/Users/amirxon/Desktop/ChaqmoqApp/venv/lib/python3.14/site-packages/django/template/base.py", line 171, in render
    return self._render(context)
           ~~~~~~~~~~~~^^^^^^^^^
  File "/Users/amirxon/Desktop/ChaqmoqApp/venv/lib/python3.14/site-packages/django/template/base.py", line 163, in _render
    return self.nodelist.render(context)
           ~~~~~~~~~~~~~~~~~~~~^^^^^^^^^
  File "/Users/amirxon/Desktop/ChaqmoqApp/venv/lib/python3.14/site-packages/django/template/base.py", line 1000, in render
    return SafeString("".join([node.render_annotated(context) for node in self]))
                               ~~~~~~~~~~~~~~~~~~~~~^^^^^^^^^
  File "/Users/amirxon/Desktop/ChaqmoqApp/venv/lib/python3.14/site-packages/django/template/base.py", line 961, in render_annotated
    return self.render(context)
           ~~~~~~~~~~~^^^^^^^^^
  File "/Users/amirxon/Desktop/ChaqmoqApp/venv/lib/python3.14/site-packages/django/template/loader_tags.py", line 159, in render
    return compiled_parent._render(context)
           ~~~~~~~~~~~~~~~~~~~~~~~^^^^^^^^^
  File "/Users/amirxon/Desktop/ChaqmoqApp/venv/lib/python3.14/site-packages/django/template/base.py", line 163, in _render
    return self.nodelist.render(context)
           ~~~~~~~~~~~~~~~~~~~~^^^^^^^^^
  File "/Users/amirxon/Desktop/ChaqmoqApp/venv/lib/python3.14/site-packages/django/template/base.py", line 1000, in render
    return SafeString("".join([node.render_annotated(context) for node in self]))
                               ~~~~~~~~~~~~~~~~~~~~~^^^^^^^^^
  File "/Users/amirxon/Desktop/ChaqmoqApp/venv/lib/python3.14/site-packages/django/template/base.py", line 961, in render_annotated
    return self.render(context)
           ~~~~~~~~~~~^^^^^^^^^
  File "/Users/amirxon/Desktop/ChaqmoqApp/venv/lib/python3.14/site-packages/django/template/loader_tags.py", line 159, in render
    return compiled_parent._render(context)
           ~~~~~~~~~~~~~~~~~~~~~~~^^^^^^^^^
  File "/Users/amirxon/Desktop/ChaqmoqApp/venv/lib/python3.14/site-packages/django/template/base.py", line 163, in _render
    return self.nodelist.render(context)
           ~~~~~~~~~~~~~~~~~~~~^^^^^^^^^
  File "/Users/amirxon/Desktop/ChaqmoqApp/venv/lib/python3.14/site-packages/django/template/base.py", line 1000, in render
    return SafeString("".join([node.render_annotated(context) for node in self]))
                               ~~~~~~~~~~~~~~~~~~~~~^^^^^^^^^
  File "/Users/amirxon/Desktop/ChaqmoqApp/venv/lib/python3.14/site-packages/django/template/base.py", line 961, in render_annotated
    return self.render(context)
           ~~~~~~~~~~~^^^^^^^^^
  File "/Users/amirxon/Desktop/ChaqmoqApp/venv/lib/python3.14/site-packages/django/template/loader_tags.py", line 65, in render
    result = block.nodelist.render(context)
  File "/Users/amirxon/Desktop/ChaqmoqApp/venv/lib/python3.14/site-packages/django/template/base.py", line 1000, in render
    return SafeString("".join([node.render_annotated(context) for node in self]))
                               ~~~~~~~~~~~~~~~~~~~~~^^^^^^^^^
  File "/Users/amirxon/Desktop/ChaqmoqApp/venv/lib/python3.14/site-packages/django/template/base.py", line 961, in render_annotated
    return self.render(context)
           ~~~~~~~~~~~^^^^^^^^^
  File "/Users/amirxon/Desktop/ChaqmoqApp/venv/lib/python3.14/site-packages/django/template/loader_tags.py", line 65, in render
    result = block.nodelist.render(context)
  File "/Users/amirxon/Desktop/ChaqmoqApp/venv/lib/python3.14/site-packages/django/template/base.py", line 1000, in render
    return SafeString("".join([node.render_annotated(context) for node in self]))
                               ~~~~~~~~~~~~~~~~~~~~~^^^^^^^^^
  File "/Users/amirxon/Desktop/ChaqmoqApp/venv/lib/python3.14/site-packages/django/template/base.py", line 961, in render_annotated
    return self.render(context)
           ~~~~~~~~~~~^^^^^^^^^
  File "/Users/amirxon/Desktop/ChaqmoqApp/venv/lib/python3.14/site-packages/django/template/loader_tags.py", line 65, in render
    result = block.nodelist.render(context)
  File "/Users/amirxon/Desktop/ChaqmoqApp/venv/lib/python3.14/site-packages/django/template/base.py", line 1000, in render
    return SafeString("".join([node.render_annotated(context) for node in self]))
                               ~~~~~~~~~~~~~~~~~~~~~^^^^^^^^^
  File "/Users/amirxon/Desktop/ChaqmoqApp/venv/lib/python3.14/site-packages/django/template/base.py", line 961, in render_annotated
    return self.render(context)
           ~~~~~~~~~~~^^^^^^^^^
  File "/Users/amirxon/Desktop/ChaqmoqApp/venv/lib/python3.14/site-packages/django/contrib/admin/templatetags/base.py", line 45, in render
    return super().render(context)
           ~~~~~~~~~~~~~~^^^^^^^^^
  File "/Users/amirxon/Desktop/ChaqmoqApp/venv/lib/python3.14/site-packages/django/template/library.py", line 271, in render
    new_context = context.new(_dict)
  File "/Users/amirxon/Desktop/ChaqmoqApp/venv/lib/python3.14/site-packages/django/template/context.py", line 273, in new
    new_context = super().new(values)
  File "/Users/amirxon/Desktop/ChaqmoqApp/venv/lib/python3.14/site-packages/django/template/context.py", line 110, in new
    new_context = copy(self)
  File "/Library/Frameworks/Python.framework/Versions/3.14/lib/python3.14/copy.py", line 82, in copy
    return copier(x)
  File "/Users/amirxon/Desktop/ChaqmoqApp/venv/lib/python3.14/site-packages/django/template/context.py", line 158, in __copy__
    duplicate = super().__copy__()
  File "/Users/amirxon/Desktop/ChaqmoqApp/venv/lib/python3.14/site-packages/django/template/context.py", line 39, in __copy__
    duplicate.dicts = self.dicts[:]
    ^^^^^^^^^^^^^^^
AttributeError: 'super' object has no attribute 'dicts' and no __dict__ for setting new attributes
Internal Server Error: /admin/store/product/add/
Traceback (most recent call last):
  File "/Users/amirxon/Desktop/ChaqmoqApp/venv/lib/python3.14/site-packages/django/core/handlers/exception.py", line 55, in inner
    response = get_response(request)
  File "/Users/amirxon/Desktop/ChaqmoqApp/venv/lib/python3.14/site-packages/django/core/handlers/base.py", line 220, in _get_response
    response = response.render()
  File "/Users/amirxon/Desktop/ChaqmoqApp/venv/lib/python3.14/site-packages/django/template/response.py", line 114, in render
    self.content = self.rendered_content
                   ^^^^^^^^^^^^^^^^^^^^^
  File "/Users/amirxon/Desktop/ChaqmoqApp/venv/lib/python3.14/site-packages/django/template/response.py", line 92, in rendered_content
    return template.render(context, self._request)
           ~~~~~~~~~~~~~~~^^^^^^^^^^^^^^^^^^^^^^^^
  File "/Users/amirxon/Desktop/ChaqmoqApp/venv/lib/python3.14/site-packages/django/template/backends/django.py", line 61, in render
    return self.template.render(context)
           ~~~~~~~~~~~~~~~~~~~~^^^^^^^^^
  File "/Users/amirxon/Desktop/ChaqmoqApp/venv/lib/python3.14/site-packages/django/template/base.py", line 171, in render
    return self._render(context)
           ~~~~~~~~~~~~^^^^^^^^^
  File "/Users/amirxon/Desktop/ChaqmoqApp/venv/lib/python3.14/site-packages/django/template/base.py", line 163, in _render
    return self.nodelist.render(context)
           ~~~~~~~~~~~~~~~~~~~~^^^^^^^^^
  File "/Users/amirxon/Desktop/ChaqmoqApp/venv/lib/python3.14/site-packages/django/template/base.py", line 1000, in render
    return SafeString("".join([node.render_annotated(context) for node in self]))
                               ~~~~~~~~~~~~~~~~~~~~~^^^^^^^^^
  File "/Users/amirxon/Desktop/ChaqmoqApp/venv/lib/python3.14/site-packages/django/template/base.py", line 961, in render_annotated
    return self.render(context)
           ~~~~~~~~~~~^^^^^^^^^
  File "/Users/amirxon/Desktop/ChaqmoqApp/venv/lib/python3.14/site-packages/django/template/loader_tags.py", line 159, in render
    return compiled_parent._render(context)
           ~~~~~~~~~~~~~~~~~~~~~~~^^^^^^^^^
  File "/Users/amirxon/Desktop/ChaqmoqApp/venv/lib/python3.14/site-packages/django/template/base.py", line 163, in _render
    return self.nodelist.render(context)
           ~~~~~~~~~~~~~~~~~~~~^^^^^^^^^
  File "/Users/amirxon/Desktop/ChaqmoqApp/venv/lib/python3.14/site-packages/django/template/base.py", line 1000, in render
    return SafeString("".join([node.render_annotated(context) for node in self]))
                               ~~~~~~~~~~~~~~~~~~~~~^^^^^^^^^
  File "/Users/amirxon/Desktop/ChaqmoqApp/venv/lib/python3.14/site-packages/django/template/base.py", line 961, in render_annotated
    return self.render(context)
           ~~~~~~~~~~~^^^^^^^^^
  File "/Users/amirxon/Desktop/ChaqmoqApp/venv/lib/python3.14/site-packages/django/template/loader_tags.py", line 159, in render
    return compiled_parent._render(context)
           ~~~~~~~~~~~~~~~~~~~~~~~^^^^^^^^^
  File "/Users/amirxon/Desktop/ChaqmoqApp/venv/lib/python3.14/site-packages/django/template/base.py", line 163, in _render
    return self.nodelist.render(context)
           ~~~~~~~~~~~~~~~~~~~~^^^^^^^^^
  File "/Users/amirxon/Desktop/ChaqmoqApp/venv/lib/python3.14/site-packages/django/template/base.py", line 1000, in render
    return SafeString("".join([node.render_annotated(context) for node in self]))
                               ~~~~~~~~~~~~~~~~~~~~~^^^^^^^^^
  File "/Users/amirxon/Desktop/ChaqmoqApp/venv/lib/python3.14/site-packages/django/template/base.py", line 961, in render_annotated
    return self.render(context)
           ~~~~~~~~~~~^^^^^^^^^
  File "/Users/amirxon/Desktop/ChaqmoqApp/venv/lib/python3.14/site-packages/django/template/loader_tags.py", line 65, in render
    result = block.nodelist.render(context)
  File "/Users/amirxon/Desktop/ChaqmoqApp/venv/lib/python3.14/site-packages/django/template/base.py", line 1000, in render
    return SafeString("".join([node.render_annotated(context) for node in self]))
                               ~~~~~~~~~~~~~~~~~~~~~^^^^^^^^^
  File "/Users/amirxon/Desktop/ChaqmoqApp/venv/lib/python3.14/site-packages/django/template/base.py", line 961, in render_annotated
    return self.render(context)
           ~~~~~~~~~~~^^^^^^^^^
  File "/Users/amirxon/Desktop/ChaqmoqApp/venv/lib/python3.14/site-packages/django/template/loader_tags.py", line 65, in render
    result = block.nodelist.render(context)
  File "/Users/amirxon/Desktop/ChaqmoqApp/venv/lib/python3.14/site-packages/django/template/base.py", line 1000, in render
    return SafeString("".join([node.render_annotated(context) for node in self]))
                               ~~~~~~~~~~~~~~~~~~~~~^^^^^^^^^
  File "/Users/amirxon/Desktop/ChaqmoqApp/venv/lib/python3.14/site-packages/django/template/base.py", line 961, in render_annotated
    return self.render(context)
           ~~~~~~~~~~~^^^^^^^^^
  File "/Users/amirxon/Desktop/ChaqmoqApp/venv/lib/python3.14/site-packages/django/template/loader_tags.py", line 65, in render
    result = block.nodelist.render(context)
  File "/Users/amirxon/Desktop/ChaqmoqApp/venv/lib/python3.14/site-packages/django/template/base.py", line 1000, in render
    return SafeString("".join([node.render_annotated(context) for node in self]))
                               ~~~~~~~~~~~~~~~~~~~~~^^^^^^^^^
  File "/Users/amirxon/Desktop/ChaqmoqApp/venv/lib/python3.14/site-packages/django/template/base.py", line 961, in render_annotated
    return self.render(context)
           ~~~~~~~~~~~^^^^^^^^^
  File "/Users/amirxon/Desktop/ChaqmoqApp/venv/lib/python3.14/site-packages/django/contrib/admin/templatetags/base.py", line 45, in render
    return super().render(context)
           ~~~~~~~~~~~~~~^^^^^^^^^
  File "/Users/amirxon/Desktop/ChaqmoqApp/venv/lib/python3.14/site-packages/django/template/library.py", line 271, in render
    new_context = context.new(_dict)
  File "/Users/amirxon/Desktop/ChaqmoqApp/venv/lib/python3.14/site-packages/django/template/context.py", line 273, in new
    new_context = super().new(values)
  File "/Users/amirxon/Desktop/ChaqmoqApp/venv/lib/python3.14/site-packages/django/template/context.py", line 110, in new
    new_context = copy(self)
  File "/Library/Frameworks/Python.framework/Versions/3.14/lib/python3.14/copy.py", line 82, in copy
    return copier(x)
  File "/Users/amirxon/Desktop/ChaqmoqApp/venv/lib/python3.14/site-packages/django/template/context.py", line 158, in __copy__
    duplicate = super().__copy__()
  File "/Users/amirxon/Desktop/ChaqmoqApp/venv/lib/python3.14/site-packages/django/template/context.py", line 39, in __copy__
    duplicate.dicts = self.dicts[:]
    ^^^^^^^^^^^^^^^
AttributeError: 'super' object has no attribute 'dicts' and no __dict__ for setting new attributes
Internal Server Error: /admin/store/productimage/
Traceback (most recent call last):
  File "/Users/amirxon/Desktop/ChaqmoqApp/venv/lib/python3.14/site-packages/django/core/handlers/exception.py", line 55, in inner
    response = get_response(request)
  File "/Users/amirxon/Desktop/ChaqmoqApp/venv/lib/python3.14/site-packages/django/core/handlers/base.py", line 220, in _get_response
    response = response.render()
  File "/Users/amirxon/Desktop/ChaqmoqApp/venv/lib/python3.14/site-packages/django/template/response.py", line 114, in render
    self.content = self.rendered_content
                   ^^^^^^^^^^^^^^^^^^^^^
  File "/Users/amirxon/Desktop/ChaqmoqApp/venv/lib/python3.14/site-packages/django/template/response.py", line 92, in rendered_content
    return template.render(context, self._request)
           ~~~~~~~~~~~~~~~^^^^^^^^^^^^^^^^^^^^^^^^
  File "/Users/amirxon/Desktop/ChaqmoqApp/venv/lib/python3.14/site-packages/django/template/backends/django.py", line 61, in render
    return self.template.render(context)
           ~~~~~~~~~~~~~~~~~~~~^^^^^^^^^
  File "/Users/amirxon/Desktop/ChaqmoqApp/venv/lib/python3.14/site-packages/django/template/base.py", line 171, in render
    return self._render(context)
           ~~~~~~~~~~~~^^^^^^^^^
  File "/Users/amirxon/Desktop/ChaqmoqApp/venv/lib/python3.14/site-packages/django/template/base.py", line 163, in _render
    return self.nodelist.render(context)
           ~~~~~~~~~~~~~~~~~~~~^^^^^^^^^
  File "/Users/amirxon/Desktop/ChaqmoqApp/venv/lib/python3.14/site-packages/django/template/base.py", line 1000, in render
    return SafeString("".join([node.render_annotated(context) for node in self]))
                               ~~~~~~~~~~~~~~~~~~~~~^^^^^^^^^
  File "/Users/amirxon/Desktop/ChaqmoqApp/venv/lib/python3.14/site-packages/django/template/base.py", line 961, in render_annotated
    return self.render(context)
           ~~~~~~~~~~~^^^^^^^^^
  File "/Users/amirxon/Desktop/ChaqmoqApp/venv/lib/python3.14/site-packages/django/template/loader_tags.py", line 159, in render
    return compiled_parent._render(context)
           ~~~~~~~~~~~~~~~~~~~~~~~^^^^^^^^^
  File "/Users/amirxon/Desktop/ChaqmoqApp/venv/lib/python3.14/site-packages/django/template/base.py", line 163, in _render
    return self.nodelist.render(context)
           ~~~~~~~~~~~~~~~~~~~~^^^^^^^^^
  File "/Users/amirxon/Desktop/ChaqmoqApp/venv/lib/python3.14/site-packages/django/template/base.py", line 1000, in render
    return SafeString("".join([node.render_annotated(context) for node in self]))
                               ~~~~~~~~~~~~~~~~~~~~~^^^^^^^^^
  File "/Users/amirxon/Desktop/ChaqmoqApp/venv/lib/python3.14/site-packages/django/template/base.py", line 961, in render_annotated
    return self.render(context)
           ~~~~~~~~~~~^^^^^^^^^
  File "/Users/amirxon/Desktop/ChaqmoqApp/venv/lib/python3.14/site-packages/django/template/loader_tags.py", line 159, in render
    return compiled_parent._render(context)
           ~~~~~~~~~~~~~~~~~~~~~~~^^^^^^^^^
  File "/Users/amirxon/Desktop/ChaqmoqApp/venv/lib/python3.14/site-packages/django/template/base.py", line 163, in _render
    return self.nodelist.render(context)
           ~~~~~~~~~~~~~~~~~~~~^^^^^^^^^
  File "/Users/amirxon/Desktop/ChaqmoqApp/venv/lib/python3.14/site-packages/django/template/base.py", line 1000, in render
    return SafeString("".join([node.render_annotated(context) for node in self]))
                               ~~~~~~~~~~~~~~~~~~~~~^^^^^^^^^
  File "/Users/amirxon/Desktop/ChaqmoqApp/venv/lib/python3.14/site-packages/django/template/base.py", line 961, in render_annotated
    return self.render(context)
           ~~~~~~~~~~~^^^^^^^^^
  File "/Users/amirxon/Desktop/ChaqmoqApp/venv/lib/python3.14/site-packages/django/template/loader_tags.py", line 65, in render
    result = block.nodelist.render(context)
  File "/Users/amirxon/Desktop/ChaqmoqApp/venv/lib/python3.14/site-packages/django/template/base.py", line 1000, in render
    return SafeString("".join([node.render_annotated(context) for node in self]))
                               ~~~~~~~~~~~~~~~~~~~~~^^^^^^^^^
  File "/Users/amirxon/Desktop/ChaqmoqApp/venv/lib/python3.14/site-packages/django/template/base.py", line 961, in render_annotated
    return self.render(context)
           ~~~~~~~~~~~^^^^^^^^^
  File "/Users/amirxon/Desktop/ChaqmoqApp/venv/lib/python3.14/site-packages/django/template/loader_tags.py", line 65, in render
    result = block.nodelist.render(context)
  File "/Users/amirxon/Desktop/ChaqmoqApp/venv/lib/python3.14/site-packages/django/template/base.py", line 1000, in render
    return SafeString("".join([node.render_annotated(context) for node in self]))
                               ~~~~~~~~~~~~~~~~~~~~~^^^^^^^^^
  File "/Users/amirxon/Desktop/ChaqmoqApp/venv/lib/python3.14/site-packages/django/template/base.py", line 961, in render_annotated
    return self.render(context)
           ~~~~~~~~~~~^^^^^^^^^
  File "/Users/amirxon/Desktop/ChaqmoqApp/venv/lib/python3.14/site-packages/django/template/loader_tags.py", line 65, in render
    result = block.nodelist.render(context)
  File "/Users/amirxon/Desktop/ChaqmoqApp/venv/lib/python3.14/site-packages/django/template/base.py", line 1000, in render
    return SafeString("".join([node.render_annotated(context) for node in self]))
                               ~~~~~~~~~~~~~~~~~~~~~^^^^^^^^^
  File "/Users/amirxon/Desktop/ChaqmoqApp/venv/lib/python3.14/site-packages/django/template/base.py", line 961, in render_annotated
    return self.render(context)
           ~~~~~~~~~~~^^^^^^^^^
  File "/Users/amirxon/Desktop/ChaqmoqApp/venv/lib/python3.14/site-packages/django/template/loader_tags.py", line 65, in render
    result = block.nodelist.render(context)
  File "/Users/amirxon/Desktop/ChaqmoqApp/venv/lib/python3.14/site-packages/django/template/base.py", line 1000, in render
    return SafeString("".join([node.render_annotated(context) for node in self]))
                               ~~~~~~~~~~~~~~~~~~~~~^^^^^^^^^
  File "/Users/amirxon/Desktop/ChaqmoqApp/venv/lib/python3.14/site-packages/django/template/base.py", line 961, in render_annotated
    return self.render(context)
           ~~~~~~~~~~~^^^^^^^^^
  File "/Users/amirxon/Desktop/ChaqmoqApp/venv/lib/python3.14/site-packages/django/template/loader_tags.py", line 65, in render
    result = block.nodelist.render(context)
  File "/Users/amirxon/Desktop/ChaqmoqApp/venv/lib/python3.14/site-packages/django/template/base.py", line 1000, in render
    return SafeString("".join([node.render_annotated(context) for node in self]))
                               ~~~~~~~~~~~~~~~~~~~~~^^^^^^^^^
  File "/Users/amirxon/Desktop/ChaqmoqApp/venv/lib/python3.14/site-packages/django/template/base.py", line 961, in render_annotated
    return self.render(context)
           ~~~~~~~~~~~^^^^^^^^^
  File "/Users/amirxon/Desktop/ChaqmoqApp/venv/lib/python3.14/site-packages/django/contrib/admin/templatetags/base.py", line 45, in render
    return super().render(context)
           ~~~~~~~~~~~~~~^^^^^^^^^
  File "/Users/amirxon/Desktop/ChaqmoqApp/venv/lib/python3.14/site-packages/django/template/library.py", line 271, in render
    new_context = context.new(_dict)
  File "/Users/amirxon/Desktop/ChaqmoqApp/venv/lib/python3.14/site-packages/django/template/context.py", line 273, in new
    new_context = super().new(values)
  File "/Users/amirxon/Desktop/ChaqmoqApp/venv/lib/python3.14/site-packages/django/template/context.py", line 110, in new
    new_context = copy(self)
  File "/Library/Frameworks/Python.framework/Versions/3.14/lib/python3.14/copy.py", line 82, in copy
    return copier(x)
  File "/Users/amirxon/Desktop/ChaqmoqApp/venv/lib/python3.14/site-packages/django/template/context.py", line 158, in __copy__
    duplicate = super().__copy__()
  File "/Users/amirxon/Desktop/ChaqmoqApp/venv/lib/python3.14/site-packages/django/template/context.py", line 39, in __copy__
    duplicate.dicts = self.dicts[:]
    ^^^^^^^^^^^^^^^
AttributeError: 'super' object has no attribute 'dicts' and no __dict__ for setting new attributes
Internal Server Error: /admin/store/productimage/
Traceback (most recent call last):
  File "/Users/amirxon/Desktop/ChaqmoqApp/venv/lib/python3.14/site-packages/django/core/handlers/exception.py", line 55, in inner
    response = get_response(request)
  File "/Users/amirxon/Desktop/ChaqmoqApp/venv/lib/python3.14/site-packages/django/core/handlers/base.py", line 220, in _get_response
    response = response.render()
  File "/Users/amirxon/Desktop/ChaqmoqApp/venv/lib/python3.14/site-packages/django/template/response.py", line 114, in render
    self.content = self.rendered_content
                   ^^^^^^^^^^^^^^^^^^^^^
  File "/Users/amirxon/Desktop/ChaqmoqApp/venv/lib/python3.14/site-packages/django/template/response.py", line 92, in rendered_content
    return template.render(context, self._request)
           ~~~~~~~~~~~~~~~^^^^^^^^^^^^^^^^^^^^^^^^
  File "/Users/amirxon/Desktop/ChaqmoqApp/venv/lib/python3.14/site-packages/django/template/backends/django.py", line 61, in render
    return self.template.render(context)
           ~~~~~~~~~~~~~~~~~~~~^^^^^^^^^
  File "/Users/amirxon/Desktop/ChaqmoqApp/venv/lib/python3.14/site-packages/django/template/base.py", line 171, in render
    return self._render(context)
           ~~~~~~~~~~~~^^^^^^^^^
  File "/Users/amirxon/Desktop/ChaqmoqApp/venv/lib/python3.14/site-packages/django/template/base.py", line 163, in _render
    return self.nodelist.render(context)
           ~~~~~~~~~~~~~~~~~~~~^^^^^^^^^
  File "/Users/amirxon/Desktop/ChaqmoqApp/venv/lib/python3.14/site-packages/django/template/base.py", line 1000, in render
    return SafeString("".join([node.render_annotated(context) for node in self]))
                               ~~~~~~~~~~~~~~~~~~~~~^^^^^^^^^
  File "/Users/amirxon/Desktop/ChaqmoqApp/venv/lib/python3.14/site-packages/django/template/base.py", line 961, in render_annotated
    return self.render(context)
           ~~~~~~~~~~~^^^^^^^^^
  File "/Users/amirxon/Desktop/ChaqmoqApp/venv/lib/python3.14/site-packages/django/template/loader_tags.py", line 159, in render
    return compiled_parent._render(context)
           ~~~~~~~~~~~~~~~~~~~~~~~^^^^^^^^^
  File "/Users/amirxon/Desktop/ChaqmoqApp/venv/lib/python3.14/site-packages/django/template/base.py", line 163, in _render
    return self.nodelist.render(context)
           ~~~~~~~~~~~~~~~~~~~~^^^^^^^^^
  File "/Users/amirxon/Desktop/ChaqmoqApp/venv/lib/python3.14/site-packages/django/template/base.py", line 1000, in render
    return SafeString("".join([node.render_annotated(context) for node in self]))
                               ~~~~~~~~~~~~~~~~~~~~~^^^^^^^^^
  File "/Users/amirxon/Desktop/ChaqmoqApp/venv/lib/python3.14/site-packages/django/template/base.py", line 961, in render_annotated
    return self.render(context)
           ~~~~~~~~~~~^^^^^^^^^
  File "/Users/amirxon/Desktop/ChaqmoqApp/venv/lib/python3.14/site-packages/django/template/loader_tags.py", line 159, in render
    return compiled_parent._render(context)
           ~~~~~~~~~~~~~~~~~~~~~~~^^^^^^^^^
  File "/Users/amirxon/Desktop/ChaqmoqApp/venv/lib/python3.14/site-packages/django/template/base.py", line 163, in _render
    return self.nodelist.render(context)
           ~~~~~~~~~~~~~~~~~~~~^^^^^^^^^
  File "/Users/amirxon/Desktop/ChaqmoqApp/venv/lib/python3.14/site-packages/django/template/base.py", line 1000, in render
    return SafeString("".join([node.render_annotated(context) for node in self]))
                               ~~~~~~~~~~~~~~~~~~~~~^^^^^^^^^
  File "/Users/amirxon/Desktop/ChaqmoqApp/venv/lib/python3.14/site-packages/django/template/base.py", line 961, in render_annotated
    return self.render(context)
           ~~~~~~~~~~~^^^^^^^^^
  File "/Users/amirxon/Desktop/ChaqmoqApp/venv/lib/python3.14/site-packages/django/template/loader_tags.py", line 65, in render
    result = block.nodelist.render(context)
  File "/Users/amirxon/Desktop/ChaqmoqApp/venv/lib/python3.14/site-packages/django/template/base.py", line 1000, in render
    return SafeString("".join([node.render_annotated(context) for node in self]))
                               ~~~~~~~~~~~~~~~~~~~~~^^^^^^^^^
  File "/Users/amirxon/Desktop/ChaqmoqApp/venv/lib/python3.14/site-packages/django/template/base.py", line 961, in render_annotated
    return self.render(context)
           ~~~~~~~~~~~^^^^^^^^^
  File "/Users/amirxon/Desktop/ChaqmoqApp/venv/lib/python3.14/site-packages/django/template/loader_tags.py", line 65, in render
    result = block.nodelist.render(context)
  File "/Users/amirxon/Desktop/ChaqmoqApp/venv/lib/python3.14/site-packages/django/template/base.py", line 1000, in render
    return SafeString("".join([node.render_annotated(context) for node in self]))
                               ~~~~~~~~~~~~~~~~~~~~~^^^^^^^^^
  File "/Users/amirxon/Desktop/ChaqmoqApp/venv/lib/python3.14/site-packages/django/template/base.py", line 961, in render_annotated
    return self.render(context)
           ~~~~~~~~~~~^^^^^^^^^
  File "/Users/amirxon/Desktop/ChaqmoqApp/venv/lib/python3.14/site-packages/django/template/loader_tags.py", line 65, in render
    result = block.nodelist.render(context)
  File "/Users/amirxon/Desktop/ChaqmoqApp/venv/lib/python3.14/site-packages/django/template/base.py", line 1000, in render
    return SafeString("".join([node.render_annotated(context) for node in self]))
                               ~~~~~~~~~~~~~~~~~~~~~^^^^^^^^^
  File "/Users/amirxon/Desktop/ChaqmoqApp/venv/lib/python3.14/site-packages/django/template/base.py", line 961, in render_annotated
    return self.render(context)
           ~~~~~~~~~~~^^^^^^^^^
  File "/Users/amirxon/Desktop/ChaqmoqApp/venv/lib/python3.14/site-packages/django/template/loader_tags.py", line 65, in render
    result = block.nodelist.render(context)
  File "/Users/amirxon/Desktop/ChaqmoqApp/venv/lib/python3.14/site-packages/django/template/base.py", line 1000, in render
    return SafeString("".join([node.render_annotated(context) for node in self]))
                               ~~~~~~~~~~~~~~~~~~~~~^^^^^^^^^
  File "/Users/amirxon/Desktop/ChaqmoqApp/venv/lib/python3.14/site-packages/django/template/base.py", line 961, in render_annotated
    return self.render(context)
           ~~~~~~~~~~~^^^^^^^^^
  File "/Users/amirxon/Desktop/ChaqmoqApp/venv/lib/python3.14/site-packages/django/template/loader_tags.py", line 65, in render
    result = block.nodelist.render(context)
  File "/Users/amirxon/Desktop/ChaqmoqApp/venv/lib/python3.14/site-packages/django/template/base.py", line 1000, in render
    return SafeString("".join([node.render_annotated(context) for node in self]))
                               ~~~~~~~~~~~~~~~~~~~~~^^^^^^^^^
  File "/Users/amirxon/Desktop/ChaqmoqApp/venv/lib/python3.14/site-packages/django/template/base.py", line 961, in render_annotated
    return self.render(context)
           ~~~~~~~~~~~^^^^^^^^^
  File "/Users/amirxon/Desktop/ChaqmoqApp/venv/lib/python3.14/site-packages/django/contrib/admin/templatetags/base.py", line 45, in render
    return super().render(context)
           ~~~~~~~~~~~~~~^^^^^^^^^
  File "/Users/amirxon/Desktop/ChaqmoqApp/venv/lib/python3.14/site-packages/django/template/library.py", line 271, in render
    new_context = context.new(_dict)
  File "/Users/amirxon/Desktop/ChaqmoqApp/venv/lib/python3.14/site-packages/django/template/context.py", line 273, in new
    new_context = super().new(values)
  File "/Users/amirxon/Desktop/ChaqmoqApp/venv/lib/python3.14/site-packages/django/template/context.py", line 110, in new
    new_context = copy(self)
  File "/Library/Frameworks/Python.framework/Versions/3.14/lib/python3.14/copy.py", line 82, in copy
    return copier(x)
  File "/Users/amirxon/Desktop/ChaqmoqApp/venv/lib/python3.14/site-packages/django/template/context.py", line 158, in __copy__
    duplicate = super().__copy__()
  File "/Users/amirxon/Desktop/ChaqmoqApp/venv/lib/python3.14/site-packages/django/template/context.py", line 39, in __copy__
    duplicate.dicts = self.dicts[:]
    ^^^^^^^^^^^^^^^
AttributeError: 'super' object has no attribute 'dicts' and no __dict__ for setting new attributes
Internal Server Error: /admin/store/productimage/add/
Traceback (most recent call last):
  File "/Users/amirxon/Desktop/ChaqmoqApp/venv/lib/python3.14/site-packages/django/core/handlers/exception.py", line 55, in inner
    response = get_response(request)
  File "/Users/amirxon/Desktop/ChaqmoqApp/venv/lib/python3.14/site-packages/django/core/handlers/base.py", line 220, in _get_response
    response = response.render()
  File "/Users/amirxon/Desktop/ChaqmoqApp/venv/lib/python3.14/site-packages/django/template/response.py", line 114, in render
    self.content = self.rendered_content
                   ^^^^^^^^^^^^^^^^^^^^^
  File "/Users/amirxon/Desktop/ChaqmoqApp/venv/lib/python3.14/site-packages/django/template/response.py", line 92, in rendered_content
    return template.render(context, self._request)
           ~~~~~~~~~~~~~~~^^^^^^^^^^^^^^^^^^^^^^^^
  File "/Users/amirxon/Desktop/ChaqmoqApp/venv/lib/python3.14/site-packages/django/template/backends/django.py", line 61, in render
    return self.template.render(context)
           ~~~~~~~~~~~~~~~~~~~~^^^^^^^^^
  File "/Users/amirxon/Desktop/ChaqmoqApp/venv/lib/python3.14/site-packages/django/template/base.py", line 171, in render
    return self._render(context)
           ~~~~~~~~~~~~^^^^^^^^^
  File "/Users/amirxon/Desktop/ChaqmoqApp/venv/lib/python3.14/site-packages/django/template/base.py", line 163, in _render
    return self.nodelist.render(context)
           ~~~~~~~~~~~~~~~~~~~~^^^^^^^^^
  File "/Users/amirxon/Desktop/ChaqmoqApp/venv/lib/python3.14/site-packages/django/template/base.py", line 1000, in render
    return SafeString("".join([node.render_annotated(context) for node in self]))
                               ~~~~~~~~~~~~~~~~~~~~~^^^^^^^^^
  File "/Users/amirxon/Desktop/ChaqmoqApp/venv/lib/python3.14/site-packages/django/template/base.py", line 961, in render_annotated
    return self.render(context)
           ~~~~~~~~~~~^^^^^^^^^
  File "/Users/amirxon/Desktop/ChaqmoqApp/venv/lib/python3.14/site-packages/django/template/loader_tags.py", line 159, in render
    return compiled_parent._render(context)
           ~~~~~~~~~~~~~~~~~~~~~~~^^^^^^^^^
  File "/Users/amirxon/Desktop/ChaqmoqApp/venv/lib/python3.14/site-packages/django/template/base.py", line 163, in _render
    return self.nodelist.render(context)
           ~~~~~~~~~~~~~~~~~~~~^^^^^^^^^
  File "/Users/amirxon/Desktop/ChaqmoqApp/venv/lib/python3.14/site-packages/django/template/base.py", line 1000, in render
    return SafeString("".join([node.render_annotated(context) for node in self]))
                               ~~~~~~~~~~~~~~~~~~~~~^^^^^^^^^
  File "/Users/amirxon/Desktop/ChaqmoqApp/venv/lib/python3.14/site-packages/django/template/base.py", line 961, in render_annotated
    return self.render(context)
           ~~~~~~~~~~~^^^^^^^^^
  File "/Users/amirxon/Desktop/ChaqmoqApp/venv/lib/python3.14/site-packages/django/template/loader_tags.py", line 159, in render
    return compiled_parent._render(context)
           ~~~~~~~~~~~~~~~~~~~~~~~^^^^^^^^^
  File "/Users/amirxon/Desktop/ChaqmoqApp/venv/lib/python3.14/site-packages/django/template/base.py", line 163, in _render
    return self.nodelist.render(context)
           ~~~~~~~~~~~~~~~~~~~~^^^^^^^^^
  File "/Users/amirxon/Desktop/ChaqmoqApp/venv/lib/python3.14/site-packages/django/template/base.py", line 1000, in render
    return SafeString("".join([node.render_annotated(context) for node in self]))
                               ~~~~~~~~~~~~~~~~~~~~~^^^^^^^^^
  File "/Users/amirxon/Desktop/ChaqmoqApp/venv/lib/python3.14/site-packages/django/template/base.py", line 961, in render_annotated
    return self.render(context)
           ~~~~~~~~~~~^^^^^^^^^
  File "/Users/amirxon/Desktop/ChaqmoqApp/venv/lib/python3.14/site-packages/django/template/loader_tags.py", line 65, in render
    result = block.nodelist.render(context)
  File "/Users/amirxon/Desktop/ChaqmoqApp/venv/lib/python3.14/site-packages/django/template/base.py", line 1000, in render
    return SafeString("".join([node.render_annotated(context) for node in self]))
                               ~~~~~~~~~~~~~~~~~~~~~^^^^^^^^^
  File "/Users/amirxon/Desktop/ChaqmoqApp/venv/lib/python3.14/site-packages/django/template/base.py", line 961, in render_annotated
    return self.render(context)
           ~~~~~~~~~~~^^^^^^^^^
  File "/Users/amirxon/Desktop/ChaqmoqApp/venv/lib/python3.14/site-packages/django/template/loader_tags.py", line 65, in render
    result = block.nodelist.render(context)
  File "/Users/amirxon/Desktop/ChaqmoqApp/venv/lib/python3.14/site-packages/django/template/base.py", line 1000, in render
    return SafeString("".join([node.render_annotated(context) for node in self]))
                               ~~~~~~~~~~~~~~~~~~~~~^^^^^^^^^
  File "/Users/amirxon/Desktop/ChaqmoqApp/venv/lib/python3.14/site-packages/django/template/base.py", line 961, in render_annotated
    return self.render(context)
           ~~~~~~~~~~~^^^^^^^^^
  File "/Users/amirxon/Desktop/ChaqmoqApp/venv/lib/python3.14/site-packages/django/template/loader_tags.py", line 65, in render
    result = block.nodelist.render(context)
  File "/Users/amirxon/Desktop/ChaqmoqApp/venv/lib/python3.14/site-packages/django/template/base.py", line 1000, in render
    return SafeString("".join([node.render_annotated(context) for node in self]))
                               ~~~~~~~~~~~~~~~~~~~~~^^^^^^^^^
  File "/Users/amirxon/Desktop/ChaqmoqApp/venv/lib/python3.14/site-packages/django/template/base.py", line 961, in render_annotated
    return self.render(context)
           ~~~~~~~~~~~^^^^^^^^^
  File "/Users/amirxon/Desktop/ChaqmoqApp/venv/lib/python3.14/site-packages/django/contrib/admin/templatetags/base.py", line 45, in render
    return super().render(context)
           ~~~~~~~~~~~~~~^^^^^^^^^
  File "/Users/amirxon/Desktop/ChaqmoqApp/venv/lib/python3.14/site-packages/django/template/library.py", line 271, in render
    new_context = context.new(_dict)
  File "/Users/amirxon/Desktop/ChaqmoqApp/venv/lib/python3.14/site-packages/django/template/context.py", line 273, in new
    new_context = super().new(values)
  File "/Users/amirxon/Desktop/ChaqmoqApp/venv/lib/python3.14/site-packages/django/template/context.py", line 110, in new
    new_context = copy(self)
  File "/Library/Frameworks/Python.framework/Versions/3.14/lib/python3.14/copy.py", line 82, in copy
    return copier(x)
  File "/Users/amirxon/Desktop/ChaqmoqApp/venv/lib/python3.14/site-packages/django/template/context.py", line 158, in __copy__
    duplicate = super().__copy__()
  File "/Users/amirxon/Desktop/ChaqmoqApp/venv/lib/python3.14/site-packages/django/template/context.py", line 39, in __copy__
    duplicate.dicts = self.dicts[:]
    ^^^^^^^^^^^^^^^
AttributeError: 'super' object has no attribute 'dicts' and no __dict__ for setting new attributes
Internal Server Error: /admin/store/productimage/add/
Traceback (most recent call last):
  File "/Users/amirxon/Desktop/ChaqmoqApp/venv/lib/python3.14/site-packages/django/core/handlers/exception.py", line 55, in inner
    response = get_response(request)
  File "/Users/amirxon/Desktop/ChaqmoqApp/venv/lib/python3.14/site-packages/django/core/handlers/base.py", line 220, in _get_response
    response = response.render()
  File "/Users/amirxon/Desktop/ChaqmoqApp/venv/lib/python3.14/site-packages/django/template/response.py", line 114, in render
    self.content = self.rendered_content
                   ^^^^^^^^^^^^^^^^^^^^^
  File "/Users/amirxon/Desktop/ChaqmoqApp/venv/lib/python3.14/site-packages/django/template/response.py", line 92, in rendered_content
    return template.render(context, self._request)
           ~~~~~~~~~~~~~~~^^^^^^^^^^^^^^^^^^^^^^^^
  File "/Users/amirxon/Desktop/ChaqmoqApp/venv/lib/python3.14/site-packages/django/template/backends/django.py", line 61, in render
    return self.template.render(context)
           ~~~~~~~~~~~~~~~~~~~~^^^^^^^^^
  File "/Users/amirxon/Desktop/ChaqmoqApp/venv/lib/python3.14/site-packages/django/template/base.py", line 171, in render
    return self._render(context)
           ~~~~~~~~~~~~^^^^^^^^^
  File "/Users/amirxon/Desktop/ChaqmoqApp/venv/lib/python3.14/site-packages/django/template/base.py", line 163, in _render
    return self.nodelist.render(context)
           ~~~~~~~~~~~~~~~~~~~~^^^^^^^^^
  File "/Users/amirxon/Desktop/ChaqmoqApp/venv/lib/python3.14/site-packages/django/template/base.py", line 1000, in render
    return SafeString("".join([node.render_annotated(context) for node in self]))
                               ~~~~~~~~~~~~~~~~~~~~~^^^^^^^^^
  File "/Users/amirxon/Desktop/ChaqmoqApp/venv/lib/python3.14/site-packages/django/template/base.py", line 961, in render_annotated
    return self.render(context)
           ~~~~~~~~~~~^^^^^^^^^
  File "/Users/amirxon/Desktop/ChaqmoqApp/venv/lib/python3.14/site-packages/django/template/loader_tags.py", line 159, in render
    return compiled_parent._render(context)
           ~~~~~~~~~~~~~~~~~~~~~~~^^^^^^^^^
  File "/Users/amirxon/Desktop/ChaqmoqApp/venv/lib/python3.14/site-packages/django/template/base.py", line 163, in _render
    return self.nodelist.render(context)
           ~~~~~~~~~~~~~~~~~~~~^^^^^^^^^
  File "/Users/amirxon/Desktop/ChaqmoqApp/venv/lib/python3.14/site-packages/django/template/base.py", line 1000, in render
    return SafeString("".join([node.render_annotated(context) for node in self]))
                               ~~~~~~~~~~~~~~~~~~~~~^^^^^^^^^
  File "/Users/amirxon/Desktop/ChaqmoqApp/venv/lib/python3.14/site-packages/django/template/base.py", line 961, in render_annotated
    return self.render(context)
           ~~~~~~~~~~~^^^^^^^^^
  File "/Users/amirxon/Desktop/ChaqmoqApp/venv/lib/python3.14/site-packages/django/template/loader_tags.py", line 159, in render
    return compiled_parent._render(context)
           ~~~~~~~~~~~~~~~~~~~~~~~^^^^^^^^^
  File "/Users/amirxon/Desktop/ChaqmoqApp/venv/lib/python3.14/site-packages/django/template/base.py", line 163, in _render
    return self.nodelist.render(context)
           ~~~~~~~~~~~~~~~~~~~~^^^^^^^^^
  File "/Users/amirxon/Desktop/ChaqmoqApp/venv/lib/python3.14/site-packages/django/template/base.py", line 1000, in render
    return SafeString("".join([node.render_annotated(context) for node in self]))
                               ~~~~~~~~~~~~~~~~~~~~~^^^^^^^^^
  File "/Users/amirxon/Desktop/ChaqmoqApp/venv/lib/python3.14/site-packages/django/template/base.py", line 961, in render_annotated
    return self.render(context)
           ~~~~~~~~~~~^^^^^^^^^
  File "/Users/amirxon/Desktop/ChaqmoqApp/venv/lib/python3.14/site-packages/django/template/loader_tags.py", line 65, in render
    result = block.nodelist.render(context)
  File "/Users/amirxon/Desktop/ChaqmoqApp/venv/lib/python3.14/site-packages/django/template/base.py", line 1000, in render
    return SafeString("".join([node.render_annotated(context) for node in self]))
                               ~~~~~~~~~~~~~~~~~~~~~^^^^^^^^^
  File "/Users/amirxon/Desktop/ChaqmoqApp/venv/lib/python3.14/site-packages/django/template/base.py", line 961, in render_annotated
    return self.render(context)
           ~~~~~~~~~~~^^^^^^^^^
  File "/Users/amirxon/Desktop/ChaqmoqApp/venv/lib/python3.14/site-packages/django/template/loader_tags.py", line 65, in render
    result = block.nodelist.render(context)
  File "/Users/amirxon/Desktop/ChaqmoqApp/venv/lib/python3.14/site-packages/django/template/base.py", line 1000, in render
    return SafeString("".join([node.render_annotated(context) for node in self]))
                               ~~~~~~~~~~~~~~~~~~~~~^^^^^^^^^
  File "/Users/amirxon/Desktop/ChaqmoqApp/venv/lib/python3.14/site-packages/django/template/base.py", line 961, in render_annotated
    return self.render(context)
           ~~~~~~~~~~~^^^^^^^^^
  File "/Users/amirxon/Desktop/ChaqmoqApp/venv/lib/python3.14/site-packages/django/template/loader_tags.py", line 65, in render
    result = block.nodelist.render(context)
  File "/Users/amirxon/Desktop/ChaqmoqApp/venv/lib/python3.14/site-packages/django/template/base.py", line 1000, in render
    return SafeString("".join([node.render_annotated(context) for node in self]))
                               ~~~~~~~~~~~~~~~~~~~~~^^^^^^^^^
  File "/Users/amirxon/Desktop/ChaqmoqApp/venv/lib/python3.14/site-packages/django/template/base.py", line 961, in render_annotated
    return self.render(context)
           ~~~~~~~~~~~^^^^^^^^^
  File "/Users/amirxon/Desktop/ChaqmoqApp/venv/lib/python3.14/site-packages/django/contrib/admin/templatetags/base.py", line 45, in render
    return super().render(context)
           ~~~~~~~~~~~~~~^^^^^^^^^
  File "/Users/amirxon/Desktop/ChaqmoqApp/venv/lib/python3.14/site-packages/django/template/library.py", line 271, in render
    new_context = context.new(_dict)
  File "/Users/amirxon/Desktop/ChaqmoqApp/venv/lib/python3.14/site-packages/django/template/context.py", line 273, in new
    new_context = super().new(values)
  File "/Users/amirxon/Desktop/ChaqmoqApp/venv/lib/python3.14/site-packages/django/template/context.py", line 110, in new
    new_context = copy(self)
  File "/Library/Frameworks/Python.framework/Versions/3.14/lib/python3.14/copy.py", line 82, in copy
    return copier(x)
  File "/Users/amirxon/Desktop/ChaqmoqApp/venv/lib/python3.14/site-packages/django/template/context.py", line 158, in __copy__
    duplicate = super().__copy__()
  File "/Users/amirxon/Desktop/ChaqmoqApp/venv/lib/python3.14/site-packages/django/template/context.py", line 39, in __copy__
    duplicate.dicts = self.dicts[:]
    ^^^^^^^^^^^^^^^
AttributeError: 'super' object has no attribute 'dicts' and no __dict__ for setting new attributes
Internal Server Error: /admin/store/purchaserequest/
Traceback (most recent call last):
  File "/Users/amirxon/Desktop/ChaqmoqApp/venv/lib/python3.14/site-packages/django/core/handlers/exception.py", line 55, in inner
    response = get_response(request)
  File "/Users/amirxon/Desktop/ChaqmoqApp/venv/lib/python3.14/site-packages/django/core/handlers/base.py", line 220, in _get_response
    response = response.render()
  File "/Users/amirxon/Desktop/ChaqmoqApp/venv/lib/python3.14/site-packages/django/template/response.py", line 114, in render
    self.content = self.rendered_content
                   ^^^^^^^^^^^^^^^^^^^^^
  File "/Users/amirxon/Desktop/ChaqmoqApp/venv/lib/python3.14/site-packages/django/template/response.py", line 92, in rendered_content
    return template.render(context, self._request)
           ~~~~~~~~~~~~~~~^^^^^^^^^^^^^^^^^^^^^^^^
  File "/Users/amirxon/Desktop/ChaqmoqApp/venv/lib/python3.14/site-packages/django/template/backends/django.py", line 61, in render
    return self.template.render(context)
           ~~~~~~~~~~~~~~~~~~~~^^^^^^^^^
  File "/Users/amirxon/Desktop/ChaqmoqApp/venv/lib/python3.14/site-packages/django/template/base.py", line 171, in render
    return self._render(context)
           ~~~~~~~~~~~~^^^^^^^^^
  File "/Users/amirxon/Desktop/ChaqmoqApp/venv/lib/python3.14/site-packages/django/template/base.py", line 163, in _render
    return self.nodelist.render(context)
           ~~~~~~~~~~~~~~~~~~~~^^^^^^^^^
  File "/Users/amirxon/Desktop/ChaqmoqApp/venv/lib/python3.14/site-packages/django/template/base.py", line 1000, in render
    return SafeString("".join([node.render_annotated(context) for node in self]))
                               ~~~~~~~~~~~~~~~~~~~~~^^^^^^^^^
  File "/Users/amirxon/Desktop/ChaqmoqApp/venv/lib/python3.14/site-packages/django/template/base.py", line 961, in render_annotated
    return self.render(context)
           ~~~~~~~~~~~^^^^^^^^^
  File "/Users/amirxon/Desktop/ChaqmoqApp/venv/lib/python3.14/site-packages/django/template/loader_tags.py", line 159, in render
    return compiled_parent._render(context)
           ~~~~~~~~~~~~~~~~~~~~~~~^^^^^^^^^
  File "/Users/amirxon/Desktop/ChaqmoqApp/venv/lib/python3.14/site-packages/django/template/base.py", line 163, in _render
    return self.nodelist.render(context)
           ~~~~~~~~~~~~~~~~~~~~^^^^^^^^^
  File "/Users/amirxon/Desktop/ChaqmoqApp/venv/lib/python3.14/site-packages/django/template/base.py", line 1000, in render
    return SafeString("".join([node.render_annotated(context) for node in self]))
                               ~~~~~~~~~~~~~~~~~~~~~^^^^^^^^^
  File "/Users/amirxon/Desktop/ChaqmoqApp/venv/lib/python3.14/site-packages/django/template/base.py", line 961, in render_annotated
    return self.render(context)
           ~~~~~~~~~~~^^^^^^^^^
  File "/Users/amirxon/Desktop/ChaqmoqApp/venv/lib/python3.14/site-packages/django/template/loader_tags.py", line 159, in render
    return compiled_parent._render(context)
           ~~~~~~~~~~~~~~~~~~~~~~~^^^^^^^^^
  File "/Users/amirxon/Desktop/ChaqmoqApp/venv/lib/python3.14/site-packages/django/template/base.py", line 163, in _render
    return self.nodelist.render(context)
           ~~~~~~~~~~~~~~~~~~~~^^^^^^^^^
  File "/Users/amirxon/Desktop/ChaqmoqApp/venv/lib/python3.14/site-packages/django/template/base.py", line 1000, in render
    return SafeString("".join([node.render_annotated(context) for node in self]))
                               ~~~~~~~~~~~~~~~~~~~~~^^^^^^^^^
  File "/Users/amirxon/Desktop/ChaqmoqApp/venv/lib/python3.14/site-packages/django/template/base.py", line 961, in render_annotated
    return self.render(context)
           ~~~~~~~~~~~^^^^^^^^^
  File "/Users/amirxon/Desktop/ChaqmoqApp/venv/lib/python3.14/site-packages/django/template/loader_tags.py", line 65, in render
    result = block.nodelist.render(context)
  File "/Users/amirxon/Desktop/ChaqmoqApp/venv/lib/python3.14/site-packages/django/template/base.py", line 1000, in render
    return SafeString("".join([node.render_annotated(context) for node in self]))
                               ~~~~~~~~~~~~~~~~~~~~~^^^^^^^^^
  File "/Users/amirxon/Desktop/ChaqmoqApp/venv/lib/python3.14/site-packages/django/template/base.py", line 961, in render_annotated
    return self.render(context)
           ~~~~~~~~~~~^^^^^^^^^
  File "/Users/amirxon/Desktop/ChaqmoqApp/venv/lib/python3.14/site-packages/django/template/loader_tags.py", line 65, in render
    result = block.nodelist.render(context)
  File "/Users/amirxon/Desktop/ChaqmoqApp/venv/lib/python3.14/site-packages/django/template/base.py", line 1000, in render
    return SafeString("".join([node.render_annotated(context) for node in self]))
                               ~~~~~~~~~~~~~~~~~~~~~^^^^^^^^^
  File "/Users/amirxon/Desktop/ChaqmoqApp/venv/lib/python3.14/site-packages/django/template/base.py", line 961, in render_annotated
    return self.render(context)
           ~~~~~~~~~~~^^^^^^^^^
  File "/Users/amirxon/Desktop/ChaqmoqApp/venv/lib/python3.14/site-packages/django/template/loader_tags.py", line 65, in render
    result = block.nodelist.render(context)
  File "/Users/amirxon/Desktop/ChaqmoqApp/venv/lib/python3.14/site-packages/django/template/base.py", line 1000, in render
    return SafeString("".join([node.render_annotated(context) for node in self]))
                               ~~~~~~~~~~~~~~~~~~~~~^^^^^^^^^
  File "/Users/amirxon/Desktop/ChaqmoqApp/venv/lib/python3.14/site-packages/django/template/base.py", line 961, in render_annotated
    return self.render(context)
           ~~~~~~~~~~~^^^^^^^^^
  File "/Users/amirxon/Desktop/ChaqmoqApp/venv/lib/python3.14/site-packages/django/template/loader_tags.py", line 65, in render
    result = block.nodelist.render(context)
  File "/Users/amirxon/Desktop/ChaqmoqApp/venv/lib/python3.14/site-packages/django/template/base.py", line 1000, in render
    return SafeString("".join([node.render_annotated(context) for node in self]))
                               ~~~~~~~~~~~~~~~~~~~~~^^^^^^^^^
  File "/Users/amirxon/Desktop/ChaqmoqApp/venv/lib/python3.14/site-packages/django/template/base.py", line 961, in render_annotated
    return self.render(context)
           ~~~~~~~~~~~^^^^^^^^^
  File "/Users/amirxon/Desktop/ChaqmoqApp/venv/lib/python3.14/site-packages/django/template/loader_tags.py", line 65, in render
    result = block.nodelist.render(context)
  File "/Users/amirxon/Desktop/ChaqmoqApp/venv/lib/python3.14/site-packages/django/template/base.py", line 1000, in render
    return SafeString("".join([node.render_annotated(context) for node in self]))
                               ~~~~~~~~~~~~~~~~~~~~~^^^^^^^^^
  File "/Users/amirxon/Desktop/ChaqmoqApp/venv/lib/python3.14/site-packages/django/template/base.py", line 961, in render_annotated
    return self.render(context)
           ~~~~~~~~~~~^^^^^^^^^
  File "/Users/amirxon/Desktop/ChaqmoqApp/venv/lib/python3.14/site-packages/django/contrib/admin/templatetags/base.py", line 45, in render
    return super().render(context)
           ~~~~~~~~~~~~~~^^^^^^^^^
  File "/Users/amirxon/Desktop/ChaqmoqApp/venv/lib/python3.14/site-packages/django/template/library.py", line 271, in render
    new_context = context.new(_dict)
  File "/Users/amirxon/Desktop/ChaqmoqApp/venv/lib/python3.14/site-packages/django/template/context.py", line 273, in new
    new_context = super().new(values)
  File "/Users/amirxon/Desktop/ChaqmoqApp/venv/lib/python3.14/site-packages/django/template/context.py", line 110, in new
    new_context = copy(self)
  File "/Library/Frameworks/Python.framework/Versions/3.14/lib/python3.14/copy.py", line 82, in copy
    return copier(x)
  File "/Users/amirxon/Desktop/ChaqmoqApp/venv/lib/python3.14/site-packages/django/template/context.py", line 158, in __copy__
    duplicate = super().__copy__()
  File "/Users/amirxon/Desktop/ChaqmoqApp/venv/lib/python3.14/site-packages/django/template/context.py", line 39, in __copy__
    duplicate.dicts = self.dicts[:]
    ^^^^^^^^^^^^^^^
AttributeError: 'super' object has no attribute 'dicts' and no __dict__ for setting new attributes
Internal Server Error: /admin/store/purchaserequest/
Traceback (most recent call last):
  File "/Users/amirxon/Desktop/ChaqmoqApp/venv/lib/python3.14/site-packages/django/core/handlers/exception.py", line 55, in inner
    response = get_response(request)
  File "/Users/amirxon/Desktop/ChaqmoqApp/venv/lib/python3.14/site-packages/django/core/handlers/base.py", line 220, in _get_response
    response = response.render()
  File "/Users/amirxon/Desktop/ChaqmoqApp/venv/lib/python3.14/site-packages/django/template/response.py", line 114, in render
    self.content = self.rendered_content
                   ^^^^^^^^^^^^^^^^^^^^^
  File "/Users/amirxon/Desktop/ChaqmoqApp/venv/lib/python3.14/site-packages/django/template/response.py", line 92, in rendered_content
    return template.render(context, self._request)
           ~~~~~~~~~~~~~~~^^^^^^^^^^^^^^^^^^^^^^^^
  File "/Users/amirxon/Desktop/ChaqmoqApp/venv/lib/python3.14/site-packages/django/template/backends/django.py", line 61, in render
    return self.template.render(context)
           ~~~~~~~~~~~~~~~~~~~~^^^^^^^^^
  File "/Users/amirxon/Desktop/ChaqmoqApp/venv/lib/python3.14/site-packages/django/template/base.py", line 171, in render
    return self._render(context)
           ~~~~~~~~~~~~^^^^^^^^^
  File "/Users/amirxon/Desktop/ChaqmoqApp/venv/lib/python3.14/site-packages/django/template/base.py", line 163, in _render
    return self.nodelist.render(context)
           ~~~~~~~~~~~~~~~~~~~~^^^^^^^^^
  File "/Users/amirxon/Desktop/ChaqmoqApp/venv/lib/python3.14/site-packages/django/template/base.py", line 1000, in render
    return SafeString("".join([node.render_annotated(context) for node in self]))
                               ~~~~~~~~~~~~~~~~~~~~~^^^^^^^^^
  File "/Users/amirxon/Desktop/ChaqmoqApp/venv/lib/python3.14/site-packages/django/template/base.py", line 961, in render_annotated
    return self.render(context)
           ~~~~~~~~~~~^^^^^^^^^
  File "/Users/amirxon/Desktop/ChaqmoqApp/venv/lib/python3.14/site-packages/django/template/loader_tags.py", line 159, in render
    return compiled_parent._render(context)
           ~~~~~~~~~~~~~~~~~~~~~~~^^^^^^^^^
  File "/Users/amirxon/Desktop/ChaqmoqApp/venv/lib/python3.14/site-packages/django/template/base.py", line 163, in _render
    return self.nodelist.render(context)
           ~~~~~~~~~~~~~~~~~~~~^^^^^^^^^
  File "/Users/amirxon/Desktop/ChaqmoqApp/venv/lib/python3.14/site-packages/django/template/base.py", line 1000, in render
    return SafeString("".join([node.render_annotated(context) for node in self]))
                               ~~~~~~~~~~~~~~~~~~~~~^^^^^^^^^
  File "/Users/amirxon/Desktop/ChaqmoqApp/venv/lib/python3.14/site-packages/django/template/base.py", line 961, in render_annotated
    return self.render(context)
           ~~~~~~~~~~~^^^^^^^^^
  File "/Users/amirxon/Desktop/ChaqmoqApp/venv/lib/python3.14/site-packages/django/template/loader_tags.py", line 159, in render
    return compiled_parent._render(context)
           ~~~~~~~~~~~~~~~~~~~~~~~^^^^^^^^^
  File "/Users/amirxon/Desktop/ChaqmoqApp/venv/lib/python3.14/site-packages/django/template/base.py", line 163, in _render
    return self.nodelist.render(context)
           ~~~~~~~~~~~~~~~~~~~~^^^^^^^^^
  File "/Users/amirxon/Desktop/ChaqmoqApp/venv/lib/python3.14/site-packages/django/template/base.py", line 1000, in render
    return SafeString("".join([node.render_annotated(context) for node in self]))
                               ~~~~~~~~~~~~~~~~~~~~~^^^^^^^^^
  File "/Users/amirxon/Desktop/ChaqmoqApp/venv/lib/python3.14/site-packages/django/template/base.py", line 961, in render_annotated
    return self.render(context)
           ~~~~~~~~~~~^^^^^^^^^
  File "/Users/amirxon/Desktop/ChaqmoqApp/venv/lib/python3.14/site-packages/django/template/loader_tags.py", line 65, in render
    result = block.nodelist.render(context)
  File "/Users/amirxon/Desktop/ChaqmoqApp/venv/lib/python3.14/site-packages/django/template/base.py", line 1000, in render
    return SafeString("".join([node.render_annotated(context) for node in self]))
                               ~~~~~~~~~~~~~~~~~~~~~^^^^^^^^^
  File "/Users/amirxon/Desktop/ChaqmoqApp/venv/lib/python3.14/site-packages/django/template/base.py", line 961, in render_annotated
    return self.render(context)
           ~~~~~~~~~~~^^^^^^^^^
  File "/Users/amirxon/Desktop/ChaqmoqApp/venv/lib/python3.14/site-packages/django/template/loader_tags.py", line 65, in render
    result = block.nodelist.render(context)
  File "/Users/amirxon/Desktop/ChaqmoqApp/venv/lib/python3.14/site-packages/django/template/base.py", line 1000, in render
    return SafeString("".join([node.render_annotated(context) for node in self]))
                               ~~~~~~~~~~~~~~~~~~~~~^^^^^^^^^
  File "/Users/amirxon/Desktop/ChaqmoqApp/venv/lib/python3.14/site-packages/django/template/base.py", line 961, in render_annotated
    return self.render(context)
           ~~~~~~~~~~~^^^^^^^^^
  File "/Users/amirxon/Desktop/ChaqmoqApp/venv/lib/python3.14/site-packages/django/template/loader_tags.py", line 65, in render
    result = block.nodelist.render(context)
  File "/Users/amirxon/Desktop/ChaqmoqApp/venv/lib/python3.14/site-packages/django/template/base.py", line 1000, in render
    return SafeString("".join([node.render_annotated(context) for node in self]))
                               ~~~~~~~~~~~~~~~~~~~~~^^^^^^^^^
  File "/Users/amirxon/Desktop/ChaqmoqApp/venv/lib/python3.14/site-packages/django/template/base.py", line 961, in render_annotated
    return self.render(context)
           ~~~~~~~~~~~^^^^^^^^^
  File "/Users/amirxon/Desktop/ChaqmoqApp/venv/lib/python3.14/site-packages/django/template/loader_tags.py", line 65, in render
    result = block.nodelist.render(context)
  File "/Users/amirxon/Desktop/ChaqmoqApp/venv/lib/python3.14/site-packages/django/template/base.py", line 1000, in render
    return SafeString("".join([node.render_annotated(context) for node in self]))
                               ~~~~~~~~~~~~~~~~~~~~~^^^^^^^^^
  File "/Users/amirxon/Desktop/ChaqmoqApp/venv/lib/python3.14/site-packages/django/template/base.py", line 961, in render_annotated
    return self.render(context)
           ~~~~~~~~~~~^^^^^^^^^
  File "/Users/amirxon/Desktop/ChaqmoqApp/venv/lib/python3.14/site-packages/django/template/loader_tags.py", line 65, in render
    result = block.nodelist.render(context)
  File "/Users/amirxon/Desktop/ChaqmoqApp/venv/lib/python3.14/site-packages/django/template/base.py", line 1000, in render
    return SafeString("".join([node.render_annotated(context) for node in self]))
                               ~~~~~~~~~~~~~~~~~~~~~^^^^^^^^^
  File "/Users/amirxon/Desktop/ChaqmoqApp/venv/lib/python3.14/site-packages/django/template/base.py", line 961, in render_annotated
    return self.render(context)
           ~~~~~~~~~~~^^^^^^^^^
  File "/Users/amirxon/Desktop/ChaqmoqApp/venv/lib/python3.14/site-packages/django/contrib/admin/templatetags/base.py", line 45, in render
    return super().render(context)
           ~~~~~~~~~~~~~~^^^^^^^^^
  File "/Users/amirxon/Desktop/ChaqmoqApp/venv/lib/python3.14/site-packages/django/template/library.py", line 271, in render
    new_context = context.new(_dict)
  File "/Users/amirxon/Desktop/ChaqmoqApp/venv/lib/python3.14/site-packages/django/template/context.py", line 273, in new
    new_context = super().new(values)
  File "/Users/amirxon/Desktop/ChaqmoqApp/venv/lib/python3.14/site-packages/django/template/context.py", line 110, in new
    new_context = copy(self)
  File "/Library/Frameworks/Python.framework/Versions/3.14/lib/python3.14/copy.py", line 82, in copy
    return copier(x)
  File "/Users/amirxon/Desktop/ChaqmoqApp/venv/lib/python3.14/site-packages/django/template/context.py", line 158, in __copy__
    duplicate = super().__copy__()
  File "/Users/amirxon/Desktop/ChaqmoqApp/venv/lib/python3.14/site-packages/django/template/context.py", line 39, in __copy__
    duplicate.dicts = self.dicts[:]
    ^^^^^^^^^^^^^^^
AttributeError: 'super' object has no attribute 'dicts' and no __dict__ for setting new attributes
Internal Server Error: /admin/store/purchaserequest/add/
Traceback (most recent call last):
  File "/Users/amirxon/Desktop/ChaqmoqApp/venv/lib/python3.14/site-packages/django/core/handlers/exception.py", line 55, in inner
    response = get_response(request)
  File "/Users/amirxon/Desktop/ChaqmoqApp/venv/lib/python3.14/site-packages/django/core/handlers/base.py", line 220, in _get_response
    response = response.render()
  File "/Users/amirxon/Desktop/ChaqmoqApp/venv/lib/python3.14/site-packages/django/template/response.py", line 114, in render
    self.content = self.rendered_content
                   ^^^^^^^^^^^^^^^^^^^^^
  File "/Users/amirxon/Desktop/ChaqmoqApp/venv/lib/python3.14/site-packages/django/template/response.py", line 92, in rendered_content
    return template.render(context, self._request)
           ~~~~~~~~~~~~~~~^^^^^^^^^^^^^^^^^^^^^^^^
  File "/Users/amirxon/Desktop/ChaqmoqApp/venv/lib/python3.14/site-packages/django/template/backends/django.py", line 61, in render
    return self.template.render(context)
           ~~~~~~~~~~~~~~~~~~~~^^^^^^^^^
  File "/Users/amirxon/Desktop/ChaqmoqApp/venv/lib/python3.14/site-packages/django/template/base.py", line 171, in render
    return self._render(context)
           ~~~~~~~~~~~~^^^^^^^^^
  File "/Users/amirxon/Desktop/ChaqmoqApp/venv/lib/python3.14/site-packages/django/template/base.py", line 163, in _render
    return self.nodelist.render(context)
           ~~~~~~~~~~~~~~~~~~~~^^^^^^^^^
  File "/Users/amirxon/Desktop/ChaqmoqApp/venv/lib/python3.14/site-packages/django/template/base.py", line 1000, in render
    return SafeString("".join([node.render_annotated(context) for node in self]))
                               ~~~~~~~~~~~~~~~~~~~~~^^^^^^^^^
  File "/Users/amirxon/Desktop/ChaqmoqApp/venv/lib/python3.14/site-packages/django/template/base.py", line 961, in render_annotated
    return self.render(context)
           ~~~~~~~~~~~^^^^^^^^^
  File "/Users/amirxon/Desktop/ChaqmoqApp/venv/lib/python3.14/site-packages/django/template/loader_tags.py", line 159, in render
    return compiled_parent._render(context)
           ~~~~~~~~~~~~~~~~~~~~~~~^^^^^^^^^
  File "/Users/amirxon/Desktop/ChaqmoqApp/venv/lib/python3.14/site-packages/django/template/base.py", line 163, in _render
    return self.nodelist.render(context)
           ~~~~~~~~~~~~~~~~~~~~^^^^^^^^^
  File "/Users/amirxon/Desktop/ChaqmoqApp/venv/lib/python3.14/site-packages/django/template/base.py", line 1000, in render
    return SafeString("".join([node.render_annotated(context) for node in self]))
                               ~~~~~~~~~~~~~~~~~~~~~^^^^^^^^^
  File "/Users/amirxon/Desktop/ChaqmoqApp/venv/lib/python3.14/site-packages/django/template/base.py", line 961, in render_annotated
    return self.render(context)
           ~~~~~~~~~~~^^^^^^^^^
  File "/Users/amirxon/Desktop/ChaqmoqApp/venv/lib/python3.14/site-packages/django/template/loader_tags.py", line 159, in render
    return compiled_parent._render(context)
           ~~~~~~~~~~~~~~~~~~~~~~~^^^^^^^^^
  File "/Users/amirxon/Desktop/ChaqmoqApp/venv/lib/python3.14/site-packages/django/template/base.py", line 163, in _render
    return self.nodelist.render(context)
           ~~~~~~~~~~~~~~~~~~~~^^^^^^^^^
  File "/Users/amirxon/Desktop/ChaqmoqApp/venv/lib/python3.14/site-packages/django/template/base.py", line 1000, in render
    return SafeString("".join([node.render_annotated(context) for node in self]))
                               ~~~~~~~~~~~~~~~~~~~~~^^^^^^^^^
  File "/Users/amirxon/Desktop/ChaqmoqApp/venv/lib/python3.14/site-packages/django/template/base.py", line 961, in render_annotated
    return self.render(context)
           ~~~~~~~~~~~^^^^^^^^^
  File "/Users/amirxon/Desktop/ChaqmoqApp/venv/lib/python3.14/site-packages/django/template/loader_tags.py", line 65, in render
    result = block.nodelist.render(context)
  File "/Users/amirxon/Desktop/ChaqmoqApp/venv/lib/python3.14/site-packages/django/template/base.py", line 1000, in render
    return SafeString("".join([node.render_annotated(context) for node in self]))
                               ~~~~~~~~~~~~~~~~~~~~~^^^^^^^^^
  File "/Users/amirxon/Desktop/ChaqmoqApp/venv/lib/python3.14/site-packages/django/template/base.py", line 961, in render_annotated
    return self.render(context)
           ~~~~~~~~~~~^^^^^^^^^
  File "/Users/amirxon/Desktop/ChaqmoqApp/venv/lib/python3.14/site-packages/django/template/loader_tags.py", line 65, in render
    result = block.nodelist.render(context)
  File "/Users/amirxon/Desktop/ChaqmoqApp/venv/lib/python3.14/site-packages/django/template/base.py", line 1000, in render
    return SafeString("".join([node.render_annotated(context) for node in self]))
                               ~~~~~~~~~~~~~~~~~~~~~^^^^^^^^^
  File "/Users/amirxon/Desktop/ChaqmoqApp/venv/lib/python3.14/site-packages/django/template/base.py", line 961, in render_annotated
    return self.render(context)
           ~~~~~~~~~~~^^^^^^^^^
  File "/Users/amirxon/Desktop/ChaqmoqApp/venv/lib/python3.14/site-packages/django/template/loader_tags.py", line 65, in render
    result = block.nodelist.render(context)
  File "/Users/amirxon/Desktop/ChaqmoqApp/venv/lib/python3.14/site-packages/django/template/base.py", line 1000, in render
    return SafeString("".join([node.render_annotated(context) for node in self]))
                               ~~~~~~~~~~~~~~~~~~~~~^^^^^^^^^
  File "/Users/amirxon/Desktop/ChaqmoqApp/venv/lib/python3.14/site-packages/django/template/base.py", line 961, in render_annotated
    return self.render(context)
           ~~~~~~~~~~~^^^^^^^^^
  File "/Users/amirxon/Desktop/ChaqmoqApp/venv/lib/python3.14/site-packages/django/contrib/admin/templatetags/base.py", line 45, in render
    return super().render(context)
           ~~~~~~~~~~~~~~^^^^^^^^^
  File "/Users/amirxon/Desktop/ChaqmoqApp/venv/lib/python3.14/site-packages/django/template/library.py", line 271, in render
    new_context = context.new(_dict)
  File "/Users/amirxon/Desktop/ChaqmoqApp/venv/lib/python3.14/site-packages/django/template/context.py", line 273, in new
    new_context = super().new(values)
  File "/Users/amirxon/Desktop/ChaqmoqApp/venv/lib/python3.14/site-packages/django/template/context.py", line 110, in new
    new_context = copy(self)
  File "/Library/Frameworks/Python.framework/Versions/3.14/lib/python3.14/copy.py", line 82, in copy
    return copier(x)
  File "/Users/amirxon/Desktop/ChaqmoqApp/venv/lib/python3.14/site-packages/django/template/context.py", line 158, in __copy__
    duplicate = super().__copy__()
  File "/Users/amirxon/Desktop/ChaqmoqApp/venv/lib/python3.14/site-packages/django/template/context.py", line 39, in __copy__
    duplicate.dicts = self.dicts[:]
    ^^^^^^^^^^^^^^^
AttributeError: 'super' object has no attribute 'dicts' and no __dict__ for setting new attributes
Internal Server Error: /admin/store/purchaserequest/add/
Traceback (most recent call last):
  File "/Users/amirxon/Desktop/ChaqmoqApp/venv/lib/python3.14/site-packages/django/core/handlers/exception.py", line 55, in inner
    response = get_response(request)
  File "/Users/amirxon/Desktop/ChaqmoqApp/venv/lib/python3.14/site-packages/django/core/handlers/base.py", line 220, in _get_response
    response = response.render()
  File "/Users/amirxon/Desktop/ChaqmoqApp/venv/lib/python3.14/site-packages/django/template/response.py", line 114, in render
    self.content = self.rendered_content
                   ^^^^^^^^^^^^^^^^^^^^^
  File "/Users/amirxon/Desktop/ChaqmoqApp/venv/lib/python3.14/site-packages/django/template/response.py", line 92, in rendered_content
    return template.render(context, self._request)
           ~~~~~~~~~~~~~~~^^^^^^^^^^^^^^^^^^^^^^^^
  File "/Users/amirxon/Desktop/ChaqmoqApp/venv/lib/python3.14/site-packages/django/template/backends/django.py", line 61, in render
    return self.template.render(context)
           ~~~~~~~~~~~~~~~~~~~~^^^^^^^^^
  File "/Users/amirxon/Desktop/ChaqmoqApp/venv/lib/python3.14/site-packages/django/template/base.py", line 171, in render
    return self._render(context)
           ~~~~~~~~~~~~^^^^^^^^^
  File "/Users/amirxon/Desktop/ChaqmoqApp/venv/lib/python3.14/site-packages/django/template/base.py", line 163, in _render
    return self.nodelist.render(context)
           ~~~~~~~~~~~~~~~~~~~~^^^^^^^^^
  File "/Users/amirxon/Desktop/ChaqmoqApp/venv/lib/python3.14/site-packages/django/template/base.py", line 1000, in render
    return SafeString("".join([node.render_annotated(context) for node in self]))
                               ~~~~~~~~~~~~~~~~~~~~~^^^^^^^^^
  File "/Users/amirxon/Desktop/ChaqmoqApp/venv/lib/python3.14/site-packages/django/template/base.py", line 961, in render_annotated
    return self.render(context)
           ~~~~~~~~~~~^^^^^^^^^
  File "/Users/amirxon/Desktop/ChaqmoqApp/venv/lib/python3.14/site-packages/django/template/loader_tags.py", line 159, in render
    return compiled_parent._render(context)
           ~~~~~~~~~~~~~~~~~~~~~~~^^^^^^^^^
  File "/Users/amirxon/Desktop/ChaqmoqApp/venv/lib/python3.14/site-packages/django/template/base.py", line 163, in _render
    return self.nodelist.render(context)
           ~~~~~~~~~~~~~~~~~~~~^^^^^^^^^
  File "/Users/amirxon/Desktop/ChaqmoqApp/venv/lib/python3.14/site-packages/django/template/base.py", line 1000, in render
    return SafeString("".join([node.render_annotated(context) for node in self]))
                               ~~~~~~~~~~~~~~~~~~~~~^^^^^^^^^
  File "/Users/amirxon/Desktop/ChaqmoqApp/venv/lib/python3.14/site-packages/django/template/base.py", line 961, in render_annotated
    return self.render(context)
           ~~~~~~~~~~~^^^^^^^^^
  File "/Users/amirxon/Desktop/ChaqmoqApp/venv/lib/python3.14/site-packages/django/template/loader_tags.py", line 159, in render
    return compiled_parent._render(context)
           ~~~~~~~~~~~~~~~~~~~~~~~^^^^^^^^^
  File "/Users/amirxon/Desktop/ChaqmoqApp/venv/lib/python3.14/site-packages/django/template/base.py", line 163, in _render
    return self.nodelist.render(context)
           ~~~~~~~~~~~~~~~~~~~~^^^^^^^^^
  File "/Users/amirxon/Desktop/ChaqmoqApp/venv/lib/python3.14/site-packages/django/template/base.py", line 1000, in render
    return SafeString("".join([node.render_annotated(context) for node in self]))
                               ~~~~~~~~~~~~~~~~~~~~~^^^^^^^^^
  File "/Users/amirxon/Desktop/ChaqmoqApp/venv/lib/python3.14/site-packages/django/template/base.py", line 961, in render_annotated
    return self.render(context)
           ~~~~~~~~~~~^^^^^^^^^
  File "/Users/amirxon/Desktop/ChaqmoqApp/venv/lib/python3.14/site-packages/django/template/loader_tags.py", line 65, in render
    result = block.nodelist.render(context)
  File "/Users/amirxon/Desktop/ChaqmoqApp/venv/lib/python3.14/site-packages/django/template/base.py", line 1000, in render
    return SafeString("".join([node.render_annotated(context) for node in self]))
                               ~~~~~~~~~~~~~~~~~~~~~^^^^^^^^^
  File "/Users/amirxon/Desktop/ChaqmoqApp/venv/lib/python3.14/site-packages/django/template/base.py", line 961, in render_annotated
    return self.render(context)
           ~~~~~~~~~~~^^^^^^^^^
  File "/Users/amirxon/Desktop/ChaqmoqApp/venv/lib/python3.14/site-packages/django/template/loader_tags.py", line 65, in render
    result = block.nodelist.render(context)
  File "/Users/amirxon/Desktop/ChaqmoqApp/venv/lib/python3.14/site-packages/django/template/base.py", line 1000, in render
    return SafeString("".join([node.render_annotated(context) for node in self]))
                               ~~~~~~~~~~~~~~~~~~~~~^^^^^^^^^
  File "/Users/amirxon/Desktop/ChaqmoqApp/venv/lib/python3.14/site-packages/django/template/base.py", line 961, in render_annotated
    return self.render(context)
           ~~~~~~~~~~~^^^^^^^^^
  File "/Users/amirxon/Desktop/ChaqmoqApp/venv/lib/python3.14/site-packages/django/template/loader_tags.py", line 65, in render
    result = block.nodelist.render(context)
  File "/Users/amirxon/Desktop/ChaqmoqApp/venv/lib/python3.14/site-packages/django/template/base.py", line 1000, in render
    return SafeString("".join([node.render_annotated(context) for node in self]))
                               ~~~~~~~~~~~~~~~~~~~~~^^^^^^^^^
  File "/Users/amirxon/Desktop/ChaqmoqApp/venv/lib/python3.14/site-packages/django/template/base.py", line 961, in render_annotated
    return self.render(context)
           ~~~~~~~~~~~^^^^^^^^^
  File "/Users/amirxon/Desktop/ChaqmoqApp/venv/lib/python3.14/site-packages/django/contrib/admin/templatetags/base.py", line 45, in render
    return super().render(context)
           ~~~~~~~~~~~~~~^^^^^^^^^
  File "/Users/amirxon/Desktop/ChaqmoqApp/venv/lib/python3.14/site-packages/django/template/library.py", line 271, in render
    new_context = context.new(_dict)
  File "/Users/amirxon/Desktop/ChaqmoqApp/venv/lib/python3.14/site-packages/django/template/context.py", line 273, in new
    new_context = super().new(values)
  File "/Users/amirxon/Desktop/ChaqmoqApp/venv/lib/python3.14/site-packages/django/template/context.py", line 110, in new
    new_context = copy(self)
  File "/Library/Frameworks/Python.framework/Versions/3.14/lib/python3.14/copy.py", line 82, in copy
    return copier(x)
  File "/Users/amirxon/Desktop/ChaqmoqApp/venv/lib/python3.14/site-packages/django/template/context.py", line 158, in __copy__
    duplicate = super().__copy__()
  File "/Users/amirxon/Desktop/ChaqmoqApp/venv/lib/python3.14/site-packages/django/template/context.py", line 39, in __copy__
    duplicate.dicts = self.dicts[:]
    ^^^^^^^^^^^^^^^
AttributeError: 'super' object has no attribute 'dicts' and no __dict__ for setting new attributes
Internal Server Error: /admin/store/sale/
Traceback (most recent call last):
  File "/Users/amirxon/Desktop/ChaqmoqApp/venv/lib/python3.14/site-packages/django/core/handlers/exception.py", line 55, in inner
    response = get_response(request)
  File "/Users/amirxon/Desktop/ChaqmoqApp/venv/lib/python3.14/site-packages/django/core/handlers/base.py", line 220, in _get_response
    response = response.render()
  File "/Users/amirxon/Desktop/ChaqmoqApp/venv/lib/python3.14/site-packages/django/template/response.py", line 114, in render
    self.content = self.rendered_content
                   ^^^^^^^^^^^^^^^^^^^^^
  File "/Users/amirxon/Desktop/ChaqmoqApp/venv/lib/python3.14/site-packages/django/template/response.py", line 92, in rendered_content
    return template.render(context, self._request)
           ~~~~~~~~~~~~~~~^^^^^^^^^^^^^^^^^^^^^^^^
  File "/Users/amirxon/Desktop/ChaqmoqApp/venv/lib/python3.14/site-packages/django/template/backends/django.py", line 61, in render
    return self.template.render(context)
           ~~~~~~~~~~~~~~~~~~~~^^^^^^^^^
  File "/Users/amirxon/Desktop/ChaqmoqApp/venv/lib/python3.14/site-packages/django/template/base.py", line 171, in render
    return self._render(context)
           ~~~~~~~~~~~~^^^^^^^^^
  File "/Users/amirxon/Desktop/ChaqmoqApp/venv/lib/python3.14/site-packages/django/template/base.py", line 163, in _render
    return self.nodelist.render(context)
           ~~~~~~~~~~~~~~~~~~~~^^^^^^^^^
  File "/Users/amirxon/Desktop/ChaqmoqApp/venv/lib/python3.14/site-packages/django/template/base.py", line 1000, in render
    return SafeString("".join([node.render_annotated(context) for node in self]))
                               ~~~~~~~~~~~~~~~~~~~~~^^^^^^^^^
  File "/Users/amirxon/Desktop/ChaqmoqApp/venv/lib/python3.14/site-packages/django/template/base.py", line 961, in render_annotated
    return self.render(context)
           ~~~~~~~~~~~^^^^^^^^^
  File "/Users/amirxon/Desktop/ChaqmoqApp/venv/lib/python3.14/site-packages/django/template/loader_tags.py", line 159, in render
    return compiled_parent._render(context)
           ~~~~~~~~~~~~~~~~~~~~~~~^^^^^^^^^
  File "/Users/amirxon/Desktop/ChaqmoqApp/venv/lib/python3.14/site-packages/django/template/base.py", line 163, in _render
    return self.nodelist.render(context)
           ~~~~~~~~~~~~~~~~~~~~^^^^^^^^^
  File "/Users/amirxon/Desktop/ChaqmoqApp/venv/lib/python3.14/site-packages/django/template/base.py", line 1000, in render
    return SafeString("".join([node.render_annotated(context) for node in self]))
                               ~~~~~~~~~~~~~~~~~~~~~^^^^^^^^^
  File "/Users/amirxon/Desktop/ChaqmoqApp/venv/lib/python3.14/site-packages/django/template/base.py", line 961, in render_annotated
    return self.render(context)
           ~~~~~~~~~~~^^^^^^^^^
  File "/Users/amirxon/Desktop/ChaqmoqApp/venv/lib/python3.14/site-packages/django/template/loader_tags.py", line 159, in render
    return compiled_parent._render(context)
           ~~~~~~~~~~~~~~~~~~~~~~~^^^^^^^^^
  File "/Users/amirxon/Desktop/ChaqmoqApp/venv/lib/python3.14/site-packages/django/template/base.py", line 163, in _render
    return self.nodelist.render(context)
           ~~~~~~~~~~~~~~~~~~~~^^^^^^^^^
  File "/Users/amirxon/Desktop/ChaqmoqApp/venv/lib/python3.14/site-packages/django/template/base.py", line 1000, in render
    return SafeString("".join([node.render_annotated(context) for node in self]))
                               ~~~~~~~~~~~~~~~~~~~~~^^^^^^^^^
  File "/Users/amirxon/Desktop/ChaqmoqApp/venv/lib/python3.14/site-packages/django/template/base.py", line 961, in render_annotated
    return self.render(context)
           ~~~~~~~~~~~^^^^^^^^^
  File "/Users/amirxon/Desktop/ChaqmoqApp/venv/lib/python3.14/site-packages/django/template/loader_tags.py", line 65, in render
    result = block.nodelist.render(context)
  File "/Users/amirxon/Desktop/ChaqmoqApp/venv/lib/python3.14/site-packages/django/template/base.py", line 1000, in render
    return SafeString("".join([node.render_annotated(context) for node in self]))
                               ~~~~~~~~~~~~~~~~~~~~~^^^^^^^^^
  File "/Users/amirxon/Desktop/ChaqmoqApp/venv/lib/python3.14/site-packages/django/template/base.py", line 961, in render_annotated
    return self.render(context)
           ~~~~~~~~~~~^^^^^^^^^
  File "/Users/amirxon/Desktop/ChaqmoqApp/venv/lib/python3.14/site-packages/django/template/loader_tags.py", line 65, in render
    result = block.nodelist.render(context)
  File "/Users/amirxon/Desktop/ChaqmoqApp/venv/lib/python3.14/site-packages/django/template/base.py", line 1000, in render
    return SafeString("".join([node.render_annotated(context) for node in self]))
                               ~~~~~~~~~~~~~~~~~~~~~^^^^^^^^^
  File "/Users/amirxon/Desktop/ChaqmoqApp/venv/lib/python3.14/site-packages/django/template/base.py", line 961, in render_annotated
    return self.render(context)
           ~~~~~~~~~~~^^^^^^^^^
  File "/Users/amirxon/Desktop/ChaqmoqApp/venv/lib/python3.14/site-packages/django/template/loader_tags.py", line 65, in render
    result = block.nodelist.render(context)
  File "/Users/amirxon/Desktop/ChaqmoqApp/venv/lib/python3.14/site-packages/django/template/base.py", line 1000, in render
    return SafeString("".join([node.render_annotated(context) for node in self]))
                               ~~~~~~~~~~~~~~~~~~~~~^^^^^^^^^
  File "/Users/amirxon/Desktop/ChaqmoqApp/venv/lib/python3.14/site-packages/django/template/base.py", line 961, in render_annotated
    return self.render(context)
           ~~~~~~~~~~~^^^^^^^^^
  File "/Users/amirxon/Desktop/ChaqmoqApp/venv/lib/python3.14/site-packages/django/template/loader_tags.py", line 65, in render
    result = block.nodelist.render(context)
  File "/Users/amirxon/Desktop/ChaqmoqApp/venv/lib/python3.14/site-packages/django/template/base.py", line 1000, in render
    return SafeString("".join([node.render_annotated(context) for node in self]))
                               ~~~~~~~~~~~~~~~~~~~~~^^^^^^^^^
  File "/Users/amirxon/Desktop/ChaqmoqApp/venv/lib/python3.14/site-packages/django/template/base.py", line 961, in render_annotated
    return self.render(context)
           ~~~~~~~~~~~^^^^^^^^^
  File "/Users/amirxon/Desktop/ChaqmoqApp/venv/lib/python3.14/site-packages/django/template/loader_tags.py", line 65, in render
    result = block.nodelist.render(context)
  File "/Users/amirxon/Desktop/ChaqmoqApp/venv/lib/python3.14/site-packages/django/template/base.py", line 1000, in render
    return SafeString("".join([node.render_annotated(context) for node in self]))
                               ~~~~~~~~~~~~~~~~~~~~~^^^^^^^^^
  File "/Users/amirxon/Desktop/ChaqmoqApp/venv/lib/python3.14/site-packages/django/template/base.py", line 961, in render_annotated
    return self.render(context)
           ~~~~~~~~~~~^^^^^^^^^
  File "/Users/amirxon/Desktop/ChaqmoqApp/venv/lib/python3.14/site-packages/django/contrib/admin/templatetags/base.py", line 45, in render
    return super().render(context)
           ~~~~~~~~~~~~~~^^^^^^^^^
  File "/Users/amirxon/Desktop/ChaqmoqApp/venv/lib/python3.14/site-packages/django/template/library.py", line 271, in render
    new_context = context.new(_dict)
  File "/Users/amirxon/Desktop/ChaqmoqApp/venv/lib/python3.14/site-packages/django/template/context.py", line 273, in new
    new_context = super().new(values)
  File "/Users/amirxon/Desktop/ChaqmoqApp/venv/lib/python3.14/site-packages/django/template/context.py", line 110, in new
    new_context = copy(self)
  File "/Library/Frameworks/Python.framework/Versions/3.14/lib/python3.14/copy.py", line 82, in copy
    return copier(x)
  File "/Users/amirxon/Desktop/ChaqmoqApp/venv/lib/python3.14/site-packages/django/template/context.py", line 158, in __copy__
    duplicate = super().__copy__()
  File "/Users/amirxon/Desktop/ChaqmoqApp/venv/lib/python3.14/site-packages/django/template/context.py", line 39, in __copy__
    duplicate.dicts = self.dicts[:]
    ^^^^^^^^^^^^^^^
AttributeError: 'super' object has no attribute 'dicts' and no __dict__ for setting new attributes
Internal Server Error: /admin/store/sale/
Traceback (most recent call last):
  File "/Users/amirxon/Desktop/ChaqmoqApp/venv/lib/python3.14/site-packages/django/core/handlers/exception.py", line 55, in inner
    response = get_response(request)
  File "/Users/amirxon/Desktop/ChaqmoqApp/venv/lib/python3.14/site-packages/django/core/handlers/base.py", line 220, in _get_response
    response = response.render()
  File "/Users/amirxon/Desktop/ChaqmoqApp/venv/lib/python3.14/site-packages/django/template/response.py", line 114, in render
    self.content = self.rendered_content
                   ^^^^^^^^^^^^^^^^^^^^^
  File "/Users/amirxon/Desktop/ChaqmoqApp/venv/lib/python3.14/site-packages/django/template/response.py", line 92, in rendered_content
    return template.render(context, self._request)
           ~~~~~~~~~~~~~~~^^^^^^^^^^^^^^^^^^^^^^^^
  File "/Users/amirxon/Desktop/ChaqmoqApp/venv/lib/python3.14/site-packages/django/template/backends/django.py", line 61, in render
    return self.template.render(context)
           ~~~~~~~~~~~~~~~~~~~~^^^^^^^^^
  File "/Users/amirxon/Desktop/ChaqmoqApp/venv/lib/python3.14/site-packages/django/template/base.py", line 171, in render
    return self._render(context)
           ~~~~~~~~~~~~^^^^^^^^^
  File "/Users/amirxon/Desktop/ChaqmoqApp/venv/lib/python3.14/site-packages/django/template/base.py", line 163, in _render
    return self.nodelist.render(context)
           ~~~~~~~~~~~~~~~~~~~~^^^^^^^^^
  File "/Users/amirxon/Desktop/ChaqmoqApp/venv/lib/python3.14/site-packages/django/template/base.py", line 1000, in render
    return SafeString("".join([node.render_annotated(context) for node in self]))
                               ~~~~~~~~~~~~~~~~~~~~~^^^^^^^^^
  File "/Users/amirxon/Desktop/ChaqmoqApp/venv/lib/python3.14/site-packages/django/template/base.py", line 961, in render_annotated
    return self.render(context)
           ~~~~~~~~~~~^^^^^^^^^
  File "/Users/amirxon/Desktop/ChaqmoqApp/venv/lib/python3.14/site-packages/django/template/loader_tags.py", line 159, in render
    return compiled_parent._render(context)
           ~~~~~~~~~~~~~~~~~~~~~~~^^^^^^^^^
  File "/Users/amirxon/Desktop/ChaqmoqApp/venv/lib/python3.14/site-packages/django/template/base.py", line 163, in _render
    return self.nodelist.render(context)
           ~~~~~~~~~~~~~~~~~~~~^^^^^^^^^
  File "/Users/amirxon/Desktop/ChaqmoqApp/venv/lib/python3.14/site-packages/django/template/base.py", line 1000, in render
    return SafeString("".join([node.render_annotated(context) for node in self]))
                               ~~~~~~~~~~~~~~~~~~~~~^^^^^^^^^
  File "/Users/amirxon/Desktop/ChaqmoqApp/venv/lib/python3.14/site-packages/django/template/base.py", line 961, in render_annotated
    return self.render(context)
           ~~~~~~~~~~~^^^^^^^^^
  File "/Users/amirxon/Desktop/ChaqmoqApp/venv/lib/python3.14/site-packages/django/template/loader_tags.py", line 159, in render
    return compiled_parent._render(context)
           ~~~~~~~~~~~~~~~~~~~~~~~^^^^^^^^^
  File "/Users/amirxon/Desktop/ChaqmoqApp/venv/lib/python3.14/site-packages/django/template/base.py", line 163, in _render
    return self.nodelist.render(context)
           ~~~~~~~~~~~~~~~~~~~~^^^^^^^^^
  File "/Users/amirxon/Desktop/ChaqmoqApp/venv/lib/python3.14/site-packages/django/template/base.py", line 1000, in render
    return SafeString("".join([node.render_annotated(context) for node in self]))
                               ~~~~~~~~~~~~~~~~~~~~~^^^^^^^^^
  File "/Users/amirxon/Desktop/ChaqmoqApp/venv/lib/python3.14/site-packages/django/template/base.py", line 961, in render_annotated
    return self.render(context)
           ~~~~~~~~~~~^^^^^^^^^
  File "/Users/amirxon/Desktop/ChaqmoqApp/venv/lib/python3.14/site-packages/django/template/loader_tags.py", line 65, in render
    result = block.nodelist.render(context)
  File "/Users/amirxon/Desktop/ChaqmoqApp/venv/lib/python3.14/site-packages/django/template/base.py", line 1000, in render
    return SafeString("".join([node.render_annotated(context) for node in self]))
                               ~~~~~~~~~~~~~~~~~~~~~^^^^^^^^^
  File "/Users/amirxon/Desktop/ChaqmoqApp/venv/lib/python3.14/site-packages/django/template/base.py", line 961, in render_annotated
    return self.render(context)
           ~~~~~~~~~~~^^^^^^^^^
  File "/Users/amirxon/Desktop/ChaqmoqApp/venv/lib/python3.14/site-packages/django/template/loader_tags.py", line 65, in render
    result = block.nodelist.render(context)
  File "/Users/amirxon/Desktop/ChaqmoqApp/venv/lib/python3.14/site-packages/django/template/base.py", line 1000, in render
    return SafeString("".join([node.render_annotated(context) for node in self]))
                               ~~~~~~~~~~~~~~~~~~~~~^^^^^^^^^
  File "/Users/amirxon/Desktop/ChaqmoqApp/venv/lib/python3.14/site-packages/django/template/base.py", line 961, in render_annotated
    return self.render(context)
           ~~~~~~~~~~~^^^^^^^^^
  File "/Users/amirxon/Desktop/ChaqmoqApp/venv/lib/python3.14/site-packages/django/template/loader_tags.py", line 65, in render
    result = block.nodelist.render(context)
  File "/Users/amirxon/Desktop/ChaqmoqApp/venv/lib/python3.14/site-packages/django/template/base.py", line 1000, in render
    return SafeString("".join([node.render_annotated(context) for node in self]))
                               ~~~~~~~~~~~~~~~~~~~~~^^^^^^^^^
  File "/Users/amirxon/Desktop/ChaqmoqApp/venv/lib/python3.14/site-packages/django/template/base.py", line 961, in render_annotated
    return self.render(context)
           ~~~~~~~~~~~^^^^^^^^^
  File "/Users/amirxon/Desktop/ChaqmoqApp/venv/lib/python3.14/site-packages/django/template/loader_tags.py", line 65, in render
    result = block.nodelist.render(context)
  File "/Users/amirxon/Desktop/ChaqmoqApp/venv/lib/python3.14/site-packages/django/template/base.py", line 1000, in render
    return SafeString("".join([node.render_annotated(context) for node in self]))
                               ~~~~~~~~~~~~~~~~~~~~~^^^^^^^^^
  File "/Users/amirxon/Desktop/ChaqmoqApp/venv/lib/python3.14/site-packages/django/template/base.py", line 961, in render_annotated
    return self.render(context)
           ~~~~~~~~~~~^^^^^^^^^
  File "/Users/amirxon/Desktop/ChaqmoqApp/venv/lib/python3.14/site-packages/django/template/loader_tags.py", line 65, in render
    result = block.nodelist.render(context)
  File "/Users/amirxon/Desktop/ChaqmoqApp/venv/lib/python3.14/site-packages/django/template/base.py", line 1000, in render
    return SafeString("".join([node.render_annotated(context) for node in self]))
                               ~~~~~~~~~~~~~~~~~~~~~^^^^^^^^^
  File "/Users/amirxon/Desktop/ChaqmoqApp/venv/lib/python3.14/site-packages/django/template/base.py", line 961, in render_annotated
    return self.render(context)
           ~~~~~~~~~~~^^^^^^^^^
  File "/Users/amirxon/Desktop/ChaqmoqApp/venv/lib/python3.14/site-packages/django/contrib/admin/templatetags/base.py", line 45, in render
    return super().render(context)
           ~~~~~~~~~~~~~~^^^^^^^^^
  File "/Users/amirxon/Desktop/ChaqmoqApp/venv/lib/python3.14/site-packages/django/template/library.py", line 271, in render
    new_context = context.new(_dict)
  File "/Users/amirxon/Desktop/ChaqmoqApp/venv/lib/python3.14/site-packages/django/template/context.py", line 273, in new
    new_context = super().new(values)
  File "/Users/amirxon/Desktop/ChaqmoqApp/venv/lib/python3.14/site-packages/django/template/context.py", line 110, in new
    new_context = copy(self)
  File "/Library/Frameworks/Python.framework/Versions/3.14/lib/python3.14/copy.py", line 82, in copy
    return copier(x)
  File "/Users/amirxon/Desktop/ChaqmoqApp/venv/lib/python3.14/site-packages/django/template/context.py", line 158, in __copy__
    duplicate = super().__copy__()
  File "/Users/amirxon/Desktop/ChaqmoqApp/venv/lib/python3.14/site-packages/django/template/context.py", line 39, in __copy__
    duplicate.dicts = self.dicts[:]
    ^^^^^^^^^^^^^^^
AttributeError: 'super' object has no attribute 'dicts' and no __dict__ for setting new attributes
Internal Server Error: /admin/store/sale/add/
Traceback (most recent call last):
  File "/Users/amirxon/Desktop/ChaqmoqApp/venv/lib/python3.14/site-packages/django/core/handlers/exception.py", line 55, in inner
    response = get_response(request)
  File "/Users/amirxon/Desktop/ChaqmoqApp/venv/lib/python3.14/site-packages/django/core/handlers/base.py", line 220, in _get_response
    response = response.render()
  File "/Users/amirxon/Desktop/ChaqmoqApp/venv/lib/python3.14/site-packages/django/template/response.py", line 114, in render
    self.content = self.rendered_content
                   ^^^^^^^^^^^^^^^^^^^^^
  File "/Users/amirxon/Desktop/ChaqmoqApp/venv/lib/python3.14/site-packages/django/template/response.py", line 92, in rendered_content
    return template.render(context, self._request)
           ~~~~~~~~~~~~~~~^^^^^^^^^^^^^^^^^^^^^^^^
  File "/Users/amirxon/Desktop/ChaqmoqApp/venv/lib/python3.14/site-packages/django/template/backends/django.py", line 61, in render
    return self.template.render(context)
           ~~~~~~~~~~~~~~~~~~~~^^^^^^^^^
  File "/Users/amirxon/Desktop/ChaqmoqApp/venv/lib/python3.14/site-packages/django/template/base.py", line 171, in render
    return self._render(context)
           ~~~~~~~~~~~~^^^^^^^^^
  File "/Users/amirxon/Desktop/ChaqmoqApp/venv/lib/python3.14/site-packages/django/template/base.py", line 163, in _render
    return self.nodelist.render(context)
           ~~~~~~~~~~~~~~~~~~~~^^^^^^^^^
  File "/Users/amirxon/Desktop/ChaqmoqApp/venv/lib/python3.14/site-packages/django/template/base.py", line 1000, in render
    return SafeString("".join([node.render_annotated(context) for node in self]))
                               ~~~~~~~~~~~~~~~~~~~~~^^^^^^^^^
  File "/Users/amirxon/Desktop/ChaqmoqApp/venv/lib/python3.14/site-packages/django/template/base.py", line 961, in render_annotated
    return self.render(context)
           ~~~~~~~~~~~^^^^^^^^^
  File "/Users/amirxon/Desktop/ChaqmoqApp/venv/lib/python3.14/site-packages/django/template/loader_tags.py", line 159, in render
    return compiled_parent._render(context)
           ~~~~~~~~~~~~~~~~~~~~~~~^^^^^^^^^
  File "/Users/amirxon/Desktop/ChaqmoqApp/venv/lib/python3.14/site-packages/django/template/base.py", line 163, in _render
    return self.nodelist.render(context)
           ~~~~~~~~~~~~~~~~~~~~^^^^^^^^^
  File "/Users/amirxon/Desktop/ChaqmoqApp/venv/lib/python3.14/site-packages/django/template/base.py", line 1000, in render
    return SafeString("".join([node.render_annotated(context) for node in self]))
                               ~~~~~~~~~~~~~~~~~~~~~^^^^^^^^^
  File "/Users/amirxon/Desktop/ChaqmoqApp/venv/lib/python3.14/site-packages/django/template/base.py", line 961, in render_annotated
    return self.render(context)
           ~~~~~~~~~~~^^^^^^^^^
  File "/Users/amirxon/Desktop/ChaqmoqApp/venv/lib/python3.14/site-packages/django/template/loader_tags.py", line 159, in render
    return compiled_parent._render(context)
           ~~~~~~~~~~~~~~~~~~~~~~~^^^^^^^^^
  File "/Users/amirxon/Desktop/ChaqmoqApp/venv/lib/python3.14/site-packages/django/template/base.py", line 163, in _render
    return self.nodelist.render(context)
           ~~~~~~~~~~~~~~~~~~~~^^^^^^^^^
  File "/Users/amirxon/Desktop/ChaqmoqApp/venv/lib/python3.14/site-packages/django/template/base.py", line 1000, in render
    return SafeString("".join([node.render_annotated(context) for node in self]))
                               ~~~~~~~~~~~~~~~~~~~~~^^^^^^^^^
  File "/Users/amirxon/Desktop/ChaqmoqApp/venv/lib/python3.14/site-packages/django/template/base.py", line 961, in render_annotated
    return self.render(context)
           ~~~~~~~~~~~^^^^^^^^^
  File "/Users/amirxon/Desktop/ChaqmoqApp/venv/lib/python3.14/site-packages/django/template/loader_tags.py", line 65, in render
    result = block.nodelist.render(context)
  File "/Users/amirxon/Desktop/ChaqmoqApp/venv/lib/python3.14/site-packages/django/template/base.py", line 1000, in render
    return SafeString("".join([node.render_annotated(context) for node in self]))
                               ~~~~~~~~~~~~~~~~~~~~~^^^^^^^^^
  File "/Users/amirxon/Desktop/ChaqmoqApp/venv/lib/python3.14/site-packages/django/template/base.py", line 961, in render_annotated
    return self.render(context)
           ~~~~~~~~~~~^^^^^^^^^
  File "/Users/amirxon/Desktop/ChaqmoqApp/venv/lib/python3.14/site-packages/django/template/loader_tags.py", line 65, in render
    result = block.nodelist.render(context)
  File "/Users/amirxon/Desktop/ChaqmoqApp/venv/lib/python3.14/site-packages/django/template/base.py", line 1000, in render
    return SafeString("".join([node.render_annotated(context) for node in self]))
                               ~~~~~~~~~~~~~~~~~~~~~^^^^^^^^^
  File "/Users/amirxon/Desktop/ChaqmoqApp/venv/lib/python3.14/site-packages/django/template/base.py", line 961, in render_annotated
    return self.render(context)
           ~~~~~~~~~~~^^^^^^^^^
  File "/Users/amirxon/Desktop/ChaqmoqApp/venv/lib/python3.14/site-packages/django/template/loader_tags.py", line 65, in render
    result = block.nodelist.render(context)
  File "/Users/amirxon/Desktop/ChaqmoqApp/venv/lib/python3.14/site-packages/django/template/base.py", line 1000, in render
    return SafeString("".join([node.render_annotated(context) for node in self]))
                               ~~~~~~~~~~~~~~~~~~~~~^^^^^^^^^
  File "/Users/amirxon/Desktop/ChaqmoqApp/venv/lib/python3.14/site-packages/django/template/base.py", line 961, in render_annotated
    return self.render(context)
           ~~~~~~~~~~~^^^^^^^^^
  File "/Users/amirxon/Desktop/ChaqmoqApp/venv/lib/python3.14/site-packages/django/contrib/admin/templatetags/base.py", line 45, in render
    return super().render(context)
           ~~~~~~~~~~~~~~^^^^^^^^^
  File "/Users/amirxon/Desktop/ChaqmoqApp/venv/lib/python3.14/site-packages/django/template/library.py", line 271, in render
    new_context = context.new(_dict)
  File "/Users/amirxon/Desktop/ChaqmoqApp/venv/lib/python3.14/site-packages/django/template/context.py", line 273, in new
    new_context = super().new(values)
  File "/Users/amirxon/Desktop/ChaqmoqApp/venv/lib/python3.14/site-packages/django/template/context.py", line 110, in new
    new_context = copy(self)
  File "/Library/Frameworks/Python.framework/Versions/3.14/lib/python3.14/copy.py", line 82, in copy
    return copier(x)
  File "/Users/amirxon/Desktop/ChaqmoqApp/venv/lib/python3.14/site-packages/django/template/context.py", line 158, in __copy__
    duplicate = super().__copy__()
  File "/Users/amirxon/Desktop/ChaqmoqApp/venv/lib/python3.14/site-packages/django/template/context.py", line 39, in __copy__
    duplicate.dicts = self.dicts[:]
    ^^^^^^^^^^^^^^^
AttributeError: 'super' object has no attribute 'dicts' and no __dict__ for setting new attributes
Internal Server Error: /admin/store/sale/add/
Traceback (most recent call last):
  File "/Users/amirxon/Desktop/ChaqmoqApp/venv/lib/python3.14/site-packages/django/core/handlers/exception.py", line 55, in inner
    response = get_response(request)
  File "/Users/amirxon/Desktop/ChaqmoqApp/venv/lib/python3.14/site-packages/django/core/handlers/base.py", line 220, in _get_response
    response = response.render()
  File "/Users/amirxon/Desktop/ChaqmoqApp/venv/lib/python3.14/site-packages/django/template/response.py", line 114, in render
    self.content = self.rendered_content
                   ^^^^^^^^^^^^^^^^^^^^^
  File "/Users/amirxon/Desktop/ChaqmoqApp/venv/lib/python3.14/site-packages/django/template/response.py", line 92, in rendered_content
    return template.render(context, self._request)
           ~~~~~~~~~~~~~~~^^^^^^^^^^^^^^^^^^^^^^^^
  File "/Users/amirxon/Desktop/ChaqmoqApp/venv/lib/python3.14/site-packages/django/template/backends/django.py", line 61, in render
    return self.template.render(context)
           ~~~~~~~~~~~~~~~~~~~~^^^^^^^^^
  File "/Users/amirxon/Desktop/ChaqmoqApp/venv/lib/python3.14/site-packages/django/template/base.py", line 171, in render
    return self._render(context)
           ~~~~~~~~~~~~^^^^^^^^^
  File "/Users/amirxon/Desktop/ChaqmoqApp/venv/lib/python3.14/site-packages/django/template/base.py", line 163, in _render
    return self.nodelist.render(context)
           ~~~~~~~~~~~~~~~~~~~~^^^^^^^^^
  File "/Users/amirxon/Desktop/ChaqmoqApp/venv/lib/python3.14/site-packages/django/template/base.py", line 1000, in render
    return SafeString("".join([node.render_annotated(context) for node in self]))
                               ~~~~~~~~~~~~~~~~~~~~~^^^^^^^^^
  File "/Users/amirxon/Desktop/ChaqmoqApp/venv/lib/python3.14/site-packages/django/template/base.py", line 961, in render_annotated
    return self.render(context)
           ~~~~~~~~~~~^^^^^^^^^
  File "/Users/amirxon/Desktop/ChaqmoqApp/venv/lib/python3.14/site-packages/django/template/loader_tags.py", line 159, in render
    return compiled_parent._render(context)
           ~~~~~~~~~~~~~~~~~~~~~~~^^^^^^^^^
  File "/Users/amirxon/Desktop/ChaqmoqApp/venv/lib/python3.14/site-packages/django/template/base.py", line 163, in _render
    return self.nodelist.render(context)
           ~~~~~~~~~~~~~~~~~~~~^^^^^^^^^
  File "/Users/amirxon/Desktop/ChaqmoqApp/venv/lib/python3.14/site-packages/django/template/base.py", line 1000, in render
    return SafeString("".join([node.render_annotated(context) for node in self]))
                               ~~~~~~~~~~~~~~~~~~~~~^^^^^^^^^
  File "/Users/amirxon/Desktop/ChaqmoqApp/venv/lib/python3.14/site-packages/django/template/base.py", line 961, in render_annotated
    return self.render(context)
           ~~~~~~~~~~~^^^^^^^^^
  File "/Users/amirxon/Desktop/ChaqmoqApp/venv/lib/python3.14/site-packages/django/template/loader_tags.py", line 159, in render
    return compiled_parent._render(context)
           ~~~~~~~~~~~~~~~~~~~~~~~^^^^^^^^^
  File "/Users/amirxon/Desktop/ChaqmoqApp/venv/lib/python3.14/site-packages/django/template/base.py", line 163, in _render
    return self.nodelist.render(context)
           ~~~~~~~~~~~~~~~~~~~~^^^^^^^^^
  File "/Users/amirxon/Desktop/ChaqmoqApp/venv/lib/python3.14/site-packages/django/template/base.py", line 1000, in render
    return SafeString("".join([node.render_annotated(context) for node in self]))
                               ~~~~~~~~~~~~~~~~~~~~~^^^^^^^^^
  File "/Users/amirxon/Desktop/ChaqmoqApp/venv/lib/python3.14/site-packages/django/template/base.py", line 961, in render_annotated
    return self.render(context)
           ~~~~~~~~~~~^^^^^^^^^
  File "/Users/amirxon/Desktop/ChaqmoqApp/venv/lib/python3.14/site-packages/django/template/loader_tags.py", line 65, in render
    result = block.nodelist.render(context)
  File "/Users/amirxon/Desktop/ChaqmoqApp/venv/lib/python3.14/site-packages/django/template/base.py", line 1000, in render
    return SafeString("".join([node.render_annotated(context) for node in self]))
                               ~~~~~~~~~~~~~~~~~~~~~^^^^^^^^^
  File "/Users/amirxon/Desktop/ChaqmoqApp/venv/lib/python3.14/site-packages/django/template/base.py", line 961, in render_annotated
    return self.render(context)
           ~~~~~~~~~~~^^^^^^^^^
  File "/Users/amirxon/Desktop/ChaqmoqApp/venv/lib/python3.14/site-packages/django/template/loader_tags.py", line 65, in render
    result = block.nodelist.render(context)
  File "/Users/amirxon/Desktop/ChaqmoqApp/venv/lib/python3.14/site-packages/django/template/base.py", line 1000, in render
    return SafeString("".join([node.render_annotated(context) for node in self]))
                               ~~~~~~~~~~~~~~~~~~~~~^^^^^^^^^
  File "/Users/amirxon/Desktop/ChaqmoqApp/venv/lib/python3.14/site-packages/django/template/base.py", line 961, in render_annotated
    return self.render(context)
           ~~~~~~~~~~~^^^^^^^^^
  File "/Users/amirxon/Desktop/ChaqmoqApp/venv/lib/python3.14/site-packages/django/template/loader_tags.py", line 65, in render
    result = block.nodelist.render(context)
  File "/Users/amirxon/Desktop/ChaqmoqApp/venv/lib/python3.14/site-packages/django/template/base.py", line 1000, in render
    return SafeString("".join([node.render_annotated(context) for node in self]))
                               ~~~~~~~~~~~~~~~~~~~~~^^^^^^^^^
  File "/Users/amirxon/Desktop/ChaqmoqApp/venv/lib/python3.14/site-packages/django/template/base.py", line 961, in render_annotated
    return self.render(context)
           ~~~~~~~~~~~^^^^^^^^^
  File "/Users/amirxon/Desktop/ChaqmoqApp/venv/lib/python3.14/site-packages/django/contrib/admin/templatetags/base.py", line 45, in render
    return super().render(context)
           ~~~~~~~~~~~~~~^^^^^^^^^
  File "/Users/amirxon/Desktop/ChaqmoqApp/venv/lib/python3.14/site-packages/django/template/library.py", line 271, in render
    new_context = context.new(_dict)
  File "/Users/amirxon/Desktop/ChaqmoqApp/venv/lib/python3.14/site-packages/django/template/context.py", line 273, in new
    new_context = super().new(values)
  File "/Users/amirxon/Desktop/ChaqmoqApp/venv/lib/python3.14/site-packages/django/template/context.py", line 110, in new
    new_context = copy(self)
  File "/Library/Frameworks/Python.framework/Versions/3.14/lib/python3.14/copy.py", line 82, in copy
    return copier(x)
  File "/Users/amirxon/Desktop/ChaqmoqApp/venv/lib/python3.14/site-packages/django/template/context.py", line 158, in __copy__
    duplicate = super().__copy__()
  File "/Users/amirxon/Desktop/ChaqmoqApp/venv/lib/python3.14/site-packages/django/template/context.py", line 39, in __copy__
    duplicate.dicts = self.dicts[:]
    ^^^^^^^^^^^^^^^
AttributeError: 'super' object has no attribute 'dicts' and no __dict__ for setting new attributes
Internal Server Error: /admin/store/comment/
Traceback (most recent call last):
  File "/Users/amirxon/Desktop/ChaqmoqApp/venv/lib/python3.14/site-packages/django/core/handlers/exception.py", line 55, in inner
    response = get_response(request)
  File "/Users/amirxon/Desktop/ChaqmoqApp/venv/lib/python3.14/site-packages/django/core/handlers/base.py", line 220, in _get_response
    response = response.render()
  File "/Users/amirxon/Desktop/ChaqmoqApp/venv/lib/python3.14/site-packages/django/template/response.py", line 114, in render
    self.content = self.rendered_content
                   ^^^^^^^^^^^^^^^^^^^^^
  File "/Users/amirxon/Desktop/ChaqmoqApp/venv/lib/python3.14/site-packages/django/template/response.py", line 92, in rendered_content
    return template.render(context, self._request)
           ~~~~~~~~~~~~~~~^^^^^^^^^^^^^^^^^^^^^^^^
  File "/Users/amirxon/Desktop/ChaqmoqApp/venv/lib/python3.14/site-packages/django/template/backends/django.py", line 61, in render
    return self.template.render(context)
           ~~~~~~~~~~~~~~~~~~~~^^^^^^^^^
  File "/Users/amirxon/Desktop/ChaqmoqApp/venv/lib/python3.14/site-packages/django/template/base.py", line 171, in render
    return self._render(context)
           ~~~~~~~~~~~~^^^^^^^^^
  File "/Users/amirxon/Desktop/ChaqmoqApp/venv/lib/python3.14/site-packages/django/template/base.py", line 163, in _render
    return self.nodelist.render(context)
           ~~~~~~~~~~~~~~~~~~~~^^^^^^^^^
  File "/Users/amirxon/Desktop/ChaqmoqApp/venv/lib/python3.14/site-packages/django/template/base.py", line 1000, in render
    return SafeString("".join([node.render_annotated(context) for node in self]))
                               ~~~~~~~~~~~~~~~~~~~~~^^^^^^^^^
  File "/Users/amirxon/Desktop/ChaqmoqApp/venv/lib/python3.14/site-packages/django/template/base.py", line 961, in render_annotated
    return self.render(context)
           ~~~~~~~~~~~^^^^^^^^^
  File "/Users/amirxon/Desktop/ChaqmoqApp/venv/lib/python3.14/site-packages/django/template/loader_tags.py", line 159, in render
    return compiled_parent._render(context)
           ~~~~~~~~~~~~~~~~~~~~~~~^^^^^^^^^
  File "/Users/amirxon/Desktop/ChaqmoqApp/venv/lib/python3.14/site-packages/django/template/base.py", line 163, in _render
    return self.nodelist.render(context)
           ~~~~~~~~~~~~~~~~~~~~^^^^^^^^^
  File "/Users/amirxon/Desktop/ChaqmoqApp/venv/lib/python3.14/site-packages/django/template/base.py", line 1000, in render
    return SafeString("".join([node.render_annotated(context) for node in self]))
                               ~~~~~~~~~~~~~~~~~~~~~^^^^^^^^^
  File "/Users/amirxon/Desktop/ChaqmoqApp/venv/lib/python3.14/site-packages/django/template/base.py", line 961, in render_annotated
    return self.render(context)
           ~~~~~~~~~~~^^^^^^^^^
  File "/Users/amirxon/Desktop/ChaqmoqApp/venv/lib/python3.14/site-packages/django/template/loader_tags.py", line 159, in render
    return compiled_parent._render(context)
           ~~~~~~~~~~~~~~~~~~~~~~~^^^^^^^^^
  File "/Users/amirxon/Desktop/ChaqmoqApp/venv/lib/python3.14/site-packages/django/template/base.py", line 163, in _render
    return self.nodelist.render(context)
           ~~~~~~~~~~~~~~~~~~~~^^^^^^^^^
  File "/Users/amirxon/Desktop/ChaqmoqApp/venv/lib/python3.14/site-packages/django/template/base.py", line 1000, in render
    return SafeString("".join([node.render_annotated(context) for node in self]))
                               ~~~~~~~~~~~~~~~~~~~~~^^^^^^^^^
  File "/Users/amirxon/Desktop/ChaqmoqApp/venv/lib/python3.14/site-packages/django/template/base.py", line 961, in render_annotated
    return self.render(context)
           ~~~~~~~~~~~^^^^^^^^^
  File "/Users/amirxon/Desktop/ChaqmoqApp/venv/lib/python3.14/site-packages/django/template/loader_tags.py", line 65, in render
    result = block.nodelist.render(context)
  File "/Users/amirxon/Desktop/ChaqmoqApp/venv/lib/python3.14/site-packages/django/template/base.py", line 1000, in render
    return SafeString("".join([node.render_annotated(context) for node in self]))
                               ~~~~~~~~~~~~~~~~~~~~~^^^^^^^^^
  File "/Users/amirxon/Desktop/ChaqmoqApp/venv/lib/python3.14/site-packages/django/template/base.py", line 961, in render_annotated
    return self.render(context)
           ~~~~~~~~~~~^^^^^^^^^
  File "/Users/amirxon/Desktop/ChaqmoqApp/venv/lib/python3.14/site-packages/django/template/loader_tags.py", line 65, in render
    result = block.nodelist.render(context)
  File "/Users/amirxon/Desktop/ChaqmoqApp/venv/lib/python3.14/site-packages/django/template/base.py", line 1000, in render
    return SafeString("".join([node.render_annotated(context) for node in self]))
                               ~~~~~~~~~~~~~~~~~~~~~^^^^^^^^^
  File "/Users/amirxon/Desktop/ChaqmoqApp/venv/lib/python3.14/site-packages/django/template/base.py", line 961, in render_annotated
    return self.render(context)
           ~~~~~~~~~~~^^^^^^^^^
  File "/Users/amirxon/Desktop/ChaqmoqApp/venv/lib/python3.14/site-packages/django/template/loader_tags.py", line 65, in render
    result = block.nodelist.render(context)
  File "/Users/amirxon/Desktop/ChaqmoqApp/venv/lib/python3.14/site-packages/django/template/base.py", line 1000, in render
    return SafeString("".join([node.render_annotated(context) for node in self]))
                               ~~~~~~~~~~~~~~~~~~~~~^^^^^^^^^
  File "/Users/amirxon/Desktop/ChaqmoqApp/venv/lib/python3.14/site-packages/django/template/base.py", line 961, in render_annotated
    return self.render(context)
           ~~~~~~~~~~~^^^^^^^^^
  File "/Users/amirxon/Desktop/ChaqmoqApp/venv/lib/python3.14/site-packages/django/template/loader_tags.py", line 65, in render
    result = block.nodelist.render(context)
  File "/Users/amirxon/Desktop/ChaqmoqApp/venv/lib/python3.14/site-packages/django/template/base.py", line 1000, in render
    return SafeString("".join([node.render_annotated(context) for node in self]))
                               ~~~~~~~~~~~~~~~~~~~~~^^^^^^^^^
  File "/Users/amirxon/Desktop/ChaqmoqApp/venv/lib/python3.14/site-packages/django/template/base.py", line 961, in render_annotated
    return self.render(context)
           ~~~~~~~~~~~^^^^^^^^^
  File "/Users/amirxon/Desktop/ChaqmoqApp/venv/lib/python3.14/site-packages/django/template/loader_tags.py", line 65, in render
    result = block.nodelist.render(context)
  File "/Users/amirxon/Desktop/ChaqmoqApp/venv/lib/python3.14/site-packages/django/template/base.py", line 1000, in render
    return SafeString("".join([node.render_annotated(context) for node in self]))
                               ~~~~~~~~~~~~~~~~~~~~~^^^^^^^^^
  File "/Users/amirxon/Desktop/ChaqmoqApp/venv/lib/python3.14/site-packages/django/template/base.py", line 961, in render_annotated
    return self.render(context)
           ~~~~~~~~~~~^^^^^^^^^
  File "/Users/amirxon/Desktop/ChaqmoqApp/venv/lib/python3.14/site-packages/django/contrib/admin/templatetags/base.py", line 45, in render
    return super().render(context)
           ~~~~~~~~~~~~~~^^^^^^^^^
  File "/Users/amirxon/Desktop/ChaqmoqApp/venv/lib/python3.14/site-packages/django/template/library.py", line 271, in render
    new_context = context.new(_dict)
  File "/Users/amirxon/Desktop/ChaqmoqApp/venv/lib/python3.14/site-packages/django/template/context.py", line 273, in new
    new_context = super().new(values)
  File "/Users/amirxon/Desktop/ChaqmoqApp/venv/lib/python3.14/site-packages/django/template/context.py", line 110, in new
    new_context = copy(self)
  File "/Library/Frameworks/Python.framework/Versions/3.14/lib/python3.14/copy.py", line 82, in copy
    return copier(x)
  File "/Users/amirxon/Desktop/ChaqmoqApp/venv/lib/python3.14/site-packages/django/template/context.py", line 158, in __copy__
    duplicate = super().__copy__()
  File "/Users/amirxon/Desktop/ChaqmoqApp/venv/lib/python3.14/site-packages/django/template/context.py", line 39, in __copy__
    duplicate.dicts = self.dicts[:]
    ^^^^^^^^^^^^^^^
AttributeError: 'super' object has no attribute 'dicts' and no __dict__ for setting new attributes
Internal Server Error: /admin/store/comment/
Traceback (most recent call last):
  File "/Users/amirxon/Desktop/ChaqmoqApp/venv/lib/python3.14/site-packages/django/core/handlers/exception.py", line 55, in inner
    response = get_response(request)
  File "/Users/amirxon/Desktop/ChaqmoqApp/venv/lib/python3.14/site-packages/django/core/handlers/base.py", line 220, in _get_response
    response = response.render()
  File "/Users/amirxon/Desktop/ChaqmoqApp/venv/lib/python3.14/site-packages/django/template/response.py", line 114, in render
    self.content = self.rendered_content
                   ^^^^^^^^^^^^^^^^^^^^^
  File "/Users/amirxon/Desktop/ChaqmoqApp/venv/lib/python3.14/site-packages/django/template/response.py", line 92, in rendered_content
    return template.render(context, self._request)
           ~~~~~~~~~~~~~~~^^^^^^^^^^^^^^^^^^^^^^^^
  File "/Users/amirxon/Desktop/ChaqmoqApp/venv/lib/python3.14/site-packages/django/template/backends/django.py", line 61, in render
    return self.template.render(context)
           ~~~~~~~~~~~~~~~~~~~~^^^^^^^^^
  File "/Users/amirxon/Desktop/ChaqmoqApp/venv/lib/python3.14/site-packages/django/template/base.py", line 171, in render
    return self._render(context)
           ~~~~~~~~~~~~^^^^^^^^^
  File "/Users/amirxon/Desktop/ChaqmoqApp/venv/lib/python3.14/site-packages/django/template/base.py", line 163, in _render
    return self.nodelist.render(context)
           ~~~~~~~~~~~~~~~~~~~~^^^^^^^^^
  File "/Users/amirxon/Desktop/ChaqmoqApp/venv/lib/python3.14/site-packages/django/template/base.py", line 1000, in render
    return SafeString("".join([node.render_annotated(context) for node in self]))
                               ~~~~~~~~~~~~~~~~~~~~~^^^^^^^^^
  File "/Users/amirxon/Desktop/ChaqmoqApp/venv/lib/python3.14/site-packages/django/template/base.py", line 961, in render_annotated
    return self.render(context)
           ~~~~~~~~~~~^^^^^^^^^
  File "/Users/amirxon/Desktop/ChaqmoqApp/venv/lib/python3.14/site-packages/django/template/loader_tags.py", line 159, in render
    return compiled_parent._render(context)
           ~~~~~~~~~~~~~~~~~~~~~~~^^^^^^^^^
  File "/Users/amirxon/Desktop/ChaqmoqApp/venv/lib/python3.14/site-packages/django/template/base.py", line 163, in _render
    return self.nodelist.render(context)
           ~~~~~~~~~~~~~~~~~~~~^^^^^^^^^
  File "/Users/amirxon/Desktop/ChaqmoqApp/venv/lib/python3.14/site-packages/django/template/base.py", line 1000, in render
    return SafeString("".join([node.render_annotated(context) for node in self]))
                               ~~~~~~~~~~~~~~~~~~~~~^^^^^^^^^
  File "/Users/amirxon/Desktop/ChaqmoqApp/venv/lib/python3.14/site-packages/django/template/base.py", line 961, in render_annotated
    return self.render(context)
           ~~~~~~~~~~~^^^^^^^^^
  File "/Users/amirxon/Desktop/ChaqmoqApp/venv/lib/python3.14/site-packages/django/template/loader_tags.py", line 159, in render
    return compiled_parent._render(context)
           ~~~~~~~~~~~~~~~~~~~~~~~^^^^^^^^^
  File "/Users/amirxon/Desktop/ChaqmoqApp/venv/lib/python3.14/site-packages/django/template/base.py", line 163, in _render
    return self.nodelist.render(context)
           ~~~~~~~~~~~~~~~~~~~~^^^^^^^^^
  File "/Users/amirxon/Desktop/ChaqmoqApp/venv/lib/python3.14/site-packages/django/template/base.py", line 1000, in render
    return SafeString("".join([node.render_annotated(context) for node in self]))
                               ~~~~~~~~~~~~~~~~~~~~~^^^^^^^^^
  File "/Users/amirxon/Desktop/ChaqmoqApp/venv/lib/python3.14/site-packages/django/template/base.py", line 961, in render_annotated
    return self.render(context)
           ~~~~~~~~~~~^^^^^^^^^
  File "/Users/amirxon/Desktop/ChaqmoqApp/venv/lib/python3.14/site-packages/django/template/loader_tags.py", line 65, in render
    result = block.nodelist.render(context)
  File "/Users/amirxon/Desktop/ChaqmoqApp/venv/lib/python3.14/site-packages/django/template/base.py", line 1000, in render
    return SafeString("".join([node.render_annotated(context) for node in self]))
                               ~~~~~~~~~~~~~~~~~~~~~^^^^^^^^^
  File "/Users/amirxon/Desktop/ChaqmoqApp/venv/lib/python3.14/site-packages/django/template/base.py", line 961, in render_annotated
    return self.render(context)
           ~~~~~~~~~~~^^^^^^^^^
  File "/Users/amirxon/Desktop/ChaqmoqApp/venv/lib/python3.14/site-packages/django/template/loader_tags.py", line 65, in render
    result = block.nodelist.render(context)
  File "/Users/amirxon/Desktop/ChaqmoqApp/venv/lib/python3.14/site-packages/django/template/base.py", line 1000, in render
    return SafeString("".join([node.render_annotated(context) for node in self]))
                               ~~~~~~~~~~~~~~~~~~~~~^^^^^^^^^
  File "/Users/amirxon/Desktop/ChaqmoqApp/venv/lib/python3.14/site-packages/django/template/base.py", line 961, in render_annotated
    return self.render(context)
           ~~~~~~~~~~~^^^^^^^^^
  File "/Users/amirxon/Desktop/ChaqmoqApp/venv/lib/python3.14/site-packages/django/template/loader_tags.py", line 65, in render
    result = block.nodelist.render(context)
  File "/Users/amirxon/Desktop/ChaqmoqApp/venv/lib/python3.14/site-packages/django/template/base.py", line 1000, in render
    return SafeString("".join([node.render_annotated(context) for node in self]))
                               ~~~~~~~~~~~~~~~~~~~~~^^^^^^^^^
  File "/Users/amirxon/Desktop/ChaqmoqApp/venv/lib/python3.14/site-packages/django/template/base.py", line 961, in render_annotated
    return self.render(context)
           ~~~~~~~~~~~^^^^^^^^^
  File "/Users/amirxon/Desktop/ChaqmoqApp/venv/lib/python3.14/site-packages/django/template/loader_tags.py", line 65, in render
    result = block.nodelist.render(context)
  File "/Users/amirxon/Desktop/ChaqmoqApp/venv/lib/python3.14/site-packages/django/template/base.py", line 1000, in render
    return SafeString("".join([node.render_annotated(context) for node in self]))
                               ~~~~~~~~~~~~~~~~~~~~~^^^^^^^^^
  File "/Users/amirxon/Desktop/ChaqmoqApp/venv/lib/python3.14/site-packages/django/template/base.py", line 961, in render_annotated
    return self.render(context)
           ~~~~~~~~~~~^^^^^^^^^
  File "/Users/amirxon/Desktop/ChaqmoqApp/venv/lib/python3.14/site-packages/django/template/loader_tags.py", line 65, in render
    result = block.nodelist.render(context)
  File "/Users/amirxon/Desktop/ChaqmoqApp/venv/lib/python3.14/site-packages/django/template/base.py", line 1000, in render
    return SafeString("".join([node.render_annotated(context) for node in self]))
                               ~~~~~~~~~~~~~~~~~~~~~^^^^^^^^^
  File "/Users/amirxon/Desktop/ChaqmoqApp/venv/lib/python3.14/site-packages/django/template/base.py", line 961, in render_annotated
    return self.render(context)
           ~~~~~~~~~~~^^^^^^^^^
  File "/Users/amirxon/Desktop/ChaqmoqApp/venv/lib/python3.14/site-packages/django/contrib/admin/templatetags/base.py", line 45, in render
    return super().render(context)
           ~~~~~~~~~~~~~~^^^^^^^^^
  File "/Users/amirxon/Desktop/ChaqmoqApp/venv/lib/python3.14/site-packages/django/template/library.py", line 271, in render
    new_context = context.new(_dict)
  File "/Users/amirxon/Desktop/ChaqmoqApp/venv/lib/python3.14/site-packages/django/template/context.py", line 273, in new
    new_context = super().new(values)
  File "/Users/amirxon/Desktop/ChaqmoqApp/venv/lib/python3.14/site-packages/django/template/context.py", line 110, in new
    new_context = copy(self)
  File "/Library/Frameworks/Python.framework/Versions/3.14/lib/python3.14/copy.py", line 82, in copy
    return copier(x)
  File "/Users/amirxon/Desktop/ChaqmoqApp/venv/lib/python3.14/site-packages/django/template/context.py", line 158, in __copy__
    duplicate = super().__copy__()
  File "/Users/amirxon/Desktop/ChaqmoqApp/venv/lib/python3.14/site-packages/django/template/context.py", line 39, in __copy__
    duplicate.dicts = self.dicts[:]
    ^^^^^^^^^^^^^^^
AttributeError: 'super' object has no attribute 'dicts' and no __dict__ for setting new attributes
Internal Server Error: /admin/store/comment/add/
Traceback (most recent call last):
  File "/Users/amirxon/Desktop/ChaqmoqApp/venv/lib/python3.14/site-packages/django/core/handlers/exception.py", line 55, in inner
    response = get_response(request)
  File "/Users/amirxon/Desktop/ChaqmoqApp/venv/lib/python3.14/site-packages/django/core/handlers/base.py", line 220, in _get_response
    response = response.render()
  File "/Users/amirxon/Desktop/ChaqmoqApp/venv/lib/python3.14/site-packages/django/template/response.py", line 114, in render
    self.content = self.rendered_content
                   ^^^^^^^^^^^^^^^^^^^^^
  File "/Users/amirxon/Desktop/ChaqmoqApp/venv/lib/python3.14/site-packages/django/template/response.py", line 92, in rendered_content
    return template.render(context, self._request)
           ~~~~~~~~~~~~~~~^^^^^^^^^^^^^^^^^^^^^^^^
  File "/Users/amirxon/Desktop/ChaqmoqApp/venv/lib/python3.14/site-packages/django/template/backends/django.py", line 61, in render
    return self.template.render(context)
           ~~~~~~~~~~~~~~~~~~~~^^^^^^^^^
  File "/Users/amirxon/Desktop/ChaqmoqApp/venv/lib/python3.14/site-packages/django/template/base.py", line 171, in render
    return self._render(context)
           ~~~~~~~~~~~~^^^^^^^^^
  File "/Users/amirxon/Desktop/ChaqmoqApp/venv/lib/python3.14/site-packages/django/template/base.py", line 163, in _render
    return self.nodelist.render(context)
           ~~~~~~~~~~~~~~~~~~~~^^^^^^^^^
  File "/Users/amirxon/Desktop/ChaqmoqApp/venv/lib/python3.14/site-packages/django/template/base.py", line 1000, in render
    return SafeString("".join([node.render_annotated(context) for node in self]))
                               ~~~~~~~~~~~~~~~~~~~~~^^^^^^^^^
  File "/Users/amirxon/Desktop/ChaqmoqApp/venv/lib/python3.14/site-packages/django/template/base.py", line 961, in render_annotated
    return self.render(context)
           ~~~~~~~~~~~^^^^^^^^^
  File "/Users/amirxon/Desktop/ChaqmoqApp/venv/lib/python3.14/site-packages/django/template/loader_tags.py", line 159, in render
    return compiled_parent._render(context)
           ~~~~~~~~~~~~~~~~~~~~~~~^^^^^^^^^
  File "/Users/amirxon/Desktop/ChaqmoqApp/venv/lib/python3.14/site-packages/django/template/base.py", line 163, in _render
    return self.nodelist.render(context)
           ~~~~~~~~~~~~~~~~~~~~^^^^^^^^^
  File "/Users/amirxon/Desktop/ChaqmoqApp/venv/lib/python3.14/site-packages/django/template/base.py", line 1000, in render
    return SafeString("".join([node.render_annotated(context) for node in self]))
                               ~~~~~~~~~~~~~~~~~~~~~^^^^^^^^^
  File "/Users/amirxon/Desktop/ChaqmoqApp/venv/lib/python3.14/site-packages/django/template/base.py", line 961, in render_annotated
    return self.render(context)
           ~~~~~~~~~~~^^^^^^^^^
  File "/Users/amirxon/Desktop/ChaqmoqApp/venv/lib/python3.14/site-packages/django/template/loader_tags.py", line 159, in render
    return compiled_parent._render(context)
           ~~~~~~~~~~~~~~~~~~~~~~~^^^^^^^^^
  File "/Users/amirxon/Desktop/ChaqmoqApp/venv/lib/python3.14/site-packages/django/template/base.py", line 163, in _render
    return self.nodelist.render(context)
           ~~~~~~~~~~~~~~~~~~~~^^^^^^^^^
  File "/Users/amirxon/Desktop/ChaqmoqApp/venv/lib/python3.14/site-packages/django/template/base.py", line 1000, in render
    return SafeString("".join([node.render_annotated(context) for node in self]))
                               ~~~~~~~~~~~~~~~~~~~~~^^^^^^^^^
  File "/Users/amirxon/Desktop/ChaqmoqApp/venv/lib/python3.14/site-packages/django/template/base.py", line 961, in render_annotated
    return self.render(context)
           ~~~~~~~~~~~^^^^^^^^^
  File "/Users/amirxon/Desktop/ChaqmoqApp/venv/lib/python3.14/site-packages/django/template/loader_tags.py", line 65, in render
    result = block.nodelist.render(context)
  File "/Users/amirxon/Desktop/ChaqmoqApp/venv/lib/python3.14/site-packages/django/template/base.py", line 1000, in render
    return SafeString("".join([node.render_annotated(context) for node in self]))
                               ~~~~~~~~~~~~~~~~~~~~~^^^^^^^^^
  File "/Users/amirxon/Desktop/ChaqmoqApp/venv/lib/python3.14/site-packages/django/template/base.py", line 961, in render_annotated
    return self.render(context)
           ~~~~~~~~~~~^^^^^^^^^
  File "/Users/amirxon/Desktop/ChaqmoqApp/venv/lib/python3.14/site-packages/django/template/loader_tags.py", line 65, in render
    result = block.nodelist.render(context)
  File "/Users/amirxon/Desktop/ChaqmoqApp/venv/lib/python3.14/site-packages/django/template/base.py", line 1000, in render
    return SafeString("".join([node.render_annotated(context) for node in self]))
                               ~~~~~~~~~~~~~~~~~~~~~^^^^^^^^^
  File "/Users/amirxon/Desktop/ChaqmoqApp/venv/lib/python3.14/site-packages/django/template/base.py", line 961, in render_annotated
    return self.render(context)
           ~~~~~~~~~~~^^^^^^^^^
  File "/Users/amirxon/Desktop/ChaqmoqApp/venv/lib/python3.14/site-packages/django/template/loader_tags.py", line 65, in render
    result = block.nodelist.render(context)
  File "/Users/amirxon/Desktop/ChaqmoqApp/venv/lib/python3.14/site-packages/django/template/base.py", line 1000, in render
    return SafeString("".join([node.render_annotated(context) for node in self]))
                               ~~~~~~~~~~~~~~~~~~~~~^^^^^^^^^
  File "/Users/amirxon/Desktop/ChaqmoqApp/venv/lib/python3.14/site-packages/django/template/base.py", line 961, in render_annotated
    return self.render(context)
           ~~~~~~~~~~~^^^^^^^^^
  File "/Users/amirxon/Desktop/ChaqmoqApp/venv/lib/python3.14/site-packages/django/contrib/admin/templatetags/base.py", line 45, in render
    return super().render(context)
           ~~~~~~~~~~~~~~^^^^^^^^^
  File "/Users/amirxon/Desktop/ChaqmoqApp/venv/lib/python3.14/site-packages/django/template/library.py", line 271, in render
    new_context = context.new(_dict)
  File "/Users/amirxon/Desktop/ChaqmoqApp/venv/lib/python3.14/site-packages/django/template/context.py", line 273, in new
    new_context = super().new(values)
  File "/Users/amirxon/Desktop/ChaqmoqApp/venv/lib/python3.14/site-packages/django/template/context.py", line 110, in new
    new_context = copy(self)
  File "/Library/Frameworks/Python.framework/Versions/3.14/lib/python3.14/copy.py", line 82, in copy
    return copier(x)
  File "/Users/amirxon/Desktop/ChaqmoqApp/venv/lib/python3.14/site-packages/django/template/context.py", line 158, in __copy__
    duplicate = super().__copy__()
  File "/Users/amirxon/Desktop/ChaqmoqApp/venv/lib/python3.14/site-packages/django/template/context.py", line 39, in __copy__
    duplicate.dicts = self.dicts[:]
    ^^^^^^^^^^^^^^^
AttributeError: 'super' object has no attribute 'dicts' and no __dict__ for setting new attributes
Internal Server Error: /admin/store/comment/add/
Traceback (most recent call last):
  File "/Users/amirxon/Desktop/ChaqmoqApp/venv/lib/python3.14/site-packages/django/core/handlers/exception.py", line 55, in inner
    response = get_response(request)
  File "/Users/amirxon/Desktop/ChaqmoqApp/venv/lib/python3.14/site-packages/django/core/handlers/base.py", line 220, in _get_response
    response = response.render()
  File "/Users/amirxon/Desktop/ChaqmoqApp/venv/lib/python3.14/site-packages/django/template/response.py", line 114, in render
    self.content = self.rendered_content
                   ^^^^^^^^^^^^^^^^^^^^^
  File "/Users/amirxon/Desktop/ChaqmoqApp/venv/lib/python3.14/site-packages/django/template/response.py", line 92, in rendered_content
    return template.render(context, self._request)
           ~~~~~~~~~~~~~~~^^^^^^^^^^^^^^^^^^^^^^^^
  File "/Users/amirxon/Desktop/ChaqmoqApp/venv/lib/python3.14/site-packages/django/template/backends/django.py", line 61, in render
    return self.template.render(context)
           ~~~~~~~~~~~~~~~~~~~~^^^^^^^^^
  File "/Users/amirxon/Desktop/ChaqmoqApp/venv/lib/python3.14/site-packages/django/template/base.py", line 171, in render
    return self._render(context)
           ~~~~~~~~~~~~^^^^^^^^^
  File "/Users/amirxon/Desktop/ChaqmoqApp/venv/lib/python3.14/site-packages/django/template/base.py", line 163, in _render
    return self.nodelist.render(context)
           ~~~~~~~~~~~~~~~~~~~~^^^^^^^^^
  File "/Users/amirxon/Desktop/ChaqmoqApp/venv/lib/python3.14/site-packages/django/template/base.py", line 1000, in render
    return SafeString("".join([node.render_annotated(context) for node in self]))
                               ~~~~~~~~~~~~~~~~~~~~~^^^^^^^^^
  File "/Users/amirxon/Desktop/ChaqmoqApp/venv/lib/python3.14/site-packages/django/template/base.py", line 961, in render_annotated
    return self.render(context)
           ~~~~~~~~~~~^^^^^^^^^
  File "/Users/amirxon/Desktop/ChaqmoqApp/venv/lib/python3.14/site-packages/django/template/loader_tags.py", line 159, in render
    return compiled_parent._render(context)
           ~~~~~~~~~~~~~~~~~~~~~~~^^^^^^^^^
  File "/Users/amirxon/Desktop/ChaqmoqApp/venv/lib/python3.14/site-packages/django/template/base.py", line 163, in _render
    return self.nodelist.render(context)
           ~~~~~~~~~~~~~~~~~~~~^^^^^^^^^
  File "/Users/amirxon/Desktop/ChaqmoqApp/venv/lib/python3.14/site-packages/django/template/base.py", line 1000, in render
    return SafeString("".join([node.render_annotated(context) for node in self]))
                               ~~~~~~~~~~~~~~~~~~~~~^^^^^^^^^
  File "/Users/amirxon/Desktop/ChaqmoqApp/venv/lib/python3.14/site-packages/django/template/base.py", line 961, in render_annotated
    return self.render(context)
           ~~~~~~~~~~~^^^^^^^^^
  File "/Users/amirxon/Desktop/ChaqmoqApp/venv/lib/python3.14/site-packages/django/template/loader_tags.py", line 159, in render
    return compiled_parent._render(context)
           ~~~~~~~~~~~~~~~~~~~~~~~^^^^^^^^^
  File "/Users/amirxon/Desktop/ChaqmoqApp/venv/lib/python3.14/site-packages/django/template/base.py", line 163, in _render
    return self.nodelist.render(context)
           ~~~~~~~~~~~~~~~~~~~~^^^^^^^^^
  File "/Users/amirxon/Desktop/ChaqmoqApp/venv/lib/python3.14/site-packages/django/template/base.py", line 1000, in render
    return SafeString("".join([node.render_annotated(context) for node in self]))
                               ~~~~~~~~~~~~~~~~~~~~~^^^^^^^^^
  File "/Users/amirxon/Desktop/ChaqmoqApp/venv/lib/python3.14/site-packages/django/template/base.py", line 961, in render_annotated
    return self.render(context)
           ~~~~~~~~~~~^^^^^^^^^
  File "/Users/amirxon/Desktop/ChaqmoqApp/venv/lib/python3.14/site-packages/django/template/loader_tags.py", line 65, in render
    result = block.nodelist.render(context)
  File "/Users/amirxon/Desktop/ChaqmoqApp/venv/lib/python3.14/site-packages/django/template/base.py", line 1000, in render
    return SafeString("".join([node.render_annotated(context) for node in self]))
                               ~~~~~~~~~~~~~~~~~~~~~^^^^^^^^^
  File "/Users/amirxon/Desktop/ChaqmoqApp/venv/lib/python3.14/site-packages/django/template/base.py", line 961, in render_annotated
    return self.render(context)
           ~~~~~~~~~~~^^^^^^^^^
  File "/Users/amirxon/Desktop/ChaqmoqApp/venv/lib/python3.14/site-packages/django/template/loader_tags.py", line 65, in render
    result = block.nodelist.render(context)
  File "/Users/amirxon/Desktop/ChaqmoqApp/venv/lib/python3.14/site-packages/django/template/base.py", line 1000, in render
    return SafeString("".join([node.render_annotated(context) for node in self]))
                               ~~~~~~~~~~~~~~~~~~~~~^^^^^^^^^
  File "/Users/amirxon/Desktop/ChaqmoqApp/venv/lib/python3.14/site-packages/django/template/base.py", line 961, in render_annotated
    return self.render(context)
           ~~~~~~~~~~~^^^^^^^^^
  File "/Users/amirxon/Desktop/ChaqmoqApp/venv/lib/python3.14/site-packages/django/template/loader_tags.py", line 65, in render
    result = block.nodelist.render(context)
  File "/Users/amirxon/Desktop/ChaqmoqApp/venv/lib/python3.14/site-packages/django/template/base.py", line 1000, in render
    return SafeString("".join([node.render_annotated(context) for node in self]))
                               ~~~~~~~~~~~~~~~~~~~~~^^^^^^^^^
  File "/Users/amirxon/Desktop/ChaqmoqApp/venv/lib/python3.14/site-packages/django/template/base.py", line 961, in render_annotated
    return self.render(context)
           ~~~~~~~~~~~^^^^^^^^^
  File "/Users/amirxon/Desktop/ChaqmoqApp/venv/lib/python3.14/site-packages/django/contrib/admin/templatetags/base.py", line 45, in render
    return super().render(context)
           ~~~~~~~~~~~~~~^^^^^^^^^
  File "/Users/amirxon/Desktop/ChaqmoqApp/venv/lib/python3.14/site-packages/django/template/library.py", line 271, in render
    new_context = context.new(_dict)
  File "/Users/amirxon/Desktop/ChaqmoqApp/venv/lib/python3.14/site-packages/django/template/context.py", line 273, in new
    new_context = super().new(values)
  File "/Users/amirxon/Desktop/ChaqmoqApp/venv/lib/python3.14/site-packages/django/template/context.py", line 110, in new
    new_context = copy(self)
  File "/Library/Frameworks/Python.framework/Versions/3.14/lib/python3.14/copy.py", line 82, in copy
    return copier(x)
  File "/Users/amirxon/Desktop/ChaqmoqApp/venv/lib/python3.14/site-packages/django/template/context.py", line 158, in __copy__
    duplicate = super().__copy__()
  File "/Users/amirxon/Desktop/ChaqmoqApp/venv/lib/python3.14/site-packages/django/template/context.py", line 39, in __copy__
    duplicate.dicts = self.dicts[:]
    ^^^^^^^^^^^^^^^
AttributeError: 'super' object has no attribute 'dicts' and no __dict__ for setting new attributes
Internal Server Error: /admin/store/lead/
Traceback (most recent call last):
  File "/Users/amirxon/Desktop/ChaqmoqApp/venv/lib/python3.14/site-packages/django/core/handlers/exception.py", line 55, in inner
    response = get_response(request)
  File "/Users/amirxon/Desktop/ChaqmoqApp/venv/lib/python3.14/site-packages/django/core/handlers/base.py", line 220, in _get_response
    response = response.render()
  File "/Users/amirxon/Desktop/ChaqmoqApp/venv/lib/python3.14/site-packages/django/template/response.py", line 114, in render
    self.content = self.rendered_content
                   ^^^^^^^^^^^^^^^^^^^^^
  File "/Users/amirxon/Desktop/ChaqmoqApp/venv/lib/python3.14/site-packages/django/template/response.py", line 92, in rendered_content
    return template.render(context, self._request)
           ~~~~~~~~~~~~~~~^^^^^^^^^^^^^^^^^^^^^^^^
  File "/Users/amirxon/Desktop/ChaqmoqApp/venv/lib/python3.14/site-packages/django/template/backends/django.py", line 61, in render
    return self.template.render(context)
           ~~~~~~~~~~~~~~~~~~~~^^^^^^^^^
  File "/Users/amirxon/Desktop/ChaqmoqApp/venv/lib/python3.14/site-packages/django/template/base.py", line 171, in render
    return self._render(context)
           ~~~~~~~~~~~~^^^^^^^^^
  File "/Users/amirxon/Desktop/ChaqmoqApp/venv/lib/python3.14/site-packages/django/template/base.py", line 163, in _render
    return self.nodelist.render(context)
           ~~~~~~~~~~~~~~~~~~~~^^^^^^^^^
  File "/Users/amirxon/Desktop/ChaqmoqApp/venv/lib/python3.14/site-packages/django/template/base.py", line 1000, in render
    return SafeString("".join([node.render_annotated(context) for node in self]))
                               ~~~~~~~~~~~~~~~~~~~~~^^^^^^^^^
  File "/Users/amirxon/Desktop/ChaqmoqApp/venv/lib/python3.14/site-packages/django/template/base.py", line 961, in render_annotated
    return self.render(context)
           ~~~~~~~~~~~^^^^^^^^^
  File "/Users/amirxon/Desktop/ChaqmoqApp/venv/lib/python3.14/site-packages/django/template/loader_tags.py", line 159, in render
    return compiled_parent._render(context)
           ~~~~~~~~~~~~~~~~~~~~~~~^^^^^^^^^
  File "/Users/amirxon/Desktop/ChaqmoqApp/venv/lib/python3.14/site-packages/django/template/base.py", line 163, in _render
    return self.nodelist.render(context)
           ~~~~~~~~~~~~~~~~~~~~^^^^^^^^^
  File "/Users/amirxon/Desktop/ChaqmoqApp/venv/lib/python3.14/site-packages/django/template/base.py", line 1000, in render
    return SafeString("".join([node.render_annotated(context) for node in self]))
                               ~~~~~~~~~~~~~~~~~~~~~^^^^^^^^^
  File "/Users/amirxon/Desktop/ChaqmoqApp/venv/lib/python3.14/site-packages/django/template/base.py", line 961, in render_annotated
    return self.render(context)
           ~~~~~~~~~~~^^^^^^^^^
  File "/Users/amirxon/Desktop/ChaqmoqApp/venv/lib/python3.14/site-packages/django/template/loader_tags.py", line 159, in render
    return compiled_parent._render(context)
           ~~~~~~~~~~~~~~~~~~~~~~~^^^^^^^^^
  File "/Users/amirxon/Desktop/ChaqmoqApp/venv/lib/python3.14/site-packages/django/template/base.py", line 163, in _render
    return self.nodelist.render(context)
           ~~~~~~~~~~~~~~~~~~~~^^^^^^^^^
  File "/Users/amirxon/Desktop/ChaqmoqApp/venv/lib/python3.14/site-packages/django/template/base.py", line 1000, in render
    return SafeString("".join([node.render_annotated(context) for node in self]))
                               ~~~~~~~~~~~~~~~~~~~~~^^^^^^^^^
  File "/Users/amirxon/Desktop/ChaqmoqApp/venv/lib/python3.14/site-packages/django/template/base.py", line 961, in render_annotated
    return self.render(context)
           ~~~~~~~~~~~^^^^^^^^^
  File "/Users/amirxon/Desktop/ChaqmoqApp/venv/lib/python3.14/site-packages/django/template/loader_tags.py", line 65, in render
    result = block.nodelist.render(context)
  File "/Users/amirxon/Desktop/ChaqmoqApp/venv/lib/python3.14/site-packages/django/template/base.py", line 1000, in render
    return SafeString("".join([node.render_annotated(context) for node in self]))
                               ~~~~~~~~~~~~~~~~~~~~~^^^^^^^^^
  File "/Users/amirxon/Desktop/ChaqmoqApp/venv/lib/python3.14/site-packages/django/template/base.py", line 961, in render_annotated
    return self.render(context)
           ~~~~~~~~~~~^^^^^^^^^
  File "/Users/amirxon/Desktop/ChaqmoqApp/venv/lib/python3.14/site-packages/django/template/loader_tags.py", line 65, in render
    result = block.nodelist.render(context)
  File "/Users/amirxon/Desktop/ChaqmoqApp/venv/lib/python3.14/site-packages/django/template/base.py", line 1000, in render
    return SafeString("".join([node.render_annotated(context) for node in self]))
                               ~~~~~~~~~~~~~~~~~~~~~^^^^^^^^^
  File "/Users/amirxon/Desktop/ChaqmoqApp/venv/lib/python3.14/site-packages/django/template/base.py", line 961, in render_annotated
    return self.render(context)
           ~~~~~~~~~~~^^^^^^^^^
  File "/Users/amirxon/Desktop/ChaqmoqApp/venv/lib/python3.14/site-packages/django/template/loader_tags.py", line 65, in render
    result = block.nodelist.render(context)
  File "/Users/amirxon/Desktop/ChaqmoqApp/venv/lib/python3.14/site-packages/django/template/base.py", line 1000, in render
    return SafeString("".join([node.render_annotated(context) for node in self]))
                               ~~~~~~~~~~~~~~~~~~~~~^^^^^^^^^
  File "/Users/amirxon/Desktop/ChaqmoqApp/venv/lib/python3.14/site-packages/django/template/base.py", line 961, in render_annotated
    return self.render(context)
           ~~~~~~~~~~~^^^^^^^^^
  File "/Users/amirxon/Desktop/ChaqmoqApp/venv/lib/python3.14/site-packages/django/template/loader_tags.py", line 65, in render
    result = block.nodelist.render(context)
  File "/Users/amirxon/Desktop/ChaqmoqApp/venv/lib/python3.14/site-packages/django/template/base.py", line 1000, in render
    return SafeString("".join([node.render_annotated(context) for node in self]))
                               ~~~~~~~~~~~~~~~~~~~~~^^^^^^^^^
  File "/Users/amirxon/Desktop/ChaqmoqApp/venv/lib/python3.14/site-packages/django/template/base.py", line 961, in render_annotated
    return self.render(context)
           ~~~~~~~~~~~^^^^^^^^^
  File "/Users/amirxon/Desktop/ChaqmoqApp/venv/lib/python3.14/site-packages/django/template/loader_tags.py", line 65, in render
    result = block.nodelist.render(context)
  File "/Users/amirxon/Desktop/ChaqmoqApp/venv/lib/python3.14/site-packages/django/template/base.py", line 1000, in render
    return SafeString("".join([node.render_annotated(context) for node in self]))
                               ~~~~~~~~~~~~~~~~~~~~~^^^^^^^^^
  File "/Users/amirxon/Desktop/ChaqmoqApp/venv/lib/python3.14/site-packages/django/template/base.py", line 961, in render_annotated
    return self.render(context)
           ~~~~~~~~~~~^^^^^^^^^
  File "/Users/amirxon/Desktop/ChaqmoqApp/venv/lib/python3.14/site-packages/django/contrib/admin/templatetags/base.py", line 45, in render
    return super().render(context)
           ~~~~~~~~~~~~~~^^^^^^^^^
  File "/Users/amirxon/Desktop/ChaqmoqApp/venv/lib/python3.14/site-packages/django/template/library.py", line 271, in render
    new_context = context.new(_dict)
  File "/Users/amirxon/Desktop/ChaqmoqApp/venv/lib/python3.14/site-packages/django/template/context.py", line 273, in new
    new_context = super().new(values)
  File "/Users/amirxon/Desktop/ChaqmoqApp/venv/lib/python3.14/site-packages/django/template/context.py", line 110, in new
    new_context = copy(self)
  File "/Library/Frameworks/Python.framework/Versions/3.14/lib/python3.14/copy.py", line 82, in copy
    return copier(x)
  File "/Users/amirxon/Desktop/ChaqmoqApp/venv/lib/python3.14/site-packages/django/template/context.py", line 158, in __copy__
    duplicate = super().__copy__()
  File "/Users/amirxon/Desktop/ChaqmoqApp/venv/lib/python3.14/site-packages/django/template/context.py", line 39, in __copy__
    duplicate.dicts = self.dicts[:]
    ^^^^^^^^^^^^^^^
AttributeError: 'super' object has no attribute 'dicts' and no __dict__ for setting new attributes
Internal Server Error: /admin/store/lead/
Traceback (most recent call last):
  File "/Users/amirxon/Desktop/ChaqmoqApp/venv/lib/python3.14/site-packages/django/core/handlers/exception.py", line 55, in inner
    response = get_response(request)
  File "/Users/amirxon/Desktop/ChaqmoqApp/venv/lib/python3.14/site-packages/django/core/handlers/base.py", line 220, in _get_response
    response = response.render()
  File "/Users/amirxon/Desktop/ChaqmoqApp/venv/lib/python3.14/site-packages/django/template/response.py", line 114, in render
    self.content = self.rendered_content
                   ^^^^^^^^^^^^^^^^^^^^^
  File "/Users/amirxon/Desktop/ChaqmoqApp/venv/lib/python3.14/site-packages/django/template/response.py", line 92, in rendered_content
    return template.render(context, self._request)
           ~~~~~~~~~~~~~~~^^^^^^^^^^^^^^^^^^^^^^^^
  File "/Users/amirxon/Desktop/ChaqmoqApp/venv/lib/python3.14/site-packages/django/template/backends/django.py", line 61, in render
    return self.template.render(context)
           ~~~~~~~~~~~~~~~~~~~~^^^^^^^^^
  File "/Users/amirxon/Desktop/ChaqmoqApp/venv/lib/python3.14/site-packages/django/template/base.py", line 171, in render
    return self._render(context)
           ~~~~~~~~~~~~^^^^^^^^^
  File "/Users/amirxon/Desktop/ChaqmoqApp/venv/lib/python3.14/site-packages/django/template/base.py", line 163, in _render
    return self.nodelist.render(context)
           ~~~~~~~~~~~~~~~~~~~~^^^^^^^^^
  File "/Users/amirxon/Desktop/ChaqmoqApp/venv/lib/python3.14/site-packages/django/template/base.py", line 1000, in render
    return SafeString("".join([node.render_annotated(context) for node in self]))
                               ~~~~~~~~~~~~~~~~~~~~~^^^^^^^^^
  File "/Users/amirxon/Desktop/ChaqmoqApp/venv/lib/python3.14/site-packages/django/template/base.py", line 961, in render_annotated
    return self.render(context)
           ~~~~~~~~~~~^^^^^^^^^
  File "/Users/amirxon/Desktop/ChaqmoqApp/venv/lib/python3.14/site-packages/django/template/loader_tags.py", line 159, in render
    return compiled_parent._render(context)
           ~~~~~~~~~~~~~~~~~~~~~~~^^^^^^^^^
  File "/Users/amirxon/Desktop/ChaqmoqApp/venv/lib/python3.14/site-packages/django/template/base.py", line 163, in _render
    return self.nodelist.render(context)
           ~~~~~~~~~~~~~~~~~~~~^^^^^^^^^
  File "/Users/amirxon/Desktop/ChaqmoqApp/venv/lib/python3.14/site-packages/django/template/base.py", line 1000, in render
    return SafeString("".join([node.render_annotated(context) for node in self]))
                               ~~~~~~~~~~~~~~~~~~~~~^^^^^^^^^
  File "/Users/amirxon/Desktop/ChaqmoqApp/venv/lib/python3.14/site-packages/django/template/base.py", line 961, in render_annotated
    return self.render(context)
           ~~~~~~~~~~~^^^^^^^^^
  File "/Users/amirxon/Desktop/ChaqmoqApp/venv/lib/python3.14/site-packages/django/template/loader_tags.py", line 159, in render
    return compiled_parent._render(context)
           ~~~~~~~~~~~~~~~~~~~~~~~^^^^^^^^^
  File "/Users/amirxon/Desktop/ChaqmoqApp/venv/lib/python3.14/site-packages/django/template/base.py", line 163, in _render
    return self.nodelist.render(context)
           ~~~~~~~~~~~~~~~~~~~~^^^^^^^^^
  File "/Users/amirxon/Desktop/ChaqmoqApp/venv/lib/python3.14/site-packages/django/template/base.py", line 1000, in render
    return SafeString("".join([node.render_annotated(context) for node in self]))
                               ~~~~~~~~~~~~~~~~~~~~~^^^^^^^^^
  File "/Users/amirxon/Desktop/ChaqmoqApp/venv/lib/python3.14/site-packages/django/template/base.py", line 961, in render_annotated
    return self.render(context)
           ~~~~~~~~~~~^^^^^^^^^
  File "/Users/amirxon/Desktop/ChaqmoqApp/venv/lib/python3.14/site-packages/django/template/loader_tags.py", line 65, in render
    result = block.nodelist.render(context)
  File "/Users/amirxon/Desktop/ChaqmoqApp/venv/lib/python3.14/site-packages/django/template/base.py", line 1000, in render
    return SafeString("".join([node.render_annotated(context) for node in self]))
                               ~~~~~~~~~~~~~~~~~~~~~^^^^^^^^^
  File "/Users/amirxon/Desktop/ChaqmoqApp/venv/lib/python3.14/site-packages/django/template/base.py", line 961, in render_annotated
    return self.render(context)
           ~~~~~~~~~~~^^^^^^^^^
  File "/Users/amirxon/Desktop/ChaqmoqApp/venv/lib/python3.14/site-packages/django/template/loader_tags.py", line 65, in render
    result = block.nodelist.render(context)
  File "/Users/amirxon/Desktop/ChaqmoqApp/venv/lib/python3.14/site-packages/django/template/base.py", line 1000, in render
    return SafeString("".join([node.render_annotated(context) for node in self]))
                               ~~~~~~~~~~~~~~~~~~~~~^^^^^^^^^
  File "/Users/amirxon/Desktop/ChaqmoqApp/venv/lib/python3.14/site-packages/django/template/base.py", line 961, in render_annotated
    return self.render(context)
           ~~~~~~~~~~~^^^^^^^^^
  File "/Users/amirxon/Desktop/ChaqmoqApp/venv/lib/python3.14/site-packages/django/template/loader_tags.py", line 65, in render
    result = block.nodelist.render(context)
  File "/Users/amirxon/Desktop/ChaqmoqApp/venv/lib/python3.14/site-packages/django/template/base.py", line 1000, in render
    return SafeString("".join([node.render_annotated(context) for node in self]))
                               ~~~~~~~~~~~~~~~~~~~~~^^^^^^^^^
  File "/Users/amirxon/Desktop/ChaqmoqApp/venv/lib/python3.14/site-packages/django/template/base.py", line 961, in render_annotated
    return self.render(context)
           ~~~~~~~~~~~^^^^^^^^^
  File "/Users/amirxon/Desktop/ChaqmoqApp/venv/lib/python3.14/site-packages/django/template/loader_tags.py", line 65, in render
    result = block.nodelist.render(context)
  File "/Users/amirxon/Desktop/ChaqmoqApp/venv/lib/python3.14/site-packages/django/template/base.py", line 1000, in render
    return SafeString("".join([node.render_annotated(context) for node in self]))
                               ~~~~~~~~~~~~~~~~~~~~~^^^^^^^^^
  File "/Users/amirxon/Desktop/ChaqmoqApp/venv/lib/python3.14/site-packages/django/template/base.py", line 961, in render_annotated
    return self.render(context)
           ~~~~~~~~~~~^^^^^^^^^
  File "/Users/amirxon/Desktop/ChaqmoqApp/venv/lib/python3.14/site-packages/django/template/loader_tags.py", line 65, in render
    result = block.nodelist.render(context)
  File "/Users/amirxon/Desktop/ChaqmoqApp/venv/lib/python3.14/site-packages/django/template/base.py", line 1000, in render
    return SafeString("".join([node.render_annotated(context) for node in self]))
                               ~~~~~~~~~~~~~~~~~~~~~^^^^^^^^^
  File "/Users/amirxon/Desktop/ChaqmoqApp/venv/lib/python3.14/site-packages/django/template/base.py", line 961, in render_annotated
    return self.render(context)
           ~~~~~~~~~~~^^^^^^^^^
  File "/Users/amirxon/Desktop/ChaqmoqApp/venv/lib/python3.14/site-packages/django/contrib/admin/templatetags/base.py", line 45, in render
    return super().render(context)
           ~~~~~~~~~~~~~~^^^^^^^^^
  File "/Users/amirxon/Desktop/ChaqmoqApp/venv/lib/python3.14/site-packages/django/template/library.py", line 271, in render
    new_context = context.new(_dict)
  File "/Users/amirxon/Desktop/ChaqmoqApp/venv/lib/python3.14/site-packages/django/template/context.py", line 273, in new
    new_context = super().new(values)
  File "/Users/amirxon/Desktop/ChaqmoqApp/venv/lib/python3.14/site-packages/django/template/context.py", line 110, in new
    new_context = copy(self)
  File "/Library/Frameworks/Python.framework/Versions/3.14/lib/python3.14/copy.py", line 82, in copy
    return copier(x)
  File "/Users/amirxon/Desktop/ChaqmoqApp/venv/lib/python3.14/site-packages/django/template/context.py", line 158, in __copy__
    duplicate = super().__copy__()
  File "/Users/amirxon/Desktop/ChaqmoqApp/venv/lib/python3.14/site-packages/django/template/context.py", line 39, in __copy__
    duplicate.dicts = self.dicts[:]
    ^^^^^^^^^^^^^^^
AttributeError: 'super' object has no attribute 'dicts' and no __dict__ for setting new attributes
Internal Server Error: /admin/store/lead/add/
Traceback (most recent call last):
  File "/Users/amirxon/Desktop/ChaqmoqApp/venv/lib/python3.14/site-packages/django/core/handlers/exception.py", line 55, in inner
    response = get_response(request)
  File "/Users/amirxon/Desktop/ChaqmoqApp/venv/lib/python3.14/site-packages/django/core/handlers/base.py", line 220, in _get_response
    response = response.render()
  File "/Users/amirxon/Desktop/ChaqmoqApp/venv/lib/python3.14/site-packages/django/template/response.py", line 114, in render
    self.content = self.rendered_content
                   ^^^^^^^^^^^^^^^^^^^^^
  File "/Users/amirxon/Desktop/ChaqmoqApp/venv/lib/python3.14/site-packages/django/template/response.py", line 92, in rendered_content
    return template.render(context, self._request)
           ~~~~~~~~~~~~~~~^^^^^^^^^^^^^^^^^^^^^^^^
  File "/Users/amirxon/Desktop/ChaqmoqApp/venv/lib/python3.14/site-packages/django/template/backends/django.py", line 61, in render
    return self.template.render(context)
           ~~~~~~~~~~~~~~~~~~~~^^^^^^^^^
  File "/Users/amirxon/Desktop/ChaqmoqApp/venv/lib/python3.14/site-packages/django/template/base.py", line 171, in render
    return self._render(context)
           ~~~~~~~~~~~~^^^^^^^^^
  File "/Users/amirxon/Desktop/ChaqmoqApp/venv/lib/python3.14/site-packages/django/template/base.py", line 163, in _render
    return self.nodelist.render(context)
           ~~~~~~~~~~~~~~~~~~~~^^^^^^^^^
  File "/Users/amirxon/Desktop/ChaqmoqApp/venv/lib/python3.14/site-packages/django/template/base.py", line 1000, in render
    return SafeString("".join([node.render_annotated(context) for node in self]))
                               ~~~~~~~~~~~~~~~~~~~~~^^^^^^^^^
  File "/Users/amirxon/Desktop/ChaqmoqApp/venv/lib/python3.14/site-packages/django/template/base.py", line 961, in render_annotated
    return self.render(context)
           ~~~~~~~~~~~^^^^^^^^^
  File "/Users/amirxon/Desktop/ChaqmoqApp/venv/lib/python3.14/site-packages/django/template/loader_tags.py", line 159, in render
    return compiled_parent._render(context)
           ~~~~~~~~~~~~~~~~~~~~~~~^^^^^^^^^
  File "/Users/amirxon/Desktop/ChaqmoqApp/venv/lib/python3.14/site-packages/django/template/base.py", line 163, in _render
    return self.nodelist.render(context)
           ~~~~~~~~~~~~~~~~~~~~^^^^^^^^^
  File "/Users/amirxon/Desktop/ChaqmoqApp/venv/lib/python3.14/site-packages/django/template/base.py", line 1000, in render
    return SafeString("".join([node.render_annotated(context) for node in self]))
                               ~~~~~~~~~~~~~~~~~~~~~^^^^^^^^^
  File "/Users/amirxon/Desktop/ChaqmoqApp/venv/lib/python3.14/site-packages/django/template/base.py", line 961, in render_annotated
    return self.render(context)
           ~~~~~~~~~~~^^^^^^^^^
  File "/Users/amirxon/Desktop/ChaqmoqApp/venv/lib/python3.14/site-packages/django/template/loader_tags.py", line 159, in render
    return compiled_parent._render(context)
           ~~~~~~~~~~~~~~~~~~~~~~~^^^^^^^^^
  File "/Users/amirxon/Desktop/ChaqmoqApp/venv/lib/python3.14/site-packages/django/template/base.py", line 163, in _render
    return self.nodelist.render(context)
           ~~~~~~~~~~~~~~~~~~~~^^^^^^^^^
  File "/Users/amirxon/Desktop/ChaqmoqApp/venv/lib/python3.14/site-packages/django/template/base.py", line 1000, in render
    return SafeString("".join([node.render_annotated(context) for node in self]))
                               ~~~~~~~~~~~~~~~~~~~~~^^^^^^^^^
  File "/Users/amirxon/Desktop/ChaqmoqApp/venv/lib/python3.14/site-packages/django/template/base.py", line 961, in render_annotated
    return self.render(context)
           ~~~~~~~~~~~^^^^^^^^^
  File "/Users/amirxon/Desktop/ChaqmoqApp/venv/lib/python3.14/site-packages/django/template/loader_tags.py", line 65, in render
    result = block.nodelist.render(context)
  File "/Users/amirxon/Desktop/ChaqmoqApp/venv/lib/python3.14/site-packages/django/template/base.py", line 1000, in render
    return SafeString("".join([node.render_annotated(context) for node in self]))
                               ~~~~~~~~~~~~~~~~~~~~~^^^^^^^^^
  File "/Users/amirxon/Desktop/ChaqmoqApp/venv/lib/python3.14/site-packages/django/template/base.py", line 961, in render_annotated
    return self.render(context)
           ~~~~~~~~~~~^^^^^^^^^
  File "/Users/amirxon/Desktop/ChaqmoqApp/venv/lib/python3.14/site-packages/django/template/loader_tags.py", line 65, in render
    result = block.nodelist.render(context)
  File "/Users/amirxon/Desktop/ChaqmoqApp/venv/lib/python3.14/site-packages/django/template/base.py", line 1000, in render
    return SafeString("".join([node.render_annotated(context) for node in self]))
                               ~~~~~~~~~~~~~~~~~~~~~^^^^^^^^^
  File "/Users/amirxon/Desktop/ChaqmoqApp/venv/lib/python3.14/site-packages/django/template/base.py", line 961, in render_annotated
    return self.render(context)
           ~~~~~~~~~~~^^^^^^^^^
  File "/Users/amirxon/Desktop/ChaqmoqApp/venv/lib/python3.14/site-packages/django/template/loader_tags.py", line 65, in render
    result = block.nodelist.render(context)
  File "/Users/amirxon/Desktop/ChaqmoqApp/venv/lib/python3.14/site-packages/django/template/base.py", line 1000, in render
    return SafeString("".join([node.render_annotated(context) for node in self]))
                               ~~~~~~~~~~~~~~~~~~~~~^^^^^^^^^
  File "/Users/amirxon/Desktop/ChaqmoqApp/venv/lib/python3.14/site-packages/django/template/base.py", line 961, in render_annotated
    return self.render(context)
           ~~~~~~~~~~~^^^^^^^^^
  File "/Users/amirxon/Desktop/ChaqmoqApp/venv/lib/python3.14/site-packages/django/contrib/admin/templatetags/base.py", line 45, in render
    return super().render(context)
           ~~~~~~~~~~~~~~^^^^^^^^^
  File "/Users/amirxon/Desktop/ChaqmoqApp/venv/lib/python3.14/site-packages/django/template/library.py", line 271, in render
    new_context = context.new(_dict)
  File "/Users/amirxon/Desktop/ChaqmoqApp/venv/lib/python3.14/site-packages/django/template/context.py", line 273, in new
    new_context = super().new(values)
  File "/Users/amirxon/Desktop/ChaqmoqApp/venv/lib/python3.14/site-packages/django/template/context.py", line 110, in new
    new_context = copy(self)
  File "/Library/Frameworks/Python.framework/Versions/3.14/lib/python3.14/copy.py", line 82, in copy
    return copier(x)
  File "/Users/amirxon/Desktop/ChaqmoqApp/venv/lib/python3.14/site-packages/django/template/context.py", line 158, in __copy__
    duplicate = super().__copy__()
  File "/Users/amirxon/Desktop/ChaqmoqApp/venv/lib/python3.14/site-packages/django/template/context.py", line 39, in __copy__
    duplicate.dicts = self.dicts[:]
    ^^^^^^^^^^^^^^^
AttributeError: 'super' object has no attribute 'dicts' and no __dict__ for setting new attributes
Internal Server Error: /admin/store/lead/add/
Traceback (most recent call last):
  File "/Users/amirxon/Desktop/ChaqmoqApp/venv/lib/python3.14/site-packages/django/core/handlers/exception.py", line 55, in inner
    response = get_response(request)
  File "/Users/amirxon/Desktop/ChaqmoqApp/venv/lib/python3.14/site-packages/django/core/handlers/base.py", line 220, in _get_response
    response = response.render()
  File "/Users/amirxon/Desktop/ChaqmoqApp/venv/lib/python3.14/site-packages/django/template/response.py", line 114, in render
    self.content = self.rendered_content
                   ^^^^^^^^^^^^^^^^^^^^^
  File "/Users/amirxon/Desktop/ChaqmoqApp/venv/lib/python3.14/site-packages/django/template/response.py", line 92, in rendered_content
    return template.render(context, self._request)
           ~~~~~~~~~~~~~~~^^^^^^^^^^^^^^^^^^^^^^^^
  File "/Users/amirxon/Desktop/ChaqmoqApp/venv/lib/python3.14/site-packages/django/template/backends/django.py", line 61, in render
    return self.template.render(context)
           ~~~~~~~~~~~~~~~~~~~~^^^^^^^^^
  File "/Users/amirxon/Desktop/ChaqmoqApp/venv/lib/python3.14/site-packages/django/template/base.py", line 171, in render
    return self._render(context)
           ~~~~~~~~~~~~^^^^^^^^^
  File "/Users/amirxon/Desktop/ChaqmoqApp/venv/lib/python3.14/site-packages/django/template/base.py", line 163, in _render
    return self.nodelist.render(context)
           ~~~~~~~~~~~~~~~~~~~~^^^^^^^^^
  File "/Users/amirxon/Desktop/ChaqmoqApp/venv/lib/python3.14/site-packages/django/template/base.py", line 1000, in render
    return SafeString("".join([node.render_annotated(context) for node in self]))
                               ~~~~~~~~~~~~~~~~~~~~~^^^^^^^^^
  File "/Users/amirxon/Desktop/ChaqmoqApp/venv/lib/python3.14/site-packages/django/template/base.py", line 961, in render_annotated
    return self.render(context)
           ~~~~~~~~~~~^^^^^^^^^
  File "/Users/amirxon/Desktop/ChaqmoqApp/venv/lib/python3.14/site-packages/django/template/loader_tags.py", line 159, in render
    return compiled_parent._render(context)
           ~~~~~~~~~~~~~~~~~~~~~~~^^^^^^^^^
  File "/Users/amirxon/Desktop/ChaqmoqApp/venv/lib/python3.14/site-packages/django/template/base.py", line 163, in _render
    return self.nodelist.render(context)
           ~~~~~~~~~~~~~~~~~~~~^^^^^^^^^
  File "/Users/amirxon/Desktop/ChaqmoqApp/venv/lib/python3.14/site-packages/django/template/base.py", line 1000, in render
    return SafeString("".join([node.render_annotated(context) for node in self]))
                               ~~~~~~~~~~~~~~~~~~~~~^^^^^^^^^
  File "/Users/amirxon/Desktop/ChaqmoqApp/venv/lib/python3.14/site-packages/django/template/base.py", line 961, in render_annotated
    return self.render(context)
           ~~~~~~~~~~~^^^^^^^^^
  File "/Users/amirxon/Desktop/ChaqmoqApp/venv/lib/python3.14/site-packages/django/template/loader_tags.py", line 159, in render
    return compiled_parent._render(context)
           ~~~~~~~~~~~~~~~~~~~~~~~^^^^^^^^^
  File "/Users/amirxon/Desktop/ChaqmoqApp/venv/lib/python3.14/site-packages/django/template/base.py", line 163, in _render
    return self.nodelist.render(context)
           ~~~~~~~~~~~~~~~~~~~~^^^^^^^^^
  File "/Users/amirxon/Desktop/ChaqmoqApp/venv/lib/python3.14/site-packages/django/template/base.py", line 1000, in render
    return SafeString("".join([node.render_annotated(context) for node in self]))
                               ~~~~~~~~~~~~~~~~~~~~~^^^^^^^^^
  File "/Users/amirxon/Desktop/ChaqmoqApp/venv/lib/python3.14/site-packages/django/template/base.py", line 961, in render_annotated
    return self.render(context)
           ~~~~~~~~~~~^^^^^^^^^
  File "/Users/amirxon/Desktop/ChaqmoqApp/venv/lib/python3.14/site-packages/django/template/loader_tags.py", line 65, in render
    result = block.nodelist.render(context)
  File "/Users/amirxon/Desktop/ChaqmoqApp/venv/lib/python3.14/site-packages/django/template/base.py", line 1000, in render
    return SafeString("".join([node.render_annotated(context) for node in self]))
                               ~~~~~~~~~~~~~~~~~~~~~^^^^^^^^^
  File "/Users/amirxon/Desktop/ChaqmoqApp/venv/lib/python3.14/site-packages/django/template/base.py", line 961, in render_annotated
    return self.render(context)
           ~~~~~~~~~~~^^^^^^^^^
  File "/Users/amirxon/Desktop/ChaqmoqApp/venv/lib/python3.14/site-packages/django/template/loader_tags.py", line 65, in render
    result = block.nodelist.render(context)
  File "/Users/amirxon/Desktop/ChaqmoqApp/venv/lib/python3.14/site-packages/django/template/base.py", line 1000, in render
    return SafeString("".join([node.render_annotated(context) for node in self]))
                               ~~~~~~~~~~~~~~~~~~~~~^^^^^^^^^
  File "/Users/amirxon/Desktop/ChaqmoqApp/venv/lib/python3.14/site-packages/django/template/base.py", line 961, in render_annotated
    return self.render(context)
           ~~~~~~~~~~~^^^^^^^^^
  File "/Users/amirxon/Desktop/ChaqmoqApp/venv/lib/python3.14/site-packages/django/template/loader_tags.py", line 65, in render
    result = block.nodelist.render(context)
  File "/Users/amirxon/Desktop/ChaqmoqApp/venv/lib/python3.14/site-packages/django/template/base.py", line 1000, in render
    return SafeString("".join([node.render_annotated(context) for node in self]))
                               ~~~~~~~~~~~~~~~~~~~~~^^^^^^^^^
  File "/Users/amirxon/Desktop/ChaqmoqApp/venv/lib/python3.14/site-packages/django/template/base.py", line 961, in render_annotated
    return self.render(context)
           ~~~~~~~~~~~^^^^^^^^^
  File "/Users/amirxon/Desktop/ChaqmoqApp/venv/lib/python3.14/site-packages/django/contrib/admin/templatetags/base.py", line 45, in render
    return super().render(context)
           ~~~~~~~~~~~~~~^^^^^^^^^
  File "/Users/amirxon/Desktop/ChaqmoqApp/venv/lib/python3.14/site-packages/django/template/library.py", line 271, in render
    new_context = context.new(_dict)
  File "/Users/amirxon/Desktop/ChaqmoqApp/venv/lib/python3.14/site-packages/django/template/context.py", line 273, in new
    new_context = super().new(values)
  File "/Users/amirxon/Desktop/ChaqmoqApp/venv/lib/python3.14/site-packages/django/template/context.py", line 110, in new
    new_context = copy(self)
  File "/Library/Frameworks/Python.framework/Versions/3.14/lib/python3.14/copy.py", line 82, in copy
    return copier(x)
  File "/Users/amirxon/Desktop/ChaqmoqApp/venv/lib/python3.14/site-packages/django/template/context.py", line 158, in __copy__
    duplicate = super().__copy__()
  File "/Users/amirxon/Desktop/ChaqmoqApp/venv/lib/python3.14/site-packages/django/template/context.py", line 39, in __copy__
    duplicate.dicts = self.dicts[:]
    ^^^^^^^^^^^^^^^
AttributeError: 'super' object has no attribute 'dicts' and no __dict__ for setting new attributes
Internal Server Error: /admin/store/yonalish/
Traceback (most recent call last):
  File "/Users/amirxon/Desktop/ChaqmoqApp/venv/lib/python3.14/site-packages/django/core/handlers/exception.py", line 55, in inner
    response = get_response(request)
  File "/Users/amirxon/Desktop/ChaqmoqApp/venv/lib/python3.14/site-packages/django/core/handlers/base.py", line 220, in _get_response
    response = response.render()
  File "/Users/amirxon/Desktop/ChaqmoqApp/venv/lib/python3.14/site-packages/django/template/response.py", line 114, in render
    self.content = self.rendered_content
                   ^^^^^^^^^^^^^^^^^^^^^
  File "/Users/amirxon/Desktop/ChaqmoqApp/venv/lib/python3.14/site-packages/django/template/response.py", line 92, in rendered_content
    return template.render(context, self._request)
           ~~~~~~~~~~~~~~~^^^^^^^^^^^^^^^^^^^^^^^^
  File "/Users/amirxon/Desktop/ChaqmoqApp/venv/lib/python3.14/site-packages/django/template/backends/django.py", line 61, in render
    return self.template.render(context)
           ~~~~~~~~~~~~~~~~~~~~^^^^^^^^^
  File "/Users/amirxon/Desktop/ChaqmoqApp/venv/lib/python3.14/site-packages/django/template/base.py", line 171, in render
    return self._render(context)
           ~~~~~~~~~~~~^^^^^^^^^
  File "/Users/amirxon/Desktop/ChaqmoqApp/venv/lib/python3.14/site-packages/django/template/base.py", line 163, in _render
    return self.nodelist.render(context)
           ~~~~~~~~~~~~~~~~~~~~^^^^^^^^^
  File "/Users/amirxon/Desktop/ChaqmoqApp/venv/lib/python3.14/site-packages/django/template/base.py", line 1000, in render
    return SafeString("".join([node.render_annotated(context) for node in self]))
                               ~~~~~~~~~~~~~~~~~~~~~^^^^^^^^^
  File "/Users/amirxon/Desktop/ChaqmoqApp/venv/lib/python3.14/site-packages/django/template/base.py", line 961, in render_annotated
    return self.render(context)
           ~~~~~~~~~~~^^^^^^^^^
  File "/Users/amirxon/Desktop/ChaqmoqApp/venv/lib/python3.14/site-packages/django/template/loader_tags.py", line 159, in render
    return compiled_parent._render(context)
           ~~~~~~~~~~~~~~~~~~~~~~~^^^^^^^^^
  File "/Users/amirxon/Desktop/ChaqmoqApp/venv/lib/python3.14/site-packages/django/template/base.py", line 163, in _render
    return self.nodelist.render(context)
           ~~~~~~~~~~~~~~~~~~~~^^^^^^^^^
  File "/Users/amirxon/Desktop/ChaqmoqApp/venv/lib/python3.14/site-packages/django/template/base.py", line 1000, in render
    return SafeString("".join([node.render_annotated(context) for node in self]))
                               ~~~~~~~~~~~~~~~~~~~~~^^^^^^^^^
  File "/Users/amirxon/Desktop/ChaqmoqApp/venv/lib/python3.14/site-packages/django/template/base.py", line 961, in render_annotated
    return self.render(context)
           ~~~~~~~~~~~^^^^^^^^^
  File "/Users/amirxon/Desktop/ChaqmoqApp/venv/lib/python3.14/site-packages/django/template/loader_tags.py", line 159, in render
    return compiled_parent._render(context)
           ~~~~~~~~~~~~~~~~~~~~~~~^^^^^^^^^
  File "/Users/amirxon/Desktop/ChaqmoqApp/venv/lib/python3.14/site-packages/django/template/base.py", line 163, in _render
    return self.nodelist.render(context)
           ~~~~~~~~~~~~~~~~~~~~^^^^^^^^^
  File "/Users/amirxon/Desktop/ChaqmoqApp/venv/lib/python3.14/site-packages/django/template/base.py", line 1000, in render
    return SafeString("".join([node.render_annotated(context) for node in self]))
                               ~~~~~~~~~~~~~~~~~~~~~^^^^^^^^^
  File "/Users/amirxon/Desktop/ChaqmoqApp/venv/lib/python3.14/site-packages/django/template/base.py", line 961, in render_annotated
    return self.render(context)
           ~~~~~~~~~~~^^^^^^^^^
  File "/Users/amirxon/Desktop/ChaqmoqApp/venv/lib/python3.14/site-packages/django/template/loader_tags.py", line 65, in render
    result = block.nodelist.render(context)
  File "/Users/amirxon/Desktop/ChaqmoqApp/venv/lib/python3.14/site-packages/django/template/base.py", line 1000, in render
    return SafeString("".join([node.render_annotated(context) for node in self]))
                               ~~~~~~~~~~~~~~~~~~~~~^^^^^^^^^
  File "/Users/amirxon/Desktop/ChaqmoqApp/venv/lib/python3.14/site-packages/django/template/base.py", line 961, in render_annotated
    return self.render(context)
           ~~~~~~~~~~~^^^^^^^^^
  File "/Users/amirxon/Desktop/ChaqmoqApp/venv/lib/python3.14/site-packages/django/template/loader_tags.py", line 65, in render
    result = block.nodelist.render(context)
  File "/Users/amirxon/Desktop/ChaqmoqApp/venv/lib/python3.14/site-packages/django/template/base.py", line 1000, in render
    return SafeString("".join([node.render_annotated(context) for node in self]))
                               ~~~~~~~~~~~~~~~~~~~~~^^^^^^^^^
  File "/Users/amirxon/Desktop/ChaqmoqApp/venv/lib/python3.14/site-packages/django/template/base.py", line 961, in render_annotated
    return self.render(context)
           ~~~~~~~~~~~^^^^^^^^^
  File "/Users/amirxon/Desktop/ChaqmoqApp/venv/lib/python3.14/site-packages/django/template/loader_tags.py", line 65, in render
    result = block.nodelist.render(context)
  File "/Users/amirxon/Desktop/ChaqmoqApp/venv/lib/python3.14/site-packages/django/template/base.py", line 1000, in render
    return SafeString("".join([node.render_annotated(context) for node in self]))
                               ~~~~~~~~~~~~~~~~~~~~~^^^^^^^^^
  File "/Users/amirxon/Desktop/ChaqmoqApp/venv/lib/python3.14/site-packages/django/template/base.py", line 961, in render_annotated
    return self.render(context)
           ~~~~~~~~~~~^^^^^^^^^
  File "/Users/amirxon/Desktop/ChaqmoqApp/venv/lib/python3.14/site-packages/django/template/loader_tags.py", line 65, in render
    result = block.nodelist.render(context)
  File "/Users/amirxon/Desktop/ChaqmoqApp/venv/lib/python3.14/site-packages/django/template/base.py", line 1000, in render
    return SafeString("".join([node.render_annotated(context) for node in self]))
                               ~~~~~~~~~~~~~~~~~~~~~^^^^^^^^^
  File "/Users/amirxon/Desktop/ChaqmoqApp/venv/lib/python3.14/site-packages/django/template/base.py", line 961, in render_annotated
    return self.render(context)
           ~~~~~~~~~~~^^^^^^^^^
  File "/Users/amirxon/Desktop/ChaqmoqApp/venv/lib/python3.14/site-packages/django/template/loader_tags.py", line 65, in render
    result = block.nodelist.render(context)
  File "/Users/amirxon/Desktop/ChaqmoqApp/venv/lib/python3.14/site-packages/django/template/base.py", line 1000, in render
    return SafeString("".join([node.render_annotated(context) for node in self]))
                               ~~~~~~~~~~~~~~~~~~~~~^^^^^^^^^
  File "/Users/amirxon/Desktop/ChaqmoqApp/venv/lib/python3.14/site-packages/django/template/base.py", line 961, in render_annotated
    return self.render(context)
           ~~~~~~~~~~~^^^^^^^^^
  File "/Users/amirxon/Desktop/ChaqmoqApp/venv/lib/python3.14/site-packages/django/contrib/admin/templatetags/base.py", line 45, in render
    return super().render(context)
           ~~~~~~~~~~~~~~^^^^^^^^^
  File "/Users/amirxon/Desktop/ChaqmoqApp/venv/lib/python3.14/site-packages/django/template/library.py", line 271, in render
    new_context = context.new(_dict)
  File "/Users/amirxon/Desktop/ChaqmoqApp/venv/lib/python3.14/site-packages/django/template/context.py", line 273, in new
    new_context = super().new(values)
  File "/Users/amirxon/Desktop/ChaqmoqApp/venv/lib/python3.14/site-packages/django/template/context.py", line 110, in new
    new_context = copy(self)
  File "/Library/Frameworks/Python.framework/Versions/3.14/lib/python3.14/copy.py", line 82, in copy
    return copier(x)
  File "/Users/amirxon/Desktop/ChaqmoqApp/venv/lib/python3.14/site-packages/django/template/context.py", line 158, in __copy__
    duplicate = super().__copy__()
  File "/Users/amirxon/Desktop/ChaqmoqApp/venv/lib/python3.14/site-packages/django/template/context.py", line 39, in __copy__
    duplicate.dicts = self.dicts[:]
    ^^^^^^^^^^^^^^^
AttributeError: 'super' object has no attribute 'dicts' and no __dict__ for setting new attributes
Internal Server Error: /admin/store/yonalish/
Traceback (most recent call last):
  File "/Users/amirxon/Desktop/ChaqmoqApp/venv/lib/python3.14/site-packages/django/core/handlers/exception.py", line 55, in inner
    response = get_response(request)
  File "/Users/amirxon/Desktop/ChaqmoqApp/venv/lib/python3.14/site-packages/django/core/handlers/base.py", line 220, in _get_response
    response = response.render()
  File "/Users/amirxon/Desktop/ChaqmoqApp/venv/lib/python3.14/site-packages/django/template/response.py", line 114, in render
    self.content = self.rendered_content
                   ^^^^^^^^^^^^^^^^^^^^^
  File "/Users/amirxon/Desktop/ChaqmoqApp/venv/lib/python3.14/site-packages/django/template/response.py", line 92, in rendered_content
    return template.render(context, self._request)
           ~~~~~~~~~~~~~~~^^^^^^^^^^^^^^^^^^^^^^^^
  File "/Users/amirxon/Desktop/ChaqmoqApp/venv/lib/python3.14/site-packages/django/template/backends/django.py", line 61, in render
    return self.template.render(context)
           ~~~~~~~~~~~~~~~~~~~~^^^^^^^^^
  File "/Users/amirxon/Desktop/ChaqmoqApp/venv/lib/python3.14/site-packages/django/template/base.py", line 171, in render
    return self._render(context)
           ~~~~~~~~~~~~^^^^^^^^^
  File "/Users/amirxon/Desktop/ChaqmoqApp/venv/lib/python3.14/site-packages/django/template/base.py", line 163, in _render
    return self.nodelist.render(context)
           ~~~~~~~~~~~~~~~~~~~~^^^^^^^^^
  File "/Users/amirxon/Desktop/ChaqmoqApp/venv/lib/python3.14/site-packages/django/template/base.py", line 1000, in render
    return SafeString("".join([node.render_annotated(context) for node in self]))
                               ~~~~~~~~~~~~~~~~~~~~~^^^^^^^^^
  File "/Users/amirxon/Desktop/ChaqmoqApp/venv/lib/python3.14/site-packages/django/template/base.py", line 961, in render_annotated
    return self.render(context)
           ~~~~~~~~~~~^^^^^^^^^
  File "/Users/amirxon/Desktop/ChaqmoqApp/venv/lib/python3.14/site-packages/django/template/loader_tags.py", line 159, in render
    return compiled_parent._render(context)
           ~~~~~~~~~~~~~~~~~~~~~~~^^^^^^^^^
  File "/Users/amirxon/Desktop/ChaqmoqApp/venv/lib/python3.14/site-packages/django/template/base.py", line 163, in _render
    return self.nodelist.render(context)
           ~~~~~~~~~~~~~~~~~~~~^^^^^^^^^
  File "/Users/amirxon/Desktop/ChaqmoqApp/venv/lib/python3.14/site-packages/django/template/base.py", line 1000, in render
    return SafeString("".join([node.render_annotated(context) for node in self]))
                               ~~~~~~~~~~~~~~~~~~~~~^^^^^^^^^
  File "/Users/amirxon/Desktop/ChaqmoqApp/venv/lib/python3.14/site-packages/django/template/base.py", line 961, in render_annotated
    return self.render(context)
           ~~~~~~~~~~~^^^^^^^^^
  File "/Users/amirxon/Desktop/ChaqmoqApp/venv/lib/python3.14/site-packages/django/template/loader_tags.py", line 159, in render
    return compiled_parent._render(context)
           ~~~~~~~~~~~~~~~~~~~~~~~^^^^^^^^^
  File "/Users/amirxon/Desktop/ChaqmoqApp/venv/lib/python3.14/site-packages/django/template/base.py", line 163, in _render
    return self.nodelist.render(context)
           ~~~~~~~~~~~~~~~~~~~~^^^^^^^^^
  File "/Users/amirxon/Desktop/ChaqmoqApp/venv/lib/python3.14/site-packages/django/template/base.py", line 1000, in render
    return SafeString("".join([node.render_annotated(context) for node in self]))
                               ~~~~~~~~~~~~~~~~~~~~~^^^^^^^^^
  File "/Users/amirxon/Desktop/ChaqmoqApp/venv/lib/python3.14/site-packages/django/template/base.py", line 961, in render_annotated
    return self.render(context)
           ~~~~~~~~~~~^^^^^^^^^
  File "/Users/amirxon/Desktop/ChaqmoqApp/venv/lib/python3.14/site-packages/django/template/loader_tags.py", line 65, in render
    result = block.nodelist.render(context)
  File "/Users/amirxon/Desktop/ChaqmoqApp/venv/lib/python3.14/site-packages/django/template/base.py", line 1000, in render
    return SafeString("".join([node.render_annotated(context) for node in self]))
                               ~~~~~~~~~~~~~~~~~~~~~^^^^^^^^^
  File "/Users/amirxon/Desktop/ChaqmoqApp/venv/lib/python3.14/site-packages/django/template/base.py", line 961, in render_annotated
    return self.render(context)
           ~~~~~~~~~~~^^^^^^^^^
  File "/Users/amirxon/Desktop/ChaqmoqApp/venv/lib/python3.14/site-packages/django/template/loader_tags.py", line 65, in render
    result = block.nodelist.render(context)
  File "/Users/amirxon/Desktop/ChaqmoqApp/venv/lib/python3.14/site-packages/django/template/base.py", line 1000, in render
    return SafeString("".join([node.render_annotated(context) for node in self]))
                               ~~~~~~~~~~~~~~~~~~~~~^^^^^^^^^
  File "/Users/amirxon/Desktop/ChaqmoqApp/venv/lib/python3.14/site-packages/django/template/base.py", line 961, in render_annotated
    return self.render(context)
           ~~~~~~~~~~~^^^^^^^^^
  File "/Users/amirxon/Desktop/ChaqmoqApp/venv/lib/python3.14/site-packages/django/template/loader_tags.py", line 65, in render
    result = block.nodelist.render(context)
  File "/Users/amirxon/Desktop/ChaqmoqApp/venv/lib/python3.14/site-packages/django/template/base.py", line 1000, in render
    return SafeString("".join([node.render_annotated(context) for node in self]))
                               ~~~~~~~~~~~~~~~~~~~~~^^^^^^^^^
  File "/Users/amirxon/Desktop/ChaqmoqApp/venv/lib/python3.14/site-packages/django/template/base.py", line 961, in render_annotated
    return self.render(context)
           ~~~~~~~~~~~^^^^^^^^^
  File "/Users/amirxon/Desktop/ChaqmoqApp/venv/lib/python3.14/site-packages/django/template/loader_tags.py", line 65, in render
    result = block.nodelist.render(context)
  File "/Users/amirxon/Desktop/ChaqmoqApp/venv/lib/python3.14/site-packages/django/template/base.py", line 1000, in render
    return SafeString("".join([node.render_annotated(context) for node in self]))
                               ~~~~~~~~~~~~~~~~~~~~~^^^^^^^^^
  File "/Users/amirxon/Desktop/ChaqmoqApp/venv/lib/python3.14/site-packages/django/template/base.py", line 961, in render_annotated
    return self.render(context)
           ~~~~~~~~~~~^^^^^^^^^
  File "/Users/amirxon/Desktop/ChaqmoqApp/venv/lib/python3.14/site-packages/django/template/loader_tags.py", line 65, in render
    result = block.nodelist.render(context)
  File "/Users/amirxon/Desktop/ChaqmoqApp/venv/lib/python3.14/site-packages/django/template/base.py", line 1000, in render
    return SafeString("".join([node.render_annotated(context) for node in self]))
                               ~~~~~~~~~~~~~~~~~~~~~^^^^^^^^^
  File "/Users/amirxon/Desktop/ChaqmoqApp/venv/lib/python3.14/site-packages/django/template/base.py", line 961, in render_annotated
    return self.render(context)
           ~~~~~~~~~~~^^^^^^^^^
  File "/Users/amirxon/Desktop/ChaqmoqApp/venv/lib/python3.14/site-packages/django/contrib/admin/templatetags/base.py", line 45, in render
    return super().render(context)
           ~~~~~~~~~~~~~~^^^^^^^^^
  File "/Users/amirxon/Desktop/ChaqmoqApp/venv/lib/python3.14/site-packages/django/template/library.py", line 271, in render
    new_context = context.new(_dict)
  File "/Users/amirxon/Desktop/ChaqmoqApp/venv/lib/python3.14/site-packages/django/template/context.py", line 273, in new
    new_context = super().new(values)
  File "/Users/amirxon/Desktop/ChaqmoqApp/venv/lib/python3.14/site-packages/django/template/context.py", line 110, in new
    new_context = copy(self)
  File "/Library/Frameworks/Python.framework/Versions/3.14/lib/python3.14/copy.py", line 82, in copy
    return copier(x)
  File "/Users/amirxon/Desktop/ChaqmoqApp/venv/lib/python3.14/site-packages/django/template/context.py", line 158, in __copy__
    duplicate = super().__copy__()
  File "/Users/amirxon/Desktop/ChaqmoqApp/venv/lib/python3.14/site-packages/django/template/context.py", line 39, in __copy__
    duplicate.dicts = self.dicts[:]
    ^^^^^^^^^^^^^^^
AttributeError: 'super' object has no attribute 'dicts' and no __dict__ for setting new attributes
Internal Server Error: /admin/store/yonalish/add/
Traceback (most recent call last):
  File "/Users/amirxon/Desktop/ChaqmoqApp/venv/lib/python3.14/site-packages/django/core/handlers/exception.py", line 55, in inner
    response = get_response(request)
  File "/Users/amirxon/Desktop/ChaqmoqApp/venv/lib/python3.14/site-packages/django/core/handlers/base.py", line 220, in _get_response
    response = response.render()
  File "/Users/amirxon/Desktop/ChaqmoqApp/venv/lib/python3.14/site-packages/django/template/response.py", line 114, in render
    self.content = self.rendered_content
                   ^^^^^^^^^^^^^^^^^^^^^
  File "/Users/amirxon/Desktop/ChaqmoqApp/venv/lib/python3.14/site-packages/django/template/response.py", line 92, in rendered_content
    return template.render(context, self._request)
           ~~~~~~~~~~~~~~~^^^^^^^^^^^^^^^^^^^^^^^^
  File "/Users/amirxon/Desktop/ChaqmoqApp/venv/lib/python3.14/site-packages/django/template/backends/django.py", line 61, in render
    return self.template.render(context)
           ~~~~~~~~~~~~~~~~~~~~^^^^^^^^^
  File "/Users/amirxon/Desktop/ChaqmoqApp/venv/lib/python3.14/site-packages/django/template/base.py", line 171, in render
    return self._render(context)
           ~~~~~~~~~~~~^^^^^^^^^
  File "/Users/amirxon/Desktop/ChaqmoqApp/venv/lib/python3.14/site-packages/django/template/base.py", line 163, in _render
    return self.nodelist.render(context)
           ~~~~~~~~~~~~~~~~~~~~^^^^^^^^^
  File "/Users/amirxon/Desktop/ChaqmoqApp/venv/lib/python3.14/site-packages/django/template/base.py", line 1000, in render
    return SafeString("".join([node.render_annotated(context) for node in self]))
                               ~~~~~~~~~~~~~~~~~~~~~^^^^^^^^^
  File "/Users/amirxon/Desktop/ChaqmoqApp/venv/lib/python3.14/site-packages/django/template/base.py", line 961, in render_annotated
    return self.render(context)
           ~~~~~~~~~~~^^^^^^^^^
  File "/Users/amirxon/Desktop/ChaqmoqApp/venv/lib/python3.14/site-packages/django/template/loader_tags.py", line 159, in render
    return compiled_parent._render(context)
           ~~~~~~~~~~~~~~~~~~~~~~~^^^^^^^^^
  File "/Users/amirxon/Desktop/ChaqmoqApp/venv/lib/python3.14/site-packages/django/template/base.py", line 163, in _render
    return self.nodelist.render(context)
           ~~~~~~~~~~~~~~~~~~~~^^^^^^^^^
  File "/Users/amirxon/Desktop/ChaqmoqApp/venv/lib/python3.14/site-packages/django/template/base.py", line 1000, in render
    return SafeString("".join([node.render_annotated(context) for node in self]))
                               ~~~~~~~~~~~~~~~~~~~~~^^^^^^^^^
  File "/Users/amirxon/Desktop/ChaqmoqApp/venv/lib/python3.14/site-packages/django/template/base.py", line 961, in render_annotated
    return self.render(context)
           ~~~~~~~~~~~^^^^^^^^^
  File "/Users/amirxon/Desktop/ChaqmoqApp/venv/lib/python3.14/site-packages/django/template/loader_tags.py", line 159, in render
    return compiled_parent._render(context)
           ~~~~~~~~~~~~~~~~~~~~~~~^^^^^^^^^
  File "/Users/amirxon/Desktop/ChaqmoqApp/venv/lib/python3.14/site-packages/django/template/base.py", line 163, in _render
    return self.nodelist.render(context)
           ~~~~~~~~~~~~~~~~~~~~^^^^^^^^^
  File "/Users/amirxon/Desktop/ChaqmoqApp/venv/lib/python3.14/site-packages/django/template/base.py", line 1000, in render
    return SafeString("".join([node.render_annotated(context) for node in self]))
                               ~~~~~~~~~~~~~~~~~~~~~^^^^^^^^^
  File "/Users/amirxon/Desktop/ChaqmoqApp/venv/lib/python3.14/site-packages/django/template/base.py", line 961, in render_annotated
    return self.render(context)
           ~~~~~~~~~~~^^^^^^^^^
  File "/Users/amirxon/Desktop/ChaqmoqApp/venv/lib/python3.14/site-packages/django/template/loader_tags.py", line 65, in render
    result = block.nodelist.render(context)
  File "/Users/amirxon/Desktop/ChaqmoqApp/venv/lib/python3.14/site-packages/django/template/base.py", line 1000, in render
    return SafeString("".join([node.render_annotated(context) for node in self]))
                               ~~~~~~~~~~~~~~~~~~~~~^^^^^^^^^
  File "/Users/amirxon/Desktop/ChaqmoqApp/venv/lib/python3.14/site-packages/django/template/base.py", line 961, in render_annotated
    return self.render(context)
           ~~~~~~~~~~~^^^^^^^^^
  File "/Users/amirxon/Desktop/ChaqmoqApp/venv/lib/python3.14/site-packages/django/template/loader_tags.py", line 65, in render
    result = block.nodelist.render(context)
  File "/Users/amirxon/Desktop/ChaqmoqApp/venv/lib/python3.14/site-packages/django/template/base.py", line 1000, in render
    return SafeString("".join([node.render_annotated(context) for node in self]))
                               ~~~~~~~~~~~~~~~~~~~~~^^^^^^^^^
  File "/Users/amirxon/Desktop/ChaqmoqApp/venv/lib/python3.14/site-packages/django/template/base.py", line 961, in render_annotated
    return self.render(context)
           ~~~~~~~~~~~^^^^^^^^^
  File "/Users/amirxon/Desktop/ChaqmoqApp/venv/lib/python3.14/site-packages/django/template/loader_tags.py", line 65, in render
    result = block.nodelist.render(context)
  File "/Users/amirxon/Desktop/ChaqmoqApp/venv/lib/python3.14/site-packages/django/template/base.py", line 1000, in render
    return SafeString("".join([node.render_annotated(context) for node in self]))
                               ~~~~~~~~~~~~~~~~~~~~~^^^^^^^^^
  File "/Users/amirxon/Desktop/ChaqmoqApp/venv/lib/python3.14/site-packages/django/template/base.py", line 961, in render_annotated
    return self.render(context)
           ~~~~~~~~~~~^^^^^^^^^
  File "/Users/amirxon/Desktop/ChaqmoqApp/venv/lib/python3.14/site-packages/django/contrib/admin/templatetags/base.py", line 45, in render
    return super().render(context)
           ~~~~~~~~~~~~~~^^^^^^^^^
  File "/Users/amirxon/Desktop/ChaqmoqApp/venv/lib/python3.14/site-packages/django/template/library.py", line 271, in render
    new_context = context.new(_dict)
  File "/Users/amirxon/Desktop/ChaqmoqApp/venv/lib/python3.14/site-packages/django/template/context.py", line 273, in new
    new_context = super().new(values)
  File "/Users/amirxon/Desktop/ChaqmoqApp/venv/lib/python3.14/site-packages/django/template/context.py", line 110, in new
    new_context = copy(self)
  File "/Library/Frameworks/Python.framework/Versions/3.14/lib/python3.14/copy.py", line 82, in copy
    return copier(x)
  File "/Users/amirxon/Desktop/ChaqmoqApp/venv/lib/python3.14/site-packages/django/template/context.py", line 158, in __copy__
    duplicate = super().__copy__()
  File "/Users/amirxon/Desktop/ChaqmoqApp/venv/lib/python3.14/site-packages/django/template/context.py", line 39, in __copy__
    duplicate.dicts = self.dicts[:]
    ^^^^^^^^^^^^^^^
AttributeError: 'super' object has no attribute 'dicts' and no __dict__ for setting new attributes
Internal Server Error: /admin/store/yonalish/add/
Traceback (most recent call last):
  File "/Users/amirxon/Desktop/ChaqmoqApp/venv/lib/python3.14/site-packages/django/core/handlers/exception.py", line 55, in inner
    response = get_response(request)
  File "/Users/amirxon/Desktop/ChaqmoqApp/venv/lib/python3.14/site-packages/django/core/handlers/base.py", line 220, in _get_response
    response = response.render()
  File "/Users/amirxon/Desktop/ChaqmoqApp/venv/lib/python3.14/site-packages/django/template/response.py", line 114, in render
    self.content = self.rendered_content
                   ^^^^^^^^^^^^^^^^^^^^^
  File "/Users/amirxon/Desktop/ChaqmoqApp/venv/lib/python3.14/site-packages/django/template/response.py", line 92, in rendered_content
    return template.render(context, self._request)
           ~~~~~~~~~~~~~~~^^^^^^^^^^^^^^^^^^^^^^^^
  File "/Users/amirxon/Desktop/ChaqmoqApp/venv/lib/python3.14/site-packages/django/template/backends/django.py", line 61, in render
    return self.template.render(context)
           ~~~~~~~~~~~~~~~~~~~~^^^^^^^^^
  File "/Users/amirxon/Desktop/ChaqmoqApp/venv/lib/python3.14/site-packages/django/template/base.py", line 171, in render
    return self._render(context)
           ~~~~~~~~~~~~^^^^^^^^^
  File "/Users/amirxon/Desktop/ChaqmoqApp/venv/lib/python3.14/site-packages/django/template/base.py", line 163, in _render
    return self.nodelist.render(context)
           ~~~~~~~~~~~~~~~~~~~~^^^^^^^^^
  File "/Users/amirxon/Desktop/ChaqmoqApp/venv/lib/python3.14/site-packages/django/template/base.py", line 1000, in render
    return SafeString("".join([node.render_annotated(context) for node in self]))
                               ~~~~~~~~~~~~~~~~~~~~~^^^^^^^^^
  File "/Users/amirxon/Desktop/ChaqmoqApp/venv/lib/python3.14/site-packages/django/template/base.py", line 961, in render_annotated
    return self.render(context)
           ~~~~~~~~~~~^^^^^^^^^
  File "/Users/amirxon/Desktop/ChaqmoqApp/venv/lib/python3.14/site-packages/django/template/loader_tags.py", line 159, in render
    return compiled_parent._render(context)
           ~~~~~~~~~~~~~~~~~~~~~~~^^^^^^^^^
  File "/Users/amirxon/Desktop/ChaqmoqApp/venv/lib/python3.14/site-packages/django/template/base.py", line 163, in _render
    return self.nodelist.render(context)
           ~~~~~~~~~~~~~~~~~~~~^^^^^^^^^
  File "/Users/amirxon/Desktop/ChaqmoqApp/venv/lib/python3.14/site-packages/django/template/base.py", line 1000, in render
    return SafeString("".join([node.render_annotated(context) for node in self]))
                               ~~~~~~~~~~~~~~~~~~~~~^^^^^^^^^
  File "/Users/amirxon/Desktop/ChaqmoqApp/venv/lib/python3.14/site-packages/django/template/base.py", line 961, in render_annotated
    return self.render(context)
           ~~~~~~~~~~~^^^^^^^^^
  File "/Users/amirxon/Desktop/ChaqmoqApp/venv/lib/python3.14/site-packages/django/template/loader_tags.py", line 159, in render
    return compiled_parent._render(context)
           ~~~~~~~~~~~~~~~~~~~~~~~^^^^^^^^^
  File "/Users/amirxon/Desktop/ChaqmoqApp/venv/lib/python3.14/site-packages/django/template/base.py", line 163, in _render
    return self.nodelist.render(context)
           ~~~~~~~~~~~~~~~~~~~~^^^^^^^^^
  File "/Users/amirxon/Desktop/ChaqmoqApp/venv/lib/python3.14/site-packages/django/template/base.py", line 1000, in render
    return SafeString("".join([node.render_annotated(context) for node in self]))
                               ~~~~~~~~~~~~~~~~~~~~~^^^^^^^^^
  File "/Users/amirxon/Desktop/ChaqmoqApp/venv/lib/python3.14/site-packages/django/template/base.py", line 961, in render_annotated
    return self.render(context)
           ~~~~~~~~~~~^^^^^^^^^
  File "/Users/amirxon/Desktop/ChaqmoqApp/venv/lib/python3.14/site-packages/django/template/loader_tags.py", line 65, in render
    result = block.nodelist.render(context)
  File "/Users/amirxon/Desktop/ChaqmoqApp/venv/lib/python3.14/site-packages/django/template/base.py", line 1000, in render
    return SafeString("".join([node.render_annotated(context) for node in self]))
                               ~~~~~~~~~~~~~~~~~~~~~^^^^^^^^^
  File "/Users/amirxon/Desktop/ChaqmoqApp/venv/lib/python3.14/site-packages/django/template/base.py", line 961, in render_annotated
    return self.render(context)
           ~~~~~~~~~~~^^^^^^^^^
  File "/Users/amirxon/Desktop/ChaqmoqApp/venv/lib/python3.14/site-packages/django/template/loader_tags.py", line 65, in render
    result = block.nodelist.render(context)
  File "/Users/amirxon/Desktop/ChaqmoqApp/venv/lib/python3.14/site-packages/django/template/base.py", line 1000, in render
    return SafeString("".join([node.render_annotated(context) for node in self]))
                               ~~~~~~~~~~~~~~~~~~~~~^^^^^^^^^
  File "/Users/amirxon/Desktop/ChaqmoqApp/venv/lib/python3.14/site-packages/django/template/base.py", line 961, in render_annotated
    return self.render(context)
           ~~~~~~~~~~~^^^^^^^^^
  File "/Users/amirxon/Desktop/ChaqmoqApp/venv/lib/python3.14/site-packages/django/template/loader_tags.py", line 65, in render
    result = block.nodelist.render(context)
  File "/Users/amirxon/Desktop/ChaqmoqApp/venv/lib/python3.14/site-packages/django/template/base.py", line 1000, in render
    return SafeString("".join([node.render_annotated(context) for node in self]))
                               ~~~~~~~~~~~~~~~~~~~~~^^^^^^^^^
  File "/Users/amirxon/Desktop/ChaqmoqApp/venv/lib/python3.14/site-packages/django/template/base.py", line 961, in render_annotated
    return self.render(context)
           ~~~~~~~~~~~^^^^^^^^^
  File "/Users/amirxon/Desktop/ChaqmoqApp/venv/lib/python3.14/site-packages/django/contrib/admin/templatetags/base.py", line 45, in render
    return super().render(context)
           ~~~~~~~~~~~~~~^^^^^^^^^
  File "/Users/amirxon/Desktop/ChaqmoqApp/venv/lib/python3.14/site-packages/django/template/library.py", line 271, in render
    new_context = context.new(_dict)
  File "/Users/amirxon/Desktop/ChaqmoqApp/venv/lib/python3.14/site-packages/django/template/context.py", line 273, in new
    new_context = super().new(values)
  File "/Users/amirxon/Desktop/ChaqmoqApp/venv/lib/python3.14/site-packages/django/template/context.py", line 110, in new
    new_context = copy(self)
  File "/Library/Frameworks/Python.framework/Versions/3.14/lib/python3.14/copy.py", line 82, in copy
    return copier(x)
  File "/Users/amirxon/Desktop/ChaqmoqApp/venv/lib/python3.14/site-packages/django/template/context.py", line 158, in __copy__
    duplicate = super().__copy__()
  File "/Users/amirxon/Desktop/ChaqmoqApp/venv/lib/python3.14/site-packages/django/template/context.py", line 39, in __copy__
    duplicate.dicts = self.dicts[:]
    ^^^^^^^^^^^^^^^
AttributeError: 'super' object has no attribute 'dicts' and no __dict__ for setting new attributes
Internal Server Error: /admin/store/manba/
Traceback (most recent call last):
  File "/Users/amirxon/Desktop/ChaqmoqApp/venv/lib/python3.14/site-packages/django/core/handlers/exception.py", line 55, in inner
    response = get_response(request)
  File "/Users/amirxon/Desktop/ChaqmoqApp/venv/lib/python3.14/site-packages/django/core/handlers/base.py", line 220, in _get_response
    response = response.render()
  File "/Users/amirxon/Desktop/ChaqmoqApp/venv/lib/python3.14/site-packages/django/template/response.py", line 114, in render
    self.content = self.rendered_content
                   ^^^^^^^^^^^^^^^^^^^^^
  File "/Users/amirxon/Desktop/ChaqmoqApp/venv/lib/python3.14/site-packages/django/template/response.py", line 92, in rendered_content
    return template.render(context, self._request)
           ~~~~~~~~~~~~~~~^^^^^^^^^^^^^^^^^^^^^^^^
  File "/Users/amirxon/Desktop/ChaqmoqApp/venv/lib/python3.14/site-packages/django/template/backends/django.py", line 61, in render
    return self.template.render(context)
           ~~~~~~~~~~~~~~~~~~~~^^^^^^^^^
  File "/Users/amirxon/Desktop/ChaqmoqApp/venv/lib/python3.14/site-packages/django/template/base.py", line 171, in render
    return self._render(context)
           ~~~~~~~~~~~~^^^^^^^^^
  File "/Users/amirxon/Desktop/ChaqmoqApp/venv/lib/python3.14/site-packages/django/template/base.py", line 163, in _render
    return self.nodelist.render(context)
           ~~~~~~~~~~~~~~~~~~~~^^^^^^^^^
  File "/Users/amirxon/Desktop/ChaqmoqApp/venv/lib/python3.14/site-packages/django/template/base.py", line 1000, in render
    return SafeString("".join([node.render_annotated(context) for node in self]))
                               ~~~~~~~~~~~~~~~~~~~~~^^^^^^^^^
  File "/Users/amirxon/Desktop/ChaqmoqApp/venv/lib/python3.14/site-packages/django/template/base.py", line 961, in render_annotated
    return self.render(context)
           ~~~~~~~~~~~^^^^^^^^^
  File "/Users/amirxon/Desktop/ChaqmoqApp/venv/lib/python3.14/site-packages/django/template/loader_tags.py", line 159, in render
    return compiled_parent._render(context)
           ~~~~~~~~~~~~~~~~~~~~~~~^^^^^^^^^
  File "/Users/amirxon/Desktop/ChaqmoqApp/venv/lib/python3.14/site-packages/django/template/base.py", line 163, in _render
    return self.nodelist.render(context)
           ~~~~~~~~~~~~~~~~~~~~^^^^^^^^^
  File "/Users/amirxon/Desktop/ChaqmoqApp/venv/lib/python3.14/site-packages/django/template/base.py", line 1000, in render
    return SafeString("".join([node.render_annotated(context) for node in self]))
                               ~~~~~~~~~~~~~~~~~~~~~^^^^^^^^^
  File "/Users/amirxon/Desktop/ChaqmoqApp/venv/lib/python3.14/site-packages/django/template/base.py", line 961, in render_annotated
    return self.render(context)
           ~~~~~~~~~~~^^^^^^^^^
  File "/Users/amirxon/Desktop/ChaqmoqApp/venv/lib/python3.14/site-packages/django/template/loader_tags.py", line 159, in render
    return compiled_parent._render(context)
           ~~~~~~~~~~~~~~~~~~~~~~~^^^^^^^^^
  File "/Users/amirxon/Desktop/ChaqmoqApp/venv/lib/python3.14/site-packages/django/template/base.py", line 163, in _render
    return self.nodelist.render(context)
           ~~~~~~~~~~~~~~~~~~~~^^^^^^^^^
  File "/Users/amirxon/Desktop/ChaqmoqApp/venv/lib/python3.14/site-packages/django/template/base.py", line 1000, in render
    return SafeString("".join([node.render_annotated(context) for node in self]))
                               ~~~~~~~~~~~~~~~~~~~~~^^^^^^^^^
  File "/Users/amirxon/Desktop/ChaqmoqApp/venv/lib/python3.14/site-packages/django/template/base.py", line 961, in render_annotated
    return self.render(context)
           ~~~~~~~~~~~^^^^^^^^^
  File "/Users/amirxon/Desktop/ChaqmoqApp/venv/lib/python3.14/site-packages/django/template/loader_tags.py", line 65, in render
    result = block.nodelist.render(context)
  File "/Users/amirxon/Desktop/ChaqmoqApp/venv/lib/python3.14/site-packages/django/template/base.py", line 1000, in render
    return SafeString("".join([node.render_annotated(context) for node in self]))
                               ~~~~~~~~~~~~~~~~~~~~~^^^^^^^^^
  File "/Users/amirxon/Desktop/ChaqmoqApp/venv/lib/python3.14/site-packages/django/template/base.py", line 961, in render_annotated
    return self.render(context)
           ~~~~~~~~~~~^^^^^^^^^
  File "/Users/amirxon/Desktop/ChaqmoqApp/venv/lib/python3.14/site-packages/django/template/loader_tags.py", line 65, in render
    result = block.nodelist.render(context)
  File "/Users/amirxon/Desktop/ChaqmoqApp/venv/lib/python3.14/site-packages/django/template/base.py", line 1000, in render
    return SafeString("".join([node.render_annotated(context) for node in self]))
                               ~~~~~~~~~~~~~~~~~~~~~^^^^^^^^^
  File "/Users/amirxon/Desktop/ChaqmoqApp/venv/lib/python3.14/site-packages/django/template/base.py", line 961, in render_annotated
    return self.render(context)
           ~~~~~~~~~~~^^^^^^^^^
  File "/Users/amirxon/Desktop/ChaqmoqApp/venv/lib/python3.14/site-packages/django/template/loader_tags.py", line 65, in render
    result = block.nodelist.render(context)
  File "/Users/amirxon/Desktop/ChaqmoqApp/venv/lib/python3.14/site-packages/django/template/base.py", line 1000, in render
    return SafeString("".join([node.render_annotated(context) for node in self]))
                               ~~~~~~~~~~~~~~~~~~~~~^^^^^^^^^
  File "/Users/amirxon/Desktop/ChaqmoqApp/venv/lib/python3.14/site-packages/django/template/base.py", line 961, in render_annotated
    return self.render(context)
           ~~~~~~~~~~~^^^^^^^^^
  File "/Users/amirxon/Desktop/ChaqmoqApp/venv/lib/python3.14/site-packages/django/template/loader_tags.py", line 65, in render
    result = block.nodelist.render(context)
  File "/Users/amirxon/Desktop/ChaqmoqApp/venv/lib/python3.14/site-packages/django/template/base.py", line 1000, in render
    return SafeString("".join([node.render_annotated(context) for node in self]))
                               ~~~~~~~~~~~~~~~~~~~~~^^^^^^^^^
  File "/Users/amirxon/Desktop/ChaqmoqApp/venv/lib/python3.14/site-packages/django/template/base.py", line 961, in render_annotated
    return self.render(context)
           ~~~~~~~~~~~^^^^^^^^^
  File "/Users/amirxon/Desktop/ChaqmoqApp/venv/lib/python3.14/site-packages/django/template/loader_tags.py", line 65, in render
    result = block.nodelist.render(context)
  File "/Users/amirxon/Desktop/ChaqmoqApp/venv/lib/python3.14/site-packages/django/template/base.py", line 1000, in render
    return SafeString("".join([node.render_annotated(context) for node in self]))
                               ~~~~~~~~~~~~~~~~~~~~~^^^^^^^^^
  File "/Users/amirxon/Desktop/ChaqmoqApp/venv/lib/python3.14/site-packages/django/template/base.py", line 961, in render_annotated
    return self.render(context)
           ~~~~~~~~~~~^^^^^^^^^
  File "/Users/amirxon/Desktop/ChaqmoqApp/venv/lib/python3.14/site-packages/django/contrib/admin/templatetags/base.py", line 45, in render
    return super().render(context)
           ~~~~~~~~~~~~~~^^^^^^^^^
  File "/Users/amirxon/Desktop/ChaqmoqApp/venv/lib/python3.14/site-packages/django/template/library.py", line 271, in render
    new_context = context.new(_dict)
  File "/Users/amirxon/Desktop/ChaqmoqApp/venv/lib/python3.14/site-packages/django/template/context.py", line 273, in new
    new_context = super().new(values)
  File "/Users/amirxon/Desktop/ChaqmoqApp/venv/lib/python3.14/site-packages/django/template/context.py", line 110, in new
    new_context = copy(self)
  File "/Library/Frameworks/Python.framework/Versions/3.14/lib/python3.14/copy.py", line 82, in copy
    return copier(x)
  File "/Users/amirxon/Desktop/ChaqmoqApp/venv/lib/python3.14/site-packages/django/template/context.py", line 158, in __copy__
    duplicate = super().__copy__()
  File "/Users/amirxon/Desktop/ChaqmoqApp/venv/lib/python3.14/site-packages/django/template/context.py", line 39, in __copy__
    duplicate.dicts = self.dicts[:]
    ^^^^^^^^^^^^^^^
AttributeError: 'super' object has no attribute 'dicts' and no __dict__ for setting new attributes
Internal Server Error: /admin/store/manba/
Traceback (most recent call last):
  File "/Users/amirxon/Desktop/ChaqmoqApp/venv/lib/python3.14/site-packages/django/core/handlers/exception.py", line 55, in inner
    response = get_response(request)
  File "/Users/amirxon/Desktop/ChaqmoqApp/venv/lib/python3.14/site-packages/django/core/handlers/base.py", line 220, in _get_response
    response = response.render()
  File "/Users/amirxon/Desktop/ChaqmoqApp/venv/lib/python3.14/site-packages/django/template/response.py", line 114, in render
    self.content = self.rendered_content
                   ^^^^^^^^^^^^^^^^^^^^^
  File "/Users/amirxon/Desktop/ChaqmoqApp/venv/lib/python3.14/site-packages/django/template/response.py", line 92, in rendered_content
    return template.render(context, self._request)
           ~~~~~~~~~~~~~~~^^^^^^^^^^^^^^^^^^^^^^^^
  File "/Users/amirxon/Desktop/ChaqmoqApp/venv/lib/python3.14/site-packages/django/template/backends/django.py", line 61, in render
    return self.template.render(context)
           ~~~~~~~~~~~~~~~~~~~~^^^^^^^^^
  File "/Users/amirxon/Desktop/ChaqmoqApp/venv/lib/python3.14/site-packages/django/template/base.py", line 171, in render
    return self._render(context)
           ~~~~~~~~~~~~^^^^^^^^^
  File "/Users/amirxon/Desktop/ChaqmoqApp/venv/lib/python3.14/site-packages/django/template/base.py", line 163, in _render
    return self.nodelist.render(context)
           ~~~~~~~~~~~~~~~~~~~~^^^^^^^^^
  File "/Users/amirxon/Desktop/ChaqmoqApp/venv/lib/python3.14/site-packages/django/template/base.py", line 1000, in render
    return SafeString("".join([node.render_annotated(context) for node in self]))
                               ~~~~~~~~~~~~~~~~~~~~~^^^^^^^^^
  File "/Users/amirxon/Desktop/ChaqmoqApp/venv/lib/python3.14/site-packages/django/template/base.py", line 961, in render_annotated
    return self.render(context)
           ~~~~~~~~~~~^^^^^^^^^
  File "/Users/amirxon/Desktop/ChaqmoqApp/venv/lib/python3.14/site-packages/django/template/loader_tags.py", line 159, in render
    return compiled_parent._render(context)
           ~~~~~~~~~~~~~~~~~~~~~~~^^^^^^^^^
  File "/Users/amirxon/Desktop/ChaqmoqApp/venv/lib/python3.14/site-packages/django/template/base.py", line 163, in _render
    return self.nodelist.render(context)
           ~~~~~~~~~~~~~~~~~~~~^^^^^^^^^
  File "/Users/amirxon/Desktop/ChaqmoqApp/venv/lib/python3.14/site-packages/django/template/base.py", line 1000, in render
    return SafeString("".join([node.render_annotated(context) for node in self]))
                               ~~~~~~~~~~~~~~~~~~~~~^^^^^^^^^
  File "/Users/amirxon/Desktop/ChaqmoqApp/venv/lib/python3.14/site-packages/django/template/base.py", line 961, in render_annotated
    return self.render(context)
           ~~~~~~~~~~~^^^^^^^^^
  File "/Users/amirxon/Desktop/ChaqmoqApp/venv/lib/python3.14/site-packages/django/template/loader_tags.py", line 159, in render
    return compiled_parent._render(context)
           ~~~~~~~~~~~~~~~~~~~~~~~^^^^^^^^^
  File "/Users/amirxon/Desktop/ChaqmoqApp/venv/lib/python3.14/site-packages/django/template/base.py", line 163, in _render
    return self.nodelist.render(context)
           ~~~~~~~~~~~~~~~~~~~~^^^^^^^^^
  File "/Users/amirxon/Desktop/ChaqmoqApp/venv/lib/python3.14/site-packages/django/template/base.py", line 1000, in render
    return SafeString("".join([node.render_annotated(context) for node in self]))
                               ~~~~~~~~~~~~~~~~~~~~~^^^^^^^^^
  File "/Users/amirxon/Desktop/ChaqmoqApp/venv/lib/python3.14/site-packages/django/template/base.py", line 961, in render_annotated
    return self.render(context)
           ~~~~~~~~~~~^^^^^^^^^
  File "/Users/amirxon/Desktop/ChaqmoqApp/venv/lib/python3.14/site-packages/django/template/loader_tags.py", line 65, in render
    result = block.nodelist.render(context)
  File "/Users/amirxon/Desktop/ChaqmoqApp/venv/lib/python3.14/site-packages/django/template/base.py", line 1000, in render
    return SafeString("".join([node.render_annotated(context) for node in self]))
                               ~~~~~~~~~~~~~~~~~~~~~^^^^^^^^^
  File "/Users/amirxon/Desktop/ChaqmoqApp/venv/lib/python3.14/site-packages/django/template/base.py", line 961, in render_annotated
    return self.render(context)
           ~~~~~~~~~~~^^^^^^^^^
  File "/Users/amirxon/Desktop/ChaqmoqApp/venv/lib/python3.14/site-packages/django/template/loader_tags.py", line 65, in render
    result = block.nodelist.render(context)
  File "/Users/amirxon/Desktop/ChaqmoqApp/venv/lib/python3.14/site-packages/django/template/base.py", line 1000, in render
    return SafeString("".join([node.render_annotated(context) for node in self]))
                               ~~~~~~~~~~~~~~~~~~~~~^^^^^^^^^
  File "/Users/amirxon/Desktop/ChaqmoqApp/venv/lib/python3.14/site-packages/django/template/base.py", line 961, in render_annotated
    return self.render(context)
           ~~~~~~~~~~~^^^^^^^^^
  File "/Users/amirxon/Desktop/ChaqmoqApp/venv/lib/python3.14/site-packages/django/template/loader_tags.py", line 65, in render
    result = block.nodelist.render(context)
  File "/Users/amirxon/Desktop/ChaqmoqApp/venv/lib/python3.14/site-packages/django/template/base.py", line 1000, in render
    return SafeString("".join([node.render_annotated(context) for node in self]))
                               ~~~~~~~~~~~~~~~~~~~~~^^^^^^^^^
  File "/Users/amirxon/Desktop/ChaqmoqApp/venv/lib/python3.14/site-packages/django/template/base.py", line 961, in render_annotated
    return self.render(context)
           ~~~~~~~~~~~^^^^^^^^^
  File "/Users/amirxon/Desktop/ChaqmoqApp/venv/lib/python3.14/site-packages/django/template/loader_tags.py", line 65, in render
    result = block.nodelist.render(context)
  File "/Users/amirxon/Desktop/ChaqmoqApp/venv/lib/python3.14/site-packages/django/template/base.py", line 1000, in render
    return SafeString("".join([node.render_annotated(context) for node in self]))
                               ~~~~~~~~~~~~~~~~~~~~~^^^^^^^^^
  File "/Users/amirxon/Desktop/ChaqmoqApp/venv/lib/python3.14/site-packages/django/template/base.py", line 961, in render_annotated
    return self.render(context)
           ~~~~~~~~~~~^^^^^^^^^
  File "/Users/amirxon/Desktop/ChaqmoqApp/venv/lib/python3.14/site-packages/django/template/loader_tags.py", line 65, in render
    result = block.nodelist.render(context)
  File "/Users/amirxon/Desktop/ChaqmoqApp/venv/lib/python3.14/site-packages/django/template/base.py", line 1000, in render
    return SafeString("".join([node.render_annotated(context) for node in self]))
                               ~~~~~~~~~~~~~~~~~~~~~^^^^^^^^^
  File "/Users/amirxon/Desktop/ChaqmoqApp/venv/lib/python3.14/site-packages/django/template/base.py", line 961, in render_annotated
    return self.render(context)
           ~~~~~~~~~~~^^^^^^^^^
  File "/Users/amirxon/Desktop/ChaqmoqApp/venv/lib/python3.14/site-packages/django/contrib/admin/templatetags/base.py", line 45, in render
    return super().render(context)
           ~~~~~~~~~~~~~~^^^^^^^^^
  File "/Users/amirxon/Desktop/ChaqmoqApp/venv/lib/python3.14/site-packages/django/template/library.py", line 271, in render
    new_context = context.new(_dict)
  File "/Users/amirxon/Desktop/ChaqmoqApp/venv/lib/python3.14/site-packages/django/template/context.py", line 273, in new
    new_context = super().new(values)
  File "/Users/amirxon/Desktop/ChaqmoqApp/venv/lib/python3.14/site-packages/django/template/context.py", line 110, in new
    new_context = copy(self)
  File "/Library/Frameworks/Python.framework/Versions/3.14/lib/python3.14/copy.py", line 82, in copy
    return copier(x)
  File "/Users/amirxon/Desktop/ChaqmoqApp/venv/lib/python3.14/site-packages/django/template/context.py", line 158, in __copy__
    duplicate = super().__copy__()
  File "/Users/amirxon/Desktop/ChaqmoqApp/venv/lib/python3.14/site-packages/django/template/context.py", line 39, in __copy__
    duplicate.dicts = self.dicts[:]
    ^^^^^^^^^^^^^^^
AttributeError: 'super' object has no attribute 'dicts' and no __dict__ for setting new attributes
Internal Server Error: /admin/store/manba/add/
Traceback (most recent call last):
  File "/Users/amirxon/Desktop/ChaqmoqApp/venv/lib/python3.14/site-packages/django/core/handlers/exception.py", line 55, in inner
    response = get_response(request)
  File "/Users/amirxon/Desktop/ChaqmoqApp/venv/lib/python3.14/site-packages/django/core/handlers/base.py", line 220, in _get_response
    response = response.render()
  File "/Users/amirxon/Desktop/ChaqmoqApp/venv/lib/python3.14/site-packages/django/template/response.py", line 114, in render
    self.content = self.rendered_content
                   ^^^^^^^^^^^^^^^^^^^^^
  File "/Users/amirxon/Desktop/ChaqmoqApp/venv/lib/python3.14/site-packages/django/template/response.py", line 92, in rendered_content
    return template.render(context, self._request)
           ~~~~~~~~~~~~~~~^^^^^^^^^^^^^^^^^^^^^^^^
  File "/Users/amirxon/Desktop/ChaqmoqApp/venv/lib/python3.14/site-packages/django/template/backends/django.py", line 61, in render
    return self.template.render(context)
           ~~~~~~~~~~~~~~~~~~~~^^^^^^^^^
  File "/Users/amirxon/Desktop/ChaqmoqApp/venv/lib/python3.14/site-packages/django/template/base.py", line 171, in render
    return self._render(context)
           ~~~~~~~~~~~~^^^^^^^^^
  File "/Users/amirxon/Desktop/ChaqmoqApp/venv/lib/python3.14/site-packages/django/template/base.py", line 163, in _render
    return self.nodelist.render(context)
           ~~~~~~~~~~~~~~~~~~~~^^^^^^^^^
  File "/Users/amirxon/Desktop/ChaqmoqApp/venv/lib/python3.14/site-packages/django/template/base.py", line 1000, in render
    return SafeString("".join([node.render_annotated(context) for node in self]))
                               ~~~~~~~~~~~~~~~~~~~~~^^^^^^^^^
  File "/Users/amirxon/Desktop/ChaqmoqApp/venv/lib/python3.14/site-packages/django/template/base.py", line 961, in render_annotated
    return self.render(context)
           ~~~~~~~~~~~^^^^^^^^^
  File "/Users/amirxon/Desktop/ChaqmoqApp/venv/lib/python3.14/site-packages/django/template/loader_tags.py", line 159, in render
    return compiled_parent._render(context)
           ~~~~~~~~~~~~~~~~~~~~~~~^^^^^^^^^
  File "/Users/amirxon/Desktop/ChaqmoqApp/venv/lib/python3.14/site-packages/django/template/base.py", line 163, in _render
    return self.nodelist.render(context)
           ~~~~~~~~~~~~~~~~~~~~^^^^^^^^^
  File "/Users/amirxon/Desktop/ChaqmoqApp/venv/lib/python3.14/site-packages/django/template/base.py", line 1000, in render
    return SafeString("".join([node.render_annotated(context) for node in self]))
                               ~~~~~~~~~~~~~~~~~~~~~^^^^^^^^^
  File "/Users/amirxon/Desktop/ChaqmoqApp/venv/lib/python3.14/site-packages/django/template/base.py", line 961, in render_annotated
    return self.render(context)
           ~~~~~~~~~~~^^^^^^^^^
  File "/Users/amirxon/Desktop/ChaqmoqApp/venv/lib/python3.14/site-packages/django/template/loader_tags.py", line 159, in render
    return compiled_parent._render(context)
           ~~~~~~~~~~~~~~~~~~~~~~~^^^^^^^^^
  File "/Users/amirxon/Desktop/ChaqmoqApp/venv/lib/python3.14/site-packages/django/template/base.py", line 163, in _render
    return self.nodelist.render(context)
           ~~~~~~~~~~~~~~~~~~~~^^^^^^^^^
  File "/Users/amirxon/Desktop/ChaqmoqApp/venv/lib/python3.14/site-packages/django/template/base.py", line 1000, in render
    return SafeString("".join([node.render_annotated(context) for node in self]))
                               ~~~~~~~~~~~~~~~~~~~~~^^^^^^^^^
  File "/Users/amirxon/Desktop/ChaqmoqApp/venv/lib/python3.14/site-packages/django/template/base.py", line 961, in render_annotated
    return self.render(context)
           ~~~~~~~~~~~^^^^^^^^^
  File "/Users/amirxon/Desktop/ChaqmoqApp/venv/lib/python3.14/site-packages/django/template/loader_tags.py", line 65, in render
    result = block.nodelist.render(context)
  File "/Users/amirxon/Desktop/ChaqmoqApp/venv/lib/python3.14/site-packages/django/template/base.py", line 1000, in render
    return SafeString("".join([node.render_annotated(context) for node in self]))
                               ~~~~~~~~~~~~~~~~~~~~~^^^^^^^^^
  File "/Users/amirxon/Desktop/ChaqmoqApp/venv/lib/python3.14/site-packages/django/template/base.py", line 961, in render_annotated
    return self.render(context)
           ~~~~~~~~~~~^^^^^^^^^
  File "/Users/amirxon/Desktop/ChaqmoqApp/venv/lib/python3.14/site-packages/django/template/loader_tags.py", line 65, in render
    result = block.nodelist.render(context)
  File "/Users/amirxon/Desktop/ChaqmoqApp/venv/lib/python3.14/site-packages/django/template/base.py", line 1000, in render
    return SafeString("".join([node.render_annotated(context) for node in self]))
                               ~~~~~~~~~~~~~~~~~~~~~^^^^^^^^^
  File "/Users/amirxon/Desktop/ChaqmoqApp/venv/lib/python3.14/site-packages/django/template/base.py", line 961, in render_annotated
    return self.render(context)
           ~~~~~~~~~~~^^^^^^^^^
  File "/Users/amirxon/Desktop/ChaqmoqApp/venv/lib/python3.14/site-packages/django/template/loader_tags.py", line 65, in render
    result = block.nodelist.render(context)
  File "/Users/amirxon/Desktop/ChaqmoqApp/venv/lib/python3.14/site-packages/django/template/base.py", line 1000, in render
    return SafeString("".join([node.render_annotated(context) for node in self]))
                               ~~~~~~~~~~~~~~~~~~~~~^^^^^^^^^
  File "/Users/amirxon/Desktop/ChaqmoqApp/venv/lib/python3.14/site-packages/django/template/base.py", line 961, in render_annotated
    return self.render(context)
           ~~~~~~~~~~~^^^^^^^^^
  File "/Users/amirxon/Desktop/ChaqmoqApp/venv/lib/python3.14/site-packages/django/contrib/admin/templatetags/base.py", line 45, in render
    return super().render(context)
           ~~~~~~~~~~~~~~^^^^^^^^^
  File "/Users/amirxon/Desktop/ChaqmoqApp/venv/lib/python3.14/site-packages/django/template/library.py", line 271, in render
    new_context = context.new(_dict)
  File "/Users/amirxon/Desktop/ChaqmoqApp/venv/lib/python3.14/site-packages/django/template/context.py", line 273, in new
    new_context = super().new(values)
  File "/Users/amirxon/Desktop/ChaqmoqApp/venv/lib/python3.14/site-packages/django/template/context.py", line 110, in new
    new_context = copy(self)
  File "/Library/Frameworks/Python.framework/Versions/3.14/lib/python3.14/copy.py", line 82, in copy
    return copier(x)
  File "/Users/amirxon/Desktop/ChaqmoqApp/venv/lib/python3.14/site-packages/django/template/context.py", line 158, in __copy__
    duplicate = super().__copy__()
  File "/Users/amirxon/Desktop/ChaqmoqApp/venv/lib/python3.14/site-packages/django/template/context.py", line 39, in __copy__
    duplicate.dicts = self.dicts[:]
    ^^^^^^^^^^^^^^^
AttributeError: 'super' object has no attribute 'dicts' and no __dict__ for setting new attributes
Internal Server Error: /admin/store/manba/add/
Traceback (most recent call last):
  File "/Users/amirxon/Desktop/ChaqmoqApp/venv/lib/python3.14/site-packages/django/core/handlers/exception.py", line 55, in inner
    response = get_response(request)
  File "/Users/amirxon/Desktop/ChaqmoqApp/venv/lib/python3.14/site-packages/django/core/handlers/base.py", line 220, in _get_response
    response = response.render()
  File "/Users/amirxon/Desktop/ChaqmoqApp/venv/lib/python3.14/site-packages/django/template/response.py", line 114, in render
    self.content = self.rendered_content
                   ^^^^^^^^^^^^^^^^^^^^^
  File "/Users/amirxon/Desktop/ChaqmoqApp/venv/lib/python3.14/site-packages/django/template/response.py", line 92, in rendered_content
    return template.render(context, self._request)
           ~~~~~~~~~~~~~~~^^^^^^^^^^^^^^^^^^^^^^^^
  File "/Users/amirxon/Desktop/ChaqmoqApp/venv/lib/python3.14/site-packages/django/template/backends/django.py", line 61, in render
    return self.template.render(context)
           ~~~~~~~~~~~~~~~~~~~~^^^^^^^^^
  File "/Users/amirxon/Desktop/ChaqmoqApp/venv/lib/python3.14/site-packages/django/template/base.py", line 171, in render
    return self._render(context)
           ~~~~~~~~~~~~^^^^^^^^^
  File "/Users/amirxon/Desktop/ChaqmoqApp/venv/lib/python3.14/site-packages/django/template/base.py", line 163, in _render
    return self.nodelist.render(context)
           ~~~~~~~~~~~~~~~~~~~~^^^^^^^^^
  File "/Users/amirxon/Desktop/ChaqmoqApp/venv/lib/python3.14/site-packages/django/template/base.py", line 1000, in render
    return SafeString("".join([node.render_annotated(context) for node in self]))
                               ~~~~~~~~~~~~~~~~~~~~~^^^^^^^^^
  File "/Users/amirxon/Desktop/ChaqmoqApp/venv/lib/python3.14/site-packages/django/template/base.py", line 961, in render_annotated
    return self.render(context)
           ~~~~~~~~~~~^^^^^^^^^
  File "/Users/amirxon/Desktop/ChaqmoqApp/venv/lib/python3.14/site-packages/django/template/loader_tags.py", line 159, in render
    return compiled_parent._render(context)
           ~~~~~~~~~~~~~~~~~~~~~~~^^^^^^^^^
  File "/Users/amirxon/Desktop/ChaqmoqApp/venv/lib/python3.14/site-packages/django/template/base.py", line 163, in _render
    return self.nodelist.render(context)
           ~~~~~~~~~~~~~~~~~~~~^^^^^^^^^
  File "/Users/amirxon/Desktop/ChaqmoqApp/venv/lib/python3.14/site-packages/django/template/base.py", line 1000, in render
    return SafeString("".join([node.render_annotated(context) for node in self]))
                               ~~~~~~~~~~~~~~~~~~~~~^^^^^^^^^
  File "/Users/amirxon/Desktop/ChaqmoqApp/venv/lib/python3.14/site-packages/django/template/base.py", line 961, in render_annotated
    return self.render(context)
           ~~~~~~~~~~~^^^^^^^^^
  File "/Users/amirxon/Desktop/ChaqmoqApp/venv/lib/python3.14/site-packages/django/template/loader_tags.py", line 159, in render
    return compiled_parent._render(context)
           ~~~~~~~~~~~~~~~~~~~~~~~^^^^^^^^^
  File "/Users/amirxon/Desktop/ChaqmoqApp/venv/lib/python3.14/site-packages/django/template/base.py", line 163, in _render
    return self.nodelist.render(context)
           ~~~~~~~~~~~~~~~~~~~~^^^^^^^^^
  File "/Users/amirxon/Desktop/ChaqmoqApp/venv/lib/python3.14/site-packages/django/template/base.py", line 1000, in render
    return SafeString("".join([node.render_annotated(context) for node in self]))
                               ~~~~~~~~~~~~~~~~~~~~~^^^^^^^^^
  File "/Users/amirxon/Desktop/ChaqmoqApp/venv/lib/python3.14/site-packages/django/template/base.py", line 961, in render_annotated
    return self.render(context)
           ~~~~~~~~~~~^^^^^^^^^
  File "/Users/amirxon/Desktop/ChaqmoqApp/venv/lib/python3.14/site-packages/django/template/loader_tags.py", line 65, in render
    result = block.nodelist.render(context)
  File "/Users/amirxon/Desktop/ChaqmoqApp/venv/lib/python3.14/site-packages/django/template/base.py", line 1000, in render
    return SafeString("".join([node.render_annotated(context) for node in self]))
                               ~~~~~~~~~~~~~~~~~~~~~^^^^^^^^^
  File "/Users/amirxon/Desktop/ChaqmoqApp/venv/lib/python3.14/site-packages/django/template/base.py", line 961, in render_annotated
    return self.render(context)
           ~~~~~~~~~~~^^^^^^^^^
  File "/Users/amirxon/Desktop/ChaqmoqApp/venv/lib/python3.14/site-packages/django/template/loader_tags.py", line 65, in render
    result = block.nodelist.render(context)
  File "/Users/amirxon/Desktop/ChaqmoqApp/venv/lib/python3.14/site-packages/django/template/base.py", line 1000, in render
    return SafeString("".join([node.render_annotated(context) for node in self]))
                               ~~~~~~~~~~~~~~~~~~~~~^^^^^^^^^
  File "/Users/amirxon/Desktop/ChaqmoqApp/venv/lib/python3.14/site-packages/django/template/base.py", line 961, in render_annotated
    return self.render(context)
           ~~~~~~~~~~~^^^^^^^^^
  File "/Users/amirxon/Desktop/ChaqmoqApp/venv/lib/python3.14/site-packages/django/template/loader_tags.py", line 65, in render
    result = block.nodelist.render(context)
  File "/Users/amirxon/Desktop/ChaqmoqApp/venv/lib/python3.14/site-packages/django/template/base.py", line 1000, in render
    return SafeString("".join([node.render_annotated(context) for node in self]))
                               ~~~~~~~~~~~~~~~~~~~~~^^^^^^^^^
  File "/Users/amirxon/Desktop/ChaqmoqApp/venv/lib/python3.14/site-packages/django/template/base.py", line 961, in render_annotated
    return self.render(context)
           ~~~~~~~~~~~^^^^^^^^^
  File "/Users/amirxon/Desktop/ChaqmoqApp/venv/lib/python3.14/site-packages/django/contrib/admin/templatetags/base.py", line 45, in render
    return super().render(context)
           ~~~~~~~~~~~~~~^^^^^^^^^
  File "/Users/amirxon/Desktop/ChaqmoqApp/venv/lib/python3.14/site-packages/django/template/library.py", line 271, in render
    new_context = context.new(_dict)
  File "/Users/amirxon/Desktop/ChaqmoqApp/venv/lib/python3.14/site-packages/django/template/context.py", line 273, in new
    new_context = super().new(values)
  File "/Users/amirxon/Desktop/ChaqmoqApp/venv/lib/python3.14/site-packages/django/template/context.py", line 110, in new
    new_context = copy(self)
  File "/Library/Frameworks/Python.framework/Versions/3.14/lib/python3.14/copy.py", line 82, in copy
    return copier(x)
  File "/Users/amirxon/Desktop/ChaqmoqApp/venv/lib/python3.14/site-packages/django/template/context.py", line 158, in __copy__
    duplicate = super().__copy__()
  File "/Users/amirxon/Desktop/ChaqmoqApp/venv/lib/python3.14/site-packages/django/template/context.py", line 39, in __copy__
    duplicate.dicts = self.dicts[:]
    ^^^^^^^^^^^^^^^
AttributeError: 'super' object has no attribute 'dicts' and no __dict__ for setting new attributes
Internal Server Error: /admin/store/leadstatus/
Traceback (most recent call last):
  File "/Users/amirxon/Desktop/ChaqmoqApp/venv/lib/python3.14/site-packages/django/core/handlers/exception.py", line 55, in inner
    response = get_response(request)
  File "/Users/amirxon/Desktop/ChaqmoqApp/venv/lib/python3.14/site-packages/django/core/handlers/base.py", line 220, in _get_response
    response = response.render()
  File "/Users/amirxon/Desktop/ChaqmoqApp/venv/lib/python3.14/site-packages/django/template/response.py", line 114, in render
    self.content = self.rendered_content
                   ^^^^^^^^^^^^^^^^^^^^^
  File "/Users/amirxon/Desktop/ChaqmoqApp/venv/lib/python3.14/site-packages/django/template/response.py", line 92, in rendered_content
    return template.render(context, self._request)
           ~~~~~~~~~~~~~~~^^^^^^^^^^^^^^^^^^^^^^^^
  File "/Users/amirxon/Desktop/ChaqmoqApp/venv/lib/python3.14/site-packages/django/template/backends/django.py", line 61, in render
    return self.template.render(context)
           ~~~~~~~~~~~~~~~~~~~~^^^^^^^^^
  File "/Users/amirxon/Desktop/ChaqmoqApp/venv/lib/python3.14/site-packages/django/template/base.py", line 171, in render
    return self._render(context)
           ~~~~~~~~~~~~^^^^^^^^^
  File "/Users/amirxon/Desktop/ChaqmoqApp/venv/lib/python3.14/site-packages/django/template/base.py", line 163, in _render
    return self.nodelist.render(context)
           ~~~~~~~~~~~~~~~~~~~~^^^^^^^^^
  File "/Users/amirxon/Desktop/ChaqmoqApp/venv/lib/python3.14/site-packages/django/template/base.py", line 1000, in render
    return SafeString("".join([node.render_annotated(context) for node in self]))
                               ~~~~~~~~~~~~~~~~~~~~~^^^^^^^^^
  File "/Users/amirxon/Desktop/ChaqmoqApp/venv/lib/python3.14/site-packages/django/template/base.py", line 961, in render_annotated
    return self.render(context)
           ~~~~~~~~~~~^^^^^^^^^
  File "/Users/amirxon/Desktop/ChaqmoqApp/venv/lib/python3.14/site-packages/django/template/loader_tags.py", line 159, in render
    return compiled_parent._render(context)
           ~~~~~~~~~~~~~~~~~~~~~~~^^^^^^^^^
  File "/Users/amirxon/Desktop/ChaqmoqApp/venv/lib/python3.14/site-packages/django/template/base.py", line 163, in _render
    return self.nodelist.render(context)
           ~~~~~~~~~~~~~~~~~~~~^^^^^^^^^
  File "/Users/amirxon/Desktop/ChaqmoqApp/venv/lib/python3.14/site-packages/django/template/base.py", line 1000, in render
    return SafeString("".join([node.render_annotated(context) for node in self]))
                               ~~~~~~~~~~~~~~~~~~~~~^^^^^^^^^
  File "/Users/amirxon/Desktop/ChaqmoqApp/venv/lib/python3.14/site-packages/django/template/base.py", line 961, in render_annotated
    return self.render(context)
           ~~~~~~~~~~~^^^^^^^^^
  File "/Users/amirxon/Desktop/ChaqmoqApp/venv/lib/python3.14/site-packages/django/template/loader_tags.py", line 159, in render
    return compiled_parent._render(context)
           ~~~~~~~~~~~~~~~~~~~~~~~^^^^^^^^^
  File "/Users/amirxon/Desktop/ChaqmoqApp/venv/lib/python3.14/site-packages/django/template/base.py", line 163, in _render
    return self.nodelist.render(context)
           ~~~~~~~~~~~~~~~~~~~~^^^^^^^^^
  File "/Users/amirxon/Desktop/ChaqmoqApp/venv/lib/python3.14/site-packages/django/template/base.py", line 1000, in render
    return SafeString("".join([node.render_annotated(context) for node in self]))
                               ~~~~~~~~~~~~~~~~~~~~~^^^^^^^^^
  File "/Users/amirxon/Desktop/ChaqmoqApp/venv/lib/python3.14/site-packages/django/template/base.py", line 961, in render_annotated
    return self.render(context)
           ~~~~~~~~~~~^^^^^^^^^
  File "/Users/amirxon/Desktop/ChaqmoqApp/venv/lib/python3.14/site-packages/django/template/loader_tags.py", line 65, in render
    result = block.nodelist.render(context)
  File "/Users/amirxon/Desktop/ChaqmoqApp/venv/lib/python3.14/site-packages/django/template/base.py", line 1000, in render
    return SafeString("".join([node.render_annotated(context) for node in self]))
                               ~~~~~~~~~~~~~~~~~~~~~^^^^^^^^^
  File "/Users/amirxon/Desktop/ChaqmoqApp/venv/lib/python3.14/site-packages/django/template/base.py", line 961, in render_annotated
    return self.render(context)
           ~~~~~~~~~~~^^^^^^^^^
  File "/Users/amirxon/Desktop/ChaqmoqApp/venv/lib/python3.14/site-packages/django/template/loader_tags.py", line 65, in render
    result = block.nodelist.render(context)
  File "/Users/amirxon/Desktop/ChaqmoqApp/venv/lib/python3.14/site-packages/django/template/base.py", line 1000, in render
    return SafeString("".join([node.render_annotated(context) for node in self]))
                               ~~~~~~~~~~~~~~~~~~~~~^^^^^^^^^
  File "/Users/amirxon/Desktop/ChaqmoqApp/venv/lib/python3.14/site-packages/django/template/base.py", line 961, in render_annotated
    return self.render(context)
           ~~~~~~~~~~~^^^^^^^^^
  File "/Users/amirxon/Desktop/ChaqmoqApp/venv/lib/python3.14/site-packages/django/template/loader_tags.py", line 65, in render
    result = block.nodelist.render(context)
  File "/Users/amirxon/Desktop/ChaqmoqApp/venv/lib/python3.14/site-packages/django/template/base.py", line 1000, in render
    return SafeString("".join([node.render_annotated(context) for node in self]))
                               ~~~~~~~~~~~~~~~~~~~~~^^^^^^^^^
  File "/Users/amirxon/Desktop/ChaqmoqApp/venv/lib/python3.14/site-packages/django/template/base.py", line 961, in render_annotated
    return self.render(context)
           ~~~~~~~~~~~^^^^^^^^^
  File "/Users/amirxon/Desktop/ChaqmoqApp/venv/lib/python3.14/site-packages/django/template/loader_tags.py", line 65, in render
    result = block.nodelist.render(context)
  File "/Users/amirxon/Desktop/ChaqmoqApp/venv/lib/python3.14/site-packages/django/template/base.py", line 1000, in render
    return SafeString("".join([node.render_annotated(context) for node in self]))
                               ~~~~~~~~~~~~~~~~~~~~~^^^^^^^^^
  File "/Users/amirxon/Desktop/ChaqmoqApp/venv/lib/python3.14/site-packages/django/template/base.py", line 961, in render_annotated
    return self.render(context)
           ~~~~~~~~~~~^^^^^^^^^
  File "/Users/amirxon/Desktop/ChaqmoqApp/venv/lib/python3.14/site-packages/django/template/loader_tags.py", line 65, in render
    result = block.nodelist.render(context)
  File "/Users/amirxon/Desktop/ChaqmoqApp/venv/lib/python3.14/site-packages/django/template/base.py", line 1000, in render
    return SafeString("".join([node.render_annotated(context) for node in self]))
                               ~~~~~~~~~~~~~~~~~~~~~^^^^^^^^^
  File "/Users/amirxon/Desktop/ChaqmoqApp/venv/lib/python3.14/site-packages/django/template/base.py", line 961, in render_annotated
    return self.render(context)
           ~~~~~~~~~~~^^^^^^^^^
  File "/Users/amirxon/Desktop/ChaqmoqApp/venv/lib/python3.14/site-packages/django/contrib/admin/templatetags/base.py", line 45, in render
    return super().render(context)
           ~~~~~~~~~~~~~~^^^^^^^^^
  File "/Users/amirxon/Desktop/ChaqmoqApp/venv/lib/python3.14/site-packages/django/template/library.py", line 271, in render
    new_context = context.new(_dict)
  File "/Users/amirxon/Desktop/ChaqmoqApp/venv/lib/python3.14/site-packages/django/template/context.py", line 273, in new
    new_context = super().new(values)
  File "/Users/amirxon/Desktop/ChaqmoqApp/venv/lib/python3.14/site-packages/django/template/context.py", line 110, in new
    new_context = copy(self)
  File "/Library/Frameworks/Python.framework/Versions/3.14/lib/python3.14/copy.py", line 82, in copy
    return copier(x)
  File "/Users/amirxon/Desktop/ChaqmoqApp/venv/lib/python3.14/site-packages/django/template/context.py", line 158, in __copy__
    duplicate = super().__copy__()
  File "/Users/amirxon/Desktop/ChaqmoqApp/venv/lib/python3.14/site-packages/django/template/context.py", line 39, in __copy__
    duplicate.dicts = self.dicts[:]
    ^^^^^^^^^^^^^^^
AttributeError: 'super' object has no attribute 'dicts' and no __dict__ for setting new attributes
Internal Server Error: /admin/store/leadstatus/
Traceback (most recent call last):
  File "/Users/amirxon/Desktop/ChaqmoqApp/venv/lib/python3.14/site-packages/django/core/handlers/exception.py", line 55, in inner
    response = get_response(request)
  File "/Users/amirxon/Desktop/ChaqmoqApp/venv/lib/python3.14/site-packages/django/core/handlers/base.py", line 220, in _get_response
    response = response.render()
  File "/Users/amirxon/Desktop/ChaqmoqApp/venv/lib/python3.14/site-packages/django/template/response.py", line 114, in render
    self.content = self.rendered_content
                   ^^^^^^^^^^^^^^^^^^^^^
  File "/Users/amirxon/Desktop/ChaqmoqApp/venv/lib/python3.14/site-packages/django/template/response.py", line 92, in rendered_content
    return template.render(context, self._request)
           ~~~~~~~~~~~~~~~^^^^^^^^^^^^^^^^^^^^^^^^
  File "/Users/amirxon/Desktop/ChaqmoqApp/venv/lib/python3.14/site-packages/django/template/backends/django.py", line 61, in render
    return self.template.render(context)
           ~~~~~~~~~~~~~~~~~~~~^^^^^^^^^
  File "/Users/amirxon/Desktop/ChaqmoqApp/venv/lib/python3.14/site-packages/django/template/base.py", line 171, in render
    return self._render(context)
           ~~~~~~~~~~~~^^^^^^^^^
  File "/Users/amirxon/Desktop/ChaqmoqApp/venv/lib/python3.14/site-packages/django/template/base.py", line 163, in _render
    return self.nodelist.render(context)
           ~~~~~~~~~~~~~~~~~~~~^^^^^^^^^
  File "/Users/amirxon/Desktop/ChaqmoqApp/venv/lib/python3.14/site-packages/django/template/base.py", line 1000, in render
    return SafeString("".join([node.render_annotated(context) for node in self]))
                               ~~~~~~~~~~~~~~~~~~~~~^^^^^^^^^
  File "/Users/amirxon/Desktop/ChaqmoqApp/venv/lib/python3.14/site-packages/django/template/base.py", line 961, in render_annotated
    return self.render(context)
           ~~~~~~~~~~~^^^^^^^^^
  File "/Users/amirxon/Desktop/ChaqmoqApp/venv/lib/python3.14/site-packages/django/template/loader_tags.py", line 159, in render
    return compiled_parent._render(context)
           ~~~~~~~~~~~~~~~~~~~~~~~^^^^^^^^^
  File "/Users/amirxon/Desktop/ChaqmoqApp/venv/lib/python3.14/site-packages/django/template/base.py", line 163, in _render
    return self.nodelist.render(context)
           ~~~~~~~~~~~~~~~~~~~~^^^^^^^^^
  File "/Users/amirxon/Desktop/ChaqmoqApp/venv/lib/python3.14/site-packages/django/template/base.py", line 1000, in render
    return SafeString("".join([node.render_annotated(context) for node in self]))
                               ~~~~~~~~~~~~~~~~~~~~~^^^^^^^^^
  File "/Users/amirxon/Desktop/ChaqmoqApp/venv/lib/python3.14/site-packages/django/template/base.py", line 961, in render_annotated
    return self.render(context)
           ~~~~~~~~~~~^^^^^^^^^
  File "/Users/amirxon/Desktop/ChaqmoqApp/venv/lib/python3.14/site-packages/django/template/loader_tags.py", line 159, in render
    return compiled_parent._render(context)
           ~~~~~~~~~~~~~~~~~~~~~~~^^^^^^^^^
  File "/Users/amirxon/Desktop/ChaqmoqApp/venv/lib/python3.14/site-packages/django/template/base.py", line 163, in _render
    return self.nodelist.render(context)
           ~~~~~~~~~~~~~~~~~~~~^^^^^^^^^
  File "/Users/amirxon/Desktop/ChaqmoqApp/venv/lib/python3.14/site-packages/django/template/base.py", line 1000, in render
    return SafeString("".join([node.render_annotated(context) for node in self]))
                               ~~~~~~~~~~~~~~~~~~~~~^^^^^^^^^
  File "/Users/amirxon/Desktop/ChaqmoqApp/venv/lib/python3.14/site-packages/django/template/base.py", line 961, in render_annotated
    return self.render(context)
           ~~~~~~~~~~~^^^^^^^^^
  File "/Users/amirxon/Desktop/ChaqmoqApp/venv/lib/python3.14/site-packages/django/template/loader_tags.py", line 65, in render
    result = block.nodelist.render(context)
  File "/Users/amirxon/Desktop/ChaqmoqApp/venv/lib/python3.14/site-packages/django/template/base.py", line 1000, in render
    return SafeString("".join([node.render_annotated(context) for node in self]))
                               ~~~~~~~~~~~~~~~~~~~~~^^^^^^^^^
  File "/Users/amirxon/Desktop/ChaqmoqApp/venv/lib/python3.14/site-packages/django/template/base.py", line 961, in render_annotated
    return self.render(context)
           ~~~~~~~~~~~^^^^^^^^^
  File "/Users/amirxon/Desktop/ChaqmoqApp/venv/lib/python3.14/site-packages/django/template/loader_tags.py", line 65, in render
    result = block.nodelist.render(context)
  File "/Users/amirxon/Desktop/ChaqmoqApp/venv/lib/python3.14/site-packages/django/template/base.py", line 1000, in render
    return SafeString("".join([node.render_annotated(context) for node in self]))
                               ~~~~~~~~~~~~~~~~~~~~~^^^^^^^^^
  File "/Users/amirxon/Desktop/ChaqmoqApp/venv/lib/python3.14/site-packages/django/template/base.py", line 961, in render_annotated
    return self.render(context)
           ~~~~~~~~~~~^^^^^^^^^
  File "/Users/amirxon/Desktop/ChaqmoqApp/venv/lib/python3.14/site-packages/django/template/loader_tags.py", line 65, in render
    result = block.nodelist.render(context)
  File "/Users/amirxon/Desktop/ChaqmoqApp/venv/lib/python3.14/site-packages/django/template/base.py", line 1000, in render
    return SafeString("".join([node.render_annotated(context) for node in self]))
                               ~~~~~~~~~~~~~~~~~~~~~^^^^^^^^^
  File "/Users/amirxon/Desktop/ChaqmoqApp/venv/lib/python3.14/site-packages/django/template/base.py", line 961, in render_annotated
    return self.render(context)
           ~~~~~~~~~~~^^^^^^^^^
  File "/Users/amirxon/Desktop/ChaqmoqApp/venv/lib/python3.14/site-packages/django/template/loader_tags.py", line 65, in render
    result = block.nodelist.render(context)
  File "/Users/amirxon/Desktop/ChaqmoqApp/venv/lib/python3.14/site-packages/django/template/base.py", line 1000, in render
    return SafeString("".join([node.render_annotated(context) for node in self]))
                               ~~~~~~~~~~~~~~~~~~~~~^^^^^^^^^
  File "/Users/amirxon/Desktop/ChaqmoqApp/venv/lib/python3.14/site-packages/django/template/base.py", line 961, in render_annotated
    return self.render(context)
           ~~~~~~~~~~~^^^^^^^^^
  File "/Users/amirxon/Desktop/ChaqmoqApp/venv/lib/python3.14/site-packages/django/template/loader_tags.py", line 65, in render
    result = block.nodelist.render(context)
  File "/Users/amirxon/Desktop/ChaqmoqApp/venv/lib/python3.14/site-packages/django/template/base.py", line 1000, in render
    return SafeString("".join([node.render_annotated(context) for node in self]))
                               ~~~~~~~~~~~~~~~~~~~~~^^^^^^^^^
  File "/Users/amirxon/Desktop/ChaqmoqApp/venv/lib/python3.14/site-packages/django/template/base.py", line 961, in render_annotated
    return self.render(context)
           ~~~~~~~~~~~^^^^^^^^^
  File "/Users/amirxon/Desktop/ChaqmoqApp/venv/lib/python3.14/site-packages/django/contrib/admin/templatetags/base.py", line 45, in render
    return super().render(context)
           ~~~~~~~~~~~~~~^^^^^^^^^
  File "/Users/amirxon/Desktop/ChaqmoqApp/venv/lib/python3.14/site-packages/django/template/library.py", line 271, in render
    new_context = context.new(_dict)
  File "/Users/amirxon/Desktop/ChaqmoqApp/venv/lib/python3.14/site-packages/django/template/context.py", line 273, in new
    new_context = super().new(values)
  File "/Users/amirxon/Desktop/ChaqmoqApp/venv/lib/python3.14/site-packages/django/template/context.py", line 110, in new
    new_context = copy(self)
  File "/Library/Frameworks/Python.framework/Versions/3.14/lib/python3.14/copy.py", line 82, in copy
    return copier(x)
  File "/Users/amirxon/Desktop/ChaqmoqApp/venv/lib/python3.14/site-packages/django/template/context.py", line 158, in __copy__
    duplicate = super().__copy__()
  File "/Users/amirxon/Desktop/ChaqmoqApp/venv/lib/python3.14/site-packages/django/template/context.py", line 39, in __copy__
    duplicate.dicts = self.dicts[:]
    ^^^^^^^^^^^^^^^
AttributeError: 'super' object has no attribute 'dicts' and no __dict__ for setting new attributes
Internal Server Error: /admin/store/leadstatus/add/
Traceback (most recent call last):
  File "/Users/amirxon/Desktop/ChaqmoqApp/venv/lib/python3.14/site-packages/django/core/handlers/exception.py", line 55, in inner
    response = get_response(request)
  File "/Users/amirxon/Desktop/ChaqmoqApp/venv/lib/python3.14/site-packages/django/core/handlers/base.py", line 220, in _get_response
    response = response.render()
  File "/Users/amirxon/Desktop/ChaqmoqApp/venv/lib/python3.14/site-packages/django/template/response.py", line 114, in render
    self.content = self.rendered_content
                   ^^^^^^^^^^^^^^^^^^^^^
  File "/Users/amirxon/Desktop/ChaqmoqApp/venv/lib/python3.14/site-packages/django/template/response.py", line 92, in rendered_content
    return template.render(context, self._request)
           ~~~~~~~~~~~~~~~^^^^^^^^^^^^^^^^^^^^^^^^
  File "/Users/amirxon/Desktop/ChaqmoqApp/venv/lib/python3.14/site-packages/django/template/backends/django.py", line 61, in render
    return self.template.render(context)
           ~~~~~~~~~~~~~~~~~~~~^^^^^^^^^
  File "/Users/amirxon/Desktop/ChaqmoqApp/venv/lib/python3.14/site-packages/django/template/base.py", line 171, in render
    return self._render(context)
           ~~~~~~~~~~~~^^^^^^^^^
  File "/Users/amirxon/Desktop/ChaqmoqApp/venv/lib/python3.14/site-packages/django/template/base.py", line 163, in _render
    return self.nodelist.render(context)
           ~~~~~~~~~~~~~~~~~~~~^^^^^^^^^
  File "/Users/amirxon/Desktop/ChaqmoqApp/venv/lib/python3.14/site-packages/django/template/base.py", line 1000, in render
    return SafeString("".join([node.render_annotated(context) for node in self]))
                               ~~~~~~~~~~~~~~~~~~~~~^^^^^^^^^
  File "/Users/amirxon/Desktop/ChaqmoqApp/venv/lib/python3.14/site-packages/django/template/base.py", line 961, in render_annotated
    return self.render(context)
           ~~~~~~~~~~~^^^^^^^^^
  File "/Users/amirxon/Desktop/ChaqmoqApp/venv/lib/python3.14/site-packages/django/template/loader_tags.py", line 159, in render
    return compiled_parent._render(context)
           ~~~~~~~~~~~~~~~~~~~~~~~^^^^^^^^^
  File "/Users/amirxon/Desktop/ChaqmoqApp/venv/lib/python3.14/site-packages/django/template/base.py", line 163, in _render
    return self.nodelist.render(context)
           ~~~~~~~~~~~~~~~~~~~~^^^^^^^^^
  File "/Users/amirxon/Desktop/ChaqmoqApp/venv/lib/python3.14/site-packages/django/template/base.py", line 1000, in render
    return SafeString("".join([node.render_annotated(context) for node in self]))
                               ~~~~~~~~~~~~~~~~~~~~~^^^^^^^^^
  File "/Users/amirxon/Desktop/ChaqmoqApp/venv/lib/python3.14/site-packages/django/template/base.py", line 961, in render_annotated
    return self.render(context)
           ~~~~~~~~~~~^^^^^^^^^
  File "/Users/amirxon/Desktop/ChaqmoqApp/venv/lib/python3.14/site-packages/django/template/loader_tags.py", line 159, in render
    return compiled_parent._render(context)
           ~~~~~~~~~~~~~~~~~~~~~~~^^^^^^^^^
  File "/Users/amirxon/Desktop/ChaqmoqApp/venv/lib/python3.14/site-packages/django/template/base.py", line 163, in _render
    return self.nodelist.render(context)
           ~~~~~~~~~~~~~~~~~~~~^^^^^^^^^
  File "/Users/amirxon/Desktop/ChaqmoqApp/venv/lib/python3.14/site-packages/django/template/base.py", line 1000, in render
    return SafeString("".join([node.render_annotated(context) for node in self]))
                               ~~~~~~~~~~~~~~~~~~~~~^^^^^^^^^
  File "/Users/amirxon/Desktop/ChaqmoqApp/venv/lib/python3.14/site-packages/django/template/base.py", line 961, in render_annotated
    return self.render(context)
           ~~~~~~~~~~~^^^^^^^^^
  File "/Users/amirxon/Desktop/ChaqmoqApp/venv/lib/python3.14/site-packages/django/template/loader_tags.py", line 65, in render
    result = block.nodelist.render(context)
  File "/Users/amirxon/Desktop/ChaqmoqApp/venv/lib/python3.14/site-packages/django/template/base.py", line 1000, in render
    return SafeString("".join([node.render_annotated(context) for node in self]))
                               ~~~~~~~~~~~~~~~~~~~~~^^^^^^^^^
  File "/Users/amirxon/Desktop/ChaqmoqApp/venv/lib/python3.14/site-packages/django/template/base.py", line 961, in render_annotated
    return self.render(context)
           ~~~~~~~~~~~^^^^^^^^^
  File "/Users/amirxon/Desktop/ChaqmoqApp/venv/lib/python3.14/site-packages/django/template/loader_tags.py", line 65, in render
    result = block.nodelist.render(context)
  File "/Users/amirxon/Desktop/ChaqmoqApp/venv/lib/python3.14/site-packages/django/template/base.py", line 1000, in render
    return SafeString("".join([node.render_annotated(context) for node in self]))
                               ~~~~~~~~~~~~~~~~~~~~~^^^^^^^^^
  File "/Users/amirxon/Desktop/ChaqmoqApp/venv/lib/python3.14/site-packages/django/template/base.py", line 961, in render_annotated
    return self.render(context)
           ~~~~~~~~~~~^^^^^^^^^
  File "/Users/amirxon/Desktop/ChaqmoqApp/venv/lib/python3.14/site-packages/django/template/loader_tags.py", line 65, in render
    result = block.nodelist.render(context)
  File "/Users/amirxon/Desktop/ChaqmoqApp/venv/lib/python3.14/site-packages/django/template/base.py", line 1000, in render
    return SafeString("".join([node.render_annotated(context) for node in self]))
                               ~~~~~~~~~~~~~~~~~~~~~^^^^^^^^^
  File "/Users/amirxon/Desktop/ChaqmoqApp/venv/lib/python3.14/site-packages/django/template/base.py", line 961, in render_annotated
    return self.render(context)
           ~~~~~~~~~~~^^^^^^^^^
  File "/Users/amirxon/Desktop/ChaqmoqApp/venv/lib/python3.14/site-packages/django/contrib/admin/templatetags/base.py", line 45, in render
    return super().render(context)
           ~~~~~~~~~~~~~~^^^^^^^^^
  File "/Users/amirxon/Desktop/ChaqmoqApp/venv/lib/python3.14/site-packages/django/template/library.py", line 271, in render
    new_context = context.new(_dict)
  File "/Users/amirxon/Desktop/ChaqmoqApp/venv/lib/python3.14/site-packages/django/template/context.py", line 273, in new
    new_context = super().new(values)
  File "/Users/amirxon/Desktop/ChaqmoqApp/venv/lib/python3.14/site-packages/django/template/context.py", line 110, in new
    new_context = copy(self)
  File "/Library/Frameworks/Python.framework/Versions/3.14/lib/python3.14/copy.py", line 82, in copy
    return copier(x)
  File "/Users/amirxon/Desktop/ChaqmoqApp/venv/lib/python3.14/site-packages/django/template/context.py", line 158, in __copy__
    duplicate = super().__copy__()
  File "/Users/amirxon/Desktop/ChaqmoqApp/venv/lib/python3.14/site-packages/django/template/context.py", line 39, in __copy__
    duplicate.dicts = self.dicts[:]
    ^^^^^^^^^^^^^^^
AttributeError: 'super' object has no attribute 'dicts' and no __dict__ for setting new attributes
Internal Server Error: /admin/store/leadstatus/add/
Traceback (most recent call last):
  File "/Users/amirxon/Desktop/ChaqmoqApp/venv/lib/python3.14/site-packages/django/core/handlers/exception.py", line 55, in inner
    response = get_response(request)
  File "/Users/amirxon/Desktop/ChaqmoqApp/venv/lib/python3.14/site-packages/django/core/handlers/base.py", line 220, in _get_response
    response = response.render()
  File "/Users/amirxon/Desktop/ChaqmoqApp/venv/lib/python3.14/site-packages/django/template/response.py", line 114, in render
    self.content = self.rendered_content
                   ^^^^^^^^^^^^^^^^^^^^^
  File "/Users/amirxon/Desktop/ChaqmoqApp/venv/lib/python3.14/site-packages/django/template/response.py", line 92, in rendered_content
    return template.render(context, self._request)
           ~~~~~~~~~~~~~~~^^^^^^^^^^^^^^^^^^^^^^^^
  File "/Users/amirxon/Desktop/ChaqmoqApp/venv/lib/python3.14/site-packages/django/template/backends/django.py", line 61, in render
    return self.template.render(context)
           ~~~~~~~~~~~~~~~~~~~~^^^^^^^^^
  File "/Users/amirxon/Desktop/ChaqmoqApp/venv/lib/python3.14/site-packages/django/template/base.py", line 171, in render
    return self._render(context)
           ~~~~~~~~~~~~^^^^^^^^^
  File "/Users/amirxon/Desktop/ChaqmoqApp/venv/lib/python3.14/site-packages/django/template/base.py", line 163, in _render
    return self.nodelist.render(context)
           ~~~~~~~~~~~~~~~~~~~~^^^^^^^^^
  File "/Users/amirxon/Desktop/ChaqmoqApp/venv/lib/python3.14/site-packages/django/template/base.py", line 1000, in render
    return SafeString("".join([node.render_annotated(context) for node in self]))
                               ~~~~~~~~~~~~~~~~~~~~~^^^^^^^^^
  File "/Users/amirxon/Desktop/ChaqmoqApp/venv/lib/python3.14/site-packages/django/template/base.py", line 961, in render_annotated
    return self.render(context)
           ~~~~~~~~~~~^^^^^^^^^
  File "/Users/amirxon/Desktop/ChaqmoqApp/venv/lib/python3.14/site-packages/django/template/loader_tags.py", line 159, in render
    return compiled_parent._render(context)
           ~~~~~~~~~~~~~~~~~~~~~~~^^^^^^^^^
  File "/Users/amirxon/Desktop/ChaqmoqApp/venv/lib/python3.14/site-packages/django/template/base.py", line 163, in _render
    return self.nodelist.render(context)
           ~~~~~~~~~~~~~~~~~~~~^^^^^^^^^
  File "/Users/amirxon/Desktop/ChaqmoqApp/venv/lib/python3.14/site-packages/django/template/base.py", line 1000, in render
    return SafeString("".join([node.render_annotated(context) for node in self]))
                               ~~~~~~~~~~~~~~~~~~~~~^^^^^^^^^
  File "/Users/amirxon/Desktop/ChaqmoqApp/venv/lib/python3.14/site-packages/django/template/base.py", line 961, in render_annotated
    return self.render(context)
           ~~~~~~~~~~~^^^^^^^^^
  File "/Users/amirxon/Desktop/ChaqmoqApp/venv/lib/python3.14/site-packages/django/template/loader_tags.py", line 159, in render
    return compiled_parent._render(context)
           ~~~~~~~~~~~~~~~~~~~~~~~^^^^^^^^^
  File "/Users/amirxon/Desktop/ChaqmoqApp/venv/lib/python3.14/site-packages/django/template/base.py", line 163, in _render
    return self.nodelist.render(context)
           ~~~~~~~~~~~~~~~~~~~~^^^^^^^^^
  File "/Users/amirxon/Desktop/ChaqmoqApp/venv/lib/python3.14/site-packages/django/template/base.py", line 1000, in render
    return SafeString("".join([node.render_annotated(context) for node in self]))
                               ~~~~~~~~~~~~~~~~~~~~~^^^^^^^^^
  File "/Users/amirxon/Desktop/ChaqmoqApp/venv/lib/python3.14/site-packages/django/template/base.py", line 961, in render_annotated
    return self.render(context)
           ~~~~~~~~~~~^^^^^^^^^
  File "/Users/amirxon/Desktop/ChaqmoqApp/venv/lib/python3.14/site-packages/django/template/loader_tags.py", line 65, in render
    result = block.nodelist.render(context)
  File "/Users/amirxon/Desktop/ChaqmoqApp/venv/lib/python3.14/site-packages/django/template/base.py", line 1000, in render
    return SafeString("".join([node.render_annotated(context) for node in self]))
                               ~~~~~~~~~~~~~~~~~~~~~^^^^^^^^^
  File "/Users/amirxon/Desktop/ChaqmoqApp/venv/lib/python3.14/site-packages/django/template/base.py", line 961, in render_annotated
    return self.render(context)
           ~~~~~~~~~~~^^^^^^^^^
  File "/Users/amirxon/Desktop/ChaqmoqApp/venv/lib/python3.14/site-packages/django/template/loader_tags.py", line 65, in render
    result = block.nodelist.render(context)
  File "/Users/amirxon/Desktop/ChaqmoqApp/venv/lib/python3.14/site-packages/django/template/base.py", line 1000, in render
    return SafeString("".join([node.render_annotated(context) for node in self]))
                               ~~~~~~~~~~~~~~~~~~~~~^^^^^^^^^
  File "/Users/amirxon/Desktop/ChaqmoqApp/venv/lib/python3.14/site-packages/django/template/base.py", line 961, in render_annotated
    return self.render(context)
           ~~~~~~~~~~~^^^^^^^^^
  File "/Users/amirxon/Desktop/ChaqmoqApp/venv/lib/python3.14/site-packages/django/template/loader_tags.py", line 65, in render
    result = block.nodelist.render(context)
  File "/Users/amirxon/Desktop/ChaqmoqApp/venv/lib/python3.14/site-packages/django/template/base.py", line 1000, in render
    return SafeString("".join([node.render_annotated(context) for node in self]))
                               ~~~~~~~~~~~~~~~~~~~~~^^^^^^^^^
  File "/Users/amirxon/Desktop/ChaqmoqApp/venv/lib/python3.14/site-packages/django/template/base.py", line 961, in render_annotated
    return self.render(context)
           ~~~~~~~~~~~^^^^^^^^^
  File "/Users/amirxon/Desktop/ChaqmoqApp/venv/lib/python3.14/site-packages/django/contrib/admin/templatetags/base.py", line 45, in render
    return super().render(context)
           ~~~~~~~~~~~~~~^^^^^^^^^
  File "/Users/amirxon/Desktop/ChaqmoqApp/venv/lib/python3.14/site-packages/django/template/library.py", line 271, in render
    new_context = context.new(_dict)
  File "/Users/amirxon/Desktop/ChaqmoqApp/venv/lib/python3.14/site-packages/django/template/context.py", line 273, in new
    new_context = super().new(values)
  File "/Users/amirxon/Desktop/ChaqmoqApp/venv/lib/python3.14/site-packages/django/template/context.py", line 110, in new
    new_context = copy(self)
  File "/Library/Frameworks/Python.framework/Versions/3.14/lib/python3.14/copy.py", line 82, in copy
    return copier(x)
  File "/Users/amirxon/Desktop/ChaqmoqApp/venv/lib/python3.14/site-packages/django/template/context.py", line 158, in __copy__
    duplicate = super().__copy__()
  File "/Users/amirxon/Desktop/ChaqmoqApp/venv/lib/python3.14/site-packages/django/template/context.py", line 39, in __copy__
    duplicate.dicts = self.dicts[:]
    ^^^^^^^^^^^^^^^
AttributeError: 'super' object has no attribute 'dicts' and no __dict__ for setting new attributes
Internal Server Error: /admin/store/expense/
Traceback (most recent call last):
  File "/Users/amirxon/Desktop/ChaqmoqApp/venv/lib/python3.14/site-packages/django/core/handlers/exception.py", line 55, in inner
    response = get_response(request)
  File "/Users/amirxon/Desktop/ChaqmoqApp/venv/lib/python3.14/site-packages/django/core/handlers/base.py", line 220, in _get_response
    response = response.render()
  File "/Users/amirxon/Desktop/ChaqmoqApp/venv/lib/python3.14/site-packages/django/template/response.py", line 114, in render
    self.content = self.rendered_content
                   ^^^^^^^^^^^^^^^^^^^^^
  File "/Users/amirxon/Desktop/ChaqmoqApp/venv/lib/python3.14/site-packages/django/template/response.py", line 92, in rendered_content
    return template.render(context, self._request)
           ~~~~~~~~~~~~~~~^^^^^^^^^^^^^^^^^^^^^^^^
  File "/Users/amirxon/Desktop/ChaqmoqApp/venv/lib/python3.14/site-packages/django/template/backends/django.py", line 61, in render
    return self.template.render(context)
           ~~~~~~~~~~~~~~~~~~~~^^^^^^^^^
  File "/Users/amirxon/Desktop/ChaqmoqApp/venv/lib/python3.14/site-packages/django/template/base.py", line 171, in render
    return self._render(context)
           ~~~~~~~~~~~~^^^^^^^^^
  File "/Users/amirxon/Desktop/ChaqmoqApp/venv/lib/python3.14/site-packages/django/template/base.py", line 163, in _render
    return self.nodelist.render(context)
           ~~~~~~~~~~~~~~~~~~~~^^^^^^^^^
  File "/Users/amirxon/Desktop/ChaqmoqApp/venv/lib/python3.14/site-packages/django/template/base.py", line 1000, in render
    return SafeString("".join([node.render_annotated(context) for node in self]))
                               ~~~~~~~~~~~~~~~~~~~~~^^^^^^^^^
  File "/Users/amirxon/Desktop/ChaqmoqApp/venv/lib/python3.14/site-packages/django/template/base.py", line 961, in render_annotated
    return self.render(context)
           ~~~~~~~~~~~^^^^^^^^^
  File "/Users/amirxon/Desktop/ChaqmoqApp/venv/lib/python3.14/site-packages/django/template/loader_tags.py", line 159, in render
    return compiled_parent._render(context)
           ~~~~~~~~~~~~~~~~~~~~~~~^^^^^^^^^
  File "/Users/amirxon/Desktop/ChaqmoqApp/venv/lib/python3.14/site-packages/django/template/base.py", line 163, in _render
    return self.nodelist.render(context)
           ~~~~~~~~~~~~~~~~~~~~^^^^^^^^^
  File "/Users/amirxon/Desktop/ChaqmoqApp/venv/lib/python3.14/site-packages/django/template/base.py", line 1000, in render
    return SafeString("".join([node.render_annotated(context) for node in self]))
                               ~~~~~~~~~~~~~~~~~~~~~^^^^^^^^^
  File "/Users/amirxon/Desktop/ChaqmoqApp/venv/lib/python3.14/site-packages/django/template/base.py", line 961, in render_annotated
    return self.render(context)
           ~~~~~~~~~~~^^^^^^^^^
  File "/Users/amirxon/Desktop/ChaqmoqApp/venv/lib/python3.14/site-packages/django/template/loader_tags.py", line 159, in render
    return compiled_parent._render(context)
           ~~~~~~~~~~~~~~~~~~~~~~~^^^^^^^^^
  File "/Users/amirxon/Desktop/ChaqmoqApp/venv/lib/python3.14/site-packages/django/template/base.py", line 163, in _render
    return self.nodelist.render(context)
           ~~~~~~~~~~~~~~~~~~~~^^^^^^^^^
  File "/Users/amirxon/Desktop/ChaqmoqApp/venv/lib/python3.14/site-packages/django/template/base.py", line 1000, in render
    return SafeString("".join([node.render_annotated(context) for node in self]))
                               ~~~~~~~~~~~~~~~~~~~~~^^^^^^^^^
  File "/Users/amirxon/Desktop/ChaqmoqApp/venv/lib/python3.14/site-packages/django/template/base.py", line 961, in render_annotated
    return self.render(context)
           ~~~~~~~~~~~^^^^^^^^^
  File "/Users/amirxon/Desktop/ChaqmoqApp/venv/lib/python3.14/site-packages/django/template/loader_tags.py", line 65, in render
    result = block.nodelist.render(context)
  File "/Users/amirxon/Desktop/ChaqmoqApp/venv/lib/python3.14/site-packages/django/template/base.py", line 1000, in render
    return SafeString("".join([node.render_annotated(context) for node in self]))
                               ~~~~~~~~~~~~~~~~~~~~~^^^^^^^^^
  File "/Users/amirxon/Desktop/ChaqmoqApp/venv/lib/python3.14/site-packages/django/template/base.py", line 961, in render_annotated
    return self.render(context)
           ~~~~~~~~~~~^^^^^^^^^
  File "/Users/amirxon/Desktop/ChaqmoqApp/venv/lib/python3.14/site-packages/django/template/loader_tags.py", line 65, in render
    result = block.nodelist.render(context)
  File "/Users/amirxon/Desktop/ChaqmoqApp/venv/lib/python3.14/site-packages/django/template/base.py", line 1000, in render
    return SafeString("".join([node.render_annotated(context) for node in self]))
                               ~~~~~~~~~~~~~~~~~~~~~^^^^^^^^^
  File "/Users/amirxon/Desktop/ChaqmoqApp/venv/lib/python3.14/site-packages/django/template/base.py", line 961, in render_annotated
    return self.render(context)
           ~~~~~~~~~~~^^^^^^^^^
  File "/Users/amirxon/Desktop/ChaqmoqApp/venv/lib/python3.14/site-packages/django/template/loader_tags.py", line 65, in render
    result = block.nodelist.render(context)
  File "/Users/amirxon/Desktop/ChaqmoqApp/venv/lib/python3.14/site-packages/django/template/base.py", line 1000, in render
    return SafeString("".join([node.render_annotated(context) for node in self]))
                               ~~~~~~~~~~~~~~~~~~~~~^^^^^^^^^
  File "/Users/amirxon/Desktop/ChaqmoqApp/venv/lib/python3.14/site-packages/django/template/base.py", line 961, in render_annotated
    return self.render(context)
           ~~~~~~~~~~~^^^^^^^^^
  File "/Users/amirxon/Desktop/ChaqmoqApp/venv/lib/python3.14/site-packages/django/template/loader_tags.py", line 65, in render
    result = block.nodelist.render(context)
  File "/Users/amirxon/Desktop/ChaqmoqApp/venv/lib/python3.14/site-packages/django/template/base.py", line 1000, in render
    return SafeString("".join([node.render_annotated(context) for node in self]))
                               ~~~~~~~~~~~~~~~~~~~~~^^^^^^^^^
  File "/Users/amirxon/Desktop/ChaqmoqApp/venv/lib/python3.14/site-packages/django/template/base.py", line 961, in render_annotated
    return self.render(context)
           ~~~~~~~~~~~^^^^^^^^^
  File "/Users/amirxon/Desktop/ChaqmoqApp/venv/lib/python3.14/site-packages/django/template/loader_tags.py", line 65, in render
    result = block.nodelist.render(context)
  File "/Users/amirxon/Desktop/ChaqmoqApp/venv/lib/python3.14/site-packages/django/template/base.py", line 1000, in render
    return SafeString("".join([node.render_annotated(context) for node in self]))
                               ~~~~~~~~~~~~~~~~~~~~~^^^^^^^^^
  File "/Users/amirxon/Desktop/ChaqmoqApp/venv/lib/python3.14/site-packages/django/template/base.py", line 961, in render_annotated
    return self.render(context)
           ~~~~~~~~~~~^^^^^^^^^
  File "/Users/amirxon/Desktop/ChaqmoqApp/venv/lib/python3.14/site-packages/django/contrib/admin/templatetags/base.py", line 45, in render
    return super().render(context)
           ~~~~~~~~~~~~~~^^^^^^^^^
  File "/Users/amirxon/Desktop/ChaqmoqApp/venv/lib/python3.14/site-packages/django/template/library.py", line 271, in render
    new_context = context.new(_dict)
  File "/Users/amirxon/Desktop/ChaqmoqApp/venv/lib/python3.14/site-packages/django/template/context.py", line 273, in new
    new_context = super().new(values)
  File "/Users/amirxon/Desktop/ChaqmoqApp/venv/lib/python3.14/site-packages/django/template/context.py", line 110, in new
    new_context = copy(self)
  File "/Library/Frameworks/Python.framework/Versions/3.14/lib/python3.14/copy.py", line 82, in copy
    return copier(x)
  File "/Users/amirxon/Desktop/ChaqmoqApp/venv/lib/python3.14/site-packages/django/template/context.py", line 158, in __copy__
    duplicate = super().__copy__()
  File "/Users/amirxon/Desktop/ChaqmoqApp/venv/lib/python3.14/site-packages/django/template/context.py", line 39, in __copy__
    duplicate.dicts = self.dicts[:]
    ^^^^^^^^^^^^^^^
AttributeError: 'super' object has no attribute 'dicts' and no __dict__ for setting new attributes
Internal Server Error: /admin/store/expense/
Traceback (most recent call last):
  File "/Users/amirxon/Desktop/ChaqmoqApp/venv/lib/python3.14/site-packages/django/core/handlers/exception.py", line 55, in inner
    response = get_response(request)
  File "/Users/amirxon/Desktop/ChaqmoqApp/venv/lib/python3.14/site-packages/django/core/handlers/base.py", line 220, in _get_response
    response = response.render()
  File "/Users/amirxon/Desktop/ChaqmoqApp/venv/lib/python3.14/site-packages/django/template/response.py", line 114, in render
    self.content = self.rendered_content
                   ^^^^^^^^^^^^^^^^^^^^^
  File "/Users/amirxon/Desktop/ChaqmoqApp/venv/lib/python3.14/site-packages/django/template/response.py", line 92, in rendered_content
    return template.render(context, self._request)
           ~~~~~~~~~~~~~~~^^^^^^^^^^^^^^^^^^^^^^^^
  File "/Users/amirxon/Desktop/ChaqmoqApp/venv/lib/python3.14/site-packages/django/template/backends/django.py", line 61, in render
    return self.template.render(context)
           ~~~~~~~~~~~~~~~~~~~~^^^^^^^^^
  File "/Users/amirxon/Desktop/ChaqmoqApp/venv/lib/python3.14/site-packages/django/template/base.py", line 171, in render
    return self._render(context)
           ~~~~~~~~~~~~^^^^^^^^^
  File "/Users/amirxon/Desktop/ChaqmoqApp/venv/lib/python3.14/site-packages/django/template/base.py", line 163, in _render
    return self.nodelist.render(context)
           ~~~~~~~~~~~~~~~~~~~~^^^^^^^^^
  File "/Users/amirxon/Desktop/ChaqmoqApp/venv/lib/python3.14/site-packages/django/template/base.py", line 1000, in render
    return SafeString("".join([node.render_annotated(context) for node in self]))
                               ~~~~~~~~~~~~~~~~~~~~~^^^^^^^^^
  File "/Users/amirxon/Desktop/ChaqmoqApp/venv/lib/python3.14/site-packages/django/template/base.py", line 961, in render_annotated
    return self.render(context)
           ~~~~~~~~~~~^^^^^^^^^
  File "/Users/amirxon/Desktop/ChaqmoqApp/venv/lib/python3.14/site-packages/django/template/loader_tags.py", line 159, in render
    return compiled_parent._render(context)
           ~~~~~~~~~~~~~~~~~~~~~~~^^^^^^^^^
  File "/Users/amirxon/Desktop/ChaqmoqApp/venv/lib/python3.14/site-packages/django/template/base.py", line 163, in _render
    return self.nodelist.render(context)
           ~~~~~~~~~~~~~~~~~~~~^^^^^^^^^
  File "/Users/amirxon/Desktop/ChaqmoqApp/venv/lib/python3.14/site-packages/django/template/base.py", line 1000, in render
    return SafeString("".join([node.render_annotated(context) for node in self]))
                               ~~~~~~~~~~~~~~~~~~~~~^^^^^^^^^
  File "/Users/amirxon/Desktop/ChaqmoqApp/venv/lib/python3.14/site-packages/django/template/base.py", line 961, in render_annotated
    return self.render(context)
           ~~~~~~~~~~~^^^^^^^^^
  File "/Users/amirxon/Desktop/ChaqmoqApp/venv/lib/python3.14/site-packages/django/template/loader_tags.py", line 159, in render
    return compiled_parent._render(context)
           ~~~~~~~~~~~~~~~~~~~~~~~^^^^^^^^^
  File "/Users/amirxon/Desktop/ChaqmoqApp/venv/lib/python3.14/site-packages/django/template/base.py", line 163, in _render
    return self.nodelist.render(context)
           ~~~~~~~~~~~~~~~~~~~~^^^^^^^^^
  File "/Users/amirxon/Desktop/ChaqmoqApp/venv/lib/python3.14/site-packages/django/template/base.py", line 1000, in render
    return SafeString("".join([node.render_annotated(context) for node in self]))
                               ~~~~~~~~~~~~~~~~~~~~~^^^^^^^^^
  File "/Users/amirxon/Desktop/ChaqmoqApp/venv/lib/python3.14/site-packages/django/template/base.py", line 961, in render_annotated
    return self.render(context)
           ~~~~~~~~~~~^^^^^^^^^
  File "/Users/amirxon/Desktop/ChaqmoqApp/venv/lib/python3.14/site-packages/django/template/loader_tags.py", line 65, in render
    result = block.nodelist.render(context)
  File "/Users/amirxon/Desktop/ChaqmoqApp/venv/lib/python3.14/site-packages/django/template/base.py", line 1000, in render
    return SafeString("".join([node.render_annotated(context) for node in self]))
                               ~~~~~~~~~~~~~~~~~~~~~^^^^^^^^^
  File "/Users/amirxon/Desktop/ChaqmoqApp/venv/lib/python3.14/site-packages/django/template/base.py", line 961, in render_annotated
    return self.render(context)
           ~~~~~~~~~~~^^^^^^^^^
  File "/Users/amirxon/Desktop/ChaqmoqApp/venv/lib/python3.14/site-packages/django/template/loader_tags.py", line 65, in render
    result = block.nodelist.render(context)
  File "/Users/amirxon/Desktop/ChaqmoqApp/venv/lib/python3.14/site-packages/django/template/base.py", line 1000, in render
    return SafeString("".join([node.render_annotated(context) for node in self]))
                               ~~~~~~~~~~~~~~~~~~~~~^^^^^^^^^
  File "/Users/amirxon/Desktop/ChaqmoqApp/venv/lib/python3.14/site-packages/django/template/base.py", line 961, in render_annotated
    return self.render(context)
           ~~~~~~~~~~~^^^^^^^^^
  File "/Users/amirxon/Desktop/ChaqmoqApp/venv/lib/python3.14/site-packages/django/template/loader_tags.py", line 65, in render
    result = block.nodelist.render(context)
  File "/Users/amirxon/Desktop/ChaqmoqApp/venv/lib/python3.14/site-packages/django/template/base.py", line 1000, in render
    return SafeString("".join([node.render_annotated(context) for node in self]))
                               ~~~~~~~~~~~~~~~~~~~~~^^^^^^^^^
  File "/Users/amirxon/Desktop/ChaqmoqApp/venv/lib/python3.14/site-packages/django/template/base.py", line 961, in render_annotated
    return self.render(context)
           ~~~~~~~~~~~^^^^^^^^^
  File "/Users/amirxon/Desktop/ChaqmoqApp/venv/lib/python3.14/site-packages/django/template/loader_tags.py", line 65, in render
    result = block.nodelist.render(context)
  File "/Users/amirxon/Desktop/ChaqmoqApp/venv/lib/python3.14/site-packages/django/template/base.py", line 1000, in render
    return SafeString("".join([node.render_annotated(context) for node in self]))
                               ~~~~~~~~~~~~~~~~~~~~~^^^^^^^^^
  File "/Users/amirxon/Desktop/ChaqmoqApp/venv/lib/python3.14/site-packages/django/template/base.py", line 961, in render_annotated
    return self.render(context)
           ~~~~~~~~~~~^^^^^^^^^
  File "/Users/amirxon/Desktop/ChaqmoqApp/venv/lib/python3.14/site-packages/django/template/loader_tags.py", line 65, in render
    result = block.nodelist.render(context)
  File "/Users/amirxon/Desktop/ChaqmoqApp/venv/lib/python3.14/site-packages/django/template/base.py", line 1000, in render
    return SafeString("".join([node.render_annotated(context) for node in self]))
                               ~~~~~~~~~~~~~~~~~~~~~^^^^^^^^^
  File "/Users/amirxon/Desktop/ChaqmoqApp/venv/lib/python3.14/site-packages/django/template/base.py", line 961, in render_annotated
    return self.render(context)
           ~~~~~~~~~~~^^^^^^^^^
  File "/Users/amirxon/Desktop/ChaqmoqApp/venv/lib/python3.14/site-packages/django/contrib/admin/templatetags/base.py", line 45, in render
    return super().render(context)
           ~~~~~~~~~~~~~~^^^^^^^^^
  File "/Users/amirxon/Desktop/ChaqmoqApp/venv/lib/python3.14/site-packages/django/template/library.py", line 271, in render
    new_context = context.new(_dict)
  File "/Users/amirxon/Desktop/ChaqmoqApp/venv/lib/python3.14/site-packages/django/template/context.py", line 273, in new
    new_context = super().new(values)
  File "/Users/amirxon/Desktop/ChaqmoqApp/venv/lib/python3.14/site-packages/django/template/context.py", line 110, in new
    new_context = copy(self)
  File "/Library/Frameworks/Python.framework/Versions/3.14/lib/python3.14/copy.py", line 82, in copy
    return copier(x)
  File "/Users/amirxon/Desktop/ChaqmoqApp/venv/lib/python3.14/site-packages/django/template/context.py", line 158, in __copy__
    duplicate = super().__copy__()
  File "/Users/amirxon/Desktop/ChaqmoqApp/venv/lib/python3.14/site-packages/django/template/context.py", line 39, in __copy__
    duplicate.dicts = self.dicts[:]
    ^^^^^^^^^^^^^^^
AttributeError: 'super' object has no attribute 'dicts' and no __dict__ for setting new attributes
Internal Server Error: /admin/store/expense/add/
Traceback (most recent call last):
  File "/Users/amirxon/Desktop/ChaqmoqApp/venv/lib/python3.14/site-packages/django/core/handlers/exception.py", line 55, in inner
    response = get_response(request)
  File "/Users/amirxon/Desktop/ChaqmoqApp/venv/lib/python3.14/site-packages/django/core/handlers/base.py", line 220, in _get_response
    response = response.render()
  File "/Users/amirxon/Desktop/ChaqmoqApp/venv/lib/python3.14/site-packages/django/template/response.py", line 114, in render
    self.content = self.rendered_content
                   ^^^^^^^^^^^^^^^^^^^^^
  File "/Users/amirxon/Desktop/ChaqmoqApp/venv/lib/python3.14/site-packages/django/template/response.py", line 92, in rendered_content
    return template.render(context, self._request)
           ~~~~~~~~~~~~~~~^^^^^^^^^^^^^^^^^^^^^^^^
  File "/Users/amirxon/Desktop/ChaqmoqApp/venv/lib/python3.14/site-packages/django/template/backends/django.py", line 61, in render
    return self.template.render(context)
           ~~~~~~~~~~~~~~~~~~~~^^^^^^^^^
  File "/Users/amirxon/Desktop/ChaqmoqApp/venv/lib/python3.14/site-packages/django/template/base.py", line 171, in render
    return self._render(context)
           ~~~~~~~~~~~~^^^^^^^^^
  File "/Users/amirxon/Desktop/ChaqmoqApp/venv/lib/python3.14/site-packages/django/template/base.py", line 163, in _render
    return self.nodelist.render(context)
           ~~~~~~~~~~~~~~~~~~~~^^^^^^^^^
  File "/Users/amirxon/Desktop/ChaqmoqApp/venv/lib/python3.14/site-packages/django/template/base.py", line 1000, in render
    return SafeString("".join([node.render_annotated(context) for node in self]))
                               ~~~~~~~~~~~~~~~~~~~~~^^^^^^^^^
  File "/Users/amirxon/Desktop/ChaqmoqApp/venv/lib/python3.14/site-packages/django/template/base.py", line 961, in render_annotated
    return self.render(context)
           ~~~~~~~~~~~^^^^^^^^^
  File "/Users/amirxon/Desktop/ChaqmoqApp/venv/lib/python3.14/site-packages/django/template/loader_tags.py", line 159, in render
    return compiled_parent._render(context)
           ~~~~~~~~~~~~~~~~~~~~~~~^^^^^^^^^
  File "/Users/amirxon/Desktop/ChaqmoqApp/venv/lib/python3.14/site-packages/django/template/base.py", line 163, in _render
    return self.nodelist.render(context)
           ~~~~~~~~~~~~~~~~~~~~^^^^^^^^^
  File "/Users/amirxon/Desktop/ChaqmoqApp/venv/lib/python3.14/site-packages/django/template/base.py", line 1000, in render
    return SafeString("".join([node.render_annotated(context) for node in self]))
                               ~~~~~~~~~~~~~~~~~~~~~^^^^^^^^^
  File "/Users/amirxon/Desktop/ChaqmoqApp/venv/lib/python3.14/site-packages/django/template/base.py", line 961, in render_annotated
    return self.render(context)
           ~~~~~~~~~~~^^^^^^^^^
  File "/Users/amirxon/Desktop/ChaqmoqApp/venv/lib/python3.14/site-packages/django/template/loader_tags.py", line 159, in render
    return compiled_parent._render(context)
           ~~~~~~~~~~~~~~~~~~~~~~~^^^^^^^^^
  File "/Users/amirxon/Desktop/ChaqmoqApp/venv/lib/python3.14/site-packages/django/template/base.py", line 163, in _render
    return self.nodelist.render(context)
           ~~~~~~~~~~~~~~~~~~~~^^^^^^^^^
  File "/Users/amirxon/Desktop/ChaqmoqApp/venv/lib/python3.14/site-packages/django/template/base.py", line 1000, in render
    return SafeString("".join([node.render_annotated(context) for node in self]))
                               ~~~~~~~~~~~~~~~~~~~~~^^^^^^^^^
  File "/Users/amirxon/Desktop/ChaqmoqApp/venv/lib/python3.14/site-packages/django/template/base.py", line 961, in render_annotated
    return self.render(context)
           ~~~~~~~~~~~^^^^^^^^^
  File "/Users/amirxon/Desktop/ChaqmoqApp/venv/lib/python3.14/site-packages/django/template/loader_tags.py", line 65, in render
    result = block.nodelist.render(context)
  File "/Users/amirxon/Desktop/ChaqmoqApp/venv/lib/python3.14/site-packages/django/template/base.py", line 1000, in render
    return SafeString("".join([node.render_annotated(context) for node in self]))
                               ~~~~~~~~~~~~~~~~~~~~~^^^^^^^^^
  File "/Users/amirxon/Desktop/ChaqmoqApp/venv/lib/python3.14/site-packages/django/template/base.py", line 961, in render_annotated
    return self.render(context)
           ~~~~~~~~~~~^^^^^^^^^
  File "/Users/amirxon/Desktop/ChaqmoqApp/venv/lib/python3.14/site-packages/django/template/loader_tags.py", line 65, in render
    result = block.nodelist.render(context)
  File "/Users/amirxon/Desktop/ChaqmoqApp/venv/lib/python3.14/site-packages/django/template/base.py", line 1000, in render
    return SafeString("".join([node.render_annotated(context) for node in self]))
                               ~~~~~~~~~~~~~~~~~~~~~^^^^^^^^^
  File "/Users/amirxon/Desktop/ChaqmoqApp/venv/lib/python3.14/site-packages/django/template/base.py", line 961, in render_annotated
    return self.render(context)
           ~~~~~~~~~~~^^^^^^^^^
  File "/Users/amirxon/Desktop/ChaqmoqApp/venv/lib/python3.14/site-packages/django/template/loader_tags.py", line 65, in render
    result = block.nodelist.render(context)
  File "/Users/amirxon/Desktop/ChaqmoqApp/venv/lib/python3.14/site-packages/django/template/base.py", line 1000, in render
    return SafeString("".join([node.render_annotated(context) for node in self]))
                               ~~~~~~~~~~~~~~~~~~~~~^^^^^^^^^
  File "/Users/amirxon/Desktop/ChaqmoqApp/venv/lib/python3.14/site-packages/django/template/base.py", line 961, in render_annotated
    return self.render(context)
           ~~~~~~~~~~~^^^^^^^^^
  File "/Users/amirxon/Desktop/ChaqmoqApp/venv/lib/python3.14/site-packages/django/contrib/admin/templatetags/base.py", line 45, in render
    return super().render(context)
           ~~~~~~~~~~~~~~^^^^^^^^^
  File "/Users/amirxon/Desktop/ChaqmoqApp/venv/lib/python3.14/site-packages/django/template/library.py", line 271, in render
    new_context = context.new(_dict)
  File "/Users/amirxon/Desktop/ChaqmoqApp/venv/lib/python3.14/site-packages/django/template/context.py", line 273, in new
    new_context = super().new(values)
  File "/Users/amirxon/Desktop/ChaqmoqApp/venv/lib/python3.14/site-packages/django/template/context.py", line 110, in new
    new_context = copy(self)
  File "/Library/Frameworks/Python.framework/Versions/3.14/lib/python3.14/copy.py", line 82, in copy
    return copier(x)
  File "/Users/amirxon/Desktop/ChaqmoqApp/venv/lib/python3.14/site-packages/django/template/context.py", line 158, in __copy__
    duplicate = super().__copy__()
  File "/Users/amirxon/Desktop/ChaqmoqApp/venv/lib/python3.14/site-packages/django/template/context.py", line 39, in __copy__
    duplicate.dicts = self.dicts[:]
    ^^^^^^^^^^^^^^^
AttributeError: 'super' object has no attribute 'dicts' and no __dict__ for setting new attributes
Internal Server Error: /admin/store/expense/add/
Traceback (most recent call last):
  File "/Users/amirxon/Desktop/ChaqmoqApp/venv/lib/python3.14/site-packages/django/core/handlers/exception.py", line 55, in inner
    response = get_response(request)
  File "/Users/amirxon/Desktop/ChaqmoqApp/venv/lib/python3.14/site-packages/django/core/handlers/base.py", line 220, in _get_response
    response = response.render()
  File "/Users/amirxon/Desktop/ChaqmoqApp/venv/lib/python3.14/site-packages/django/template/response.py", line 114, in render
    self.content = self.rendered_content
                   ^^^^^^^^^^^^^^^^^^^^^
  File "/Users/amirxon/Desktop/ChaqmoqApp/venv/lib/python3.14/site-packages/django/template/response.py", line 92, in rendered_content
    return template.render(context, self._request)
           ~~~~~~~~~~~~~~~^^^^^^^^^^^^^^^^^^^^^^^^
  File "/Users/amirxon/Desktop/ChaqmoqApp/venv/lib/python3.14/site-packages/django/template/backends/django.py", line 61, in render
    return self.template.render(context)
           ~~~~~~~~~~~~~~~~~~~~^^^^^^^^^
  File "/Users/amirxon/Desktop/ChaqmoqApp/venv/lib/python3.14/site-packages/django/template/base.py", line 171, in render
    return self._render(context)
           ~~~~~~~~~~~~^^^^^^^^^
  File "/Users/amirxon/Desktop/ChaqmoqApp/venv/lib/python3.14/site-packages/django/template/base.py", line 163, in _render
    return self.nodelist.render(context)
           ~~~~~~~~~~~~~~~~~~~~^^^^^^^^^
  File "/Users/amirxon/Desktop/ChaqmoqApp/venv/lib/python3.14/site-packages/django/template/base.py", line 1000, in render
    return SafeString("".join([node.render_annotated(context) for node in self]))
                               ~~~~~~~~~~~~~~~~~~~~~^^^^^^^^^
  File "/Users/amirxon/Desktop/ChaqmoqApp/venv/lib/python3.14/site-packages/django/template/base.py", line 961, in render_annotated
    return self.render(context)
           ~~~~~~~~~~~^^^^^^^^^
  File "/Users/amirxon/Desktop/ChaqmoqApp/venv/lib/python3.14/site-packages/django/template/loader_tags.py", line 159, in render
    return compiled_parent._render(context)
           ~~~~~~~~~~~~~~~~~~~~~~~^^^^^^^^^
  File "/Users/amirxon/Desktop/ChaqmoqApp/venv/lib/python3.14/site-packages/django/template/base.py", line 163, in _render
    return self.nodelist.render(context)
           ~~~~~~~~~~~~~~~~~~~~^^^^^^^^^
  File "/Users/amirxon/Desktop/ChaqmoqApp/venv/lib/python3.14/site-packages/django/template/base.py", line 1000, in render
    return SafeString("".join([node.render_annotated(context) for node in self]))
                               ~~~~~~~~~~~~~~~~~~~~~^^^^^^^^^
  File "/Users/amirxon/Desktop/ChaqmoqApp/venv/lib/python3.14/site-packages/django/template/base.py", line 961, in render_annotated
    return self.render(context)
           ~~~~~~~~~~~^^^^^^^^^
  File "/Users/amirxon/Desktop/ChaqmoqApp/venv/lib/python3.14/site-packages/django/template/loader_tags.py", line 159, in render
    return compiled_parent._render(context)
           ~~~~~~~~~~~~~~~~~~~~~~~^^^^^^^^^
  File "/Users/amirxon/Desktop/ChaqmoqApp/venv/lib/python3.14/site-packages/django/template/base.py", line 163, in _render
    return self.nodelist.render(context)
           ~~~~~~~~~~~~~~~~~~~~^^^^^^^^^
  File "/Users/amirxon/Desktop/ChaqmoqApp/venv/lib/python3.14/site-packages/django/template/base.py", line 1000, in render
    return SafeString("".join([node.render_annotated(context) for node in self]))
                               ~~~~~~~~~~~~~~~~~~~~~^^^^^^^^^
  File "/Users/amirxon/Desktop/ChaqmoqApp/venv/lib/python3.14/site-packages/django/template/base.py", line 961, in render_annotated
    return self.render(context)
           ~~~~~~~~~~~^^^^^^^^^
  File "/Users/amirxon/Desktop/ChaqmoqApp/venv/lib/python3.14/site-packages/django/template/loader_tags.py", line 65, in render
    result = block.nodelist.render(context)
  File "/Users/amirxon/Desktop/ChaqmoqApp/venv/lib/python3.14/site-packages/django/template/base.py", line 1000, in render
    return SafeString("".join([node.render_annotated(context) for node in self]))
                               ~~~~~~~~~~~~~~~~~~~~~^^^^^^^^^
  File "/Users/amirxon/Desktop/ChaqmoqApp/venv/lib/python3.14/site-packages/django/template/base.py", line 961, in render_annotated
    return self.render(context)
           ~~~~~~~~~~~^^^^^^^^^
  File "/Users/amirxon/Desktop/ChaqmoqApp/venv/lib/python3.14/site-packages/django/template/loader_tags.py", line 65, in render
    result = block.nodelist.render(context)
  File "/Users/amirxon/Desktop/ChaqmoqApp/venv/lib/python3.14/site-packages/django/template/base.py", line 1000, in render
    return SafeString("".join([node.render_annotated(context) for node in self]))
                               ~~~~~~~~~~~~~~~~~~~~~^^^^^^^^^
  File "/Users/amirxon/Desktop/ChaqmoqApp/venv/lib/python3.14/site-packages/django/template/base.py", line 961, in render_annotated
    return self.render(context)
           ~~~~~~~~~~~^^^^^^^^^
  File "/Users/amirxon/Desktop/ChaqmoqApp/venv/lib/python3.14/site-packages/django/template/loader_tags.py", line 65, in render
    result = block.nodelist.render(context)
  File "/Users/amirxon/Desktop/ChaqmoqApp/venv/lib/python3.14/site-packages/django/template/base.py", line 1000, in render
    return SafeString("".join([node.render_annotated(context) for node in self]))
                               ~~~~~~~~~~~~~~~~~~~~~^^^^^^^^^
  File "/Users/amirxon/Desktop/ChaqmoqApp/venv/lib/python3.14/site-packages/django/template/base.py", line 961, in render_annotated
    return self.render(context)
           ~~~~~~~~~~~^^^^^^^^^
  File "/Users/amirxon/Desktop/ChaqmoqApp/venv/lib/python3.14/site-packages/django/contrib/admin/templatetags/base.py", line 45, in render
    return super().render(context)
           ~~~~~~~~~~~~~~^^^^^^^^^
  File "/Users/amirxon/Desktop/ChaqmoqApp/venv/lib/python3.14/site-packages/django/template/library.py", line 271, in render
    new_context = context.new(_dict)
  File "/Users/amirxon/Desktop/ChaqmoqApp/venv/lib/python3.14/site-packages/django/template/context.py", line 273, in new
    new_context = super().new(values)
  File "/Users/amirxon/Desktop/ChaqmoqApp/venv/lib/python3.14/site-packages/django/template/context.py", line 110, in new
    new_context = copy(self)
  File "/Library/Frameworks/Python.framework/Versions/3.14/lib/python3.14/copy.py", line 82, in copy
    return copier(x)
  File "/Users/amirxon/Desktop/ChaqmoqApp/venv/lib/python3.14/site-packages/django/template/context.py", line 158, in __copy__
    duplicate = super().__copy__()
  File "/Users/amirxon/Desktop/ChaqmoqApp/venv/lib/python3.14/site-packages/django/template/context.py", line 39, in __copy__
    duplicate.dicts = self.dicts[:]
    ^^^^^^^^^^^^^^^
AttributeError: 'super' object has no attribute 'dicts' and no __dict__ for setting new attributes
Internal Server Error: /admin/billing/planfeature/
Traceback (most recent call last):
  File "/Users/amirxon/Desktop/ChaqmoqApp/venv/lib/python3.14/site-packages/django/core/handlers/exception.py", line 55, in inner
    response = get_response(request)
  File "/Users/amirxon/Desktop/ChaqmoqApp/venv/lib/python3.14/site-packages/django/core/handlers/base.py", line 220, in _get_response
    response = response.render()
  File "/Users/amirxon/Desktop/ChaqmoqApp/venv/lib/python3.14/site-packages/django/template/response.py", line 114, in render
    self.content = self.rendered_content
                   ^^^^^^^^^^^^^^^^^^^^^
  File "/Users/amirxon/Desktop/ChaqmoqApp/venv/lib/python3.14/site-packages/django/template/response.py", line 92, in rendered_content
    return template.render(context, self._request)
           ~~~~~~~~~~~~~~~^^^^^^^^^^^^^^^^^^^^^^^^
  File "/Users/amirxon/Desktop/ChaqmoqApp/venv/lib/python3.14/site-packages/django/template/backends/django.py", line 61, in render
    return self.template.render(context)
           ~~~~~~~~~~~~~~~~~~~~^^^^^^^^^
  File "/Users/amirxon/Desktop/ChaqmoqApp/venv/lib/python3.14/site-packages/django/template/base.py", line 171, in render
    return self._render(context)
           ~~~~~~~~~~~~^^^^^^^^^
  File "/Users/amirxon/Desktop/ChaqmoqApp/venv/lib/python3.14/site-packages/django/template/base.py", line 163, in _render
    return self.nodelist.render(context)
           ~~~~~~~~~~~~~~~~~~~~^^^^^^^^^
  File "/Users/amirxon/Desktop/ChaqmoqApp/venv/lib/python3.14/site-packages/django/template/base.py", line 1000, in render
    return SafeString("".join([node.render_annotated(context) for node in self]))
                               ~~~~~~~~~~~~~~~~~~~~~^^^^^^^^^
  File "/Users/amirxon/Desktop/ChaqmoqApp/venv/lib/python3.14/site-packages/django/template/base.py", line 961, in render_annotated
    return self.render(context)
           ~~~~~~~~~~~^^^^^^^^^
  File "/Users/amirxon/Desktop/ChaqmoqApp/venv/lib/python3.14/site-packages/django/template/loader_tags.py", line 159, in render
    return compiled_parent._render(context)
           ~~~~~~~~~~~~~~~~~~~~~~~^^^^^^^^^
  File "/Users/amirxon/Desktop/ChaqmoqApp/venv/lib/python3.14/site-packages/django/template/base.py", line 163, in _render
    return self.nodelist.render(context)
           ~~~~~~~~~~~~~~~~~~~~^^^^^^^^^
  File "/Users/amirxon/Desktop/ChaqmoqApp/venv/lib/python3.14/site-packages/django/template/base.py", line 1000, in render
    return SafeString("".join([node.render_annotated(context) for node in self]))
                               ~~~~~~~~~~~~~~~~~~~~~^^^^^^^^^
  File "/Users/amirxon/Desktop/ChaqmoqApp/venv/lib/python3.14/site-packages/django/template/base.py", line 961, in render_annotated
    return self.render(context)
           ~~~~~~~~~~~^^^^^^^^^
  File "/Users/amirxon/Desktop/ChaqmoqApp/venv/lib/python3.14/site-packages/django/template/loader_tags.py", line 159, in render
    return compiled_parent._render(context)
           ~~~~~~~~~~~~~~~~~~~~~~~^^^^^^^^^
  File "/Users/amirxon/Desktop/ChaqmoqApp/venv/lib/python3.14/site-packages/django/template/base.py", line 163, in _render
    return self.nodelist.render(context)
           ~~~~~~~~~~~~~~~~~~~~^^^^^^^^^
  File "/Users/amirxon/Desktop/ChaqmoqApp/venv/lib/python3.14/site-packages/django/template/base.py", line 1000, in render
    return SafeString("".join([node.render_annotated(context) for node in self]))
                               ~~~~~~~~~~~~~~~~~~~~~^^^^^^^^^
  File "/Users/amirxon/Desktop/ChaqmoqApp/venv/lib/python3.14/site-packages/django/template/base.py", line 961, in render_annotated
    return self.render(context)
           ~~~~~~~~~~~^^^^^^^^^
  File "/Users/amirxon/Desktop/ChaqmoqApp/venv/lib/python3.14/site-packages/django/template/loader_tags.py", line 65, in render
    result = block.nodelist.render(context)
  File "/Users/amirxon/Desktop/ChaqmoqApp/venv/lib/python3.14/site-packages/django/template/base.py", line 1000, in render
    return SafeString("".join([node.render_annotated(context) for node in self]))
                               ~~~~~~~~~~~~~~~~~~~~~^^^^^^^^^
  File "/Users/amirxon/Desktop/ChaqmoqApp/venv/lib/python3.14/site-packages/django/template/base.py", line 961, in render_annotated
    return self.render(context)
           ~~~~~~~~~~~^^^^^^^^^
  File "/Users/amirxon/Desktop/ChaqmoqApp/venv/lib/python3.14/site-packages/django/template/loader_tags.py", line 65, in render
    result = block.nodelist.render(context)
  File "/Users/amirxon/Desktop/ChaqmoqApp/venv/lib/python3.14/site-packages/django/template/base.py", line 1000, in render
    return SafeString("".join([node.render_annotated(context) for node in self]))
                               ~~~~~~~~~~~~~~~~~~~~~^^^^^^^^^
  File "/Users/amirxon/Desktop/ChaqmoqApp/venv/lib/python3.14/site-packages/django/template/base.py", line 961, in render_annotated
    return self.render(context)
           ~~~~~~~~~~~^^^^^^^^^
  File "/Users/amirxon/Desktop/ChaqmoqApp/venv/lib/python3.14/site-packages/django/template/loader_tags.py", line 65, in render
    result = block.nodelist.render(context)
  File "/Users/amirxon/Desktop/ChaqmoqApp/venv/lib/python3.14/site-packages/django/template/base.py", line 1000, in render
    return SafeString("".join([node.render_annotated(context) for node in self]))
                               ~~~~~~~~~~~~~~~~~~~~~^^^^^^^^^
  File "/Users/amirxon/Desktop/ChaqmoqApp/venv/lib/python3.14/site-packages/django/template/base.py", line 961, in render_annotated
    return self.render(context)
           ~~~~~~~~~~~^^^^^^^^^
  File "/Users/amirxon/Desktop/ChaqmoqApp/venv/lib/python3.14/site-packages/django/template/loader_tags.py", line 65, in render
    result = block.nodelist.render(context)
  File "/Users/amirxon/Desktop/ChaqmoqApp/venv/lib/python3.14/site-packages/django/template/base.py", line 1000, in render
    return SafeString("".join([node.render_annotated(context) for node in self]))
                               ~~~~~~~~~~~~~~~~~~~~~^^^^^^^^^
  File "/Users/amirxon/Desktop/ChaqmoqApp/venv/lib/python3.14/site-packages/django/template/base.py", line 961, in render_annotated
    return self.render(context)
           ~~~~~~~~~~~^^^^^^^^^
  File "/Users/amirxon/Desktop/ChaqmoqApp/venv/lib/python3.14/site-packages/django/template/loader_tags.py", line 65, in render
    result = block.nodelist.render(context)
  File "/Users/amirxon/Desktop/ChaqmoqApp/venv/lib/python3.14/site-packages/django/template/base.py", line 1000, in render
    return SafeString("".join([node.render_annotated(context) for node in self]))
                               ~~~~~~~~~~~~~~~~~~~~~^^^^^^^^^
  File "/Users/amirxon/Desktop/ChaqmoqApp/venv/lib/python3.14/site-packages/django/template/base.py", line 961, in render_annotated
    return self.render(context)
           ~~~~~~~~~~~^^^^^^^^^
  File "/Users/amirxon/Desktop/ChaqmoqApp/venv/lib/python3.14/site-packages/django/contrib/admin/templatetags/base.py", line 45, in render
    return super().render(context)
           ~~~~~~~~~~~~~~^^^^^^^^^
  File "/Users/amirxon/Desktop/ChaqmoqApp/venv/lib/python3.14/site-packages/django/template/library.py", line 271, in render
    new_context = context.new(_dict)
  File "/Users/amirxon/Desktop/ChaqmoqApp/venv/lib/python3.14/site-packages/django/template/context.py", line 273, in new
    new_context = super().new(values)
  File "/Users/amirxon/Desktop/ChaqmoqApp/venv/lib/python3.14/site-packages/django/template/context.py", line 110, in new
    new_context = copy(self)
  File "/Library/Frameworks/Python.framework/Versions/3.14/lib/python3.14/copy.py", line 82, in copy
    return copier(x)
  File "/Users/amirxon/Desktop/ChaqmoqApp/venv/lib/python3.14/site-packages/django/template/context.py", line 158, in __copy__
    duplicate = super().__copy__()
  File "/Users/amirxon/Desktop/ChaqmoqApp/venv/lib/python3.14/site-packages/django/template/context.py", line 39, in __copy__
    duplicate.dicts = self.dicts[:]
    ^^^^^^^^^^^^^^^
AttributeError: 'super' object has no attribute 'dicts' and no __dict__ for setting new attributes
Internal Server Error: /admin/billing/planfeature/
Traceback (most recent call last):
  File "/Users/amirxon/Desktop/ChaqmoqApp/venv/lib/python3.14/site-packages/django/core/handlers/exception.py", line 55, in inner
    response = get_response(request)
  File "/Users/amirxon/Desktop/ChaqmoqApp/venv/lib/python3.14/site-packages/django/core/handlers/base.py", line 220, in _get_response
    response = response.render()
  File "/Users/amirxon/Desktop/ChaqmoqApp/venv/lib/python3.14/site-packages/django/template/response.py", line 114, in render
    self.content = self.rendered_content
                   ^^^^^^^^^^^^^^^^^^^^^
  File "/Users/amirxon/Desktop/ChaqmoqApp/venv/lib/python3.14/site-packages/django/template/response.py", line 92, in rendered_content
    return template.render(context, self._request)
           ~~~~~~~~~~~~~~~^^^^^^^^^^^^^^^^^^^^^^^^
  File "/Users/amirxon/Desktop/ChaqmoqApp/venv/lib/python3.14/site-packages/django/template/backends/django.py", line 61, in render
    return self.template.render(context)
           ~~~~~~~~~~~~~~~~~~~~^^^^^^^^^
  File "/Users/amirxon/Desktop/ChaqmoqApp/venv/lib/python3.14/site-packages/django/template/base.py", line 171, in render
    return self._render(context)
           ~~~~~~~~~~~~^^^^^^^^^
  File "/Users/amirxon/Desktop/ChaqmoqApp/venv/lib/python3.14/site-packages/django/template/base.py", line 163, in _render
    return self.nodelist.render(context)
           ~~~~~~~~~~~~~~~~~~~~^^^^^^^^^
  File "/Users/amirxon/Desktop/ChaqmoqApp/venv/lib/python3.14/site-packages/django/template/base.py", line 1000, in render
    return SafeString("".join([node.render_annotated(context) for node in self]))
                               ~~~~~~~~~~~~~~~~~~~~~^^^^^^^^^
  File "/Users/amirxon/Desktop/ChaqmoqApp/venv/lib/python3.14/site-packages/django/template/base.py", line 961, in render_annotated
    return self.render(context)
           ~~~~~~~~~~~^^^^^^^^^
  File "/Users/amirxon/Desktop/ChaqmoqApp/venv/lib/python3.14/site-packages/django/template/loader_tags.py", line 159, in render
    return compiled_parent._render(context)
           ~~~~~~~~~~~~~~~~~~~~~~~^^^^^^^^^
  File "/Users/amirxon/Desktop/ChaqmoqApp/venv/lib/python3.14/site-packages/django/template/base.py", line 163, in _render
    return self.nodelist.render(context)
           ~~~~~~~~~~~~~~~~~~~~^^^^^^^^^
  File "/Users/amirxon/Desktop/ChaqmoqApp/venv/lib/python3.14/site-packages/django/template/base.py", line 1000, in render
    return SafeString("".join([node.render_annotated(context) for node in self]))
                               ~~~~~~~~~~~~~~~~~~~~~^^^^^^^^^
  File "/Users/amirxon/Desktop/ChaqmoqApp/venv/lib/python3.14/site-packages/django/template/base.py", line 961, in render_annotated
    return self.render(context)
           ~~~~~~~~~~~^^^^^^^^^
  File "/Users/amirxon/Desktop/ChaqmoqApp/venv/lib/python3.14/site-packages/django/template/loader_tags.py", line 159, in render
    return compiled_parent._render(context)
           ~~~~~~~~~~~~~~~~~~~~~~~^^^^^^^^^
  File "/Users/amirxon/Desktop/ChaqmoqApp/venv/lib/python3.14/site-packages/django/template/base.py", line 163, in _render
    return self.nodelist.render(context)
           ~~~~~~~~~~~~~~~~~~~~^^^^^^^^^
  File "/Users/amirxon/Desktop/ChaqmoqApp/venv/lib/python3.14/site-packages/django/template/base.py", line 1000, in render
    return SafeString("".join([node.render_annotated(context) for node in self]))
                               ~~~~~~~~~~~~~~~~~~~~~^^^^^^^^^
  File "/Users/amirxon/Desktop/ChaqmoqApp/venv/lib/python3.14/site-packages/django/template/base.py", line 961, in render_annotated
    return self.render(context)
           ~~~~~~~~~~~^^^^^^^^^
  File "/Users/amirxon/Desktop/ChaqmoqApp/venv/lib/python3.14/site-packages/django/template/loader_tags.py", line 65, in render
    result = block.nodelist.render(context)
  File "/Users/amirxon/Desktop/ChaqmoqApp/venv/lib/python3.14/site-packages/django/template/base.py", line 1000, in render
    return SafeString("".join([node.render_annotated(context) for node in self]))
                               ~~~~~~~~~~~~~~~~~~~~~^^^^^^^^^
  File "/Users/amirxon/Desktop/ChaqmoqApp/venv/lib/python3.14/site-packages/django/template/base.py", line 961, in render_annotated
    return self.render(context)
           ~~~~~~~~~~~^^^^^^^^^
  File "/Users/amirxon/Desktop/ChaqmoqApp/venv/lib/python3.14/site-packages/django/template/loader_tags.py", line 65, in render
    result = block.nodelist.render(context)
  File "/Users/amirxon/Desktop/ChaqmoqApp/venv/lib/python3.14/site-packages/django/template/base.py", line 1000, in render
    return SafeString("".join([node.render_annotated(context) for node in self]))
                               ~~~~~~~~~~~~~~~~~~~~~^^^^^^^^^
  File "/Users/amirxon/Desktop/ChaqmoqApp/venv/lib/python3.14/site-packages/django/template/base.py", line 961, in render_annotated
    return self.render(context)
           ~~~~~~~~~~~^^^^^^^^^
  File "/Users/amirxon/Desktop/ChaqmoqApp/venv/lib/python3.14/site-packages/django/template/loader_tags.py", line 65, in render
    result = block.nodelist.render(context)
  File "/Users/amirxon/Desktop/ChaqmoqApp/venv/lib/python3.14/site-packages/django/template/base.py", line 1000, in render
    return SafeString("".join([node.render_annotated(context) for node in self]))
                               ~~~~~~~~~~~~~~~~~~~~~^^^^^^^^^
  File "/Users/amirxon/Desktop/ChaqmoqApp/venv/lib/python3.14/site-packages/django/template/base.py", line 961, in render_annotated
    return self.render(context)
           ~~~~~~~~~~~^^^^^^^^^
  File "/Users/amirxon/Desktop/ChaqmoqApp/venv/lib/python3.14/site-packages/django/template/loader_tags.py", line 65, in render
    result = block.nodelist.render(context)
  File "/Users/amirxon/Desktop/ChaqmoqApp/venv/lib/python3.14/site-packages/django/template/base.py", line 1000, in render
    return SafeString("".join([node.render_annotated(context) for node in self]))
                               ~~~~~~~~~~~~~~~~~~~~~^^^^^^^^^
  File "/Users/amirxon/Desktop/ChaqmoqApp/venv/lib/python3.14/site-packages/django/template/base.py", line 961, in render_annotated
    return self.render(context)
           ~~~~~~~~~~~^^^^^^^^^
  File "/Users/amirxon/Desktop/ChaqmoqApp/venv/lib/python3.14/site-packages/django/template/loader_tags.py", line 65, in render
    result = block.nodelist.render(context)
  File "/Users/amirxon/Desktop/ChaqmoqApp/venv/lib/python3.14/site-packages/django/template/base.py", line 1000, in render
    return SafeString("".join([node.render_annotated(context) for node in self]))
                               ~~~~~~~~~~~~~~~~~~~~~^^^^^^^^^
  File "/Users/amirxon/Desktop/ChaqmoqApp/venv/lib/python3.14/site-packages/django/template/base.py", line 961, in render_annotated
    return self.render(context)
           ~~~~~~~~~~~^^^^^^^^^
  File "/Users/amirxon/Desktop/ChaqmoqApp/venv/lib/python3.14/site-packages/django/contrib/admin/templatetags/base.py", line 45, in render
    return super().render(context)
           ~~~~~~~~~~~~~~^^^^^^^^^
  File "/Users/amirxon/Desktop/ChaqmoqApp/venv/lib/python3.14/site-packages/django/template/library.py", line 271, in render
    new_context = context.new(_dict)
  File "/Users/amirxon/Desktop/ChaqmoqApp/venv/lib/python3.14/site-packages/django/template/context.py", line 273, in new
    new_context = super().new(values)
  File "/Users/amirxon/Desktop/ChaqmoqApp/venv/lib/python3.14/site-packages/django/template/context.py", line 110, in new
    new_context = copy(self)
  File "/Library/Frameworks/Python.framework/Versions/3.14/lib/python3.14/copy.py", line 82, in copy
    return copier(x)
  File "/Users/amirxon/Desktop/ChaqmoqApp/venv/lib/python3.14/site-packages/django/template/context.py", line 158, in __copy__
    duplicate = super().__copy__()
  File "/Users/amirxon/Desktop/ChaqmoqApp/venv/lib/python3.14/site-packages/django/template/context.py", line 39, in __copy__
    duplicate.dicts = self.dicts[:]
    ^^^^^^^^^^^^^^^
AttributeError: 'super' object has no attribute 'dicts' and no __dict__ for setting new attributes
Internal Server Error: /admin/billing/planfeature/add/
Traceback (most recent call last):
  File "/Users/amirxon/Desktop/ChaqmoqApp/venv/lib/python3.14/site-packages/django/core/handlers/exception.py", line 55, in inner
    response = get_response(request)
  File "/Users/amirxon/Desktop/ChaqmoqApp/venv/lib/python3.14/site-packages/django/core/handlers/base.py", line 220, in _get_response
    response = response.render()
  File "/Users/amirxon/Desktop/ChaqmoqApp/venv/lib/python3.14/site-packages/django/template/response.py", line 114, in render
    self.content = self.rendered_content
                   ^^^^^^^^^^^^^^^^^^^^^
  File "/Users/amirxon/Desktop/ChaqmoqApp/venv/lib/python3.14/site-packages/django/template/response.py", line 92, in rendered_content
    return template.render(context, self._request)
           ~~~~~~~~~~~~~~~^^^^^^^^^^^^^^^^^^^^^^^^
  File "/Users/amirxon/Desktop/ChaqmoqApp/venv/lib/python3.14/site-packages/django/template/backends/django.py", line 61, in render
    return self.template.render(context)
           ~~~~~~~~~~~~~~~~~~~~^^^^^^^^^
  File "/Users/amirxon/Desktop/ChaqmoqApp/venv/lib/python3.14/site-packages/django/template/base.py", line 171, in render
    return self._render(context)
           ~~~~~~~~~~~~^^^^^^^^^
  File "/Users/amirxon/Desktop/ChaqmoqApp/venv/lib/python3.14/site-packages/django/template/base.py", line 163, in _render
    return self.nodelist.render(context)
           ~~~~~~~~~~~~~~~~~~~~^^^^^^^^^
  File "/Users/amirxon/Desktop/ChaqmoqApp/venv/lib/python3.14/site-packages/django/template/base.py", line 1000, in render
    return SafeString("".join([node.render_annotated(context) for node in self]))
                               ~~~~~~~~~~~~~~~~~~~~~^^^^^^^^^
  File "/Users/amirxon/Desktop/ChaqmoqApp/venv/lib/python3.14/site-packages/django/template/base.py", line 961, in render_annotated
    return self.render(context)
           ~~~~~~~~~~~^^^^^^^^^
  File "/Users/amirxon/Desktop/ChaqmoqApp/venv/lib/python3.14/site-packages/django/template/loader_tags.py", line 159, in render
    return compiled_parent._render(context)
           ~~~~~~~~~~~~~~~~~~~~~~~^^^^^^^^^
  File "/Users/amirxon/Desktop/ChaqmoqApp/venv/lib/python3.14/site-packages/django/template/base.py", line 163, in _render
    return self.nodelist.render(context)
           ~~~~~~~~~~~~~~~~~~~~^^^^^^^^^
  File "/Users/amirxon/Desktop/ChaqmoqApp/venv/lib/python3.14/site-packages/django/template/base.py", line 1000, in render
    return SafeString("".join([node.render_annotated(context) for node in self]))
                               ~~~~~~~~~~~~~~~~~~~~~^^^^^^^^^
  File "/Users/amirxon/Desktop/ChaqmoqApp/venv/lib/python3.14/site-packages/django/template/base.py", line 961, in render_annotated
    return self.render(context)
           ~~~~~~~~~~~^^^^^^^^^
  File "/Users/amirxon/Desktop/ChaqmoqApp/venv/lib/python3.14/site-packages/django/template/loader_tags.py", line 159, in render
    return compiled_parent._render(context)
           ~~~~~~~~~~~~~~~~~~~~~~~^^^^^^^^^
  File "/Users/amirxon/Desktop/ChaqmoqApp/venv/lib/python3.14/site-packages/django/template/base.py", line 163, in _render
    return self.nodelist.render(context)
           ~~~~~~~~~~~~~~~~~~~~^^^^^^^^^
  File "/Users/amirxon/Desktop/ChaqmoqApp/venv/lib/python3.14/site-packages/django/template/base.py", line 1000, in render
    return SafeString("".join([node.render_annotated(context) for node in self]))
                               ~~~~~~~~~~~~~~~~~~~~~^^^^^^^^^
  File "/Users/amirxon/Desktop/ChaqmoqApp/venv/lib/python3.14/site-packages/django/template/base.py", line 961, in render_annotated
    return self.render(context)
           ~~~~~~~~~~~^^^^^^^^^
  File "/Users/amirxon/Desktop/ChaqmoqApp/venv/lib/python3.14/site-packages/django/template/loader_tags.py", line 65, in render
    result = block.nodelist.render(context)
  File "/Users/amirxon/Desktop/ChaqmoqApp/venv/lib/python3.14/site-packages/django/template/base.py", line 1000, in render
    return SafeString("".join([node.render_annotated(context) for node in self]))
                               ~~~~~~~~~~~~~~~~~~~~~^^^^^^^^^
  File "/Users/amirxon/Desktop/ChaqmoqApp/venv/lib/python3.14/site-packages/django/template/base.py", line 961, in render_annotated
    return self.render(context)
           ~~~~~~~~~~~^^^^^^^^^
  File "/Users/amirxon/Desktop/ChaqmoqApp/venv/lib/python3.14/site-packages/django/template/loader_tags.py", line 65, in render
    result = block.nodelist.render(context)
  File "/Users/amirxon/Desktop/ChaqmoqApp/venv/lib/python3.14/site-packages/django/template/base.py", line 1000, in render
    return SafeString("".join([node.render_annotated(context) for node in self]))
                               ~~~~~~~~~~~~~~~~~~~~~^^^^^^^^^
  File "/Users/amirxon/Desktop/ChaqmoqApp/venv/lib/python3.14/site-packages/django/template/base.py", line 961, in render_annotated
    return self.render(context)
           ~~~~~~~~~~~^^^^^^^^^
  File "/Users/amirxon/Desktop/ChaqmoqApp/venv/lib/python3.14/site-packages/django/template/loader_tags.py", line 65, in render
    result = block.nodelist.render(context)
  File "/Users/amirxon/Desktop/ChaqmoqApp/venv/lib/python3.14/site-packages/django/template/base.py", line 1000, in render
    return SafeString("".join([node.render_annotated(context) for node in self]))
                               ~~~~~~~~~~~~~~~~~~~~~^^^^^^^^^
  File "/Users/amirxon/Desktop/ChaqmoqApp/venv/lib/python3.14/site-packages/django/template/base.py", line 961, in render_annotated
    return self.render(context)
           ~~~~~~~~~~~^^^^^^^^^
  File "/Users/amirxon/Desktop/ChaqmoqApp/venv/lib/python3.14/site-packages/django/contrib/admin/templatetags/base.py", line 45, in render
    return super().render(context)
           ~~~~~~~~~~~~~~^^^^^^^^^
  File "/Users/amirxon/Desktop/ChaqmoqApp/venv/lib/python3.14/site-packages/django/template/library.py", line 271, in render
    new_context = context.new(_dict)
  File "/Users/amirxon/Desktop/ChaqmoqApp/venv/lib/python3.14/site-packages/django/template/context.py", line 273, in new
    new_context = super().new(values)
  File "/Users/amirxon/Desktop/ChaqmoqApp/venv/lib/python3.14/site-packages/django/template/context.py", line 110, in new
    new_context = copy(self)
  File "/Library/Frameworks/Python.framework/Versions/3.14/lib/python3.14/copy.py", line 82, in copy
    return copier(x)
  File "/Users/amirxon/Desktop/ChaqmoqApp/venv/lib/python3.14/site-packages/django/template/context.py", line 158, in __copy__
    duplicate = super().__copy__()
  File "/Users/amirxon/Desktop/ChaqmoqApp/venv/lib/python3.14/site-packages/django/template/context.py", line 39, in __copy__
    duplicate.dicts = self.dicts[:]
    ^^^^^^^^^^^^^^^
AttributeError: 'super' object has no attribute 'dicts' and no __dict__ for setting new attributes
Internal Server Error: /admin/billing/planfeature/add/
Traceback (most recent call last):
  File "/Users/amirxon/Desktop/ChaqmoqApp/venv/lib/python3.14/site-packages/django/core/handlers/exception.py", line 55, in inner
    response = get_response(request)
  File "/Users/amirxon/Desktop/ChaqmoqApp/venv/lib/python3.14/site-packages/django/core/handlers/base.py", line 220, in _get_response
    response = response.render()
  File "/Users/amirxon/Desktop/ChaqmoqApp/venv/lib/python3.14/site-packages/django/template/response.py", line 114, in render
    self.content = self.rendered_content
                   ^^^^^^^^^^^^^^^^^^^^^
  File "/Users/amirxon/Desktop/ChaqmoqApp/venv/lib/python3.14/site-packages/django/template/response.py", line 92, in rendered_content
    return template.render(context, self._request)
           ~~~~~~~~~~~~~~~^^^^^^^^^^^^^^^^^^^^^^^^
  File "/Users/amirxon/Desktop/ChaqmoqApp/venv/lib/python3.14/site-packages/django/template/backends/django.py", line 61, in render
    return self.template.render(context)
           ~~~~~~~~~~~~~~~~~~~~^^^^^^^^^
  File "/Users/amirxon/Desktop/ChaqmoqApp/venv/lib/python3.14/site-packages/django/template/base.py", line 171, in render
    return self._render(context)
           ~~~~~~~~~~~~^^^^^^^^^
  File "/Users/amirxon/Desktop/ChaqmoqApp/venv/lib/python3.14/site-packages/django/template/base.py", line 163, in _render
    return self.nodelist.render(context)
           ~~~~~~~~~~~~~~~~~~~~^^^^^^^^^
  File "/Users/amirxon/Desktop/ChaqmoqApp/venv/lib/python3.14/site-packages/django/template/base.py", line 1000, in render
    return SafeString("".join([node.render_annotated(context) for node in self]))
                               ~~~~~~~~~~~~~~~~~~~~~^^^^^^^^^
  File "/Users/amirxon/Desktop/ChaqmoqApp/venv/lib/python3.14/site-packages/django/template/base.py", line 961, in render_annotated
    return self.render(context)
           ~~~~~~~~~~~^^^^^^^^^
  File "/Users/amirxon/Desktop/ChaqmoqApp/venv/lib/python3.14/site-packages/django/template/loader_tags.py", line 159, in render
    return compiled_parent._render(context)
           ~~~~~~~~~~~~~~~~~~~~~~~^^^^^^^^^
  File "/Users/amirxon/Desktop/ChaqmoqApp/venv/lib/python3.14/site-packages/django/template/base.py", line 163, in _render
    return self.nodelist.render(context)
           ~~~~~~~~~~~~~~~~~~~~^^^^^^^^^
  File "/Users/amirxon/Desktop/ChaqmoqApp/venv/lib/python3.14/site-packages/django/template/base.py", line 1000, in render
    return SafeString("".join([node.render_annotated(context) for node in self]))
                               ~~~~~~~~~~~~~~~~~~~~~^^^^^^^^^
  File "/Users/amirxon/Desktop/ChaqmoqApp/venv/lib/python3.14/site-packages/django/template/base.py", line 961, in render_annotated
    return self.render(context)
           ~~~~~~~~~~~^^^^^^^^^
  File "/Users/amirxon/Desktop/ChaqmoqApp/venv/lib/python3.14/site-packages/django/template/loader_tags.py", line 159, in render
    return compiled_parent._render(context)
           ~~~~~~~~~~~~~~~~~~~~~~~^^^^^^^^^
  File "/Users/amirxon/Desktop/ChaqmoqApp/venv/lib/python3.14/site-packages/django/template/base.py", line 163, in _render
    return self.nodelist.render(context)
           ~~~~~~~~~~~~~~~~~~~~^^^^^^^^^
  File "/Users/amirxon/Desktop/ChaqmoqApp/venv/lib/python3.14/site-packages/django/template/base.py", line 1000, in render
    return SafeString("".join([node.render_annotated(context) for node in self]))
                               ~~~~~~~~~~~~~~~~~~~~~^^^^^^^^^
  File "/Users/amirxon/Desktop/ChaqmoqApp/venv/lib/python3.14/site-packages/django/template/base.py", line 961, in render_annotated
    return self.render(context)
           ~~~~~~~~~~~^^^^^^^^^
  File "/Users/amirxon/Desktop/ChaqmoqApp/venv/lib/python3.14/site-packages/django/template/loader_tags.py", line 65, in render
    result = block.nodelist.render(context)
  File "/Users/amirxon/Desktop/ChaqmoqApp/venv/lib/python3.14/site-packages/django/template/base.py", line 1000, in render
    return SafeString("".join([node.render_annotated(context) for node in self]))
                               ~~~~~~~~~~~~~~~~~~~~~^^^^^^^^^
  File "/Users/amirxon/Desktop/ChaqmoqApp/venv/lib/python3.14/site-packages/django/template/base.py", line 961, in render_annotated
    return self.render(context)
           ~~~~~~~~~~~^^^^^^^^^
  File "/Users/amirxon/Desktop/ChaqmoqApp/venv/lib/python3.14/site-packages/django/template/loader_tags.py", line 65, in render
    result = block.nodelist.render(context)
  File "/Users/amirxon/Desktop/ChaqmoqApp/venv/lib/python3.14/site-packages/django/template/base.py", line 1000, in render
    return SafeString("".join([node.render_annotated(context) for node in self]))
                               ~~~~~~~~~~~~~~~~~~~~~^^^^^^^^^
  File "/Users/amirxon/Desktop/ChaqmoqApp/venv/lib/python3.14/site-packages/django/template/base.py", line 961, in render_annotated
    return self.render(context)
           ~~~~~~~~~~~^^^^^^^^^
  File "/Users/amirxon/Desktop/ChaqmoqApp/venv/lib/python3.14/site-packages/django/template/loader_tags.py", line 65, in render
    result = block.nodelist.render(context)
  File "/Users/amirxon/Desktop/ChaqmoqApp/venv/lib/python3.14/site-packages/django/template/base.py", line 1000, in render
    return SafeString("".join([node.render_annotated(context) for node in self]))
                               ~~~~~~~~~~~~~~~~~~~~~^^^^^^^^^
  File "/Users/amirxon/Desktop/ChaqmoqApp/venv/lib/python3.14/site-packages/django/template/base.py", line 961, in render_annotated
    return self.render(context)
           ~~~~~~~~~~~^^^^^^^^^
  File "/Users/amirxon/Desktop/ChaqmoqApp/venv/lib/python3.14/site-packages/django/contrib/admin/templatetags/base.py", line 45, in render
    return super().render(context)
           ~~~~~~~~~~~~~~^^^^^^^^^
  File "/Users/amirxon/Desktop/ChaqmoqApp/venv/lib/python3.14/site-packages/django/template/library.py", line 271, in render
    new_context = context.new(_dict)
  File "/Users/amirxon/Desktop/ChaqmoqApp/venv/lib/python3.14/site-packages/django/template/context.py", line 273, in new
    new_context = super().new(values)
  File "/Users/amirxon/Desktop/ChaqmoqApp/venv/lib/python3.14/site-packages/django/template/context.py", line 110, in new
    new_context = copy(self)
  File "/Library/Frameworks/Python.framework/Versions/3.14/lib/python3.14/copy.py", line 82, in copy
    return copier(x)
  File "/Users/amirxon/Desktop/ChaqmoqApp/venv/lib/python3.14/site-packages/django/template/context.py", line 158, in __copy__
    duplicate = super().__copy__()
  File "/Users/amirxon/Desktop/ChaqmoqApp/venv/lib/python3.14/site-packages/django/template/context.py", line 39, in __copy__
    duplicate.dicts = self.dicts[:]
    ^^^^^^^^^^^^^^^
AttributeError: 'super' object has no attribute 'dicts' and no __dict__ for setting new attributes
Internal Server Error: /admin/billing/subscriptionplan/
Traceback (most recent call last):
  File "/Users/amirxon/Desktop/ChaqmoqApp/venv/lib/python3.14/site-packages/django/core/handlers/exception.py", line 55, in inner
    response = get_response(request)
  File "/Users/amirxon/Desktop/ChaqmoqApp/venv/lib/python3.14/site-packages/django/core/handlers/base.py", line 220, in _get_response
    response = response.render()
  File "/Users/amirxon/Desktop/ChaqmoqApp/venv/lib/python3.14/site-packages/django/template/response.py", line 114, in render
    self.content = self.rendered_content
                   ^^^^^^^^^^^^^^^^^^^^^
  File "/Users/amirxon/Desktop/ChaqmoqApp/venv/lib/python3.14/site-packages/django/template/response.py", line 92, in rendered_content
    return template.render(context, self._request)
           ~~~~~~~~~~~~~~~^^^^^^^^^^^^^^^^^^^^^^^^
  File "/Users/amirxon/Desktop/ChaqmoqApp/venv/lib/python3.14/site-packages/django/template/backends/django.py", line 61, in render
    return self.template.render(context)
           ~~~~~~~~~~~~~~~~~~~~^^^^^^^^^
  File "/Users/amirxon/Desktop/ChaqmoqApp/venv/lib/python3.14/site-packages/django/template/base.py", line 171, in render
    return self._render(context)
           ~~~~~~~~~~~~^^^^^^^^^
  File "/Users/amirxon/Desktop/ChaqmoqApp/venv/lib/python3.14/site-packages/django/template/base.py", line 163, in _render
    return self.nodelist.render(context)
           ~~~~~~~~~~~~~~~~~~~~^^^^^^^^^
  File "/Users/amirxon/Desktop/ChaqmoqApp/venv/lib/python3.14/site-packages/django/template/base.py", line 1000, in render
    return SafeString("".join([node.render_annotated(context) for node in self]))
                               ~~~~~~~~~~~~~~~~~~~~~^^^^^^^^^
  File "/Users/amirxon/Desktop/ChaqmoqApp/venv/lib/python3.14/site-packages/django/template/base.py", line 961, in render_annotated
    return self.render(context)
           ~~~~~~~~~~~^^^^^^^^^
  File "/Users/amirxon/Desktop/ChaqmoqApp/venv/lib/python3.14/site-packages/django/template/loader_tags.py", line 159, in render
    return compiled_parent._render(context)
           ~~~~~~~~~~~~~~~~~~~~~~~^^^^^^^^^
  File "/Users/amirxon/Desktop/ChaqmoqApp/venv/lib/python3.14/site-packages/django/template/base.py", line 163, in _render
    return self.nodelist.render(context)
           ~~~~~~~~~~~~~~~~~~~~^^^^^^^^^
  File "/Users/amirxon/Desktop/ChaqmoqApp/venv/lib/python3.14/site-packages/django/template/base.py", line 1000, in render
    return SafeString("".join([node.render_annotated(context) for node in self]))
                               ~~~~~~~~~~~~~~~~~~~~~^^^^^^^^^
  File "/Users/amirxon/Desktop/ChaqmoqApp/venv/lib/python3.14/site-packages/django/template/base.py", line 961, in render_annotated
    return self.render(context)
           ~~~~~~~~~~~^^^^^^^^^
  File "/Users/amirxon/Desktop/ChaqmoqApp/venv/lib/python3.14/site-packages/django/template/loader_tags.py", line 159, in render
    return compiled_parent._render(context)
           ~~~~~~~~~~~~~~~~~~~~~~~^^^^^^^^^
  File "/Users/amirxon/Desktop/ChaqmoqApp/venv/lib/python3.14/site-packages/django/template/base.py", line 163, in _render
    return self.nodelist.render(context)
           ~~~~~~~~~~~~~~~~~~~~^^^^^^^^^
  File "/Users/amirxon/Desktop/ChaqmoqApp/venv/lib/python3.14/site-packages/django/template/base.py", line 1000, in render
    return SafeString("".join([node.render_annotated(context) for node in self]))
                               ~~~~~~~~~~~~~~~~~~~~~^^^^^^^^^
  File "/Users/amirxon/Desktop/ChaqmoqApp/venv/lib/python3.14/site-packages/django/template/base.py", line 961, in render_annotated
    return self.render(context)
           ~~~~~~~~~~~^^^^^^^^^
  File "/Users/amirxon/Desktop/ChaqmoqApp/venv/lib/python3.14/site-packages/django/template/loader_tags.py", line 65, in render
    result = block.nodelist.render(context)
  File "/Users/amirxon/Desktop/ChaqmoqApp/venv/lib/python3.14/site-packages/django/template/base.py", line 1000, in render
    return SafeString("".join([node.render_annotated(context) for node in self]))
                               ~~~~~~~~~~~~~~~~~~~~~^^^^^^^^^
  File "/Users/amirxon/Desktop/ChaqmoqApp/venv/lib/python3.14/site-packages/django/template/base.py", line 961, in render_annotated
    return self.render(context)
           ~~~~~~~~~~~^^^^^^^^^
  File "/Users/amirxon/Desktop/ChaqmoqApp/venv/lib/python3.14/site-packages/django/template/loader_tags.py", line 65, in render
    result = block.nodelist.render(context)
  File "/Users/amirxon/Desktop/ChaqmoqApp/venv/lib/python3.14/site-packages/django/template/base.py", line 1000, in render
    return SafeString("".join([node.render_annotated(context) for node in self]))
                               ~~~~~~~~~~~~~~~~~~~~~^^^^^^^^^
  File "/Users/amirxon/Desktop/ChaqmoqApp/venv/lib/python3.14/site-packages/django/template/base.py", line 961, in render_annotated
    return self.render(context)
           ~~~~~~~~~~~^^^^^^^^^
  File "/Users/amirxon/Desktop/ChaqmoqApp/venv/lib/python3.14/site-packages/django/template/loader_tags.py", line 65, in render
    result = block.nodelist.render(context)
  File "/Users/amirxon/Desktop/ChaqmoqApp/venv/lib/python3.14/site-packages/django/template/base.py", line 1000, in render
    return SafeString("".join([node.render_annotated(context) for node in self]))
                               ~~~~~~~~~~~~~~~~~~~~~^^^^^^^^^
  File "/Users/amirxon/Desktop/ChaqmoqApp/venv/lib/python3.14/site-packages/django/template/base.py", line 961, in render_annotated
    return self.render(context)
           ~~~~~~~~~~~^^^^^^^^^
  File "/Users/amirxon/Desktop/ChaqmoqApp/venv/lib/python3.14/site-packages/django/template/loader_tags.py", line 65, in render
    result = block.nodelist.render(context)
  File "/Users/amirxon/Desktop/ChaqmoqApp/venv/lib/python3.14/site-packages/django/template/base.py", line 1000, in render
    return SafeString("".join([node.render_annotated(context) for node in self]))
                               ~~~~~~~~~~~~~~~~~~~~~^^^^^^^^^
  File "/Users/amirxon/Desktop/ChaqmoqApp/venv/lib/python3.14/site-packages/django/template/base.py", line 961, in render_annotated
    return self.render(context)
           ~~~~~~~~~~~^^^^^^^^^
  File "/Users/amirxon/Desktop/ChaqmoqApp/venv/lib/python3.14/site-packages/django/template/loader_tags.py", line 65, in render
    result = block.nodelist.render(context)
  File "/Users/amirxon/Desktop/ChaqmoqApp/venv/lib/python3.14/site-packages/django/template/base.py", line 1000, in render
    return SafeString("".join([node.render_annotated(context) for node in self]))
                               ~~~~~~~~~~~~~~~~~~~~~^^^^^^^^^
  File "/Users/amirxon/Desktop/ChaqmoqApp/venv/lib/python3.14/site-packages/django/template/base.py", line 961, in render_annotated
    return self.render(context)
           ~~~~~~~~~~~^^^^^^^^^
  File "/Users/amirxon/Desktop/ChaqmoqApp/venv/lib/python3.14/site-packages/django/contrib/admin/templatetags/base.py", line 45, in render
    return super().render(context)
           ~~~~~~~~~~~~~~^^^^^^^^^
  File "/Users/amirxon/Desktop/ChaqmoqApp/venv/lib/python3.14/site-packages/django/template/library.py", line 271, in render
    new_context = context.new(_dict)
  File "/Users/amirxon/Desktop/ChaqmoqApp/venv/lib/python3.14/site-packages/django/template/context.py", line 273, in new
    new_context = super().new(values)
  File "/Users/amirxon/Desktop/ChaqmoqApp/venv/lib/python3.14/site-packages/django/template/context.py", line 110, in new
    new_context = copy(self)
  File "/Library/Frameworks/Python.framework/Versions/3.14/lib/python3.14/copy.py", line 82, in copy
    return copier(x)
  File "/Users/amirxon/Desktop/ChaqmoqApp/venv/lib/python3.14/site-packages/django/template/context.py", line 158, in __copy__
    duplicate = super().__copy__()
  File "/Users/amirxon/Desktop/ChaqmoqApp/venv/lib/python3.14/site-packages/django/template/context.py", line 39, in __copy__
    duplicate.dicts = self.dicts[:]
    ^^^^^^^^^^^^^^^
AttributeError: 'super' object has no attribute 'dicts' and no __dict__ for setting new attributes
Internal Server Error: /admin/billing/subscriptionplan/
Traceback (most recent call last):
  File "/Users/amirxon/Desktop/ChaqmoqApp/venv/lib/python3.14/site-packages/django/core/handlers/exception.py", line 55, in inner
    response = get_response(request)
  File "/Users/amirxon/Desktop/ChaqmoqApp/venv/lib/python3.14/site-packages/django/core/handlers/base.py", line 220, in _get_response
    response = response.render()
  File "/Users/amirxon/Desktop/ChaqmoqApp/venv/lib/python3.14/site-packages/django/template/response.py", line 114, in render
    self.content = self.rendered_content
                   ^^^^^^^^^^^^^^^^^^^^^
  File "/Users/amirxon/Desktop/ChaqmoqApp/venv/lib/python3.14/site-packages/django/template/response.py", line 92, in rendered_content
    return template.render(context, self._request)
           ~~~~~~~~~~~~~~~^^^^^^^^^^^^^^^^^^^^^^^^
  File "/Users/amirxon/Desktop/ChaqmoqApp/venv/lib/python3.14/site-packages/django/template/backends/django.py", line 61, in render
    return self.template.render(context)
           ~~~~~~~~~~~~~~~~~~~~^^^^^^^^^
  File "/Users/amirxon/Desktop/ChaqmoqApp/venv/lib/python3.14/site-packages/django/template/base.py", line 171, in render
    return self._render(context)
           ~~~~~~~~~~~~^^^^^^^^^
  File "/Users/amirxon/Desktop/ChaqmoqApp/venv/lib/python3.14/site-packages/django/template/base.py", line 163, in _render
    return self.nodelist.render(context)
           ~~~~~~~~~~~~~~~~~~~~^^^^^^^^^
  File "/Users/amirxon/Desktop/ChaqmoqApp/venv/lib/python3.14/site-packages/django/template/base.py", line 1000, in render
    return SafeString("".join([node.render_annotated(context) for node in self]))
                               ~~~~~~~~~~~~~~~~~~~~~^^^^^^^^^
  File "/Users/amirxon/Desktop/ChaqmoqApp/venv/lib/python3.14/site-packages/django/template/base.py", line 961, in render_annotated
    return self.render(context)
           ~~~~~~~~~~~^^^^^^^^^
  File "/Users/amirxon/Desktop/ChaqmoqApp/venv/lib/python3.14/site-packages/django/template/loader_tags.py", line 159, in render
    return compiled_parent._render(context)
           ~~~~~~~~~~~~~~~~~~~~~~~^^^^^^^^^
  File "/Users/amirxon/Desktop/ChaqmoqApp/venv/lib/python3.14/site-packages/django/template/base.py", line 163, in _render
    return self.nodelist.render(context)
           ~~~~~~~~~~~~~~~~~~~~^^^^^^^^^
  File "/Users/amirxon/Desktop/ChaqmoqApp/venv/lib/python3.14/site-packages/django/template/base.py", line 1000, in render
    return SafeString("".join([node.render_annotated(context) for node in self]))
                               ~~~~~~~~~~~~~~~~~~~~~^^^^^^^^^
  File "/Users/amirxon/Desktop/ChaqmoqApp/venv/lib/python3.14/site-packages/django/template/base.py", line 961, in render_annotated
    return self.render(context)
           ~~~~~~~~~~~^^^^^^^^^
  File "/Users/amirxon/Desktop/ChaqmoqApp/venv/lib/python3.14/site-packages/django/template/loader_tags.py", line 159, in render
    return compiled_parent._render(context)
           ~~~~~~~~~~~~~~~~~~~~~~~^^^^^^^^^
  File "/Users/amirxon/Desktop/ChaqmoqApp/venv/lib/python3.14/site-packages/django/template/base.py", line 163, in _render
    return self.nodelist.render(context)
           ~~~~~~~~~~~~~~~~~~~~^^^^^^^^^
  File "/Users/amirxon/Desktop/ChaqmoqApp/venv/lib/python3.14/site-packages/django/template/base.py", line 1000, in render
    return SafeString("".join([node.render_annotated(context) for node in self]))
                               ~~~~~~~~~~~~~~~~~~~~~^^^^^^^^^
  File "/Users/amirxon/Desktop/ChaqmoqApp/venv/lib/python3.14/site-packages/django/template/base.py", line 961, in render_annotated
    return self.render(context)
           ~~~~~~~~~~~^^^^^^^^^
  File "/Users/amirxon/Desktop/ChaqmoqApp/venv/lib/python3.14/site-packages/django/template/loader_tags.py", line 65, in render
    result = block.nodelist.render(context)
  File "/Users/amirxon/Desktop/ChaqmoqApp/venv/lib/python3.14/site-packages/django/template/base.py", line 1000, in render
    return SafeString("".join([node.render_annotated(context) for node in self]))
                               ~~~~~~~~~~~~~~~~~~~~~^^^^^^^^^
  File "/Users/amirxon/Desktop/ChaqmoqApp/venv/lib/python3.14/site-packages/django/template/base.py", line 961, in render_annotated
    return self.render(context)
           ~~~~~~~~~~~^^^^^^^^^
  File "/Users/amirxon/Desktop/ChaqmoqApp/venv/lib/python3.14/site-packages/django/template/loader_tags.py", line 65, in render
    result = block.nodelist.render(context)
  File "/Users/amirxon/Desktop/ChaqmoqApp/venv/lib/python3.14/site-packages/django/template/base.py", line 1000, in render
    return SafeString("".join([node.render_annotated(context) for node in self]))
                               ~~~~~~~~~~~~~~~~~~~~~^^^^^^^^^
  File "/Users/amirxon/Desktop/ChaqmoqApp/venv/lib/python3.14/site-packages/django/template/base.py", line 961, in render_annotated
    return self.render(context)
           ~~~~~~~~~~~^^^^^^^^^
  File "/Users/amirxon/Desktop/ChaqmoqApp/venv/lib/python3.14/site-packages/django/template/loader_tags.py", line 65, in render
    result = block.nodelist.render(context)
  File "/Users/amirxon/Desktop/ChaqmoqApp/venv/lib/python3.14/site-packages/django/template/base.py", line 1000, in render
    return SafeString("".join([node.render_annotated(context) for node in self]))
                               ~~~~~~~~~~~~~~~~~~~~~^^^^^^^^^
  File "/Users/amirxon/Desktop/ChaqmoqApp/venv/lib/python3.14/site-packages/django/template/base.py", line 961, in render_annotated
    return self.render(context)
           ~~~~~~~~~~~^^^^^^^^^
  File "/Users/amirxon/Desktop/ChaqmoqApp/venv/lib/python3.14/site-packages/django/template/loader_tags.py", line 65, in render
    result = block.nodelist.render(context)
  File "/Users/amirxon/Desktop/ChaqmoqApp/venv/lib/python3.14/site-packages/django/template/base.py", line 1000, in render
    return SafeString("".join([node.render_annotated(context) for node in self]))
                               ~~~~~~~~~~~~~~~~~~~~~^^^^^^^^^
  File "/Users/amirxon/Desktop/ChaqmoqApp/venv/lib/python3.14/site-packages/django/template/base.py", line 961, in render_annotated
    return self.render(context)
           ~~~~~~~~~~~^^^^^^^^^
  File "/Users/amirxon/Desktop/ChaqmoqApp/venv/lib/python3.14/site-packages/django/template/loader_tags.py", line 65, in render
    result = block.nodelist.render(context)
  File "/Users/amirxon/Desktop/ChaqmoqApp/venv/lib/python3.14/site-packages/django/template/base.py", line 1000, in render
    return SafeString("".join([node.render_annotated(context) for node in self]))
                               ~~~~~~~~~~~~~~~~~~~~~^^^^^^^^^
  File "/Users/amirxon/Desktop/ChaqmoqApp/venv/lib/python3.14/site-packages/django/template/base.py", line 961, in render_annotated
    return self.render(context)
           ~~~~~~~~~~~^^^^^^^^^
  File "/Users/amirxon/Desktop/ChaqmoqApp/venv/lib/python3.14/site-packages/django/contrib/admin/templatetags/base.py", line 45, in render
    return super().render(context)
           ~~~~~~~~~~~~~~^^^^^^^^^
  File "/Users/amirxon/Desktop/ChaqmoqApp/venv/lib/python3.14/site-packages/django/template/library.py", line 271, in render
    new_context = context.new(_dict)
  File "/Users/amirxon/Desktop/ChaqmoqApp/venv/lib/python3.14/site-packages/django/template/context.py", line 273, in new
    new_context = super().new(values)
  File "/Users/amirxon/Desktop/ChaqmoqApp/venv/lib/python3.14/site-packages/django/template/context.py", line 110, in new
    new_context = copy(self)
  File "/Library/Frameworks/Python.framework/Versions/3.14/lib/python3.14/copy.py", line 82, in copy
    return copier(x)
  File "/Users/amirxon/Desktop/ChaqmoqApp/venv/lib/python3.14/site-packages/django/template/context.py", line 158, in __copy__
    duplicate = super().__copy__()
  File "/Users/amirxon/Desktop/ChaqmoqApp/venv/lib/python3.14/site-packages/django/template/context.py", line 39, in __copy__
    duplicate.dicts = self.dicts[:]
    ^^^^^^^^^^^^^^^
AttributeError: 'super' object has no attribute 'dicts' and no __dict__ for setting new attributes
Internal Server Error: /admin/billing/subscriptionplan/add/
Traceback (most recent call last):
  File "/Users/amirxon/Desktop/ChaqmoqApp/venv/lib/python3.14/site-packages/django/core/handlers/exception.py", line 55, in inner
    response = get_response(request)
  File "/Users/amirxon/Desktop/ChaqmoqApp/venv/lib/python3.14/site-packages/django/core/handlers/base.py", line 220, in _get_response
    response = response.render()
  File "/Users/amirxon/Desktop/ChaqmoqApp/venv/lib/python3.14/site-packages/django/template/response.py", line 114, in render
    self.content = self.rendered_content
                   ^^^^^^^^^^^^^^^^^^^^^
  File "/Users/amirxon/Desktop/ChaqmoqApp/venv/lib/python3.14/site-packages/django/template/response.py", line 92, in rendered_content
    return template.render(context, self._request)
           ~~~~~~~~~~~~~~~^^^^^^^^^^^^^^^^^^^^^^^^
  File "/Users/amirxon/Desktop/ChaqmoqApp/venv/lib/python3.14/site-packages/django/template/backends/django.py", line 61, in render
    return self.template.render(context)
           ~~~~~~~~~~~~~~~~~~~~^^^^^^^^^
  File "/Users/amirxon/Desktop/ChaqmoqApp/venv/lib/python3.14/site-packages/django/template/base.py", line 171, in render
    return self._render(context)
           ~~~~~~~~~~~~^^^^^^^^^
  File "/Users/amirxon/Desktop/ChaqmoqApp/venv/lib/python3.14/site-packages/django/template/base.py", line 163, in _render
    return self.nodelist.render(context)
           ~~~~~~~~~~~~~~~~~~~~^^^^^^^^^
  File "/Users/amirxon/Desktop/ChaqmoqApp/venv/lib/python3.14/site-packages/django/template/base.py", line 1000, in render
    return SafeString("".join([node.render_annotated(context) for node in self]))
                               ~~~~~~~~~~~~~~~~~~~~~^^^^^^^^^
  File "/Users/amirxon/Desktop/ChaqmoqApp/venv/lib/python3.14/site-packages/django/template/base.py", line 961, in render_annotated
    return self.render(context)
           ~~~~~~~~~~~^^^^^^^^^
  File "/Users/amirxon/Desktop/ChaqmoqApp/venv/lib/python3.14/site-packages/django/template/loader_tags.py", line 159, in render
    return compiled_parent._render(context)
           ~~~~~~~~~~~~~~~~~~~~~~~^^^^^^^^^
  File "/Users/amirxon/Desktop/ChaqmoqApp/venv/lib/python3.14/site-packages/django/template/base.py", line 163, in _render
    return self.nodelist.render(context)
           ~~~~~~~~~~~~~~~~~~~~^^^^^^^^^
  File "/Users/amirxon/Desktop/ChaqmoqApp/venv/lib/python3.14/site-packages/django/template/base.py", line 1000, in render
    return SafeString("".join([node.render_annotated(context) for node in self]))
                               ~~~~~~~~~~~~~~~~~~~~~^^^^^^^^^
  File "/Users/amirxon/Desktop/ChaqmoqApp/venv/lib/python3.14/site-packages/django/template/base.py", line 961, in render_annotated
    return self.render(context)
           ~~~~~~~~~~~^^^^^^^^^
  File "/Users/amirxon/Desktop/ChaqmoqApp/venv/lib/python3.14/site-packages/django/template/loader_tags.py", line 159, in render
    return compiled_parent._render(context)
           ~~~~~~~~~~~~~~~~~~~~~~~^^^^^^^^^
  File "/Users/amirxon/Desktop/ChaqmoqApp/venv/lib/python3.14/site-packages/django/template/base.py", line 163, in _render
    return self.nodelist.render(context)
           ~~~~~~~~~~~~~~~~~~~~^^^^^^^^^
  File "/Users/amirxon/Desktop/ChaqmoqApp/venv/lib/python3.14/site-packages/django/template/base.py", line 1000, in render
    return SafeString("".join([node.render_annotated(context) for node in self]))
                               ~~~~~~~~~~~~~~~~~~~~~^^^^^^^^^
  File "/Users/amirxon/Desktop/ChaqmoqApp/venv/lib/python3.14/site-packages/django/template/base.py", line 961, in render_annotated
    return self.render(context)
           ~~~~~~~~~~~^^^^^^^^^
  File "/Users/amirxon/Desktop/ChaqmoqApp/venv/lib/python3.14/site-packages/django/template/loader_tags.py", line 65, in render
    result = block.nodelist.render(context)
  File "/Users/amirxon/Desktop/ChaqmoqApp/venv/lib/python3.14/site-packages/django/template/base.py", line 1000, in render
    return SafeString("".join([node.render_annotated(context) for node in self]))
                               ~~~~~~~~~~~~~~~~~~~~~^^^^^^^^^
  File "/Users/amirxon/Desktop/ChaqmoqApp/venv/lib/python3.14/site-packages/django/template/base.py", line 961, in render_annotated
    return self.render(context)
           ~~~~~~~~~~~^^^^^^^^^
  File "/Users/amirxon/Desktop/ChaqmoqApp/venv/lib/python3.14/site-packages/django/template/loader_tags.py", line 65, in render
    result = block.nodelist.render(context)
  File "/Users/amirxon/Desktop/ChaqmoqApp/venv/lib/python3.14/site-packages/django/template/base.py", line 1000, in render
    return SafeString("".join([node.render_annotated(context) for node in self]))
                               ~~~~~~~~~~~~~~~~~~~~~^^^^^^^^^
  File "/Users/amirxon/Desktop/ChaqmoqApp/venv/lib/python3.14/site-packages/django/template/base.py", line 961, in render_annotated
    return self.render(context)
           ~~~~~~~~~~~^^^^^^^^^
  File "/Users/amirxon/Desktop/ChaqmoqApp/venv/lib/python3.14/site-packages/django/template/loader_tags.py", line 65, in render
    result = block.nodelist.render(context)
  File "/Users/amirxon/Desktop/ChaqmoqApp/venv/lib/python3.14/site-packages/django/template/base.py", line 1000, in render
    return SafeString("".join([node.render_annotated(context) for node in self]))
                               ~~~~~~~~~~~~~~~~~~~~~^^^^^^^^^
  File "/Users/amirxon/Desktop/ChaqmoqApp/venv/lib/python3.14/site-packages/django/template/base.py", line 961, in render_annotated
    return self.render(context)
           ~~~~~~~~~~~^^^^^^^^^
  File "/Users/amirxon/Desktop/ChaqmoqApp/venv/lib/python3.14/site-packages/django/contrib/admin/templatetags/base.py", line 45, in render
    return super().render(context)
           ~~~~~~~~~~~~~~^^^^^^^^^
  File "/Users/amirxon/Desktop/ChaqmoqApp/venv/lib/python3.14/site-packages/django/template/library.py", line 271, in render
    new_context = context.new(_dict)
  File "/Users/amirxon/Desktop/ChaqmoqApp/venv/lib/python3.14/site-packages/django/template/context.py", line 273, in new
    new_context = super().new(values)
  File "/Users/amirxon/Desktop/ChaqmoqApp/venv/lib/python3.14/site-packages/django/template/context.py", line 110, in new
    new_context = copy(self)
  File "/Library/Frameworks/Python.framework/Versions/3.14/lib/python3.14/copy.py", line 82, in copy
    return copier(x)
  File "/Users/amirxon/Desktop/ChaqmoqApp/venv/lib/python3.14/site-packages/django/template/context.py", line 158, in __copy__
    duplicate = super().__copy__()
  File "/Users/amirxon/Desktop/ChaqmoqApp/venv/lib/python3.14/site-packages/django/template/context.py", line 39, in __copy__
    duplicate.dicts = self.dicts[:]
    ^^^^^^^^^^^^^^^
AttributeError: 'super' object has no attribute 'dicts' and no __dict__ for setting new attributes
Internal Server Error: /admin/billing/subscriptionplan/add/
Traceback (most recent call last):
  File "/Users/amirxon/Desktop/ChaqmoqApp/venv/lib/python3.14/site-packages/django/core/handlers/exception.py", line 55, in inner
    response = get_response(request)
  File "/Users/amirxon/Desktop/ChaqmoqApp/venv/lib/python3.14/site-packages/django/core/handlers/base.py", line 220, in _get_response
    response = response.render()
  File "/Users/amirxon/Desktop/ChaqmoqApp/venv/lib/python3.14/site-packages/django/template/response.py", line 114, in render
    self.content = self.rendered_content
                   ^^^^^^^^^^^^^^^^^^^^^
  File "/Users/amirxon/Desktop/ChaqmoqApp/venv/lib/python3.14/site-packages/django/template/response.py", line 92, in rendered_content
    return template.render(context, self._request)
           ~~~~~~~~~~~~~~~^^^^^^^^^^^^^^^^^^^^^^^^
  File "/Users/amirxon/Desktop/ChaqmoqApp/venv/lib/python3.14/site-packages/django/template/backends/django.py", line 61, in render
    return self.template.render(context)
           ~~~~~~~~~~~~~~~~~~~~^^^^^^^^^
  File "/Users/amirxon/Desktop/ChaqmoqApp/venv/lib/python3.14/site-packages/django/template/base.py", line 171, in render
    return self._render(context)
           ~~~~~~~~~~~~^^^^^^^^^
  File "/Users/amirxon/Desktop/ChaqmoqApp/venv/lib/python3.14/site-packages/django/template/base.py", line 163, in _render
    return self.nodelist.render(context)
           ~~~~~~~~~~~~~~~~~~~~^^^^^^^^^
  File "/Users/amirxon/Desktop/ChaqmoqApp/venv/lib/python3.14/site-packages/django/template/base.py", line 1000, in render
    return SafeString("".join([node.render_annotated(context) for node in self]))
                               ~~~~~~~~~~~~~~~~~~~~~^^^^^^^^^
  File "/Users/amirxon/Desktop/ChaqmoqApp/venv/lib/python3.14/site-packages/django/template/base.py", line 961, in render_annotated
    return self.render(context)
           ~~~~~~~~~~~^^^^^^^^^
  File "/Users/amirxon/Desktop/ChaqmoqApp/venv/lib/python3.14/site-packages/django/template/loader_tags.py", line 159, in render
    return compiled_parent._render(context)
           ~~~~~~~~~~~~~~~~~~~~~~~^^^^^^^^^
  File "/Users/amirxon/Desktop/ChaqmoqApp/venv/lib/python3.14/site-packages/django/template/base.py", line 163, in _render
    return self.nodelist.render(context)
           ~~~~~~~~~~~~~~~~~~~~^^^^^^^^^
  File "/Users/amirxon/Desktop/ChaqmoqApp/venv/lib/python3.14/site-packages/django/template/base.py", line 1000, in render
    return SafeString("".join([node.render_annotated(context) for node in self]))
                               ~~~~~~~~~~~~~~~~~~~~~^^^^^^^^^
  File "/Users/amirxon/Desktop/ChaqmoqApp/venv/lib/python3.14/site-packages/django/template/base.py", line 961, in render_annotated
    return self.render(context)
           ~~~~~~~~~~~^^^^^^^^^
  File "/Users/amirxon/Desktop/ChaqmoqApp/venv/lib/python3.14/site-packages/django/template/loader_tags.py", line 159, in render
    return compiled_parent._render(context)
           ~~~~~~~~~~~~~~~~~~~~~~~^^^^^^^^^
  File "/Users/amirxon/Desktop/ChaqmoqApp/venv/lib/python3.14/site-packages/django/template/base.py", line 163, in _render
    return self.nodelist.render(context)
           ~~~~~~~~~~~~~~~~~~~~^^^^^^^^^
  File "/Users/amirxon/Desktop/ChaqmoqApp/venv/lib/python3.14/site-packages/django/template/base.py", line 1000, in render
    return SafeString("".join([node.render_annotated(context) for node in self]))
                               ~~~~~~~~~~~~~~~~~~~~~^^^^^^^^^
  File "/Users/amirxon/Desktop/ChaqmoqApp/venv/lib/python3.14/site-packages/django/template/base.py", line 961, in render_annotated
    return self.render(context)
           ~~~~~~~~~~~^^^^^^^^^
  File "/Users/amirxon/Desktop/ChaqmoqApp/venv/lib/python3.14/site-packages/django/template/loader_tags.py", line 65, in render
    result = block.nodelist.render(context)
  File "/Users/amirxon/Desktop/ChaqmoqApp/venv/lib/python3.14/site-packages/django/template/base.py", line 1000, in render
    return SafeString("".join([node.render_annotated(context) for node in self]))
                               ~~~~~~~~~~~~~~~~~~~~~^^^^^^^^^
  File "/Users/amirxon/Desktop/ChaqmoqApp/venv/lib/python3.14/site-packages/django/template/base.py", line 961, in render_annotated
    return self.render(context)
           ~~~~~~~~~~~^^^^^^^^^
  File "/Users/amirxon/Desktop/ChaqmoqApp/venv/lib/python3.14/site-packages/django/template/loader_tags.py", line 65, in render
    result = block.nodelist.render(context)
  File "/Users/amirxon/Desktop/ChaqmoqApp/venv/lib/python3.14/site-packages/django/template/base.py", line 1000, in render
    return SafeString("".join([node.render_annotated(context) for node in self]))
                               ~~~~~~~~~~~~~~~~~~~~~^^^^^^^^^
  File "/Users/amirxon/Desktop/ChaqmoqApp/venv/lib/python3.14/site-packages/django/template/base.py", line 961, in render_annotated
    return self.render(context)
           ~~~~~~~~~~~^^^^^^^^^
  File "/Users/amirxon/Desktop/ChaqmoqApp/venv/lib/python3.14/site-packages/django/template/loader_tags.py", line 65, in render
    result = block.nodelist.render(context)
  File "/Users/amirxon/Desktop/ChaqmoqApp/venv/lib/python3.14/site-packages/django/template/base.py", line 1000, in render
    return SafeString("".join([node.render_annotated(context) for node in self]))
                               ~~~~~~~~~~~~~~~~~~~~~^^^^^^^^^
  File "/Users/amirxon/Desktop/ChaqmoqApp/venv/lib/python3.14/site-packages/django/template/base.py", line 961, in render_annotated
    return self.render(context)
           ~~~~~~~~~~~^^^^^^^^^
  File "/Users/amirxon/Desktop/ChaqmoqApp/venv/lib/python3.14/site-packages/django/contrib/admin/templatetags/base.py", line 45, in render
    return super().render(context)
           ~~~~~~~~~~~~~~^^^^^^^^^
  File "/Users/amirxon/Desktop/ChaqmoqApp/venv/lib/python3.14/site-packages/django/template/library.py", line 271, in render
    new_context = context.new(_dict)
  File "/Users/amirxon/Desktop/ChaqmoqApp/venv/lib/python3.14/site-packages/django/template/context.py", line 273, in new
    new_context = super().new(values)
  File "/Users/amirxon/Desktop/ChaqmoqApp/venv/lib/python3.14/site-packages/django/template/context.py", line 110, in new
    new_context = copy(self)
  File "/Library/Frameworks/Python.framework/Versions/3.14/lib/python3.14/copy.py", line 82, in copy
    return copier(x)
  File "/Users/amirxon/Desktop/ChaqmoqApp/venv/lib/python3.14/site-packages/django/template/context.py", line 158, in __copy__
    duplicate = super().__copy__()
  File "/Users/amirxon/Desktop/ChaqmoqApp/venv/lib/python3.14/site-packages/django/template/context.py", line 39, in __copy__
    duplicate.dicts = self.dicts[:]
    ^^^^^^^^^^^^^^^
AttributeError: 'super' object has no attribute 'dicts' and no __dict__ for setting new attributes
Internal Server Error: /admin/billing/centersubscription/
Traceback (most recent call last):
  File "/Users/amirxon/Desktop/ChaqmoqApp/venv/lib/python3.14/site-packages/django/core/handlers/exception.py", line 55, in inner
    response = get_response(request)
  File "/Users/amirxon/Desktop/ChaqmoqApp/venv/lib/python3.14/site-packages/django/core/handlers/base.py", line 220, in _get_response
    response = response.render()
  File "/Users/amirxon/Desktop/ChaqmoqApp/venv/lib/python3.14/site-packages/django/template/response.py", line 114, in render
    self.content = self.rendered_content
                   ^^^^^^^^^^^^^^^^^^^^^
  File "/Users/amirxon/Desktop/ChaqmoqApp/venv/lib/python3.14/site-packages/django/template/response.py", line 92, in rendered_content
    return template.render(context, self._request)
           ~~~~~~~~~~~~~~~^^^^^^^^^^^^^^^^^^^^^^^^
  File "/Users/amirxon/Desktop/ChaqmoqApp/venv/lib/python3.14/site-packages/django/template/backends/django.py", line 61, in render
    return self.template.render(context)
           ~~~~~~~~~~~~~~~~~~~~^^^^^^^^^
  File "/Users/amirxon/Desktop/ChaqmoqApp/venv/lib/python3.14/site-packages/django/template/base.py", line 171, in render
    return self._render(context)
           ~~~~~~~~~~~~^^^^^^^^^
  File "/Users/amirxon/Desktop/ChaqmoqApp/venv/lib/python3.14/site-packages/django/template/base.py", line 163, in _render
    return self.nodelist.render(context)
           ~~~~~~~~~~~~~~~~~~~~^^^^^^^^^
  File "/Users/amirxon/Desktop/ChaqmoqApp/venv/lib/python3.14/site-packages/django/template/base.py", line 1000, in render
    return SafeString("".join([node.render_annotated(context) for node in self]))
                               ~~~~~~~~~~~~~~~~~~~~~^^^^^^^^^
  File "/Users/amirxon/Desktop/ChaqmoqApp/venv/lib/python3.14/site-packages/django/template/base.py", line 961, in render_annotated
    return self.render(context)
           ~~~~~~~~~~~^^^^^^^^^
  File "/Users/amirxon/Desktop/ChaqmoqApp/venv/lib/python3.14/site-packages/django/template/loader_tags.py", line 159, in render
    return compiled_parent._render(context)
           ~~~~~~~~~~~~~~~~~~~~~~~^^^^^^^^^
  File "/Users/amirxon/Desktop/ChaqmoqApp/venv/lib/python3.14/site-packages/django/template/base.py", line 163, in _render
    return self.nodelist.render(context)
           ~~~~~~~~~~~~~~~~~~~~^^^^^^^^^
  File "/Users/amirxon/Desktop/ChaqmoqApp/venv/lib/python3.14/site-packages/django/template/base.py", line 1000, in render
    return SafeString("".join([node.render_annotated(context) for node in self]))
                               ~~~~~~~~~~~~~~~~~~~~~^^^^^^^^^
  File "/Users/amirxon/Desktop/ChaqmoqApp/venv/lib/python3.14/site-packages/django/template/base.py", line 961, in render_annotated
    return self.render(context)
           ~~~~~~~~~~~^^^^^^^^^
  File "/Users/amirxon/Desktop/ChaqmoqApp/venv/lib/python3.14/site-packages/django/template/loader_tags.py", line 159, in render
    return compiled_parent._render(context)
           ~~~~~~~~~~~~~~~~~~~~~~~^^^^^^^^^
  File "/Users/amirxon/Desktop/ChaqmoqApp/venv/lib/python3.14/site-packages/django/template/base.py", line 163, in _render
    return self.nodelist.render(context)
           ~~~~~~~~~~~~~~~~~~~~^^^^^^^^^
  File "/Users/amirxon/Desktop/ChaqmoqApp/venv/lib/python3.14/site-packages/django/template/base.py", line 1000, in render
    return SafeString("".join([node.render_annotated(context) for node in self]))
                               ~~~~~~~~~~~~~~~~~~~~~^^^^^^^^^
  File "/Users/amirxon/Desktop/ChaqmoqApp/venv/lib/python3.14/site-packages/django/template/base.py", line 961, in render_annotated
    return self.render(context)
           ~~~~~~~~~~~^^^^^^^^^
  File "/Users/amirxon/Desktop/ChaqmoqApp/venv/lib/python3.14/site-packages/django/template/loader_tags.py", line 65, in render
    result = block.nodelist.render(context)
  File "/Users/amirxon/Desktop/ChaqmoqApp/venv/lib/python3.14/site-packages/django/template/base.py", line 1000, in render
    return SafeString("".join([node.render_annotated(context) for node in self]))
                               ~~~~~~~~~~~~~~~~~~~~~^^^^^^^^^
  File "/Users/amirxon/Desktop/ChaqmoqApp/venv/lib/python3.14/site-packages/django/template/base.py", line 961, in render_annotated
    return self.render(context)
           ~~~~~~~~~~~^^^^^^^^^
  File "/Users/amirxon/Desktop/ChaqmoqApp/venv/lib/python3.14/site-packages/django/template/loader_tags.py", line 65, in render
    result = block.nodelist.render(context)
  File "/Users/amirxon/Desktop/ChaqmoqApp/venv/lib/python3.14/site-packages/django/template/base.py", line 1000, in render
    return SafeString("".join([node.render_annotated(context) for node in self]))
                               ~~~~~~~~~~~~~~~~~~~~~^^^^^^^^^
  File "/Users/amirxon/Desktop/ChaqmoqApp/venv/lib/python3.14/site-packages/django/template/base.py", line 961, in render_annotated
    return self.render(context)
           ~~~~~~~~~~~^^^^^^^^^
  File "/Users/amirxon/Desktop/ChaqmoqApp/venv/lib/python3.14/site-packages/django/template/loader_tags.py", line 65, in render
    result = block.nodelist.render(context)
  File "/Users/amirxon/Desktop/ChaqmoqApp/venv/lib/python3.14/site-packages/django/template/base.py", line 1000, in render
    return SafeString("".join([node.render_annotated(context) for node in self]))
                               ~~~~~~~~~~~~~~~~~~~~~^^^^^^^^^
  File "/Users/amirxon/Desktop/ChaqmoqApp/venv/lib/python3.14/site-packages/django/template/base.py", line 961, in render_annotated
    return self.render(context)
           ~~~~~~~~~~~^^^^^^^^^
  File "/Users/amirxon/Desktop/ChaqmoqApp/venv/lib/python3.14/site-packages/django/template/loader_tags.py", line 65, in render
    result = block.nodelist.render(context)
  File "/Users/amirxon/Desktop/ChaqmoqApp/venv/lib/python3.14/site-packages/django/template/base.py", line 1000, in render
    return SafeString("".join([node.render_annotated(context) for node in self]))
                               ~~~~~~~~~~~~~~~~~~~~~^^^^^^^^^
  File "/Users/amirxon/Desktop/ChaqmoqApp/venv/lib/python3.14/site-packages/django/template/base.py", line 961, in render_annotated
    return self.render(context)
           ~~~~~~~~~~~^^^^^^^^^
  File "/Users/amirxon/Desktop/ChaqmoqApp/venv/lib/python3.14/site-packages/django/template/loader_tags.py", line 65, in render
    result = block.nodelist.render(context)
  File "/Users/amirxon/Desktop/ChaqmoqApp/venv/lib/python3.14/site-packages/django/template/base.py", line 1000, in render
    return SafeString("".join([node.render_annotated(context) for node in self]))
                               ~~~~~~~~~~~~~~~~~~~~~^^^^^^^^^
  File "/Users/amirxon/Desktop/ChaqmoqApp/venv/lib/python3.14/site-packages/django/template/base.py", line 961, in render_annotated
    return self.render(context)
           ~~~~~~~~~~~^^^^^^^^^
  File "/Users/amirxon/Desktop/ChaqmoqApp/venv/lib/python3.14/site-packages/django/contrib/admin/templatetags/base.py", line 45, in render
    return super().render(context)
           ~~~~~~~~~~~~~~^^^^^^^^^
  File "/Users/amirxon/Desktop/ChaqmoqApp/venv/lib/python3.14/site-packages/django/template/library.py", line 271, in render
    new_context = context.new(_dict)
  File "/Users/amirxon/Desktop/ChaqmoqApp/venv/lib/python3.14/site-packages/django/template/context.py", line 273, in new
    new_context = super().new(values)
  File "/Users/amirxon/Desktop/ChaqmoqApp/venv/lib/python3.14/site-packages/django/template/context.py", line 110, in new
    new_context = copy(self)
  File "/Library/Frameworks/Python.framework/Versions/3.14/lib/python3.14/copy.py", line 82, in copy
    return copier(x)
  File "/Users/amirxon/Desktop/ChaqmoqApp/venv/lib/python3.14/site-packages/django/template/context.py", line 158, in __copy__
    duplicate = super().__copy__()
  File "/Users/amirxon/Desktop/ChaqmoqApp/venv/lib/python3.14/site-packages/django/template/context.py", line 39, in __copy__
    duplicate.dicts = self.dicts[:]
    ^^^^^^^^^^^^^^^
AttributeError: 'super' object has no attribute 'dicts' and no __dict__ for setting new attributes
Internal Server Error: /admin/billing/centersubscription/
Traceback (most recent call last):
  File "/Users/amirxon/Desktop/ChaqmoqApp/venv/lib/python3.14/site-packages/django/core/handlers/exception.py", line 55, in inner
    response = get_response(request)
  File "/Users/amirxon/Desktop/ChaqmoqApp/venv/lib/python3.14/site-packages/django/core/handlers/base.py", line 220, in _get_response
    response = response.render()
  File "/Users/amirxon/Desktop/ChaqmoqApp/venv/lib/python3.14/site-packages/django/template/response.py", line 114, in render
    self.content = self.rendered_content
                   ^^^^^^^^^^^^^^^^^^^^^
  File "/Users/amirxon/Desktop/ChaqmoqApp/venv/lib/python3.14/site-packages/django/template/response.py", line 92, in rendered_content
    return template.render(context, self._request)
           ~~~~~~~~~~~~~~~^^^^^^^^^^^^^^^^^^^^^^^^
  File "/Users/amirxon/Desktop/ChaqmoqApp/venv/lib/python3.14/site-packages/django/template/backends/django.py", line 61, in render
    return self.template.render(context)
           ~~~~~~~~~~~~~~~~~~~~^^^^^^^^^
  File "/Users/amirxon/Desktop/ChaqmoqApp/venv/lib/python3.14/site-packages/django/template/base.py", line 171, in render
    return self._render(context)
           ~~~~~~~~~~~~^^^^^^^^^
  File "/Users/amirxon/Desktop/ChaqmoqApp/venv/lib/python3.14/site-packages/django/template/base.py", line 163, in _render
    return self.nodelist.render(context)
           ~~~~~~~~~~~~~~~~~~~~^^^^^^^^^
  File "/Users/amirxon/Desktop/ChaqmoqApp/venv/lib/python3.14/site-packages/django/template/base.py", line 1000, in render
    return SafeString("".join([node.render_annotated(context) for node in self]))
                               ~~~~~~~~~~~~~~~~~~~~~^^^^^^^^^
  File "/Users/amirxon/Desktop/ChaqmoqApp/venv/lib/python3.14/site-packages/django/template/base.py", line 961, in render_annotated
    return self.render(context)
           ~~~~~~~~~~~^^^^^^^^^
  File "/Users/amirxon/Desktop/ChaqmoqApp/venv/lib/python3.14/site-packages/django/template/loader_tags.py", line 159, in render
    return compiled_parent._render(context)
           ~~~~~~~~~~~~~~~~~~~~~~~^^^^^^^^^
  File "/Users/amirxon/Desktop/ChaqmoqApp/venv/lib/python3.14/site-packages/django/template/base.py", line 163, in _render
    return self.nodelist.render(context)
           ~~~~~~~~~~~~~~~~~~~~^^^^^^^^^
  File "/Users/amirxon/Desktop/ChaqmoqApp/venv/lib/python3.14/site-packages/django/template/base.py", line 1000, in render
    return SafeString("".join([node.render_annotated(context) for node in self]))
                               ~~~~~~~~~~~~~~~~~~~~~^^^^^^^^^
  File "/Users/amirxon/Desktop/ChaqmoqApp/venv/lib/python3.14/site-packages/django/template/base.py", line 961, in render_annotated
    return self.render(context)
           ~~~~~~~~~~~^^^^^^^^^
  File "/Users/amirxon/Desktop/ChaqmoqApp/venv/lib/python3.14/site-packages/django/template/loader_tags.py", line 159, in render
    return compiled_parent._render(context)
           ~~~~~~~~~~~~~~~~~~~~~~~^^^^^^^^^
  File "/Users/amirxon/Desktop/ChaqmoqApp/venv/lib/python3.14/site-packages/django/template/base.py", line 163, in _render
    return self.nodelist.render(context)
           ~~~~~~~~~~~~~~~~~~~~^^^^^^^^^
  File "/Users/amirxon/Desktop/ChaqmoqApp/venv/lib/python3.14/site-packages/django/template/base.py", line 1000, in render
    return SafeString("".join([node.render_annotated(context) for node in self]))
                               ~~~~~~~~~~~~~~~~~~~~~^^^^^^^^^
  File "/Users/amirxon/Desktop/ChaqmoqApp/venv/lib/python3.14/site-packages/django/template/base.py", line 961, in render_annotated
    return self.render(context)
           ~~~~~~~~~~~^^^^^^^^^
  File "/Users/amirxon/Desktop/ChaqmoqApp/venv/lib/python3.14/site-packages/django/template/loader_tags.py", line 65, in render
    result = block.nodelist.render(context)
  File "/Users/amirxon/Desktop/ChaqmoqApp/venv/lib/python3.14/site-packages/django/template/base.py", line 1000, in render
    return SafeString("".join([node.render_annotated(context) for node in self]))
                               ~~~~~~~~~~~~~~~~~~~~~^^^^^^^^^
  File "/Users/amirxon/Desktop/ChaqmoqApp/venv/lib/python3.14/site-packages/django/template/base.py", line 961, in render_annotated
    return self.render(context)
           ~~~~~~~~~~~^^^^^^^^^
  File "/Users/amirxon/Desktop/ChaqmoqApp/venv/lib/python3.14/site-packages/django/template/loader_tags.py", line 65, in render
    result = block.nodelist.render(context)
  File "/Users/amirxon/Desktop/ChaqmoqApp/venv/lib/python3.14/site-packages/django/template/base.py", line 1000, in render
    return SafeString("".join([node.render_annotated(context) for node in self]))
                               ~~~~~~~~~~~~~~~~~~~~~^^^^^^^^^
  File "/Users/amirxon/Desktop/ChaqmoqApp/venv/lib/python3.14/site-packages/django/template/base.py", line 961, in render_annotated
    return self.render(context)
           ~~~~~~~~~~~^^^^^^^^^
  File "/Users/amirxon/Desktop/ChaqmoqApp/venv/lib/python3.14/site-packages/django/template/loader_tags.py", line 65, in render
    result = block.nodelist.render(context)
  File "/Users/amirxon/Desktop/ChaqmoqApp/venv/lib/python3.14/site-packages/django/template/base.py", line 1000, in render
    return SafeString("".join([node.render_annotated(context) for node in self]))
                               ~~~~~~~~~~~~~~~~~~~~~^^^^^^^^^
  File "/Users/amirxon/Desktop/ChaqmoqApp/venv/lib/python3.14/site-packages/django/template/base.py", line 961, in render_annotated
    return self.render(context)
           ~~~~~~~~~~~^^^^^^^^^
  File "/Users/amirxon/Desktop/ChaqmoqApp/venv/lib/python3.14/site-packages/django/template/loader_tags.py", line 65, in render
    result = block.nodelist.render(context)
  File "/Users/amirxon/Desktop/ChaqmoqApp/venv/lib/python3.14/site-packages/django/template/base.py", line 1000, in render
    return SafeString("".join([node.render_annotated(context) for node in self]))
                               ~~~~~~~~~~~~~~~~~~~~~^^^^^^^^^
  File "/Users/amirxon/Desktop/ChaqmoqApp/venv/lib/python3.14/site-packages/django/template/base.py", line 961, in render_annotated
    return self.render(context)
           ~~~~~~~~~~~^^^^^^^^^
  File "/Users/amirxon/Desktop/ChaqmoqApp/venv/lib/python3.14/site-packages/django/template/loader_tags.py", line 65, in render
    result = block.nodelist.render(context)
  File "/Users/amirxon/Desktop/ChaqmoqApp/venv/lib/python3.14/site-packages/django/template/base.py", line 1000, in render
    return SafeString("".join([node.render_annotated(context) for node in self]))
                               ~~~~~~~~~~~~~~~~~~~~~^^^^^^^^^
  File "/Users/amirxon/Desktop/ChaqmoqApp/venv/lib/python3.14/site-packages/django/template/base.py", line 961, in render_annotated
    return self.render(context)
           ~~~~~~~~~~~^^^^^^^^^
  File "/Users/amirxon/Desktop/ChaqmoqApp/venv/lib/python3.14/site-packages/django/contrib/admin/templatetags/base.py", line 45, in render
    return super().render(context)
           ~~~~~~~~~~~~~~^^^^^^^^^
  File "/Users/amirxon/Desktop/ChaqmoqApp/venv/lib/python3.14/site-packages/django/template/library.py", line 271, in render
    new_context = context.new(_dict)
  File "/Users/amirxon/Desktop/ChaqmoqApp/venv/lib/python3.14/site-packages/django/template/context.py", line 273, in new
    new_context = super().new(values)
  File "/Users/amirxon/Desktop/ChaqmoqApp/venv/lib/python3.14/site-packages/django/template/context.py", line 110, in new
    new_context = copy(self)
  File "/Library/Frameworks/Python.framework/Versions/3.14/lib/python3.14/copy.py", line 82, in copy
    return copier(x)
  File "/Users/amirxon/Desktop/ChaqmoqApp/venv/lib/python3.14/site-packages/django/template/context.py", line 158, in __copy__
    duplicate = super().__copy__()
  File "/Users/amirxon/Desktop/ChaqmoqApp/venv/lib/python3.14/site-packages/django/template/context.py", line 39, in __copy__
    duplicate.dicts = self.dicts[:]
    ^^^^^^^^^^^^^^^
AttributeError: 'super' object has no attribute 'dicts' and no __dict__ for setting new attributes
Internal Server Error: /admin/billing/centersubscription/add/
Traceback (most recent call last):
  File "/Users/amirxon/Desktop/ChaqmoqApp/venv/lib/python3.14/site-packages/django/core/handlers/exception.py", line 55, in inner
    response = get_response(request)
  File "/Users/amirxon/Desktop/ChaqmoqApp/venv/lib/python3.14/site-packages/django/core/handlers/base.py", line 220, in _get_response
    response = response.render()
  File "/Users/amirxon/Desktop/ChaqmoqApp/venv/lib/python3.14/site-packages/django/template/response.py", line 114, in render
    self.content = self.rendered_content
                   ^^^^^^^^^^^^^^^^^^^^^
  File "/Users/amirxon/Desktop/ChaqmoqApp/venv/lib/python3.14/site-packages/django/template/response.py", line 92, in rendered_content
    return template.render(context, self._request)
           ~~~~~~~~~~~~~~~^^^^^^^^^^^^^^^^^^^^^^^^
  File "/Users/amirxon/Desktop/ChaqmoqApp/venv/lib/python3.14/site-packages/django/template/backends/django.py", line 61, in render
    return self.template.render(context)
           ~~~~~~~~~~~~~~~~~~~~^^^^^^^^^
  File "/Users/amirxon/Desktop/ChaqmoqApp/venv/lib/python3.14/site-packages/django/template/base.py", line 171, in render
    return self._render(context)
           ~~~~~~~~~~~~^^^^^^^^^
  File "/Users/amirxon/Desktop/ChaqmoqApp/venv/lib/python3.14/site-packages/django/template/base.py", line 163, in _render
    return self.nodelist.render(context)
           ~~~~~~~~~~~~~~~~~~~~^^^^^^^^^
  File "/Users/amirxon/Desktop/ChaqmoqApp/venv/lib/python3.14/site-packages/django/template/base.py", line 1000, in render
    return SafeString("".join([node.render_annotated(context) for node in self]))
                               ~~~~~~~~~~~~~~~~~~~~~^^^^^^^^^
  File "/Users/amirxon/Desktop/ChaqmoqApp/venv/lib/python3.14/site-packages/django/template/base.py", line 961, in render_annotated
    return self.render(context)
           ~~~~~~~~~~~^^^^^^^^^
  File "/Users/amirxon/Desktop/ChaqmoqApp/venv/lib/python3.14/site-packages/django/template/loader_tags.py", line 159, in render
    return compiled_parent._render(context)
           ~~~~~~~~~~~~~~~~~~~~~~~^^^^^^^^^
  File "/Users/amirxon/Desktop/ChaqmoqApp/venv/lib/python3.14/site-packages/django/template/base.py", line 163, in _render
    return self.nodelist.render(context)
           ~~~~~~~~~~~~~~~~~~~~^^^^^^^^^
  File "/Users/amirxon/Desktop/ChaqmoqApp/venv/lib/python3.14/site-packages/django/template/base.py", line 1000, in render
    return SafeString("".join([node.render_annotated(context) for node in self]))
                               ~~~~~~~~~~~~~~~~~~~~~^^^^^^^^^
  File "/Users/amirxon/Desktop/ChaqmoqApp/venv/lib/python3.14/site-packages/django/template/base.py", line 961, in render_annotated
    return self.render(context)
           ~~~~~~~~~~~^^^^^^^^^
  File "/Users/amirxon/Desktop/ChaqmoqApp/venv/lib/python3.14/site-packages/django/template/loader_tags.py", line 159, in render
    return compiled_parent._render(context)
           ~~~~~~~~~~~~~~~~~~~~~~~^^^^^^^^^
  File "/Users/amirxon/Desktop/ChaqmoqApp/venv/lib/python3.14/site-packages/django/template/base.py", line 163, in _render
    return self.nodelist.render(context)
           ~~~~~~~~~~~~~~~~~~~~^^^^^^^^^
  File "/Users/amirxon/Desktop/ChaqmoqApp/venv/lib/python3.14/site-packages/django/template/base.py", line 1000, in render
    return SafeString("".join([node.render_annotated(context) for node in self]))
                               ~~~~~~~~~~~~~~~~~~~~~^^^^^^^^^
  File "/Users/amirxon/Desktop/ChaqmoqApp/venv/lib/python3.14/site-packages/django/template/base.py", line 961, in render_annotated
    return self.render(context)
           ~~~~~~~~~~~^^^^^^^^^
  File "/Users/amirxon/Desktop/ChaqmoqApp/venv/lib/python3.14/site-packages/django/template/loader_tags.py", line 65, in render
    result = block.nodelist.render(context)
  File "/Users/amirxon/Desktop/ChaqmoqApp/venv/lib/python3.14/site-packages/django/template/base.py", line 1000, in render
    return SafeString("".join([node.render_annotated(context) for node in self]))
                               ~~~~~~~~~~~~~~~~~~~~~^^^^^^^^^
  File "/Users/amirxon/Desktop/ChaqmoqApp/venv/lib/python3.14/site-packages/django/template/base.py", line 961, in render_annotated
    return self.render(context)
           ~~~~~~~~~~~^^^^^^^^^
  File "/Users/amirxon/Desktop/ChaqmoqApp/venv/lib/python3.14/site-packages/django/template/loader_tags.py", line 65, in render
    result = block.nodelist.render(context)
  File "/Users/amirxon/Desktop/ChaqmoqApp/venv/lib/python3.14/site-packages/django/template/base.py", line 1000, in render
    return SafeString("".join([node.render_annotated(context) for node in self]))
                               ~~~~~~~~~~~~~~~~~~~~~^^^^^^^^^
  File "/Users/amirxon/Desktop/ChaqmoqApp/venv/lib/python3.14/site-packages/django/template/base.py", line 961, in render_annotated
    return self.render(context)
           ~~~~~~~~~~~^^^^^^^^^
  File "/Users/amirxon/Desktop/ChaqmoqApp/venv/lib/python3.14/site-packages/django/template/loader_tags.py", line 65, in render
    result = block.nodelist.render(context)
  File "/Users/amirxon/Desktop/ChaqmoqApp/venv/lib/python3.14/site-packages/django/template/base.py", line 1000, in render
    return SafeString("".join([node.render_annotated(context) for node in self]))
                               ~~~~~~~~~~~~~~~~~~~~~^^^^^^^^^
  File "/Users/amirxon/Desktop/ChaqmoqApp/venv/lib/python3.14/site-packages/django/template/base.py", line 961, in render_annotated
    return self.render(context)
           ~~~~~~~~~~~^^^^^^^^^
  File "/Users/amirxon/Desktop/ChaqmoqApp/venv/lib/python3.14/site-packages/django/contrib/admin/templatetags/base.py", line 45, in render
    return super().render(context)
           ~~~~~~~~~~~~~~^^^^^^^^^
  File "/Users/amirxon/Desktop/ChaqmoqApp/venv/lib/python3.14/site-packages/django/template/library.py", line 271, in render
    new_context = context.new(_dict)
  File "/Users/amirxon/Desktop/ChaqmoqApp/venv/lib/python3.14/site-packages/django/template/context.py", line 273, in new
    new_context = super().new(values)
  File "/Users/amirxon/Desktop/ChaqmoqApp/venv/lib/python3.14/site-packages/django/template/context.py", line 110, in new
    new_context = copy(self)
  File "/Library/Frameworks/Python.framework/Versions/3.14/lib/python3.14/copy.py", line 82, in copy
    return copier(x)
  File "/Users/amirxon/Desktop/ChaqmoqApp/venv/lib/python3.14/site-packages/django/template/context.py", line 158, in __copy__
    duplicate = super().__copy__()
  File "/Users/amirxon/Desktop/ChaqmoqApp/venv/lib/python3.14/site-packages/django/template/context.py", line 39, in __copy__
    duplicate.dicts = self.dicts[:]
    ^^^^^^^^^^^^^^^
AttributeError: 'super' object has no attribute 'dicts' and no __dict__ for setting new attributes
Internal Server Error: /admin/billing/centersubscription/add/
Traceback (most recent call last):
  File "/Users/amirxon/Desktop/ChaqmoqApp/venv/lib/python3.14/site-packages/django/core/handlers/exception.py", line 55, in inner
    response = get_response(request)
  File "/Users/amirxon/Desktop/ChaqmoqApp/venv/lib/python3.14/site-packages/django/core/handlers/base.py", line 220, in _get_response
    response = response.render()
  File "/Users/amirxon/Desktop/ChaqmoqApp/venv/lib/python3.14/site-packages/django/template/response.py", line 114, in render
    self.content = self.rendered_content
                   ^^^^^^^^^^^^^^^^^^^^^
  File "/Users/amirxon/Desktop/ChaqmoqApp/venv/lib/python3.14/site-packages/django/template/response.py", line 92, in rendered_content
    return template.render(context, self._request)
           ~~~~~~~~~~~~~~~^^^^^^^^^^^^^^^^^^^^^^^^
  File "/Users/amirxon/Desktop/ChaqmoqApp/venv/lib/python3.14/site-packages/django/template/backends/django.py", line 61, in render
    return self.template.render(context)
           ~~~~~~~~~~~~~~~~~~~~^^^^^^^^^
  File "/Users/amirxon/Desktop/ChaqmoqApp/venv/lib/python3.14/site-packages/django/template/base.py", line 171, in render
    return self._render(context)
           ~~~~~~~~~~~~^^^^^^^^^
  File "/Users/amirxon/Desktop/ChaqmoqApp/venv/lib/python3.14/site-packages/django/template/base.py", line 163, in _render
    return self.nodelist.render(context)
           ~~~~~~~~~~~~~~~~~~~~^^^^^^^^^
  File "/Users/amirxon/Desktop/ChaqmoqApp/venv/lib/python3.14/site-packages/django/template/base.py", line 1000, in render
    return SafeString("".join([node.render_annotated(context) for node in self]))
                               ~~~~~~~~~~~~~~~~~~~~~^^^^^^^^^
  File "/Users/amirxon/Desktop/ChaqmoqApp/venv/lib/python3.14/site-packages/django/template/base.py", line 961, in render_annotated
    return self.render(context)
           ~~~~~~~~~~~^^^^^^^^^
  File "/Users/amirxon/Desktop/ChaqmoqApp/venv/lib/python3.14/site-packages/django/template/loader_tags.py", line 159, in render
    return compiled_parent._render(context)
           ~~~~~~~~~~~~~~~~~~~~~~~^^^^^^^^^
  File "/Users/amirxon/Desktop/ChaqmoqApp/venv/lib/python3.14/site-packages/django/template/base.py", line 163, in _render
    return self.nodelist.render(context)
           ~~~~~~~~~~~~~~~~~~~~^^^^^^^^^
  File "/Users/amirxon/Desktop/ChaqmoqApp/venv/lib/python3.14/site-packages/django/template/base.py", line 1000, in render
    return SafeString("".join([node.render_annotated(context) for node in self]))
                               ~~~~~~~~~~~~~~~~~~~~~^^^^^^^^^
  File "/Users/amirxon/Desktop/ChaqmoqApp/venv/lib/python3.14/site-packages/django/template/base.py", line 961, in render_annotated
    return self.render(context)
           ~~~~~~~~~~~^^^^^^^^^
  File "/Users/amirxon/Desktop/ChaqmoqApp/venv/lib/python3.14/site-packages/django/template/loader_tags.py", line 159, in render
    return compiled_parent._render(context)
           ~~~~~~~~~~~~~~~~~~~~~~~^^^^^^^^^
  File "/Users/amirxon/Desktop/ChaqmoqApp/venv/lib/python3.14/site-packages/django/template/base.py", line 163, in _render
    return self.nodelist.render(context)
           ~~~~~~~~~~~~~~~~~~~~^^^^^^^^^
  File "/Users/amirxon/Desktop/ChaqmoqApp/venv/lib/python3.14/site-packages/django/template/base.py", line 1000, in render
    return SafeString("".join([node.render_annotated(context) for node in self]))
                               ~~~~~~~~~~~~~~~~~~~~~^^^^^^^^^
  File "/Users/amirxon/Desktop/ChaqmoqApp/venv/lib/python3.14/site-packages/django/template/base.py", line 961, in render_annotated
    return self.render(context)
           ~~~~~~~~~~~^^^^^^^^^
  File "/Users/amirxon/Desktop/ChaqmoqApp/venv/lib/python3.14/site-packages/django/template/loader_tags.py", line 65, in render
    result = block.nodelist.render(context)
  File "/Users/amirxon/Desktop/ChaqmoqApp/venv/lib/python3.14/site-packages/django/template/base.py", line 1000, in render
    return SafeString("".join([node.render_annotated(context) for node in self]))
                               ~~~~~~~~~~~~~~~~~~~~~^^^^^^^^^
  File "/Users/amirxon/Desktop/ChaqmoqApp/venv/lib/python3.14/site-packages/django/template/base.py", line 961, in render_annotated
    return self.render(context)
           ~~~~~~~~~~~^^^^^^^^^
  File "/Users/amirxon/Desktop/ChaqmoqApp/venv/lib/python3.14/site-packages/django/template/loader_tags.py", line 65, in render
    result = block.nodelist.render(context)
  File "/Users/amirxon/Desktop/ChaqmoqApp/venv/lib/python3.14/site-packages/django/template/base.py", line 1000, in render
    return SafeString("".join([node.render_annotated(context) for node in self]))
                               ~~~~~~~~~~~~~~~~~~~~~^^^^^^^^^
  File "/Users/amirxon/Desktop/ChaqmoqApp/venv/lib/python3.14/site-packages/django/template/base.py", line 961, in render_annotated
    return self.render(context)
           ~~~~~~~~~~~^^^^^^^^^
  File "/Users/amirxon/Desktop/ChaqmoqApp/venv/lib/python3.14/site-packages/django/template/loader_tags.py", line 65, in render
    result = block.nodelist.render(context)
  File "/Users/amirxon/Desktop/ChaqmoqApp/venv/lib/python3.14/site-packages/django/template/base.py", line 1000, in render
    return SafeString("".join([node.render_annotated(context) for node in self]))
                               ~~~~~~~~~~~~~~~~~~~~~^^^^^^^^^
  File "/Users/amirxon/Desktop/ChaqmoqApp/venv/lib/python3.14/site-packages/django/template/base.py", line 961, in render_annotated
    return self.render(context)
           ~~~~~~~~~~~^^^^^^^^^
  File "/Users/amirxon/Desktop/ChaqmoqApp/venv/lib/python3.14/site-packages/django/contrib/admin/templatetags/base.py", line 45, in render
    return super().render(context)
           ~~~~~~~~~~~~~~^^^^^^^^^
  File "/Users/amirxon/Desktop/ChaqmoqApp/venv/lib/python3.14/site-packages/django/template/library.py", line 271, in render
    new_context = context.new(_dict)
  File "/Users/amirxon/Desktop/ChaqmoqApp/venv/lib/python3.14/site-packages/django/template/context.py", line 273, in new
    new_context = super().new(values)
  File "/Users/amirxon/Desktop/ChaqmoqApp/venv/lib/python3.14/site-packages/django/template/context.py", line 110, in new
    new_context = copy(self)
  File "/Library/Frameworks/Python.framework/Versions/3.14/lib/python3.14/copy.py", line 82, in copy
    return copier(x)
  File "/Users/amirxon/Desktop/ChaqmoqApp/venv/lib/python3.14/site-packages/django/template/context.py", line 158, in __copy__
    duplicate = super().__copy__()
  File "/Users/amirxon/Desktop/ChaqmoqApp/venv/lib/python3.14/site-packages/django/template/context.py", line 39, in __copy__
    duplicate.dicts = self.dicts[:]
    ^^^^^^^^^^^^^^^
AttributeError: 'super' object has no attribute 'dicts' and no __dict__ for setting new attributes
Internal Server Error: /admin/billing/promocode/
Traceback (most recent call last):
  File "/Users/amirxon/Desktop/ChaqmoqApp/venv/lib/python3.14/site-packages/django/core/handlers/exception.py", line 55, in inner
    response = get_response(request)
  File "/Users/amirxon/Desktop/ChaqmoqApp/venv/lib/python3.14/site-packages/django/core/handlers/base.py", line 220, in _get_response
    response = response.render()
  File "/Users/amirxon/Desktop/ChaqmoqApp/venv/lib/python3.14/site-packages/django/template/response.py", line 114, in render
    self.content = self.rendered_content
                   ^^^^^^^^^^^^^^^^^^^^^
  File "/Users/amirxon/Desktop/ChaqmoqApp/venv/lib/python3.14/site-packages/django/template/response.py", line 92, in rendered_content
    return template.render(context, self._request)
           ~~~~~~~~~~~~~~~^^^^^^^^^^^^^^^^^^^^^^^^
  File "/Users/amirxon/Desktop/ChaqmoqApp/venv/lib/python3.14/site-packages/django/template/backends/django.py", line 61, in render
    return self.template.render(context)
           ~~~~~~~~~~~~~~~~~~~~^^^^^^^^^
  File "/Users/amirxon/Desktop/ChaqmoqApp/venv/lib/python3.14/site-packages/django/template/base.py", line 171, in render
    return self._render(context)
           ~~~~~~~~~~~~^^^^^^^^^
  File "/Users/amirxon/Desktop/ChaqmoqApp/venv/lib/python3.14/site-packages/django/template/base.py", line 163, in _render
    return self.nodelist.render(context)
           ~~~~~~~~~~~~~~~~~~~~^^^^^^^^^
  File "/Users/amirxon/Desktop/ChaqmoqApp/venv/lib/python3.14/site-packages/django/template/base.py", line 1000, in render
    return SafeString("".join([node.render_annotated(context) for node in self]))
                               ~~~~~~~~~~~~~~~~~~~~~^^^^^^^^^
  File "/Users/amirxon/Desktop/ChaqmoqApp/venv/lib/python3.14/site-packages/django/template/base.py", line 961, in render_annotated
    return self.render(context)
           ~~~~~~~~~~~^^^^^^^^^
  File "/Users/amirxon/Desktop/ChaqmoqApp/venv/lib/python3.14/site-packages/django/template/loader_tags.py", line 159, in render
    return compiled_parent._render(context)
           ~~~~~~~~~~~~~~~~~~~~~~~^^^^^^^^^
  File "/Users/amirxon/Desktop/ChaqmoqApp/venv/lib/python3.14/site-packages/django/template/base.py", line 163, in _render
    return self.nodelist.render(context)
           ~~~~~~~~~~~~~~~~~~~~^^^^^^^^^
  File "/Users/amirxon/Desktop/ChaqmoqApp/venv/lib/python3.14/site-packages/django/template/base.py", line 1000, in render
    return SafeString("".join([node.render_annotated(context) for node in self]))
                               ~~~~~~~~~~~~~~~~~~~~~^^^^^^^^^
  File "/Users/amirxon/Desktop/ChaqmoqApp/venv/lib/python3.14/site-packages/django/template/base.py", line 961, in render_annotated
    return self.render(context)
           ~~~~~~~~~~~^^^^^^^^^
  File "/Users/amirxon/Desktop/ChaqmoqApp/venv/lib/python3.14/site-packages/django/template/loader_tags.py", line 159, in render
    return compiled_parent._render(context)
           ~~~~~~~~~~~~~~~~~~~~~~~^^^^^^^^^
  File "/Users/amirxon/Desktop/ChaqmoqApp/venv/lib/python3.14/site-packages/django/template/base.py", line 163, in _render
    return self.nodelist.render(context)
           ~~~~~~~~~~~~~~~~~~~~^^^^^^^^^
  File "/Users/amirxon/Desktop/ChaqmoqApp/venv/lib/python3.14/site-packages/django/template/base.py", line 1000, in render
    return SafeString("".join([node.render_annotated(context) for node in self]))
                               ~~~~~~~~~~~~~~~~~~~~~^^^^^^^^^
  File "/Users/amirxon/Desktop/ChaqmoqApp/venv/lib/python3.14/site-packages/django/template/base.py", line 961, in render_annotated
    return self.render(context)
           ~~~~~~~~~~~^^^^^^^^^
  File "/Users/amirxon/Desktop/ChaqmoqApp/venv/lib/python3.14/site-packages/django/template/loader_tags.py", line 65, in render
    result = block.nodelist.render(context)
  File "/Users/amirxon/Desktop/ChaqmoqApp/venv/lib/python3.14/site-packages/django/template/base.py", line 1000, in render
    return SafeString("".join([node.render_annotated(context) for node in self]))
                               ~~~~~~~~~~~~~~~~~~~~~^^^^^^^^^
  File "/Users/amirxon/Desktop/ChaqmoqApp/venv/lib/python3.14/site-packages/django/template/base.py", line 961, in render_annotated
    return self.render(context)
           ~~~~~~~~~~~^^^^^^^^^
  File "/Users/amirxon/Desktop/ChaqmoqApp/venv/lib/python3.14/site-packages/django/template/loader_tags.py", line 65, in render
    result = block.nodelist.render(context)
  File "/Users/amirxon/Desktop/ChaqmoqApp/venv/lib/python3.14/site-packages/django/template/base.py", line 1000, in render
    return SafeString("".join([node.render_annotated(context) for node in self]))
                               ~~~~~~~~~~~~~~~~~~~~~^^^^^^^^^
  File "/Users/amirxon/Desktop/ChaqmoqApp/venv/lib/python3.14/site-packages/django/template/base.py", line 961, in render_annotated
    return self.render(context)
           ~~~~~~~~~~~^^^^^^^^^
  File "/Users/amirxon/Desktop/ChaqmoqApp/venv/lib/python3.14/site-packages/django/template/loader_tags.py", line 65, in render
    result = block.nodelist.render(context)
  File "/Users/amirxon/Desktop/ChaqmoqApp/venv/lib/python3.14/site-packages/django/template/base.py", line 1000, in render
    return SafeString("".join([node.render_annotated(context) for node in self]))
                               ~~~~~~~~~~~~~~~~~~~~~^^^^^^^^^
  File "/Users/amirxon/Desktop/ChaqmoqApp/venv/lib/python3.14/site-packages/django/template/base.py", line 961, in render_annotated
    return self.render(context)
           ~~~~~~~~~~~^^^^^^^^^
  File "/Users/amirxon/Desktop/ChaqmoqApp/venv/lib/python3.14/site-packages/django/template/loader_tags.py", line 65, in render
    result = block.nodelist.render(context)
  File "/Users/amirxon/Desktop/ChaqmoqApp/venv/lib/python3.14/site-packages/django/template/base.py", line 1000, in render
    return SafeString("".join([node.render_annotated(context) for node in self]))
                               ~~~~~~~~~~~~~~~~~~~~~^^^^^^^^^
  File "/Users/amirxon/Desktop/ChaqmoqApp/venv/lib/python3.14/site-packages/django/template/base.py", line 961, in render_annotated
    return self.render(context)
           ~~~~~~~~~~~^^^^^^^^^
  File "/Users/amirxon/Desktop/ChaqmoqApp/venv/lib/python3.14/site-packages/django/template/loader_tags.py", line 65, in render
    result = block.nodelist.render(context)
  File "/Users/amirxon/Desktop/ChaqmoqApp/venv/lib/python3.14/site-packages/django/template/base.py", line 1000, in render
    return SafeString("".join([node.render_annotated(context) for node in self]))
                               ~~~~~~~~~~~~~~~~~~~~~^^^^^^^^^
  File "/Users/amirxon/Desktop/ChaqmoqApp/venv/lib/python3.14/site-packages/django/template/base.py", line 961, in render_annotated
    return self.render(context)
           ~~~~~~~~~~~^^^^^^^^^
  File "/Users/amirxon/Desktop/ChaqmoqApp/venv/lib/python3.14/site-packages/django/contrib/admin/templatetags/base.py", line 45, in render
    return super().render(context)
           ~~~~~~~~~~~~~~^^^^^^^^^
  File "/Users/amirxon/Desktop/ChaqmoqApp/venv/lib/python3.14/site-packages/django/template/library.py", line 271, in render
    new_context = context.new(_dict)
  File "/Users/amirxon/Desktop/ChaqmoqApp/venv/lib/python3.14/site-packages/django/template/context.py", line 273, in new
    new_context = super().new(values)
  File "/Users/amirxon/Desktop/ChaqmoqApp/venv/lib/python3.14/site-packages/django/template/context.py", line 110, in new
    new_context = copy(self)
  File "/Library/Frameworks/Python.framework/Versions/3.14/lib/python3.14/copy.py", line 82, in copy
    return copier(x)
  File "/Users/amirxon/Desktop/ChaqmoqApp/venv/lib/python3.14/site-packages/django/template/context.py", line 158, in __copy__
    duplicate = super().__copy__()
  File "/Users/amirxon/Desktop/ChaqmoqApp/venv/lib/python3.14/site-packages/django/template/context.py", line 39, in __copy__
    duplicate.dicts = self.dicts[:]
    ^^^^^^^^^^^^^^^
AttributeError: 'super' object has no attribute 'dicts' and no __dict__ for setting new attributes
Internal Server Error: /admin/billing/promocode/
Traceback (most recent call last):
  File "/Users/amirxon/Desktop/ChaqmoqApp/venv/lib/python3.14/site-packages/django/core/handlers/exception.py", line 55, in inner
    response = get_response(request)
  File "/Users/amirxon/Desktop/ChaqmoqApp/venv/lib/python3.14/site-packages/django/core/handlers/base.py", line 220, in _get_response
    response = response.render()
  File "/Users/amirxon/Desktop/ChaqmoqApp/venv/lib/python3.14/site-packages/django/template/response.py", line 114, in render
    self.content = self.rendered_content
                   ^^^^^^^^^^^^^^^^^^^^^
  File "/Users/amirxon/Desktop/ChaqmoqApp/venv/lib/python3.14/site-packages/django/template/response.py", line 92, in rendered_content
    return template.render(context, self._request)
           ~~~~~~~~~~~~~~~^^^^^^^^^^^^^^^^^^^^^^^^
  File "/Users/amirxon/Desktop/ChaqmoqApp/venv/lib/python3.14/site-packages/django/template/backends/django.py", line 61, in render
    return self.template.render(context)
           ~~~~~~~~~~~~~~~~~~~~^^^^^^^^^
  File "/Users/amirxon/Desktop/ChaqmoqApp/venv/lib/python3.14/site-packages/django/template/base.py", line 171, in render
    return self._render(context)
           ~~~~~~~~~~~~^^^^^^^^^
  File "/Users/amirxon/Desktop/ChaqmoqApp/venv/lib/python3.14/site-packages/django/template/base.py", line 163, in _render
    return self.nodelist.render(context)
           ~~~~~~~~~~~~~~~~~~~~^^^^^^^^^
  File "/Users/amirxon/Desktop/ChaqmoqApp/venv/lib/python3.14/site-packages/django/template/base.py", line 1000, in render
    return SafeString("".join([node.render_annotated(context) for node in self]))
                               ~~~~~~~~~~~~~~~~~~~~~^^^^^^^^^
  File "/Users/amirxon/Desktop/ChaqmoqApp/venv/lib/python3.14/site-packages/django/template/base.py", line 961, in render_annotated
    return self.render(context)
           ~~~~~~~~~~~^^^^^^^^^
  File "/Users/amirxon/Desktop/ChaqmoqApp/venv/lib/python3.14/site-packages/django/template/loader_tags.py", line 159, in render
    return compiled_parent._render(context)
           ~~~~~~~~~~~~~~~~~~~~~~~^^^^^^^^^
  File "/Users/amirxon/Desktop/ChaqmoqApp/venv/lib/python3.14/site-packages/django/template/base.py", line 163, in _render
    return self.nodelist.render(context)
           ~~~~~~~~~~~~~~~~~~~~^^^^^^^^^
  File "/Users/amirxon/Desktop/ChaqmoqApp/venv/lib/python3.14/site-packages/django/template/base.py", line 1000, in render
    return SafeString("".join([node.render_annotated(context) for node in self]))
                               ~~~~~~~~~~~~~~~~~~~~~^^^^^^^^^
  File "/Users/amirxon/Desktop/ChaqmoqApp/venv/lib/python3.14/site-packages/django/template/base.py", line 961, in render_annotated
    return self.render(context)
           ~~~~~~~~~~~^^^^^^^^^
  File "/Users/amirxon/Desktop/ChaqmoqApp/venv/lib/python3.14/site-packages/django/template/loader_tags.py", line 159, in render
    return compiled_parent._render(context)
           ~~~~~~~~~~~~~~~~~~~~~~~^^^^^^^^^
  File "/Users/amirxon/Desktop/ChaqmoqApp/venv/lib/python3.14/site-packages/django/template/base.py", line 163, in _render
    return self.nodelist.render(context)
           ~~~~~~~~~~~~~~~~~~~~^^^^^^^^^
  File "/Users/amirxon/Desktop/ChaqmoqApp/venv/lib/python3.14/site-packages/django/template/base.py", line 1000, in render
    return SafeString("".join([node.render_annotated(context) for node in self]))
                               ~~~~~~~~~~~~~~~~~~~~~^^^^^^^^^
  File "/Users/amirxon/Desktop/ChaqmoqApp/venv/lib/python3.14/site-packages/django/template/base.py", line 961, in render_annotated
    return self.render(context)
           ~~~~~~~~~~~^^^^^^^^^
  File "/Users/amirxon/Desktop/ChaqmoqApp/venv/lib/python3.14/site-packages/django/template/loader_tags.py", line 65, in render
    result = block.nodelist.render(context)
  File "/Users/amirxon/Desktop/ChaqmoqApp/venv/lib/python3.14/site-packages/django/template/base.py", line 1000, in render
    return SafeString("".join([node.render_annotated(context) for node in self]))
                               ~~~~~~~~~~~~~~~~~~~~~^^^^^^^^^
  File "/Users/amirxon/Desktop/ChaqmoqApp/venv/lib/python3.14/site-packages/django/template/base.py", line 961, in render_annotated
    return self.render(context)
           ~~~~~~~~~~~^^^^^^^^^
  File "/Users/amirxon/Desktop/ChaqmoqApp/venv/lib/python3.14/site-packages/django/template/loader_tags.py", line 65, in render
    result = block.nodelist.render(context)
  File "/Users/amirxon/Desktop/ChaqmoqApp/venv/lib/python3.14/site-packages/django/template/base.py", line 1000, in render
    return SafeString("".join([node.render_annotated(context) for node in self]))
                               ~~~~~~~~~~~~~~~~~~~~~^^^^^^^^^
  File "/Users/amirxon/Desktop/ChaqmoqApp/venv/lib/python3.14/site-packages/django/template/base.py", line 961, in render_annotated
    return self.render(context)
           ~~~~~~~~~~~^^^^^^^^^
  File "/Users/amirxon/Desktop/ChaqmoqApp/venv/lib/python3.14/site-packages/django/template/loader_tags.py", line 65, in render
    result = block.nodelist.render(context)
  File "/Users/amirxon/Desktop/ChaqmoqApp/venv/lib/python3.14/site-packages/django/template/base.py", line 1000, in render
    return SafeString("".join([node.render_annotated(context) for node in self]))
                               ~~~~~~~~~~~~~~~~~~~~~^^^^^^^^^
  File "/Users/amirxon/Desktop/ChaqmoqApp/venv/lib/python3.14/site-packages/django/template/base.py", line 961, in render_annotated
    return self.render(context)
           ~~~~~~~~~~~^^^^^^^^^
  File "/Users/amirxon/Desktop/ChaqmoqApp/venv/lib/python3.14/site-packages/django/template/loader_tags.py", line 65, in render
    result = block.nodelist.render(context)
  File "/Users/amirxon/Desktop/ChaqmoqApp/venv/lib/python3.14/site-packages/django/template/base.py", line 1000, in render
    return SafeString("".join([node.render_annotated(context) for node in self]))
                               ~~~~~~~~~~~~~~~~~~~~~^^^^^^^^^
  File "/Users/amirxon/Desktop/ChaqmoqApp/venv/lib/python3.14/site-packages/django/template/base.py", line 961, in render_annotated
    return self.render(context)
           ~~~~~~~~~~~^^^^^^^^^
  File "/Users/amirxon/Desktop/ChaqmoqApp/venv/lib/python3.14/site-packages/django/template/loader_tags.py", line 65, in render
    result = block.nodelist.render(context)
  File "/Users/amirxon/Desktop/ChaqmoqApp/venv/lib/python3.14/site-packages/django/template/base.py", line 1000, in render
    return SafeString("".join([node.render_annotated(context) for node in self]))
                               ~~~~~~~~~~~~~~~~~~~~~^^^^^^^^^
  File "/Users/amirxon/Desktop/ChaqmoqApp/venv/lib/python3.14/site-packages/django/template/base.py", line 961, in render_annotated
    return self.render(context)
           ~~~~~~~~~~~^^^^^^^^^
  File "/Users/amirxon/Desktop/ChaqmoqApp/venv/lib/python3.14/site-packages/django/contrib/admin/templatetags/base.py", line 45, in render
    return super().render(context)
           ~~~~~~~~~~~~~~^^^^^^^^^
  File "/Users/amirxon/Desktop/ChaqmoqApp/venv/lib/python3.14/site-packages/django/template/library.py", line 271, in render
    new_context = context.new(_dict)
  File "/Users/amirxon/Desktop/ChaqmoqApp/venv/lib/python3.14/site-packages/django/template/context.py", line 273, in new
    new_context = super().new(values)
  File "/Users/amirxon/Desktop/ChaqmoqApp/venv/lib/python3.14/site-packages/django/template/context.py", line 110, in new
    new_context = copy(self)
  File "/Library/Frameworks/Python.framework/Versions/3.14/lib/python3.14/copy.py", line 82, in copy
    return copier(x)
  File "/Users/amirxon/Desktop/ChaqmoqApp/venv/lib/python3.14/site-packages/django/template/context.py", line 158, in __copy__
    duplicate = super().__copy__()
  File "/Users/amirxon/Desktop/ChaqmoqApp/venv/lib/python3.14/site-packages/django/template/context.py", line 39, in __copy__
    duplicate.dicts = self.dicts[:]
    ^^^^^^^^^^^^^^^
AttributeError: 'super' object has no attribute 'dicts' and no __dict__ for setting new attributes
Internal Server Error: /admin/billing/promocode/add/
Traceback (most recent call last):
  File "/Users/amirxon/Desktop/ChaqmoqApp/venv/lib/python3.14/site-packages/django/core/handlers/exception.py", line 55, in inner
    response = get_response(request)
  File "/Users/amirxon/Desktop/ChaqmoqApp/venv/lib/python3.14/site-packages/django/core/handlers/base.py", line 220, in _get_response
    response = response.render()
  File "/Users/amirxon/Desktop/ChaqmoqApp/venv/lib/python3.14/site-packages/django/template/response.py", line 114, in render
    self.content = self.rendered_content
                   ^^^^^^^^^^^^^^^^^^^^^
  File "/Users/amirxon/Desktop/ChaqmoqApp/venv/lib/python3.14/site-packages/django/template/response.py", line 92, in rendered_content
    return template.render(context, self._request)
           ~~~~~~~~~~~~~~~^^^^^^^^^^^^^^^^^^^^^^^^
  File "/Users/amirxon/Desktop/ChaqmoqApp/venv/lib/python3.14/site-packages/django/template/backends/django.py", line 61, in render
    return self.template.render(context)
           ~~~~~~~~~~~~~~~~~~~~^^^^^^^^^
  File "/Users/amirxon/Desktop/ChaqmoqApp/venv/lib/python3.14/site-packages/django/template/base.py", line 171, in render
    return self._render(context)
           ~~~~~~~~~~~~^^^^^^^^^
  File "/Users/amirxon/Desktop/ChaqmoqApp/venv/lib/python3.14/site-packages/django/template/base.py", line 163, in _render
    return self.nodelist.render(context)
           ~~~~~~~~~~~~~~~~~~~~^^^^^^^^^
  File "/Users/amirxon/Desktop/ChaqmoqApp/venv/lib/python3.14/site-packages/django/template/base.py", line 1000, in render
    return SafeString("".join([node.render_annotated(context) for node in self]))
                               ~~~~~~~~~~~~~~~~~~~~~^^^^^^^^^
  File "/Users/amirxon/Desktop/ChaqmoqApp/venv/lib/python3.14/site-packages/django/template/base.py", line 961, in render_annotated
    return self.render(context)
           ~~~~~~~~~~~^^^^^^^^^
  File "/Users/amirxon/Desktop/ChaqmoqApp/venv/lib/python3.14/site-packages/django/template/loader_tags.py", line 159, in render
    return compiled_parent._render(context)
           ~~~~~~~~~~~~~~~~~~~~~~~^^^^^^^^^
  File "/Users/amirxon/Desktop/ChaqmoqApp/venv/lib/python3.14/site-packages/django/template/base.py", line 163, in _render
    return self.nodelist.render(context)
           ~~~~~~~~~~~~~~~~~~~~^^^^^^^^^
  File "/Users/amirxon/Desktop/ChaqmoqApp/venv/lib/python3.14/site-packages/django/template/base.py", line 1000, in render
    return SafeString("".join([node.render_annotated(context) for node in self]))
                               ~~~~~~~~~~~~~~~~~~~~~^^^^^^^^^
  File "/Users/amirxon/Desktop/ChaqmoqApp/venv/lib/python3.14/site-packages/django/template/base.py", line 961, in render_annotated
    return self.render(context)
           ~~~~~~~~~~~^^^^^^^^^
  File "/Users/amirxon/Desktop/ChaqmoqApp/venv/lib/python3.14/site-packages/django/template/loader_tags.py", line 159, in render
    return compiled_parent._render(context)
           ~~~~~~~~~~~~~~~~~~~~~~~^^^^^^^^^
  File "/Users/amirxon/Desktop/ChaqmoqApp/venv/lib/python3.14/site-packages/django/template/base.py", line 163, in _render
    return self.nodelist.render(context)
           ~~~~~~~~~~~~~~~~~~~~^^^^^^^^^
  File "/Users/amirxon/Desktop/ChaqmoqApp/venv/lib/python3.14/site-packages/django/template/base.py", line 1000, in render
    return SafeString("".join([node.render_annotated(context) for node in self]))
                               ~~~~~~~~~~~~~~~~~~~~~^^^^^^^^^
  File "/Users/amirxon/Desktop/ChaqmoqApp/venv/lib/python3.14/site-packages/django/template/base.py", line 961, in render_annotated
    return self.render(context)
           ~~~~~~~~~~~^^^^^^^^^
  File "/Users/amirxon/Desktop/ChaqmoqApp/venv/lib/python3.14/site-packages/django/template/loader_tags.py", line 65, in render
    result = block.nodelist.render(context)
  File "/Users/amirxon/Desktop/ChaqmoqApp/venv/lib/python3.14/site-packages/django/template/base.py", line 1000, in render
    return SafeString("".join([node.render_annotated(context) for node in self]))
                               ~~~~~~~~~~~~~~~~~~~~~^^^^^^^^^
  File "/Users/amirxon/Desktop/ChaqmoqApp/venv/lib/python3.14/site-packages/django/template/base.py", line 961, in render_annotated
    return self.render(context)
           ~~~~~~~~~~~^^^^^^^^^
  File "/Users/amirxon/Desktop/ChaqmoqApp/venv/lib/python3.14/site-packages/django/template/loader_tags.py", line 65, in render
    result = block.nodelist.render(context)
  File "/Users/amirxon/Desktop/ChaqmoqApp/venv/lib/python3.14/site-packages/django/template/base.py", line 1000, in render
    return SafeString("".join([node.render_annotated(context) for node in self]))
                               ~~~~~~~~~~~~~~~~~~~~~^^^^^^^^^
  File "/Users/amirxon/Desktop/ChaqmoqApp/venv/lib/python3.14/site-packages/django/template/base.py", line 961, in render_annotated
    return self.render(context)
           ~~~~~~~~~~~^^^^^^^^^
  File "/Users/amirxon/Desktop/ChaqmoqApp/venv/lib/python3.14/site-packages/django/template/loader_tags.py", line 65, in render
    result = block.nodelist.render(context)
  File "/Users/amirxon/Desktop/ChaqmoqApp/venv/lib/python3.14/site-packages/django/template/base.py", line 1000, in render
    return SafeString("".join([node.render_annotated(context) for node in self]))
                               ~~~~~~~~~~~~~~~~~~~~~^^^^^^^^^
  File "/Users/amirxon/Desktop/ChaqmoqApp/venv/lib/python3.14/site-packages/django/template/base.py", line 961, in render_annotated
    return self.render(context)
           ~~~~~~~~~~~^^^^^^^^^
  File "/Users/amirxon/Desktop/ChaqmoqApp/venv/lib/python3.14/site-packages/django/contrib/admin/templatetags/base.py", line 45, in render
    return super().render(context)
           ~~~~~~~~~~~~~~^^^^^^^^^
  File "/Users/amirxon/Desktop/ChaqmoqApp/venv/lib/python3.14/site-packages/django/template/library.py", line 271, in render
    new_context = context.new(_dict)
  File "/Users/amirxon/Desktop/ChaqmoqApp/venv/lib/python3.14/site-packages/django/template/context.py", line 273, in new
    new_context = super().new(values)
  File "/Users/amirxon/Desktop/ChaqmoqApp/venv/lib/python3.14/site-packages/django/template/context.py", line 110, in new
    new_context = copy(self)
  File "/Library/Frameworks/Python.framework/Versions/3.14/lib/python3.14/copy.py", line 82, in copy
    return copier(x)
  File "/Users/amirxon/Desktop/ChaqmoqApp/venv/lib/python3.14/site-packages/django/template/context.py", line 158, in __copy__
    duplicate = super().__copy__()
  File "/Users/amirxon/Desktop/ChaqmoqApp/venv/lib/python3.14/site-packages/django/template/context.py", line 39, in __copy__
    duplicate.dicts = self.dicts[:]
    ^^^^^^^^^^^^^^^
AttributeError: 'super' object has no attribute 'dicts' and no __dict__ for setting new attributes
Internal Server Error: /admin/billing/promocode/add/
Traceback (most recent call last):
  File "/Users/amirxon/Desktop/ChaqmoqApp/venv/lib/python3.14/site-packages/django/core/handlers/exception.py", line 55, in inner
    response = get_response(request)
  File "/Users/amirxon/Desktop/ChaqmoqApp/venv/lib/python3.14/site-packages/django/core/handlers/base.py", line 220, in _get_response
    response = response.render()
  File "/Users/amirxon/Desktop/ChaqmoqApp/venv/lib/python3.14/site-packages/django/template/response.py", line 114, in render
    self.content = self.rendered_content
                   ^^^^^^^^^^^^^^^^^^^^^
  File "/Users/amirxon/Desktop/ChaqmoqApp/venv/lib/python3.14/site-packages/django/template/response.py", line 92, in rendered_content
    return template.render(context, self._request)
           ~~~~~~~~~~~~~~~^^^^^^^^^^^^^^^^^^^^^^^^
  File "/Users/amirxon/Desktop/ChaqmoqApp/venv/lib/python3.14/site-packages/django/template/backends/django.py", line 61, in render
    return self.template.render(context)
           ~~~~~~~~~~~~~~~~~~~~^^^^^^^^^
  File "/Users/amirxon/Desktop/ChaqmoqApp/venv/lib/python3.14/site-packages/django/template/base.py", line 171, in render
    return self._render(context)
           ~~~~~~~~~~~~^^^^^^^^^
  File "/Users/amirxon/Desktop/ChaqmoqApp/venv/lib/python3.14/site-packages/django/template/base.py", line 163, in _render
    return self.nodelist.render(context)
           ~~~~~~~~~~~~~~~~~~~~^^^^^^^^^
  File "/Users/amirxon/Desktop/ChaqmoqApp/venv/lib/python3.14/site-packages/django/template/base.py", line 1000, in render
    return SafeString("".join([node.render_annotated(context) for node in self]))
                               ~~~~~~~~~~~~~~~~~~~~~^^^^^^^^^
  File "/Users/amirxon/Desktop/ChaqmoqApp/venv/lib/python3.14/site-packages/django/template/base.py", line 961, in render_annotated
    return self.render(context)
           ~~~~~~~~~~~^^^^^^^^^
  File "/Users/amirxon/Desktop/ChaqmoqApp/venv/lib/python3.14/site-packages/django/template/loader_tags.py", line 159, in render
    return compiled_parent._render(context)
           ~~~~~~~~~~~~~~~~~~~~~~~^^^^^^^^^
  File "/Users/amirxon/Desktop/ChaqmoqApp/venv/lib/python3.14/site-packages/django/template/base.py", line 163, in _render
    return self.nodelist.render(context)
           ~~~~~~~~~~~~~~~~~~~~^^^^^^^^^
  File "/Users/amirxon/Desktop/ChaqmoqApp/venv/lib/python3.14/site-packages/django/template/base.py", line 1000, in render
    return SafeString("".join([node.render_annotated(context) for node in self]))
                               ~~~~~~~~~~~~~~~~~~~~~^^^^^^^^^
  File "/Users/amirxon/Desktop/ChaqmoqApp/venv/lib/python3.14/site-packages/django/template/base.py", line 961, in render_annotated
    return self.render(context)
           ~~~~~~~~~~~^^^^^^^^^
  File "/Users/amirxon/Desktop/ChaqmoqApp/venv/lib/python3.14/site-packages/django/template/loader_tags.py", line 159, in render
    return compiled_parent._render(context)
           ~~~~~~~~~~~~~~~~~~~~~~~^^^^^^^^^
  File "/Users/amirxon/Desktop/ChaqmoqApp/venv/lib/python3.14/site-packages/django/template/base.py", line 163, in _render
    return self.nodelist.render(context)
           ~~~~~~~~~~~~~~~~~~~~^^^^^^^^^
  File "/Users/amirxon/Desktop/ChaqmoqApp/venv/lib/python3.14/site-packages/django/template/base.py", line 1000, in render
    return SafeString("".join([node.render_annotated(context) for node in self]))
                               ~~~~~~~~~~~~~~~~~~~~~^^^^^^^^^
  File "/Users/amirxon/Desktop/ChaqmoqApp/venv/lib/python3.14/site-packages/django/template/base.py", line 961, in render_annotated
    return self.render(context)
           ~~~~~~~~~~~^^^^^^^^^
  File "/Users/amirxon/Desktop/ChaqmoqApp/venv/lib/python3.14/site-packages/django/template/loader_tags.py", line 65, in render
    result = block.nodelist.render(context)
  File "/Users/amirxon/Desktop/ChaqmoqApp/venv/lib/python3.14/site-packages/django/template/base.py", line 1000, in render
    return SafeString("".join([node.render_annotated(context) for node in self]))
                               ~~~~~~~~~~~~~~~~~~~~~^^^^^^^^^
  File "/Users/amirxon/Desktop/ChaqmoqApp/venv/lib/python3.14/site-packages/django/template/base.py", line 961, in render_annotated
    return self.render(context)
           ~~~~~~~~~~~^^^^^^^^^
  File "/Users/amirxon/Desktop/ChaqmoqApp/venv/lib/python3.14/site-packages/django/template/loader_tags.py", line 65, in render
    result = block.nodelist.render(context)
  File "/Users/amirxon/Desktop/ChaqmoqApp/venv/lib/python3.14/site-packages/django/template/base.py", line 1000, in render
    return SafeString("".join([node.render_annotated(context) for node in self]))
                               ~~~~~~~~~~~~~~~~~~~~~^^^^^^^^^
  File "/Users/amirxon/Desktop/ChaqmoqApp/venv/lib/python3.14/site-packages/django/template/base.py", line 961, in render_annotated
    return self.render(context)
           ~~~~~~~~~~~^^^^^^^^^
  File "/Users/amirxon/Desktop/ChaqmoqApp/venv/lib/python3.14/site-packages/django/template/loader_tags.py", line 65, in render
    result = block.nodelist.render(context)
  File "/Users/amirxon/Desktop/ChaqmoqApp/venv/lib/python3.14/site-packages/django/template/base.py", line 1000, in render
    return SafeString("".join([node.render_annotated(context) for node in self]))
                               ~~~~~~~~~~~~~~~~~~~~~^^^^^^^^^
  File "/Users/amirxon/Desktop/ChaqmoqApp/venv/lib/python3.14/site-packages/django/template/base.py", line 961, in render_annotated
    return self.render(context)
           ~~~~~~~~~~~^^^^^^^^^
  File "/Users/amirxon/Desktop/ChaqmoqApp/venv/lib/python3.14/site-packages/django/contrib/admin/templatetags/base.py", line 45, in render
    return super().render(context)
           ~~~~~~~~~~~~~~^^^^^^^^^
  File "/Users/amirxon/Desktop/ChaqmoqApp/venv/lib/python3.14/site-packages/django/template/library.py", line 271, in render
    new_context = context.new(_dict)
  File "/Users/amirxon/Desktop/ChaqmoqApp/venv/lib/python3.14/site-packages/django/template/context.py", line 273, in new
    new_context = super().new(values)
  File "/Users/amirxon/Desktop/ChaqmoqApp/venv/lib/python3.14/site-packages/django/template/context.py", line 110, in new
    new_context = copy(self)
  File "/Library/Frameworks/Python.framework/Versions/3.14/lib/python3.14/copy.py", line 82, in copy
    return copier(x)
  File "/Users/amirxon/Desktop/ChaqmoqApp/venv/lib/python3.14/site-packages/django/template/context.py", line 158, in __copy__
    duplicate = super().__copy__()
  File "/Users/amirxon/Desktop/ChaqmoqApp/venv/lib/python3.14/site-packages/django/template/context.py", line 39, in __copy__
    duplicate.dicts = self.dicts[:]
    ^^^^^^^^^^^^^^^
AttributeError: 'super' object has no attribute 'dicts' and no __dict__ for setting new attributes
Internal Server Error: /admin/billing/subscriptionorder/
Traceback (most recent call last):
  File "/Users/amirxon/Desktop/ChaqmoqApp/venv/lib/python3.14/site-packages/django/core/handlers/exception.py", line 55, in inner
    response = get_response(request)
  File "/Users/amirxon/Desktop/ChaqmoqApp/venv/lib/python3.14/site-packages/django/core/handlers/base.py", line 220, in _get_response
    response = response.render()
  File "/Users/amirxon/Desktop/ChaqmoqApp/venv/lib/python3.14/site-packages/django/template/response.py", line 114, in render
    self.content = self.rendered_content
                   ^^^^^^^^^^^^^^^^^^^^^
  File "/Users/amirxon/Desktop/ChaqmoqApp/venv/lib/python3.14/site-packages/django/template/response.py", line 92, in rendered_content
    return template.render(context, self._request)
           ~~~~~~~~~~~~~~~^^^^^^^^^^^^^^^^^^^^^^^^
  File "/Users/amirxon/Desktop/ChaqmoqApp/venv/lib/python3.14/site-packages/django/template/backends/django.py", line 61, in render
    return self.template.render(context)
           ~~~~~~~~~~~~~~~~~~~~^^^^^^^^^
  File "/Users/amirxon/Desktop/ChaqmoqApp/venv/lib/python3.14/site-packages/django/template/base.py", line 171, in render
    return self._render(context)
           ~~~~~~~~~~~~^^^^^^^^^
  File "/Users/amirxon/Desktop/ChaqmoqApp/venv/lib/python3.14/site-packages/django/template/base.py", line 163, in _render
    return self.nodelist.render(context)
           ~~~~~~~~~~~~~~~~~~~~^^^^^^^^^
  File "/Users/amirxon/Desktop/ChaqmoqApp/venv/lib/python3.14/site-packages/django/template/base.py", line 1000, in render
    return SafeString("".join([node.render_annotated(context) for node in self]))
                               ~~~~~~~~~~~~~~~~~~~~~^^^^^^^^^
  File "/Users/amirxon/Desktop/ChaqmoqApp/venv/lib/python3.14/site-packages/django/template/base.py", line 961, in render_annotated
    return self.render(context)
           ~~~~~~~~~~~^^^^^^^^^
  File "/Users/amirxon/Desktop/ChaqmoqApp/venv/lib/python3.14/site-packages/django/template/loader_tags.py", line 159, in render
    return compiled_parent._render(context)
           ~~~~~~~~~~~~~~~~~~~~~~~^^^^^^^^^
  File "/Users/amirxon/Desktop/ChaqmoqApp/venv/lib/python3.14/site-packages/django/template/base.py", line 163, in _render
    return self.nodelist.render(context)
           ~~~~~~~~~~~~~~~~~~~~^^^^^^^^^
  File "/Users/amirxon/Desktop/ChaqmoqApp/venv/lib/python3.14/site-packages/django/template/base.py", line 1000, in render
    return SafeString("".join([node.render_annotated(context) for node in self]))
                               ~~~~~~~~~~~~~~~~~~~~~^^^^^^^^^
  File "/Users/amirxon/Desktop/ChaqmoqApp/venv/lib/python3.14/site-packages/django/template/base.py", line 961, in render_annotated
    return self.render(context)
           ~~~~~~~~~~~^^^^^^^^^
  File "/Users/amirxon/Desktop/ChaqmoqApp/venv/lib/python3.14/site-packages/django/template/loader_tags.py", line 159, in render
    return compiled_parent._render(context)
           ~~~~~~~~~~~~~~~~~~~~~~~^^^^^^^^^
  File "/Users/amirxon/Desktop/ChaqmoqApp/venv/lib/python3.14/site-packages/django/template/base.py", line 163, in _render
    return self.nodelist.render(context)
           ~~~~~~~~~~~~~~~~~~~~^^^^^^^^^
  File "/Users/amirxon/Desktop/ChaqmoqApp/venv/lib/python3.14/site-packages/django/template/base.py", line 1000, in render
    return SafeString("".join([node.render_annotated(context) for node in self]))
                               ~~~~~~~~~~~~~~~~~~~~~^^^^^^^^^
  File "/Users/amirxon/Desktop/ChaqmoqApp/venv/lib/python3.14/site-packages/django/template/base.py", line 961, in render_annotated
    return self.render(context)
           ~~~~~~~~~~~^^^^^^^^^
  File "/Users/amirxon/Desktop/ChaqmoqApp/venv/lib/python3.14/site-packages/django/template/loader_tags.py", line 65, in render
    result = block.nodelist.render(context)
  File "/Users/amirxon/Desktop/ChaqmoqApp/venv/lib/python3.14/site-packages/django/template/base.py", line 1000, in render
    return SafeString("".join([node.render_annotated(context) for node in self]))
                               ~~~~~~~~~~~~~~~~~~~~~^^^^^^^^^
  File "/Users/amirxon/Desktop/ChaqmoqApp/venv/lib/python3.14/site-packages/django/template/base.py", line 961, in render_annotated
    return self.render(context)
           ~~~~~~~~~~~^^^^^^^^^
  File "/Users/amirxon/Desktop/ChaqmoqApp/venv/lib/python3.14/site-packages/django/template/loader_tags.py", line 65, in render
    result = block.nodelist.render(context)
  File "/Users/amirxon/Desktop/ChaqmoqApp/venv/lib/python3.14/site-packages/django/template/base.py", line 1000, in render
    return SafeString("".join([node.render_annotated(context) for node in self]))
                               ~~~~~~~~~~~~~~~~~~~~~^^^^^^^^^
  File "/Users/amirxon/Desktop/ChaqmoqApp/venv/lib/python3.14/site-packages/django/template/base.py", line 961, in render_annotated
    return self.render(context)
           ~~~~~~~~~~~^^^^^^^^^
  File "/Users/amirxon/Desktop/ChaqmoqApp/venv/lib/python3.14/site-packages/django/template/loader_tags.py", line 65, in render
    result = block.nodelist.render(context)
  File "/Users/amirxon/Desktop/ChaqmoqApp/venv/lib/python3.14/site-packages/django/template/base.py", line 1000, in render
    return SafeString("".join([node.render_annotated(context) for node in self]))
                               ~~~~~~~~~~~~~~~~~~~~~^^^^^^^^^
  File "/Users/amirxon/Desktop/ChaqmoqApp/venv/lib/python3.14/site-packages/django/template/base.py", line 961, in render_annotated
    return self.render(context)
           ~~~~~~~~~~~^^^^^^^^^
  File "/Users/amirxon/Desktop/ChaqmoqApp/venv/lib/python3.14/site-packages/django/template/loader_tags.py", line 65, in render
    result = block.nodelist.render(context)
  File "/Users/amirxon/Desktop/ChaqmoqApp/venv/lib/python3.14/site-packages/django/template/base.py", line 1000, in render
    return SafeString("".join([node.render_annotated(context) for node in self]))
                               ~~~~~~~~~~~~~~~~~~~~~^^^^^^^^^
  File "/Users/amirxon/Desktop/ChaqmoqApp/venv/lib/python3.14/site-packages/django/template/base.py", line 961, in render_annotated
    return self.render(context)
           ~~~~~~~~~~~^^^^^^^^^
  File "/Users/amirxon/Desktop/ChaqmoqApp/venv/lib/python3.14/site-packages/django/template/loader_tags.py", line 65, in render
    result = block.nodelist.render(context)
  File "/Users/amirxon/Desktop/ChaqmoqApp/venv/lib/python3.14/site-packages/django/template/base.py", line 1000, in render
    return SafeString("".join([node.render_annotated(context) for node in self]))
                               ~~~~~~~~~~~~~~~~~~~~~^^^^^^^^^
  File "/Users/amirxon/Desktop/ChaqmoqApp/venv/lib/python3.14/site-packages/django/template/base.py", line 961, in render_annotated
    return self.render(context)
           ~~~~~~~~~~~^^^^^^^^^
  File "/Users/amirxon/Desktop/ChaqmoqApp/venv/lib/python3.14/site-packages/django/contrib/admin/templatetags/base.py", line 45, in render
    return super().render(context)
           ~~~~~~~~~~~~~~^^^^^^^^^
  File "/Users/amirxon/Desktop/ChaqmoqApp/venv/lib/python3.14/site-packages/django/template/library.py", line 271, in render
    new_context = context.new(_dict)
  File "/Users/amirxon/Desktop/ChaqmoqApp/venv/lib/python3.14/site-packages/django/template/context.py", line 273, in new
    new_context = super().new(values)
  File "/Users/amirxon/Desktop/ChaqmoqApp/venv/lib/python3.14/site-packages/django/template/context.py", line 110, in new
    new_context = copy(self)
  File "/Library/Frameworks/Python.framework/Versions/3.14/lib/python3.14/copy.py", line 82, in copy
    return copier(x)
  File "/Users/amirxon/Desktop/ChaqmoqApp/venv/lib/python3.14/site-packages/django/template/context.py", line 158, in __copy__
    duplicate = super().__copy__()
  File "/Users/amirxon/Desktop/ChaqmoqApp/venv/lib/python3.14/site-packages/django/template/context.py", line 39, in __copy__
    duplicate.dicts = self.dicts[:]
    ^^^^^^^^^^^^^^^
AttributeError: 'super' object has no attribute 'dicts' and no __dict__ for setting new attributes
Internal Server Error: /admin/billing/subscriptionorder/
Traceback (most recent call last):
  File "/Users/amirxon/Desktop/ChaqmoqApp/venv/lib/python3.14/site-packages/django/core/handlers/exception.py", line 55, in inner
    response = get_response(request)
  File "/Users/amirxon/Desktop/ChaqmoqApp/venv/lib/python3.14/site-packages/django/core/handlers/base.py", line 220, in _get_response
    response = response.render()
  File "/Users/amirxon/Desktop/ChaqmoqApp/venv/lib/python3.14/site-packages/django/template/response.py", line 114, in render
    self.content = self.rendered_content
                   ^^^^^^^^^^^^^^^^^^^^^
  File "/Users/amirxon/Desktop/ChaqmoqApp/venv/lib/python3.14/site-packages/django/template/response.py", line 92, in rendered_content
    return template.render(context, self._request)
           ~~~~~~~~~~~~~~~^^^^^^^^^^^^^^^^^^^^^^^^
  File "/Users/amirxon/Desktop/ChaqmoqApp/venv/lib/python3.14/site-packages/django/template/backends/django.py", line 61, in render
    return self.template.render(context)
           ~~~~~~~~~~~~~~~~~~~~^^^^^^^^^
  File "/Users/amirxon/Desktop/ChaqmoqApp/venv/lib/python3.14/site-packages/django/template/base.py", line 171, in render
    return self._render(context)
           ~~~~~~~~~~~~^^^^^^^^^
  File "/Users/amirxon/Desktop/ChaqmoqApp/venv/lib/python3.14/site-packages/django/template/base.py", line 163, in _render
    return self.nodelist.render(context)
           ~~~~~~~~~~~~~~~~~~~~^^^^^^^^^
  File "/Users/amirxon/Desktop/ChaqmoqApp/venv/lib/python3.14/site-packages/django/template/base.py", line 1000, in render
    return SafeString("".join([node.render_annotated(context) for node in self]))
                               ~~~~~~~~~~~~~~~~~~~~~^^^^^^^^^
  File "/Users/amirxon/Desktop/ChaqmoqApp/venv/lib/python3.14/site-packages/django/template/base.py", line 961, in render_annotated
    return self.render(context)
           ~~~~~~~~~~~^^^^^^^^^
  File "/Users/amirxon/Desktop/ChaqmoqApp/venv/lib/python3.14/site-packages/django/template/loader_tags.py", line 159, in render
    return compiled_parent._render(context)
           ~~~~~~~~~~~~~~~~~~~~~~~^^^^^^^^^
  File "/Users/amirxon/Desktop/ChaqmoqApp/venv/lib/python3.14/site-packages/django/template/base.py", line 163, in _render
    return self.nodelist.render(context)
           ~~~~~~~~~~~~~~~~~~~~^^^^^^^^^
  File "/Users/amirxon/Desktop/ChaqmoqApp/venv/lib/python3.14/site-packages/django/template/base.py", line 1000, in render
    return SafeString("".join([node.render_annotated(context) for node in self]))
                               ~~~~~~~~~~~~~~~~~~~~~^^^^^^^^^
  File "/Users/amirxon/Desktop/ChaqmoqApp/venv/lib/python3.14/site-packages/django/template/base.py", line 961, in render_annotated
    return self.render(context)
           ~~~~~~~~~~~^^^^^^^^^
  File "/Users/amirxon/Desktop/ChaqmoqApp/venv/lib/python3.14/site-packages/django/template/loader_tags.py", line 159, in render
    return compiled_parent._render(context)
           ~~~~~~~~~~~~~~~~~~~~~~~^^^^^^^^^
  File "/Users/amirxon/Desktop/ChaqmoqApp/venv/lib/python3.14/site-packages/django/template/base.py", line 163, in _render
    return self.nodelist.render(context)
           ~~~~~~~~~~~~~~~~~~~~^^^^^^^^^
  File "/Users/amirxon/Desktop/ChaqmoqApp/venv/lib/python3.14/site-packages/django/template/base.py", line 1000, in render
    return SafeString("".join([node.render_annotated(context) for node in self]))
                               ~~~~~~~~~~~~~~~~~~~~~^^^^^^^^^
  File "/Users/amirxon/Desktop/ChaqmoqApp/venv/lib/python3.14/site-packages/django/template/base.py", line 961, in render_annotated
    return self.render(context)
           ~~~~~~~~~~~^^^^^^^^^
  File "/Users/amirxon/Desktop/ChaqmoqApp/venv/lib/python3.14/site-packages/django/template/loader_tags.py", line 65, in render
    result = block.nodelist.render(context)
  File "/Users/amirxon/Desktop/ChaqmoqApp/venv/lib/python3.14/site-packages/django/template/base.py", line 1000, in render
    return SafeString("".join([node.render_annotated(context) for node in self]))
                               ~~~~~~~~~~~~~~~~~~~~~^^^^^^^^^
  File "/Users/amirxon/Desktop/ChaqmoqApp/venv/lib/python3.14/site-packages/django/template/base.py", line 961, in render_annotated
    return self.render(context)
           ~~~~~~~~~~~^^^^^^^^^
  File "/Users/amirxon/Desktop/ChaqmoqApp/venv/lib/python3.14/site-packages/django/template/loader_tags.py", line 65, in render
    result = block.nodelist.render(context)
  File "/Users/amirxon/Desktop/ChaqmoqApp/venv/lib/python3.14/site-packages/django/template/base.py", line 1000, in render
    return SafeString("".join([node.render_annotated(context) for node in self]))
                               ~~~~~~~~~~~~~~~~~~~~~^^^^^^^^^
  File "/Users/amirxon/Desktop/ChaqmoqApp/venv/lib/python3.14/site-packages/django/template/base.py", line 961, in render_annotated
    return self.render(context)
           ~~~~~~~~~~~^^^^^^^^^
  File "/Users/amirxon/Desktop/ChaqmoqApp/venv/lib/python3.14/site-packages/django/template/loader_tags.py", line 65, in render
    result = block.nodelist.render(context)
  File "/Users/amirxon/Desktop/ChaqmoqApp/venv/lib/python3.14/site-packages/django/template/base.py", line 1000, in render
    return SafeString("".join([node.render_annotated(context) for node in self]))
                               ~~~~~~~~~~~~~~~~~~~~~^^^^^^^^^
  File "/Users/amirxon/Desktop/ChaqmoqApp/venv/lib/python3.14/site-packages/django/template/base.py", line 961, in render_annotated
    return self.render(context)
           ~~~~~~~~~~~^^^^^^^^^
  File "/Users/amirxon/Desktop/ChaqmoqApp/venv/lib/python3.14/site-packages/django/template/loader_tags.py", line 65, in render
    result = block.nodelist.render(context)
  File "/Users/amirxon/Desktop/ChaqmoqApp/venv/lib/python3.14/site-packages/django/template/base.py", line 1000, in render
    return SafeString("".join([node.render_annotated(context) for node in self]))
                               ~~~~~~~~~~~~~~~~~~~~~^^^^^^^^^
  File "/Users/amirxon/Desktop/ChaqmoqApp/venv/lib/python3.14/site-packages/django/template/base.py", line 961, in render_annotated
    return self.render(context)
           ~~~~~~~~~~~^^^^^^^^^
  File "/Users/amirxon/Desktop/ChaqmoqApp/venv/lib/python3.14/site-packages/django/template/loader_tags.py", line 65, in render
    result = block.nodelist.render(context)
  File "/Users/amirxon/Desktop/ChaqmoqApp/venv/lib/python3.14/site-packages/django/template/base.py", line 1000, in render
    return SafeString("".join([node.render_annotated(context) for node in self]))
                               ~~~~~~~~~~~~~~~~~~~~~^^^^^^^^^
  File "/Users/amirxon/Desktop/ChaqmoqApp/venv/lib/python3.14/site-packages/django/template/base.py", line 961, in render_annotated
    return self.render(context)
           ~~~~~~~~~~~^^^^^^^^^
  File "/Users/amirxon/Desktop/ChaqmoqApp/venv/lib/python3.14/site-packages/django/contrib/admin/templatetags/base.py", line 45, in render
    return super().render(context)
           ~~~~~~~~~~~~~~^^^^^^^^^
  File "/Users/amirxon/Desktop/ChaqmoqApp/venv/lib/python3.14/site-packages/django/template/library.py", line 271, in render
    new_context = context.new(_dict)
  File "/Users/amirxon/Desktop/ChaqmoqApp/venv/lib/python3.14/site-packages/django/template/context.py", line 273, in new
    new_context = super().new(values)
  File "/Users/amirxon/Desktop/ChaqmoqApp/venv/lib/python3.14/site-packages/django/template/context.py", line 110, in new
    new_context = copy(self)
  File "/Library/Frameworks/Python.framework/Versions/3.14/lib/python3.14/copy.py", line 82, in copy
    return copier(x)
  File "/Users/amirxon/Desktop/ChaqmoqApp/venv/lib/python3.14/site-packages/django/template/context.py", line 158, in __copy__
    duplicate = super().__copy__()
  File "/Users/amirxon/Desktop/ChaqmoqApp/venv/lib/python3.14/site-packages/django/template/context.py", line 39, in __copy__
    duplicate.dicts = self.dicts[:]
    ^^^^^^^^^^^^^^^
AttributeError: 'super' object has no attribute 'dicts' and no __dict__ for setting new attributes
Internal Server Error: /admin/billing/subscriptionorder/add/
Traceback (most recent call last):
  File "/Users/amirxon/Desktop/ChaqmoqApp/venv/lib/python3.14/site-packages/django/core/handlers/exception.py", line 55, in inner
    response = get_response(request)
  File "/Users/amirxon/Desktop/ChaqmoqApp/venv/lib/python3.14/site-packages/django/core/handlers/base.py", line 220, in _get_response
    response = response.render()
  File "/Users/amirxon/Desktop/ChaqmoqApp/venv/lib/python3.14/site-packages/django/template/response.py", line 114, in render
    self.content = self.rendered_content
                   ^^^^^^^^^^^^^^^^^^^^^
  File "/Users/amirxon/Desktop/ChaqmoqApp/venv/lib/python3.14/site-packages/django/template/response.py", line 92, in rendered_content
    return template.render(context, self._request)
           ~~~~~~~~~~~~~~~^^^^^^^^^^^^^^^^^^^^^^^^
  File "/Users/amirxon/Desktop/ChaqmoqApp/venv/lib/python3.14/site-packages/django/template/backends/django.py", line 61, in render
    return self.template.render(context)
           ~~~~~~~~~~~~~~~~~~~~^^^^^^^^^
  File "/Users/amirxon/Desktop/ChaqmoqApp/venv/lib/python3.14/site-packages/django/template/base.py", line 171, in render
    return self._render(context)
           ~~~~~~~~~~~~^^^^^^^^^
  File "/Users/amirxon/Desktop/ChaqmoqApp/venv/lib/python3.14/site-packages/django/template/base.py", line 163, in _render
    return self.nodelist.render(context)
           ~~~~~~~~~~~~~~~~~~~~^^^^^^^^^
  File "/Users/amirxon/Desktop/ChaqmoqApp/venv/lib/python3.14/site-packages/django/template/base.py", line 1000, in render
    return SafeString("".join([node.render_annotated(context) for node in self]))
                               ~~~~~~~~~~~~~~~~~~~~~^^^^^^^^^
  File "/Users/amirxon/Desktop/ChaqmoqApp/venv/lib/python3.14/site-packages/django/template/base.py", line 961, in render_annotated
    return self.render(context)
           ~~~~~~~~~~~^^^^^^^^^
  File "/Users/amirxon/Desktop/ChaqmoqApp/venv/lib/python3.14/site-packages/django/template/loader_tags.py", line 159, in render
    return compiled_parent._render(context)
           ~~~~~~~~~~~~~~~~~~~~~~~^^^^^^^^^
  File "/Users/amirxon/Desktop/ChaqmoqApp/venv/lib/python3.14/site-packages/django/template/base.py", line 163, in _render
    return self.nodelist.render(context)
           ~~~~~~~~~~~~~~~~~~~~^^^^^^^^^
  File "/Users/amirxon/Desktop/ChaqmoqApp/venv/lib/python3.14/site-packages/django/template/base.py", line 1000, in render
    return SafeString("".join([node.render_annotated(context) for node in self]))
                               ~~~~~~~~~~~~~~~~~~~~~^^^^^^^^^
  File "/Users/amirxon/Desktop/ChaqmoqApp/venv/lib/python3.14/site-packages/django/template/base.py", line 961, in render_annotated
    return self.render(context)
           ~~~~~~~~~~~^^^^^^^^^
  File "/Users/amirxon/Desktop/ChaqmoqApp/venv/lib/python3.14/site-packages/django/template/loader_tags.py", line 159, in render
    return compiled_parent._render(context)
           ~~~~~~~~~~~~~~~~~~~~~~~^^^^^^^^^
  File "/Users/amirxon/Desktop/ChaqmoqApp/venv/lib/python3.14/site-packages/django/template/base.py", line 163, in _render
    return self.nodelist.render(context)
           ~~~~~~~~~~~~~~~~~~~~^^^^^^^^^
  File "/Users/amirxon/Desktop/ChaqmoqApp/venv/lib/python3.14/site-packages/django/template/base.py", line 1000, in render
    return SafeString("".join([node.render_annotated(context) for node in self]))
                               ~~~~~~~~~~~~~~~~~~~~~^^^^^^^^^
  File "/Users/amirxon/Desktop/ChaqmoqApp/venv/lib/python3.14/site-packages/django/template/base.py", line 961, in render_annotated
    return self.render(context)
           ~~~~~~~~~~~^^^^^^^^^
  File "/Users/amirxon/Desktop/ChaqmoqApp/venv/lib/python3.14/site-packages/django/template/loader_tags.py", line 65, in render
    result = block.nodelist.render(context)
  File "/Users/amirxon/Desktop/ChaqmoqApp/venv/lib/python3.14/site-packages/django/template/base.py", line 1000, in render
    return SafeString("".join([node.render_annotated(context) for node in self]))
                               ~~~~~~~~~~~~~~~~~~~~~^^^^^^^^^
  File "/Users/amirxon/Desktop/ChaqmoqApp/venv/lib/python3.14/site-packages/django/template/base.py", line 961, in render_annotated
    return self.render(context)
           ~~~~~~~~~~~^^^^^^^^^
  File "/Users/amirxon/Desktop/ChaqmoqApp/venv/lib/python3.14/site-packages/django/template/loader_tags.py", line 65, in render
    result = block.nodelist.render(context)
  File "/Users/amirxon/Desktop/ChaqmoqApp/venv/lib/python3.14/site-packages/django/template/base.py", line 1000, in render
    return SafeString("".join([node.render_annotated(context) for node in self]))
                               ~~~~~~~~~~~~~~~~~~~~~^^^^^^^^^
  File "/Users/amirxon/Desktop/ChaqmoqApp/venv/lib/python3.14/site-packages/django/template/base.py", line 961, in render_annotated
    return self.render(context)
           ~~~~~~~~~~~^^^^^^^^^
  File "/Users/amirxon/Desktop/ChaqmoqApp/venv/lib/python3.14/site-packages/django/template/loader_tags.py", line 65, in render
    result = block.nodelist.render(context)
  File "/Users/amirxon/Desktop/ChaqmoqApp/venv/lib/python3.14/site-packages/django/template/base.py", line 1000, in render
    return SafeString("".join([node.render_annotated(context) for node in self]))
                               ~~~~~~~~~~~~~~~~~~~~~^^^^^^^^^
  File "/Users/amirxon/Desktop/ChaqmoqApp/venv/lib/python3.14/site-packages/django/template/base.py", line 961, in render_annotated
    return self.render(context)
           ~~~~~~~~~~~^^^^^^^^^
  File "/Users/amirxon/Desktop/ChaqmoqApp/venv/lib/python3.14/site-packages/django/contrib/admin/templatetags/base.py", line 45, in render
    return super().render(context)
           ~~~~~~~~~~~~~~^^^^^^^^^
  File "/Users/amirxon/Desktop/ChaqmoqApp/venv/lib/python3.14/site-packages/django/template/library.py", line 271, in render
    new_context = context.new(_dict)
  File "/Users/amirxon/Desktop/ChaqmoqApp/venv/lib/python3.14/site-packages/django/template/context.py", line 273, in new
    new_context = super().new(values)
  File "/Users/amirxon/Desktop/ChaqmoqApp/venv/lib/python3.14/site-packages/django/template/context.py", line 110, in new
    new_context = copy(self)
  File "/Library/Frameworks/Python.framework/Versions/3.14/lib/python3.14/copy.py", line 82, in copy
    return copier(x)
  File "/Users/amirxon/Desktop/ChaqmoqApp/venv/lib/python3.14/site-packages/django/template/context.py", line 158, in __copy__
    duplicate = super().__copy__()
  File "/Users/amirxon/Desktop/ChaqmoqApp/venv/lib/python3.14/site-packages/django/template/context.py", line 39, in __copy__
    duplicate.dicts = self.dicts[:]
    ^^^^^^^^^^^^^^^
AttributeError: 'super' object has no attribute 'dicts' and no __dict__ for setting new attributes
Internal Server Error: /admin/billing/subscriptionorder/add/
Traceback (most recent call last):
  File "/Users/amirxon/Desktop/ChaqmoqApp/venv/lib/python3.14/site-packages/django/core/handlers/exception.py", line 55, in inner
    response = get_response(request)
  File "/Users/amirxon/Desktop/ChaqmoqApp/venv/lib/python3.14/site-packages/django/core/handlers/base.py", line 220, in _get_response
    response = response.render()
  File "/Users/amirxon/Desktop/ChaqmoqApp/venv/lib/python3.14/site-packages/django/template/response.py", line 114, in render
    self.content = self.rendered_content
                   ^^^^^^^^^^^^^^^^^^^^^
  File "/Users/amirxon/Desktop/ChaqmoqApp/venv/lib/python3.14/site-packages/django/template/response.py", line 92, in rendered_content
    return template.render(context, self._request)
           ~~~~~~~~~~~~~~~^^^^^^^^^^^^^^^^^^^^^^^^
  File "/Users/amirxon/Desktop/ChaqmoqApp/venv/lib/python3.14/site-packages/django/template/backends/django.py", line 61, in render
    return self.template.render(context)
           ~~~~~~~~~~~~~~~~~~~~^^^^^^^^^
  File "/Users/amirxon/Desktop/ChaqmoqApp/venv/lib/python3.14/site-packages/django/template/base.py", line 171, in render
    return self._render(context)
           ~~~~~~~~~~~~^^^^^^^^^
  File "/Users/amirxon/Desktop/ChaqmoqApp/venv/lib/python3.14/site-packages/django/template/base.py", line 163, in _render
    return self.nodelist.render(context)
           ~~~~~~~~~~~~~~~~~~~~^^^^^^^^^
  File "/Users/amirxon/Desktop/ChaqmoqApp/venv/lib/python3.14/site-packages/django/template/base.py", line 1000, in render
    return SafeString("".join([node.render_annotated(context) for node in self]))
                               ~~~~~~~~~~~~~~~~~~~~~^^^^^^^^^
  File "/Users/amirxon/Desktop/ChaqmoqApp/venv/lib/python3.14/site-packages/django/template/base.py", line 961, in render_annotated
    return self.render(context)
           ~~~~~~~~~~~^^^^^^^^^
  File "/Users/amirxon/Desktop/ChaqmoqApp/venv/lib/python3.14/site-packages/django/template/loader_tags.py", line 159, in render
    return compiled_parent._render(context)
           ~~~~~~~~~~~~~~~~~~~~~~~^^^^^^^^^
  File "/Users/amirxon/Desktop/ChaqmoqApp/venv/lib/python3.14/site-packages/django/template/base.py", line 163, in _render
    return self.nodelist.render(context)
           ~~~~~~~~~~~~~~~~~~~~^^^^^^^^^
  File "/Users/amirxon/Desktop/ChaqmoqApp/venv/lib/python3.14/site-packages/django/template/base.py", line 1000, in render
    return SafeString("".join([node.render_annotated(context) for node in self]))
                               ~~~~~~~~~~~~~~~~~~~~~^^^^^^^^^
  File "/Users/amirxon/Desktop/ChaqmoqApp/venv/lib/python3.14/site-packages/django/template/base.py", line 961, in render_annotated
    return self.render(context)
           ~~~~~~~~~~~^^^^^^^^^
  File "/Users/amirxon/Desktop/ChaqmoqApp/venv/lib/python3.14/site-packages/django/template/loader_tags.py", line 159, in render
    return compiled_parent._render(context)
           ~~~~~~~~~~~~~~~~~~~~~~~^^^^^^^^^
  File "/Users/amirxon/Desktop/ChaqmoqApp/venv/lib/python3.14/site-packages/django/template/base.py", line 163, in _render
    return self.nodelist.render(context)
           ~~~~~~~~~~~~~~~~~~~~^^^^^^^^^
  File "/Users/amirxon/Desktop/ChaqmoqApp/venv/lib/python3.14/site-packages/django/template/base.py", line 1000, in render
    return SafeString("".join([node.render_annotated(context) for node in self]))
                               ~~~~~~~~~~~~~~~~~~~~~^^^^^^^^^
  File "/Users/amirxon/Desktop/ChaqmoqApp/venv/lib/python3.14/site-packages/django/template/base.py", line 961, in render_annotated
    return self.render(context)
           ~~~~~~~~~~~^^^^^^^^^
  File "/Users/amirxon/Desktop/ChaqmoqApp/venv/lib/python3.14/site-packages/django/template/loader_tags.py", line 65, in render
    result = block.nodelist.render(context)
  File "/Users/amirxon/Desktop/ChaqmoqApp/venv/lib/python3.14/site-packages/django/template/base.py", line 1000, in render
    return SafeString("".join([node.render_annotated(context) for node in self]))
                               ~~~~~~~~~~~~~~~~~~~~~^^^^^^^^^
  File "/Users/amirxon/Desktop/ChaqmoqApp/venv/lib/python3.14/site-packages/django/template/base.py", line 961, in render_annotated
    return self.render(context)
           ~~~~~~~~~~~^^^^^^^^^
  File "/Users/amirxon/Desktop/ChaqmoqApp/venv/lib/python3.14/site-packages/django/template/loader_tags.py", line 65, in render
    result = block.nodelist.render(context)
  File "/Users/amirxon/Desktop/ChaqmoqApp/venv/lib/python3.14/site-packages/django/template/base.py", line 1000, in render
    return SafeString("".join([node.render_annotated(context) for node in self]))
                               ~~~~~~~~~~~~~~~~~~~~~^^^^^^^^^
  File "/Users/amirxon/Desktop/ChaqmoqApp/venv/lib/python3.14/site-packages/django/template/base.py", line 961, in render_annotated
    return self.render(context)
           ~~~~~~~~~~~^^^^^^^^^
  File "/Users/amirxon/Desktop/ChaqmoqApp/venv/lib/python3.14/site-packages/django/template/loader_tags.py", line 65, in render
    result = block.nodelist.render(context)
  File "/Users/amirxon/Desktop/ChaqmoqApp/venv/lib/python3.14/site-packages/django/template/base.py", line 1000, in render
    return SafeString("".join([node.render_annotated(context) for node in self]))
                               ~~~~~~~~~~~~~~~~~~~~~^^^^^^^^^
  File "/Users/amirxon/Desktop/ChaqmoqApp/venv/lib/python3.14/site-packages/django/template/base.py", line 961, in render_annotated
    return self.render(context)
           ~~~~~~~~~~~^^^^^^^^^
  File "/Users/amirxon/Desktop/ChaqmoqApp/venv/lib/python3.14/site-packages/django/contrib/admin/templatetags/base.py", line 45, in render
    return super().render(context)
           ~~~~~~~~~~~~~~^^^^^^^^^
  File "/Users/amirxon/Desktop/ChaqmoqApp/venv/lib/python3.14/site-packages/django/template/library.py", line 271, in render
    new_context = context.new(_dict)
  File "/Users/amirxon/Desktop/ChaqmoqApp/venv/lib/python3.14/site-packages/django/template/context.py", line 273, in new
    new_context = super().new(values)
  File "/Users/amirxon/Desktop/ChaqmoqApp/venv/lib/python3.14/site-packages/django/template/context.py", line 110, in new
    new_context = copy(self)
  File "/Library/Frameworks/Python.framework/Versions/3.14/lib/python3.14/copy.py", line 82, in copy
    return copier(x)
  File "/Users/amirxon/Desktop/ChaqmoqApp/venv/lib/python3.14/site-packages/django/template/context.py", line 158, in __copy__
    duplicate = super().__copy__()
  File "/Users/amirxon/Desktop/ChaqmoqApp/venv/lib/python3.14/site-packages/django/template/context.py", line 39, in __copy__
    duplicate.dicts = self.dicts[:]
    ^^^^^^^^^^^^^^^
AttributeError: 'super' object has no attribute 'dicts' and no __dict__ for setting new attributes
Unauthorized: /hisob/login/bot-user-status/
Unauthorized: /hisob/login/bot-user-status/
Unauthorized: /hisob/login/bot-user-details/
Unauthorized: /hisob/login/bot-user-details/
Method Not Allowed: /hisob/login/bot-unlink-telegram/
Method Not Allowed: /hisob/login/bot-unlink-telegram/
Unauthorized: /hisob/login/bot-admin-dashboard/
Unauthorized: /hisob/login/bot-admin-dashboard/
Unauthorized: /hisob/login/bot-linked-users/
Unauthorized: /hisob/login/bot-linked-users/
Unauthorized: /hisob/login/bot-broadcast-list/
Unauthorized: /hisob/login/bot-broadcast-list/
Unauthorized: /hisob/login/bot-excel-export/
Unauthorized: /hisob/login/bot-excel-export/
Unauthorized: /hisob/login/bot-manage-admins/
Unauthorized: /hisob/login/bot-manage-admins/
Unauthorized: /hisob/login/bot-settings/
Unauthorized: /hisob/login/bot-settings/
Unauthorized: /hisob/login/bot-parent-reports-data/
Unauthorized: /hisob/login/bot-parent-reports-data/
Method Not Allowed: /api/v1/auth/link-telegram/
Method Not Allowed: /api/v1/auth/link-telegram/
Method Not Allowed (GET): /logout/
Method Not Allowed (GET): /logout/
Method Not Allowed: /logout/
Method Not Allowed: /logout/
Method Not Allowed (GET): /notifications/api/read-all/
Method Not Allowed (GET): /notifications/api/read-all/
Method Not Allowed (GET): /talim/tolov/create/
Method Not Allowed (GET): /talim/tolov/create/
Method Not Allowed (GET): /talim/attendance/toggle/
Method Not Allowed (GET): /talim/attendance/toggle/
Unauthorized: /talim/api/finance/teacher-expected-income/
Unauthorized: /talim/api/finance/teacher-expected-income/
Not Found: /do'kon/mahsulotlar/
Not Found: /do'kon/mahsulotlar/
Method Not Allowed (GET): /do'kon/leads/settings/add/
Method Not Allowed (GET): /do'kon/leads/settings/add/
Testing 179 static URLs...
[ERROR] /admin/auth/group/: 'super' object has no attribute 'dicts' and no __dict__ for setting new attributes
[ERROR] /admin/auth/group/add/: 'super' object has no attribute 'dicts' and no __dict__ for setting new attributes
[ERROR] /admin/accounts/user/: 'super' object has no attribute 'dicts' and no __dict__ for setting new attributes
[ERROR] /admin/accounts/user/add/: 'super' object has no attribute 'dicts' and no __dict__ for setting new attributes
[ERROR] /admin/accounts/center/: 'super' object has no attribute 'dicts' and no __dict__ for setting new attributes
[ERROR] /admin/accounts/center/add/: 'super' object has no attribute 'dicts' and no __dict__ for setting new attributes
[ERROR] /admin/education/group/: 'super' object has no attribute 'dicts' and no __dict__ for setting new attributes
[ERROR] /admin/education/group/add/: 'super' object has no attribute 'dicts' and no __dict__ for setting new attributes
[ERROR] /admin/education/enrollment/: 'super' object has no attribute 'dicts' and no __dict__ for setting new attributes
[ERROR] /admin/education/enrollment/add/: 'super' object has no attribute 'dicts' and no __dict__ for setting new attributes
[ERROR] /admin/education/payment/: 'super' object has no attribute 'dicts' and no __dict__ for setting new attributes
[ERROR] /admin/education/payment/add/: 'super' object has no attribute 'dicts' and no __dict__ for setting new attributes
[ERROR] /admin/education/attendance/: 'super' object has no attribute 'dicts' and no __dict__ for setting new attributes
[ERROR] /admin/education/attendance/add/: 'super' object has no attribute 'dicts' and no __dict__ for setting new attributes
[ERROR] /admin/education/category/: 'super' object has no attribute 'dicts' and no __dict__ for setting new attributes
[ERROR] /admin/education/category/add/: 'super' object has no attribute 'dicts' and no __dict__ for setting new attributes
[ERROR] /admin/education/dailylightningsetting/: 'super' object has no attribute 'dicts' and no __dict__ for setting new attributes
[ERROR] /admin/education/dailylightningsetting/add/: 'super' object has no attribute 'dicts' and no __dict__ for setting new attributes
[ERROR] /admin/chaqmoq/rule/: 'super' object has no attribute 'dicts' and no __dict__ for setting new attributes
[ERROR] /admin/chaqmoq/rule/add/: 'super' object has no attribute 'dicts' and no __dict__ for setting new attributes
[ERROR] /admin/chaqmoq/ledger/: 'super' object has no attribute 'dicts' and no __dict__ for setting new attributes
[ERROR] /admin/chaqmoq/ledger/add/: 'super' object has no attribute 'dicts' and no __dict__ for setting new attributes
[ERROR] /admin/store/product/: 'super' object has no attribute 'dicts' and no __dict__ for setting new attributes
[ERROR] /admin/store/product/add/: 'super' object has no attribute 'dicts' and no __dict__ for setting new attributes
[ERROR] /admin/store/productimage/: 'super' object has no attribute 'dicts' and no __dict__ for setting new attributes
[ERROR] /admin/store/productimage/add/: 'super' object has no attribute 'dicts' and no __dict__ for setting new attributes
[ERROR] /admin/store/purchaserequest/: 'super' object has no attribute 'dicts' and no __dict__ for setting new attributes
[ERROR] /admin/store/purchaserequest/add/: 'super' object has no attribute 'dicts' and no __dict__ for setting new attributes
[ERROR] /admin/store/sale/: 'super' object has no attribute 'dicts' and no __dict__ for setting new attributes
[ERROR] /admin/store/sale/add/: 'super' object has no attribute 'dicts' and no __dict__ for setting new attributes
[ERROR] /admin/store/comment/: 'super' object has no attribute 'dicts' and no __dict__ for setting new attributes
[ERROR] /admin/store/comment/add/: 'super' object has no attribute 'dicts' and no __dict__ for setting new attributes
[ERROR] /admin/store/lead/: 'super' object has no attribute 'dicts' and no __dict__ for setting new attributes
[ERROR] /admin/store/lead/add/: 'super' object has no attribute 'dicts' and no __dict__ for setting new attributes
[ERROR] /admin/store/yonalish/: 'super' object has no attribute 'dicts' and no __dict__ for setting new attributes
[ERROR] /admin/store/yonalish/add/: 'super' object has no attribute 'dicts' and no __dict__ for setting new attributes
[ERROR] /admin/store/manba/: 'super' object has no attribute 'dicts' and no __dict__ for setting new attributes
[ERROR] /admin/store/manba/add/: 'super' object has no attribute 'dicts' and no __dict__ for setting new attributes
[ERROR] /admin/store/leadstatus/: 'super' object has no attribute 'dicts' and no __dict__ for setting new attributes
[ERROR] /admin/store/leadstatus/add/: 'super' object has no attribute 'dicts' and no __dict__ for setting new attributes
[ERROR] /admin/store/expense/: 'super' object has no attribute 'dicts' and no __dict__ for setting new attributes
[ERROR] /admin/store/expense/add/: 'super' object has no attribute 'dicts' and no __dict__ for setting new attributes
[ERROR] /admin/billing/planfeature/: 'super' object has no attribute 'dicts' and no __dict__ for setting new attributes
[ERROR] /admin/billing/planfeature/add/: 'super' object has no attribute 'dicts' and no __dict__ for setting new attributes
[ERROR] /admin/billing/subscriptionplan/: 'super' object has no attribute 'dicts' and no __dict__ for setting new attributes
[ERROR] /admin/billing/subscriptionplan/add/: 'super' object has no attribute 'dicts' and no __dict__ for setting new attributes
[ERROR] /admin/billing/centersubscription/: 'super' object has no attribute 'dicts' and no __dict__ for setting new attributes
[ERROR] /admin/billing/centersubscription/add/: 'super' object has no attribute 'dicts' and no __dict__ for setting new attributes
[ERROR] /admin/billing/promocode/: 'super' object has no attribute 'dicts' and no __dict__ for setting new attributes
[ERROR] /admin/billing/promocode/add/: 'super' object has no attribute 'dicts' and no __dict__ for setting new attributes
[ERROR] /admin/billing/subscriptionorder/: 'super' object has no attribute 'dicts' and no __dict__ for setting new attributes
[ERROR] /admin/billing/subscriptionorder/add/: 'super' object has no attribute 'dicts' and no __dict__ for setting new attributes
